Archive member included to satisfy reference by file (symbol)

.\CortexM3\ARM_GCC_541\Debug\Design01.a(CyLib.o)
                              .\CortexM3\ARM_GCC_541\Debug\Cm3Start.o (CyHalt)
.\CortexM3\ARM_GCC_541\Debug\Design01.a(cyPm.o)
                              .\CortexM3\ARM_GCC_541\Debug\Design01.a(CyLib.o) (CyPmReadStatus)
.\CortexM3\ARM_GCC_541\Debug\Design01.a(SS.o)
                              .\CortexM3\ARM_GCC_541\Debug\screen.o (SS_Write)
.\CortexM3\ARM_GCC_541\Debug\Design01.a(D_C.o)
                              .\CortexM3\ARM_GCC_541\Debug\screen.o (D_C_Write)
.\CortexM3\ARM_GCC_541\Debug\Design01.a(Reset.o)
                              .\CortexM3\ARM_GCC_541\Debug\main.o (Reset_Write)
.\CortexM3\ARM_GCC_541\Debug\Design01.a(Clock.o)
                              .\CortexM3\ARM_GCC_541\Debug\main.o (Clock_Start)
.\CortexM3\ARM_GCC_541\Debug\Design01.a(SPIM.o)
                              .\CortexM3\ARM_GCC_541\Debug\screen.o (SPIM_WriteTxData)
.\CortexM3\ARM_GCC_541\Debug\Design01.a(VDAC8_DS.o)
                              .\CortexM3\ARM_GCC_541\Debug\main.o (VDAC8_DS_SetValue)
.\CortexM3\ARM_GCC_541\Debug\Design01.a(VDAC8_GS.o)
                              .\CortexM3\ARM_GCC_541\Debug\main.o (VDAC8_GS_SetValue)
.\CortexM3\ARM_GCC_541\Debug\Design01.a(ADC_SAR_1.o)
                              .\CortexM3\ARM_GCC_541\Debug\main.o (ADC_SAR_1_Start)
.\CortexM3\ARM_GCC_541\Debug\Design01.a(ADC_SAR_1_INT.o)
                              .\CortexM3\ARM_GCC_541\Debug\Design01.a(ADC_SAR_1.o) (ADC_SAR_1_ISR)
.\CortexM3\ARM_GCC_541\Debug\Design01.a(ADC_SAR_1_PM.o)
                              .\CortexM3\ARM_GCC_541\Debug\main.o (ADC_SAR_1_Sleep)
.\CortexM3\ARM_GCC_541\Debug\Design01.a(ADC_SAR_1_theACLK.o)
                              .\CortexM3\ARM_GCC_541\Debug\Design01.a(ADC_SAR_1.o) (ADC_SAR_1_theACLK_SetModeRegister)
.\CortexM3\ARM_GCC_541\Debug\Design01.a(CyBootAsmGnu.o)
                              .\CortexM3\ARM_GCC_541\Debug\cyfitter_cfg.o (CyDelayCycles)
.\CortexM3\ARM_GCC_541\Debug\Design01.a(CyFlash.o)
                              .\CortexM3\ARM_GCC_541\Debug\Design01.a(cyPm.o) (CyFlash_SetWaitCycles)
.\CortexM3\ARM_GCC_541\Debug\Design01.a(CySpc.o)
                              .\CortexM3\ARM_GCC_541\Debug\Design01.a(CyFlash.o) (CySpcStart)
d:/psoc/psoc creator/4.2/psoc creator/import/gnu/arm/5.4.1/bin/../lib/gcc/arm-none-eabi/5.4.1/armv7-m\libgcc.a(_arm_addsubdf3.o)
                              .\CortexM3\ARM_GCC_541\Debug\font.o (__aeabi_dsub)
d:/psoc/psoc creator/4.2/psoc creator/import/gnu/arm/5.4.1/bin/../lib/gcc/arm-none-eabi/5.4.1/armv7-m\libgcc.a(_arm_muldivdf3.o)
                              .\CortexM3\ARM_GCC_541\Debug\main.o (__aeabi_dmul)
d:/psoc/psoc creator/4.2/psoc creator/import/gnu/arm/5.4.1/bin/../lib/gcc/arm-none-eabi/5.4.1/armv7-m\libgcc.a(_arm_cmpdf2.o)
                              .\CortexM3\ARM_GCC_541\Debug\main.o (__aeabi_dcmpge)
d:/psoc/psoc creator/4.2/psoc creator/import/gnu/arm/5.4.1/bin/../lib/gcc/arm-none-eabi/5.4.1/armv7-m\libgcc.a(_arm_fixdfsi.o)
                              .\CortexM3\ARM_GCC_541\Debug\main.o (__aeabi_d2iz)
d:/psoc/psoc creator/4.2/psoc creator/import/gnu/arm/5.4.1/bin/../lib/gcc/arm-none-eabi/5.4.1/armv7-m\libgcc.a(_arm_addsubsf3.o)
                              .\CortexM3\ARM_GCC_541\Debug\Design01.a(ADC_SAR_1.o) (__aeabi_i2f)
d:/psoc/psoc creator/4.2/psoc creator/import/gnu/arm/5.4.1/bin/../lib/gcc/arm-none-eabi/5.4.1/armv7-m\libgcc.a(_arm_muldivsf3.o)
                              .\CortexM3\ARM_GCC_541\Debug\Design01.a(ADC_SAR_1.o) (__aeabi_fmul)
d:/psoc/psoc creator/4.2/psoc creator/import/gnu/arm/5.4.1/bin/../lib/gcc/arm-none-eabi/5.4.1/armv7-m\libgcc.a(_aeabi_ldivmod.o)
                              .\CortexM3\ARM_GCC_541\Debug\Design01.a(ADC_SAR_1.o) (__aeabi_ldivmod)
d:/psoc/psoc creator/4.2/psoc creator/import/gnu/arm/5.4.1/bin/../lib/gcc/arm-none-eabi/5.4.1/armv7-m\libgcc.a(_udivmoddi4.o)
                              d:/psoc/psoc creator/4.2/psoc creator/import/gnu/arm/5.4.1/bin/../lib/gcc/arm-none-eabi/5.4.1/armv7-m\libgcc.a(_aeabi_ldivmod.o) (__udivmoddi4)
d:/psoc/psoc creator/4.2/psoc creator/import/gnu/arm/5.4.1/bin/../lib/gcc/arm-none-eabi/5.4.1/armv7-m\libgcc.a(_dvmd_tls.o)
                              d:/psoc/psoc creator/4.2/psoc creator/import/gnu/arm/5.4.1/bin/../lib/gcc/arm-none-eabi/5.4.1/armv7-m\libgcc.a(_aeabi_ldivmod.o) (__aeabi_ldiv0)
d:/psoc/psoc creator/4.2/psoc creator/import/gnu/arm/5.4.1/bin/../lib/gcc/arm-none-eabi/5.4.1/../../../../arm-none-eabi/lib/armv7-m\libg_nano.a(lib_a-errno.o)
                              .\CortexM3\ARM_GCC_541\Debug\Cm3Start.o (__errno)
d:/psoc/psoc creator/4.2/psoc creator/import/gnu/arm/5.4.1/bin/../lib/gcc/arm-none-eabi/5.4.1/../../../../arm-none-eabi/lib/armv7-m\libg_nano.a(lib_a-exit.o)
[...]
Memory Configuration

Name             Origin             Length             Attributes
rom              0x00000000         0x00040000         xr
ram              0x1fff8000         0x00010000         xrw
*default*        0x00000000         0xffffffff

Linker script and memory map

LOAD d:/psoc/psoc creator/4.2/psoc creator/import/gnu/arm/5.4.1/bin/../lib/gcc/arm-none-eabi/5.4.1/armv7-m/crti.o
LOAD d:/psoc/psoc creator/4.2/psoc creator/import/gnu/arm/5.4.1/bin/../lib/gcc/arm-none-eabi/5.4.1/armv7-m/crtbegin.o
LOAD d:/psoc/psoc creator/4.2/psoc creator/import/gnu/arm/5.4.1/bin/../lib/gcc/arm-none-eabi/5.4.1/../../../../arm-none-eabi/lib/armv7-m/crt0.o
START GROUP
LOAD .\CortexM3\ARM_GCC_541\Debug\main.o
LOAD .\CortexM3\ARM_GCC_541\Debug\screen.o
LOAD .\CortexM3\ARM_GCC_541\Debug\font.o
LOAD .\CortexM3\ARM_GCC_541\Debug\cyfitter_cfg.o
LOAD .\CortexM3\ARM_GCC_541\Debug\cymetadata.o
LOAD .\CortexM3\ARM_GCC_541\Debug\Cm3Start.o
LOAD .\CortexM3\ARM_GCC_541\Debug\Design01.a
LOAD D:\PSoC\PSoC Creator\4.2\PSoC Creator\psoc\content\cycomponentlibrary\CyComponentLibrary.cylib\CortexM3\ARM_GCC_541\Debug\CyComponentLibrary.a
END GROUP
START GROUP
LOAD d:/psoc/psoc creator/4.2/psoc creator/import/gnu/arm/5.4.1/bin/../lib/gcc/arm-none-eabi/5.4.1/armv7-m\libgcc.a
LOAD d:/psoc/psoc creator/4.2/psoc creator/import/gnu/arm/5.4.1/bin/../lib/gcc/arm-none-eabi/5.4.1/../../../../arm-none-eabi/lib/armv7-m\libg_nano.a
LOAD d:/psoc/psoc creator/4.2/psoc creator/import/gnu/arm/5.4.1/bin/../lib/gcc/arm-none-eabi/5.4.1/../../../../arm-none-eabi/lib/armv7-m\libc_nano.a
END GROUP
START GROUP
LOAD d:/psoc/psoc creator/4.2/psoc creator/import/gnu/arm/5.4.1/bin/../lib/gcc/arm-none-eabi/5.4.1/armv7-m\libgcc.a
LOAD d:/psoc/psoc creator/4.2/psoc creator/import/gnu/arm/5.4.1/bin/../lib/gcc/arm-none-eabi/5.4.1/../../../../arm-none-eabi/lib/armv7-m\libc_nano.a
END GROUP
LOAD d:/psoc/psoc creator/4.2/psoc creator/import/gnu/arm/5.4.1/bin/../lib/gcc/arm-none-eabi/5.4.1/armv7-m/crtend.o
LOAD d:/psoc/psoc creator/4.2/psoc creator/import/gnu/arm/5.4.1/bin/../lib/gcc/arm-none-eabi/5.4.1/armv7-m/crtn.o
START GROUP
LOAD d:/psoc/psoc creator/4.2/psoc creator/import/gnu/arm/5.4.1/bin/../lib/gcc/arm-none-eabi/5.4.1/armv7-m\libgcc.a
LOAD d:/psoc/psoc creator/4.2/psoc creator/import/gnu/arm/5.4.1/bin/../lib/gcc/arm-none-eabi/5.4.1/../../../../arm-none-eabi/lib/armv7-m\libc.a
LOAD d:/psoc/psoc creator/4.2/psoc creator/import/gnu/arm/5.4.1/bin/../lib/gcc/arm-none-eabi/5.4.1/../../../../arm-none-eabi/lib/armv7-m\libnosys.a
END GROUP
                0x00000000                CY_APPL_ORIGIN = 0x0
                0x00000100                CY_FLASH_ROW_SIZE = 0x100
                0x00000020                CY_ECC_ROW_SIZE = 0x20
                0x00000000                CY_EE_IN_BTLDR = 0x0
                0x00000000                CY_APPL_LOADABLE = 0x0
                0x00000800                CY_EE_SIZE = 0x800
                0x00000001                CY_APPL_NUM = 0x1
                0x00000001                CY_APPL_MAX = 0x1
                0x00000040                CY_METADATA_SIZE = 0x40
                0x00000000                CY_APPL_LOADABLE = 0x0
                0x00000000                CY_CHECKSUM_EXCLUDE_SIZE = ALIGN (0x0, CY_FLASH_ROW_SIZE)
                [!provide]                PROVIDE (__cy_heap_start, _end)
                0x00000001                PROVIDE (__cy_region_num, ((__cy_regions_end - __cy_regions) / 0x10))
                0x20008000                PROVIDE (__cy_stack, (ORIGIN (ram) + LENGTH (ram)))
                [!provide]                PROVIDE (__cy_heap_end, (__cy_stack - 0x800))

.cybootloader   0x00000000        0x0
 *(.cybootloader)
                0x00000000                appl1_start = CY_APPL_ORIGIN?CY_APPL_ORIGIN:ALIGN (CY_FLASH_ROW_SIZE)
                0x0001ff00                appl2_start = (appl1_start + ALIGN ((((LENGTH (rom) - appl1_start) - (0x2 * CY_FLASH_ROW_SIZE)) / 0x2), CY_FLASH_ROW_SIZE))
                0x00000000                appl_start = (CY_APPL_NUM == 0x1)?appl1_start:appl2_start
                0x00000000                ecc_offset = ((appl_start / CY_FLASH_ROW_SIZE) * CY_ECC_ROW_SIZE)
                0x00000000                ee_offset = (CY_APPL_LOADABLE && ! (CY_EE_IN_BTLDR))?((CY_EE_SIZE / CY_APPL_MAX) * (CY_APPL_NUM - 0x1)):0x0
                0x00000800                ee_size = (CY_APPL_LOADABLE && ! (CY_EE_IN_BTLDR))?(CY_EE_SIZE / CY_APPL_MAX):CY_EE_SIZE
                [!provide]                PROVIDE (CY_ECC_OFFSET, ecc_offset)

.text           0x00000000     0x1ce2
 CREATE_OBJECT_SYMBOLS
                0x00000000                PROVIDE (__cy_interrupt_vector, RomVectors)
 *(.romvectors)
 .romvectors    0x00000000       0x10 .\CortexM3\ARM_GCC_541\Debug\Cm3Start.o
                0x00000000                RomVectors
                0x00000001                ASSERT ((. != __cy_interrupt_vector), No interrupt vector)
                0x00000001                ASSERT (CY_APPL_ORIGIN?(SIZEOF (.cybootloader) <= CY_APPL_ORIGIN):0x1, Wrong image location)
                0x00000010                PROVIDE (__cy_reset, Reset)
 *(.text.Reset)
 .text.Reset    0x00000010       0x18 .\CortexM3\ARM_GCC_541\Debug\Cm3Start.o
                0x00000010                Reset
                0x00000001                ASSERT ((. != __cy_reset), No reset code)
 *(.dma_init)
                0x00000001                ASSERT ((((appl_start + .) <= 0x10000) || 0x1), DMA Init must be within the first 64k of flash)
 *(.text .text.* .gnu.linkonce.t.*)
 .text          0x00000028       0x5c d:/psoc/psoc creator/4.2/psoc creator/import/gnu/arm/5.4.1/bin/../lib/gcc/arm-none-eabi/5.4.1/armv7-m/crtbegin.o
 *fill*         0x00000084        0x4 
 .text.single_test
                0x00000088       0x48 .\CortexM3\ARM_GCC_541\Debug\main.o
                0x00000088                single_test
 .text.single_test_preset_vds
                0x000000d0       0x40 .\CortexM3\ARM_GCC_541\Debug\main.o
                0x000000d0                single_test_preset_vds
 .text.vgs_th_find
                0x00000110       0x38 .\CortexM3\ARM_GCC_541\Debug\main.o
                0x00000110                vgs_th_find
 .text.vgs_max_id_find
                0x00000148       0x34 .\CortexM3\ARM_GCC_541\Debug\main.o
                0x00000148                vgs_max_id_find
 .text.run_test
                0x0000017c       0xf4 .\CortexM3\ARM_GCC_541\Debug\main.o
                0x0000017c                run_test
 .text.main     0x00000270      0x134 .\CortexM3\ARM_GCC_541\Debug\main.o
                0x00000270                main
 .text.writecommand
                0x000003a4       0x24 .\CortexM3\ARM_GCC_541\Debug\screen.o
                0x000003a4                writecommand
 .text.writedata
                0x000003c8       0x24 .\CortexM3\ARM_GCC_541\Debug\screen.o
                0x000003c8                writedata
 .text.setAddrWindow
                0x000003ec       0xc0 .\CortexM3\ARM_GCC_541\Debug\screen.o
                0x000003ec                setAddrWindow
 .text.fillRect
                0x000004ac       0x90 .\CortexM3\ARM_GCC_541\Debug\screen.o
                0x000004ac                fillRect
 .text.fillScreen
                0x0000053c       0x1c .\CortexM3\ARM_GCC_541\Debug\screen.o
                0x0000053c                fillScreen
 .text.StartScreen
                0x00000558       0x40 .\CortexM3\ARM_GCC_541\Debug\screen.o
                0x00000558                StartScreen
 .text.change_pixel
                0x00000598       0x50 .\CortexM3\ARM_GCC_541\Debug\screen.o
                0x00000598                change_pixel
 .text.draw_pixel
                0x000005e8       0x18 .\CortexM3\ARM_GCC_541\Debug\screen.o
                0x000005e8                draw_pixel
 .text.write_line
                0x00000600       0xc0 .\CortexM3\ARM_GCC_541\Debug\screen.o
                0x00000600                write_line
 .text.drawFastHLine
                0x000006c0       0x18 .\CortexM3\ARM_GCC_541\Debug\screen.o
                0x000006c0                drawFastHLine
 .text.drawFastVLine
                0x000006d8       0x18 .\CortexM3\ARM_GCC_541\Debug\screen.o
                0x000006d8                drawFastVLine
 .text.draw_line
                0x000006f0       0x4c .\CortexM3\ARM_GCC_541\Debug\screen.o
                0x000006f0                draw_line
 .text.draw_character
                0x0000073c       0x70 .\CortexM3\ARM_GCC_541\Debug\font.o
                0x0000073c                draw_character
 *fill*         0x000007ac        0x4 
 .text.draw_number
                0x000007b0      0x17c .\CortexM3\ARM_GCC_541\Debug\font.o
                0x000007b0                draw_number
 .text.CyClockStartupError
                0x0000092c        0x4 .\CortexM3\ARM_GCC_541\Debug\cyfitter_cfg.o
 .text.cfg_write_bytes32
                0x00000930       0x34 .\CortexM3\ARM_GCC_541\Debug\cyfitter_cfg.o
 .text.CYMEMZERO
                0x00000964        0xc .\CortexM3\ARM_GCC_541\Debug\cyfitter_cfg.o
 .text.AnalogSetDefault
                0x00000970       0x90 .\CortexM3\ARM_GCC_541\Debug\cyfitter_cfg.o
 .text.CYCONFIGCPY
                0x00000a00        0x8 .\CortexM3\ARM_GCC_541\Debug\cyfitter_cfg.o
 .text.ClockSetup
                0x00000a08       0xe4 .\CortexM3\ARM_GCC_541\Debug\cyfitter_cfg.o
 .text.cyfitter_cfg
                0x00000aec      0x120 .\CortexM3\ARM_GCC_541\Debug\cyfitter_cfg.o
                0x00000aec                cyfitter_cfg
 .text.IntDefaultHandler
                0x00000c0c       0x10 .\CortexM3\ARM_GCC_541\Debug\Cm3Start.o
                0x00000c0c                IntDefaultHandler
 .text.Start_c  0x00000c1c       0x4c .\CortexM3\ARM_GCC_541\Debug\Cm3Start.o
                0x00000c1c                Start_c
 .text.initialize_psoc
                0x00000c68       0x68 .\CortexM3\ARM_GCC_541\Debug\Cm3Start.o
                0x00000c68                initialize_psoc
 .text.CyHalt   0x00000cd0        0x4 .\CortexM3\ARM_GCC_541\Debug\Design01.a(CyLib.o)
                0x00000cd0                CyHalt
 .text.CyDelay  0x00000cd4       0x2c .\CortexM3\ARM_GCC_541\Debug\Design01.a(CyLib.o)
                0x00000cd4                CyDelay
 .text.CyDelayUs
                0x00000d00       0x14 .\CortexM3\ARM_GCC_541\Debug\Design01.a(CyLib.o)
                0x00000d00                CyDelayUs
 .text.CyIntSetVector
                0x00000d14       0x28 .\CortexM3\ARM_GCC_541\Debug\Design01.a(CyLib.o)
                0x00000d14                CyIntSetVector
 .text.CyIntSetPriority
                0x00000d3c       0x30 .\CortexM3\ARM_GCC_541\Debug\Design01.a(CyLib.o)
                0x00000d3c                CyIntSetPriority
 .text.SS_Write
                0x00000d6c       0x18 .\CortexM3\ARM_GCC_541\Debug\Design01.a(SS.o)
                0x00000d6c                SS_Write
 .text.SS_Read  0x00000d84       0x10 .\CortexM3\ARM_GCC_541\Debug\Design01.a(SS.o)
                0x00000d84                SS_Read
 .text.D_C_Write
                0x00000d94       0x18 .\CortexM3\ARM_GCC_541\Debug\Design01.a(D_C.o)
                0x00000d94                D_C_Write
 .text.Reset_Write
                0x00000dac       0x18 .\CortexM3\ARM_GCC_541\Debug\Design01.a(Reset.o)
                0x00000dac                Reset_Write
 .text.Clock_Start
                0x00000dc4       0x1c .\CortexM3\ARM_GCC_541\Debug\Design01.a(Clock.o)
                0x00000dc4                Clock_Start
 .text.SPIM_Enable
                0x00000de0       0x30 .\CortexM3\ARM_GCC_541\Debug\Design01.a(SPIM.o)
                0x00000de0                SPIM_Enable
 .text.SPIM_ReadTxStatus
                0x00000e10        0xc .\CortexM3\ARM_GCC_541\Debug\Design01.a(SPIM.o)
                0x00000e10                SPIM_ReadTxStatus
 .text.SPIM_ReadRxStatus
                0x00000e1c        0xc .\CortexM3\ARM_GCC_541\Debug\Design01.a(SPIM.o)
                0x00000e1c                SPIM_ReadRxStatus
 .text.SPIM_WriteTxData
                0x00000e28       0x18 .\CortexM3\ARM_GCC_541\Debug\Design01.a(SPIM.o)
                0x00000e28                SPIM_WriteTxData
 .text.SPIM_ClearFIFO
                0x00000e40       0x3c .\CortexM3\ARM_GCC_541\Debug\Design01.a(SPIM.o)
                0x00000e40                SPIM_ClearFIFO
 .text.SPIM_Init
                0x00000e7c       0x28 .\CortexM3\ARM_GCC_541\Debug\Design01.a(SPIM.o)
                0x00000e7c                SPIM_Init
 .text.SPIM_Start
                0x00000ea4       0x1c .\CortexM3\ARM_GCC_541\Debug\Design01.a(SPIM.o)
                0x00000ea4                SPIM_Start
 .text.VDAC8_DS_Enable
                0x00000ec0       0x1c .\CortexM3\ARM_GCC_541\Debug\Design01.a(VDAC8_DS.o)
                0x00000ec0                VDAC8_DS_Enable
 .text.VDAC8_DS_SetSpeed
                0x00000edc       0x1c .\CortexM3\ARM_GCC_541\Debug\Design01.a(VDAC8_DS.o)
                0x00000edc                VDAC8_DS_SetSpeed
 .text.VDAC8_DS_SetValue
                0x00000ef8        0xc .\CortexM3\ARM_GCC_541\Debug\Design01.a(VDAC8_DS.o)
                0x00000ef8                VDAC8_DS_SetValue
 .text.VDAC8_DS_DacTrim
                0x00000f04       0x24 .\CortexM3\ARM_GCC_541\Debug\Design01.a(VDAC8_DS.o)
                0x00000f04                VDAC8_DS_DacTrim
 .text.VDAC8_DS_SetRange
                0x00000f28       0x20 .\CortexM3\ARM_GCC_541\Debug\Design01.a(VDAC8_DS.o)
                0x00000f28                VDAC8_DS_SetRange
 .text.VDAC8_DS_Init
                0x00000f48       0x20 .\CortexM3\ARM_GCC_541\Debug\Design01.a(VDAC8_DS.o)
                0x00000f48                VDAC8_DS_Init
 .text.VDAC8_DS_Start
                0x00000f68       0x24 .\CortexM3\ARM_GCC_541\Debug\Design01.a(VDAC8_DS.o)
                0x00000f68                VDAC8_DS_Start
 .text.VDAC8_GS_Enable
                0x00000f8c       0x1c .\CortexM3\ARM_GCC_541\Debug\Design01.a(VDAC8_GS.o)
                0x00000f8c                VDAC8_GS_Enable
 .text.VDAC8_GS_SetSpeed
                0x00000fa8       0x1c .\CortexM3\ARM_GCC_541\Debug\Design01.a(VDAC8_GS.o)
                0x00000fa8                VDAC8_GS_SetSpeed
 .text.VDAC8_GS_SetValue
                0x00000fc4        0xc .\CortexM3\ARM_GCC_541\Debug\Design01.a(VDAC8_GS.o)
                0x00000fc4                VDAC8_GS_SetValue
 .text.VDAC8_GS_DacTrim
                0x00000fd0       0x24 .\CortexM3\ARM_GCC_541\Debug\Design01.a(VDAC8_GS.o)
                0x00000fd0                VDAC8_GS_DacTrim
 .text.VDAC8_GS_SetRange
                0x00000ff4       0x20 .\CortexM3\ARM_GCC_541\Debug\Design01.a(VDAC8_GS.o)
                0x00000ff4                VDAC8_GS_SetRange
 .text.VDAC8_GS_Init
                0x00001014       0x20 .\CortexM3\ARM_GCC_541\Debug\Design01.a(VDAC8_GS.o)
                0x00001014                VDAC8_GS_Init
 .text.VDAC8_GS_Start
                0x00001034       0x24 .\CortexM3\ARM_GCC_541\Debug\Design01.a(VDAC8_GS.o)
                0x00001034                VDAC8_GS_Start
 .text.ADC_SAR_1_CalcGain
                0x00001058       0x5c .\CortexM3\ARM_GCC_541\Debug\Design01.a(ADC_SAR_1.o)
 .text.ADC_SAR_1_Enable
                0x000010b4       0x94 .\CortexM3\ARM_GCC_541\Debug\Design01.a(ADC_SAR_1.o)
                0x000010b4                ADC_SAR_1_Enable
 .text.ADC_SAR_1_Stop
                0x00001148       0x48 .\CortexM3\ARM_GCC_541\Debug\Design01.a(ADC_SAR_1.o)
                0x00001148                ADC_SAR_1_Stop
 .text.ADC_SAR_1_SetResolution
                0x00001190       0x38 .\CortexM3\ARM_GCC_541\Debug\Design01.a(ADC_SAR_1.o)
                0x00001190                ADC_SAR_1_SetResolution
 .text.ADC_SAR_1_Init
                0x000011c8       0x3c .\CortexM3\ARM_GCC_541\Debug\Design01.a(ADC_SAR_1.o)
                0x000011c8                ADC_SAR_1_Init
 .text.ADC_SAR_1_Start
                0x00001204       0x1c .\CortexM3\ARM_GCC_541\Debug\Design01.a(ADC_SAR_1.o)
                0x00001204                ADC_SAR_1_Start
 .text.ADC_SAR_1_StartConvert
                0x00001220       0x10 .\CortexM3\ARM_GCC_541\Debug\Design01.a(ADC_SAR_1.o)
                0x00001220                ADC_SAR_1_StartConvert
 .text.ADC_SAR_1_StopConvert
                0x00001230       0x10 .\CortexM3\ARM_GCC_541\Debug\Design01.a(ADC_SAR_1.o)
                0x00001230                ADC_SAR_1_StopConvert
 .text.ADC_SAR_1_IsEndConversion
                0x00001240       0x24 .\CortexM3\ARM_GCC_541\Debug\Design01.a(ADC_SAR_1.o)
                0x00001240                ADC_SAR_1_IsEndConversion
 .text.ADC_SAR_1_GetResult16
                0x00001264       0x18 .\CortexM3\ARM_GCC_541\Debug\Design01.a(ADC_SAR_1.o)
                0x00001264                ADC_SAR_1_GetResult16
 .text.ADC_SAR_1_CountsTo_mVolts
                0x0000127c       0x58 .\CortexM3\ARM_GCC_541\Debug\Design01.a(ADC_SAR_1.o)
                0x0000127c                ADC_SAR_1_CountsTo_mVolts
 .text.ADC_SAR_1_ISR
                0x000012d4        0x4 .\CortexM3\ARM_GCC_541\Debug\Design01.a(ADC_SAR_1_INT.o)
                0x000012d4                ADC_SAR_1_ISR
 .text.ADC_SAR_1_Sleep
                0x000012d8       0x40 .\CortexM3\ARM_GCC_541\Debug\Design01.a(ADC_SAR_1_PM.o)
                0x000012d8                ADC_SAR_1_Sleep
 .text.ADC_SAR_1_Wakeup
                0x00001318       0x20 .\CortexM3\ARM_GCC_541\Debug\Design01.a(ADC_SAR_1_PM.o)
                0x00001318                ADC_SAR_1_Wakeup
 .text.ADC_SAR_1_theACLK_SetModeRegister
                0x00001338       0x14 .\CortexM3\ARM_GCC_541\Debug\Design01.a(ADC_SAR_1_theACLK.o)
                0x00001338                ADC_SAR_1_theACLK_SetModeRegister
 *fill*         0x0000134c        0x4 
 .text          0x00001350       0x20 .\CortexM3\ARM_GCC_541\Debug\Design01.a(CyBootAsmGnu.o)
                0x00001350                CyDelayCycles
                0x00001360                CyEnterCriticalSection
                0x00001368                CyExitCriticalSection
 .text          0x00001370      0x370 d:/psoc/psoc creator/4.2/psoc creator/import/gnu/arm/5.4.1/bin/../lib/gcc/arm-none-eabi/5.4.1/armv7-m\libgcc.a(_arm_addsubdf3.o)
                0x00001370                __aeabi_drsub
                0x00001378                __aeabi_dsub
                0x00001378                __subdf3
                0x0000137c                __aeabi_dadd
                0x0000137c                __adddf3
                0x000015f4                __floatunsidf
                0x000015f4                __aeabi_ui2d
                0x00001614                __floatsidf
                0x00001614                __aeabi_i2d
                0x00001638                __aeabi_f2d
                0x00001638                __extendsfdf2
                0x00001674                __floatundidf
                0x00001674                __aeabi_ul2d
                0x00001684                __floatdidf
                0x00001684                __aeabi_l2d
 .text          0x000016e0      0x424 d:/psoc/psoc creator/4.2/psoc creator/import/gnu/arm/5.4.1/bin/../lib/gcc/arm-none-eabi/5.4.1/armv7-m\libgcc.a(_arm_muldivdf3.o)
                0x000016e0                __aeabi_dmul
                0x000016e0                __muldf3
                0x00001934                __divdf3
                0x00001934                __aeabi_ddiv
 .text          0x00001b04      0x110 d:/psoc/psoc creator/4.2/psoc creator/import/gnu/arm/5.4.1/bin/../lib/gcc/arm-none-eabi/5.4.1/armv7-m\libgcc.a(_arm_cmpdf2.o)
                0x00001b04                __gtdf2
                0x00001b04                __gedf2
                0x00001b0c                __ltdf2
                0x00001b0c                __ledf2
                0x00001b14                __nedf2
                0x00001b14                __eqdf2
                0x00001b14                __cmpdf2
                0x00001b90                __aeabi_cdrcmple
                0x00001ba0                __aeabi_cdcmpeq
                0x00001ba0                __aeabi_cdcmple
                0x00001bb0                __aeabi_dcmpeq
                0x00001bc4                __aeabi_dcmplt
                0x00001bd8                __aeabi_dcmple
                0x00001bec                __aeabi_dcmpge
                0x00001c00                __aeabi_dcmpgt
 .text          0x00001c14       0x50 d:/psoc/psoc creator/4.2/psoc creator/import/gnu/arm/5.4.1/bin/../lib/gcc/arm-none-eabi/5.4.1/armv7-m\libgcc.a(_arm_fixdfsi.o)
                0x00001c14                __aeabi_d2iz
                0x00001c14                __fixdfsi
 .text.__errno  0x00001c64        0xc d:/psoc/psoc creator/4.2/psoc creator/import/gnu/arm/5.4.1/bin/../lib/gcc/arm-none-eabi/5.4.1/../../../../arm-none-eabi/lib/armv7-m\libg_nano.a(lib_a-errno.o)
                0x00001c64                __errno
 .text.__libc_init_array
                0x00001c70       0x4c d:/psoc/psoc creator/4.2/psoc creator/import/gnu/arm/5.4.1/bin/../lib/gcc/arm-none-eabi/5.4.1/../../../../arm-none-eabi/lib/armv7-m\libg_nano.a(lib_a-init.o)
                0x00001c70                __libc_init_array
 .text.memcpy   0x00001cbc       0x16 d:/psoc/psoc creator/4.2/psoc creator/import/gnu/arm/5.4.1/bin/../lib/gcc/arm-none-eabi/5.4.1/../../../../arm-none-eabi/lib/armv7-m\libg_nano.a(lib_a-memcpy-stub.o)
                0x00001cbc                memcpy
 .text.memset   0x00001cd2       0x10 d:/psoc/psoc creator/4.2/psoc creator/import/gnu/arm/5.4.1/bin/../lib/gcc/arm-none-eabi/5.4.1/../../../../arm-none-eabi/lib/armv7-m\libg_nano.a(lib_a-memset.o)
                0x00001cd2                memset
 *(.plt)
 *(.gnu.warning)
 *(.glue_7t)
 .glue_7t       0x00001ce2        0x0 linker stubs
 *(.glue_7)
 .glue_7        0x00001ce2        0x0 linker stubs
 *(.vfp11_veneer)
 .vfp11_veneer  0x00001ce2        0x0 linker stubs
 *(.bootloader)
 *(.ARM.extab* .gnu.linkonce.armextab.*)
 *(.gcc_except_table)

.v4_bx          0x00001ce4        0x0
 .v4_bx         0x00001ce4        0x0 linker stubs

.iplt           0x00001ce4        0x0
 .iplt          0x00001ce4        0x0 d:/psoc/psoc creator/4.2/psoc creator/import/gnu/arm/5.4.1/bin/../lib/gcc/arm-none-eabi/5.4.1/armv7-m/crtbegin.o

.eh_frame_hdr
 *(.eh_frame_hdr)

.eh_frame       0x00001ce4        0x4
 *(.eh_frame)
 .eh_frame      0x00001ce4        0x0 d:/psoc/psoc creator/4.2/psoc creator/import/gnu/arm/5.4.1/bin/../lib/gcc/arm-none-eabi/5.4.1/armv7-m/crtbegin.o
 .eh_frame      0x00001ce4        0x4 d:/psoc/psoc creator/4.2/psoc creator/import/gnu/arm/5.4.1/bin/../lib/gcc/arm-none-eabi/5.4.1/armv7-m/crtend.o
                [!provide]                PROVIDE (__exidx_start, .)

.ARM.exidx
 *(.ARM.exidx* .gnu.linkonce.armexidx.*)
                0x00001ce8                __exidx_end = .

.rodata         0x00001ce8      0x308
 *(.rodata .rodata.* .gnu.linkonce.r.*)
 .rodata        0x00001ce8       0x28 .\CortexM3\ARM_GCC_541\Debug\main.o
 .rodata        0x00001d10       0x6f .\CortexM3\ARM_GCC_541\Debug\screen.o
 *fill*         0x00001d7f        0x1 
 .rodata        0x00001d80      0x1f4 .\CortexM3\ARM_GCC_541\Debug\font.o
 .rodata        0x00001f74       0x42 .\CortexM3\ARM_GCC_541\Debug\cyfitter_cfg.o
 .rodata.str1.1
                0x00001fb6        0x2 d:/psoc/psoc creator/4.2/psoc creator/import/gnu/arm/5.4.1/bin/../lib/gcc/arm-none-eabi/5.4.1/../../../../arm-none-eabi/lib/armv7-m\libg_nano.a(lib_a-impure.o)
                0x00001fb8                . = ALIGN (0x4)
 *(.init)
 .init          0x00001fb8        0x4 d:/psoc/psoc creator/4.2/psoc creator/import/gnu/arm/5.4.1/bin/../lib/gcc/arm-none-eabi/5.4.1/armv7-m/crti.o
                0x00001fb8                _init
 .init          0x00001fbc        0x8 d:/psoc/psoc creator/4.2/psoc creator/import/gnu/arm/5.4.1/bin/../lib/gcc/arm-none-eabi/5.4.1/armv7-m/crtn.o
                0x00001fc4                . = ALIGN (0x4)
                0x00001fc4                __preinit_array_start = .
 *(.preinit_array)
                0x00001fc4                __preinit_array_end = .
                0x00001fc4                . = ALIGN (0x4)
                0x00001fc4                __init_array_start = .
 *(SORT(.init_array.*))
 *(.init_array)
 .init_array    0x00001fc4        0x4 d:/psoc/psoc creator/4.2/psoc creator/import/gnu/arm/5.4.1/bin/../lib/gcc/arm-none-eabi/5.4.1/armv7-m/crtbegin.o
 .init_array    0x00001fc8        0x4 .\CortexM3\ARM_GCC_541\Debug\Cm3Start.o
                0x00001fcc                __init_array_end = .
                0x00001fcc                . = ALIGN (0x4)
 *(.fini)
 .fini          0x00001fcc        0x4 d:/psoc/psoc creator/4.2/psoc creator/import/gnu/arm/5.4.1/bin/../lib/gcc/arm-none-eabi/5.4.1/armv7-m/crti.o
                0x00001fcc                _fini
 .fini          0x00001fd0        0x8 d:/psoc/psoc creator/4.2/psoc creator/import/gnu/arm/5.4.1/bin/../lib/gcc/arm-none-eabi/5.4.1/armv7-m/crtn.o
                0x00001fd8                . = ALIGN (0x4)
                0x00001fd8                __fini_array_start = .
 *(.fini_array)
 .fini_array    0x00001fd8        0x4 d:/psoc/psoc creator/4.2/psoc creator/import/gnu/arm/5.4.1/bin/../lib/gcc/arm-none-eabi/5.4.1/armv7-m/crtbegin.o
 *(SORT(.fini_array.*))
                0x00001fdc                __fini_array_end = .
                0x00001fdc                . = ALIGN (0x4)
 *crtbegin.o(.ctors)
 *(EXCLUDE_FILE(*crtend.o) .ctors)
 *(SORT(.ctors.*))
 *crtend.o(.ctors)
                0x00001fdc                . = ALIGN (0x4)
 *crtbegin.o(.dtors)
 *(EXCLUDE_FILE(*crtend.o) .dtors)
 *(SORT(.dtors.*))
 *crtend.o(.dtors)
                0x00001fdc                . = ALIGN (0x4)
                0x00001fdc                __cy_regions = .
                0x00001fdc        0x4 LONG 0x1ff0 __cy_region_init_ram
                0x00001fe0        0x4 LONG 0x1fff80c8 __cy_region_start_data
                0x00001fe4        0x4 LONG 0x78 __cy_region_init_size_ram
                0x00001fe8        0x4 LONG 0x30 __cy_region_zero_size_ram
                0x00001fec                __cy_regions_end = .
                0x00001ff0                . = ALIGN (0x8)
 *fill*         0x00001fec        0x4 
                0x00001ff0                _etext = .

.cy_checksum_exclude
                0x00001ff0        0x0
 *(.cy_checksum_exclude)

.ramvectors     0x1fff8000       0xc0
                0x1fff8000                __cy_region_start_ram = .
 *(.ramvectors)
 .ramvectors    0x1fff8000       0xc0 .\CortexM3\ARM_GCC_541\Debug\Cm3Start.o
                0x1fff8000                CyRamVectors

.noinit         0x1fff80c0        0x1
 *(.noinit)
 .noinit        0x1fff80c0        0x1 .\CortexM3\ARM_GCC_541\Debug\Design01.a(CyLib.o)
                0x1fff80c0                CyResetStatus

.data           0x1fff80c8       0x78 load address 0x00001ff0
                0x1fff80c8                __cy_region_start_data = .
 *(.jcr)
 .jcr           0x1fff80c8        0x0 d:/psoc/psoc creator/4.2/psoc creator/import/gnu/arm/5.4.1/bin/../lib/gcc/arm-none-eabi/5.4.1/armv7-m/crtbegin.o
 .jcr           0x1fff80c8        0x4 d:/psoc/psoc creator/4.2/psoc creator/import/gnu/arm/5.4.1/bin/../lib/gcc/arm-none-eabi/5.4.1/armv7-m/crtend.o
 *(.got.plt)
 *(.got)
 *(.shdata)
 *(.data .data.* .gnu.linkonce.d.*)
 .data          0x1fff80cc       0x10 .\CortexM3\ARM_GCC_541\Debug\Design01.a(CyLib.o)
                0x1fff80cc                cydelay_32k_ms
                0x1fff80d0                cydelay_freq_khz
                0x1fff80d4                cydelay_freq_mhz
                0x1fff80d8                cydelay_freq_hz
 .data.impure_data
                0x1fff80dc       0x60 d:/psoc/psoc creator/4.2/psoc creator/import/gnu/arm/5.4.1/bin/../lib/gcc/arm-none-eabi/5.4.1/../../../../arm-none-eabi/lib/armv7-m\libg_nano.a(lib_a-impure.o)
 .data._impure_ptr
                0x1fff813c        0x4 d:/psoc/psoc creator/4.2/psoc creator/import/gnu/arm/5.4.1/bin/../lib/gcc/arm-none-eabi/5.4.1/../../../../arm-none-eabi/lib/armv7-m\libg_nano.a(lib_a-impure.o)
                0x1fff813c                _impure_ptr
                0x1fff8140                . = ALIGN (0x8)
 *(.ram)
                0x1fff8140                _edata = .

.igot.plt       0x1fff8140        0x0 load address 0x00002068
 .igot.plt      0x1fff8140        0x0 d:/psoc/psoc creator/4.2/psoc creator/import/gnu/arm/5.4.1/bin/../lib/gcc/arm-none-eabi/5.4.1/armv7-m/crtbegin.o

.bss            0x1fff8140       0x30 load address 0x00002068
                0x1fff8140                PROVIDE (__bss_start__, .)
 *(.shbss)
 *(.bss .bss.* .gnu.linkonce.b.*)
 .bss           0x1fff8140       0x1c d:/psoc/psoc creator/4.2/psoc creator/import/gnu/arm/5.4.1/bin/../lib/gcc/arm-none-eabi/5.4.1/armv7-m/crtbegin.o
 .bss           0x1fff815c        0x1 .\CortexM3\ARM_GCC_541\Debug\Design01.a(SPIM.o)
                0x1fff815c                SPIM_initVar
 .bss           0x1fff815d        0x1 .\CortexM3\ARM_GCC_541\Debug\Design01.a(VDAC8_DS.o)
                0x1fff815d                VDAC8_DS_initVar
 .bss           0x1fff815e        0x1 .\CortexM3\ARM_GCC_541\Debug\Design01.a(VDAC8_GS.o)
                0x1fff815e                VDAC8_GS_initVar
 .bss           0x1fff815f        0x1 .\CortexM3\ARM_GCC_541\Debug\Design01.a(ADC_SAR_1.o)
                0x1fff815f                ADC_SAR_1_initVar
 .bss           0x1fff8160        0x1 .\CortexM3\ARM_GCC_541\Debug\Design01.a(ADC_SAR_1_PM.o)
 *(COMMON)
 *fill*         0x1fff8161        0x3 
 COMMON         0x1fff8164        0xa .\CortexM3\ARM_GCC_541\Debug\Design01.a(ADC_SAR_1.o)
                0x1fff8164                ADC_SAR_1_countsPerVolt
                0x1fff8166                ADC_SAR_1_shift
                0x1fff8168                ADC_SAR_1_countsPer10Volt
                0x1fff816c                ADC_SAR_1_offset
                0x1fff8170                . = ALIGN (0x8)
 *fill*         0x1fff816e        0x2 
 *(.ram.b)
                0x1fff8170                _end = .
                0x1fff8170                __end = .
                0x1fff8170                PROVIDE (end, .)
                0x1fff8170                PROVIDE (__bss_end__, .)
                0x00001ff0                __cy_region_init_ram = LOADADDR (.data)
                0x00000078                __cy_region_init_size_ram = (_edata - ADDR (.data))
                0x00000030                __cy_region_zero_size_ram = (_end - _edata)

.heap           0x1fff8170       0x80 load address 0x00002068
                0x1fff8170                . = _end
                0x1fff81f0                . = (. + 0x80)
 *fill*         0x1fff8170       0x80 
                0x1fff81f0                __cy_heap_limit = .

.stack          0x20007800      0x800
                0x20007800                __cy_stack_limit = .
                0x20008000                . = (. + 0x800)
 *fill*         0x20007800      0x800 
                0x00000001                ASSERT ((__cy_stack_limit >= __cy_heap_limit), region RAM overflowed with stack)
                0x00000000                cy_checksum_exclude_size = (CY_APPL_LOADABLE == 0x1)?SIZEOF (.cy_checksum_exclude):0x0
                0x00000001                ASSERT ((cy_checksum_exclude_size <= CY_CHECKSUM_EXCLUDE_SIZE), CY_BOOT: Section .cy_checksum_exclude size exceedes specified limit.)

.cyloadermeta
 *(.cyloadermeta)

.cyloadablemeta
 *(.cyloadablemeta)

.cyconfigecc    0x80000000      0x284
 *(.cyconfigecc)
 .cyconfigecc   0x80000000      0x284 .\CortexM3\ARM_GCC_541\Debug\cymetadata.o
                0x80000000                cy_meta_configecc

.cycustnvl      0x90000000        0x4
 *(.cycustnvl)
 .cycustnvl     0x90000000        0x4 .\CortexM3\ARM_GCC_541\Debug\cymetadata.o
                0x90000000                cy_meta_custnvl

.cywolatch      0x90100000        0x4
 *(.cywolatch)
 .cywolatch     0x90100000        0x4 .\CortexM3\ARM_GCC_541\Debug\cymetadata.o
                0x90100000                cy_meta_wonvl

.cyeeprom       0x90200000        0x0
 *(.cyeeprom)
                0x00000001                ASSERT ((. <= ((0x90200000 + ee_offset) + ee_size)), .cyeeprom data will not fit in EEPROM)

.cyflashprotect
                0x90400000      0x100
 *(.cyflashprotect)
 .cyflashprotect
                0x90400000      0x100 .\CortexM3\ARM_GCC_541\Debug\cymetadata.o
                0x90400000                cy_meta_flashprotect

.cymeta         0x90500000        0xc
 *(.cymeta)
 .cymeta        0x90500000        0xc .\CortexM3\ARM_GCC_541\Debug\cymetadata.o
                0x90500000                cy_metadata

.rel.dyn        0x00002068        0x0 load address 0x9050000c
 .rel.iplt      0x00002068        0x0 d:/psoc/psoc creator/4.2/psoc creator/import/gnu/arm/5.4.1/bin/../lib/gcc/arm-none-eabi/5.4.1/armv7-m/crtbegin.o

.stab
 *(.stab)

.stabstr
 *(.stabstr)

.debug
 *(.debug)

.line
 *(.line)

.debug_srcinfo
 *(.debug_srcinfo)

.debug_sfnames
 *(.debug_sfnames)

.debug_aranges  0x00000000      0xa20
 *(.debug_aranges)
 .debug_aranges
                0x00000000       0x48 .\CortexM3\ARM_GCC_541\Debug\main.o
 .debug_aranges
                0x00000048       0x78 .\CortexM3\ARM_GCC_541\Debug\screen.o
 .debug_aranges
                0x000000c0       0x28 .\CortexM3\ARM_GCC_541\Debug\font.o
 .debug_aranges
                0x000000e8       0x58 .\CortexM3\ARM_GCC_541\Debug\cyfitter_cfg.o
 .debug_aranges
                0x00000140       0x18 .\CortexM3\ARM_GCC_541\Debug\cymetadata.o
 .debug_aranges
                0x00000158       0x48 .\CortexM3\ARM_GCC_541\Debug\Cm3Start.o
 .debug_aranges
                0x000001a0      0x2a0 .\CortexM3\ARM_GCC_541\Debug\Design01.a(CyLib.o)
 .debug_aranges
                0x00000440       0x98 .\CortexM3\ARM_GCC_541\Debug\Design01.a(cyPm.o)
 .debug_aranges
                0x000004d8       0x38 .\CortexM3\ARM_GCC_541\Debug\Design01.a(SS.o)
 .debug_aranges
                0x00000510       0x38 .\CortexM3\ARM_GCC_541\Debug\Design01.a(D_C.o)
 .debug_aranges
                0x00000548       0x38 .\CortexM3\ARM_GCC_541\Debug\Design01.a(Reset.o)
 .debug_aranges
                0x00000580       0x70 .\CortexM3\ARM_GCC_541\Debug\Design01.a(Clock.o)
 .debug_aranges
                0x000005f0       0xd8 .\CortexM3\ARM_GCC_541\Debug\Design01.a(SPIM.o)
 .debug_aranges
                0x000006c8       0x58 .\CortexM3\ARM_GCC_541\Debug\Design01.a(VDAC8_DS.o)
 .debug_aranges
                0x00000720       0x58 .\CortexM3\ARM_GCC_541\Debug\Design01.a(VDAC8_GS.o)
 .debug_aranges
                0x00000778       0xa8 .\CortexM3\ARM_GCC_541\Debug\Design01.a(ADC_SAR_1.o)
 .debug_aranges
                0x00000820       0x20 .\CortexM3\ARM_GCC_541\Debug\Design01.a(ADC_SAR_1_INT.o)
 .debug_aranges
                0x00000840       0x38 .\CortexM3\ARM_GCC_541\Debug\Design01.a(ADC_SAR_1_PM.o)
 .debug_aranges
                0x00000878       0x80 .\CortexM3\ARM_GCC_541\Debug\Design01.a(ADC_SAR_1_theACLK.o)
 .debug_aranges
                0x000008f8       0x20 .\CortexM3\ARM_GCC_541\Debug\Design01.a(CyBootAsmGnu.o)
 .debug_aranges
                0x00000918       0x88 .\CortexM3\ARM_GCC_541\Debug\Design01.a(CyFlash.o)
 .debug_aranges
                0x000009a0       0x80 .\CortexM3\ARM_GCC_541\Debug\Design01.a(CySpc.o)

.debug_pubnames
 *(.debug_pubnames)

.debug_info     0x00000000     0x6dd1
 *(.debug_info .gnu.linkonce.wi.*)
 .debug_info    0x00000000      0xd77 .\CortexM3\ARM_GCC_541\Debug\main.o
 .debug_info    0x00000d77      0x9d3 .\CortexM3\ARM_GCC_541\Debug\screen.o
 .debug_info    0x0000174a      0x8d7 .\CortexM3\ARM_GCC_541\Debug\font.o
 .debug_info    0x00002021      0x619 .\CortexM3\ARM_GCC_541\Debug\cyfitter_cfg.o
 .debug_info    0x0000263a      0x135 .\CortexM3\ARM_GCC_541\Debug\cymetadata.o
 .debug_info    0x0000276f      0x3bb .\CortexM3\ARM_GCC_541\Debug\Cm3Start.o
 .debug_info    0x00002b2a     0x1374 .\CortexM3\ARM_GCC_541\Debug\Design01.a(CyLib.o)
 .debug_info    0x00003e9e      0xa2a .\CortexM3\ARM_GCC_541\Debug\Design01.a(cyPm.o)
 .debug_info    0x000048c8      0x11f .\CortexM3\ARM_GCC_541\Debug\Design01.a(SS.o)
 .debug_info    0x000049e7      0x11f .\CortexM3\ARM_GCC_541\Debug\Design01.a(D_C.o)
 .debug_info    0x00004b06      0x11f .\CortexM3\ARM_GCC_541\Debug\Design01.a(Reset.o)
 .debug_info    0x00004c25      0x283 .\CortexM3\ARM_GCC_541\Debug\Design01.a(Clock.o)
 .debug_info    0x00004ea8      0x493 .\CortexM3\ARM_GCC_541\Debug\Design01.a(SPIM.o)
 .debug_info    0x0000533b      0x1df .\CortexM3\ARM_GCC_541\Debug\Design01.a(VDAC8_DS.o)
 .debug_info    0x0000551a      0x1df .\CortexM3\ARM_GCC_541\Debug\Design01.a(VDAC8_GS.o)
 .debug_info    0x000056f9      0x5c0 .\CortexM3\ARM_GCC_541\Debug\Design01.a(ADC_SAR_1.o)
 .debug_info    0x00005cb9       0x92 .\CortexM3\ARM_GCC_541\Debug\Design01.a(ADC_SAR_1_INT.o)
 .debug_info    0x00005d4b      0x159 .\CortexM3\ARM_GCC_541\Debug\Design01.a(ADC_SAR_1_PM.o)
 .debug_info    0x00005ea4      0x2c4 .\CortexM3\ARM_GCC_541\Debug\Design01.a(ADC_SAR_1_theACLK.o)
 .debug_info    0x00006168       0xcc .\CortexM3\ARM_GCC_541\Debug\Design01.a(CyBootAsmGnu.o)
 .debug_info    0x00006234      0x64d .\CortexM3\ARM_GCC_541\Debug\Design01.a(CyFlash.o)
 .debug_info    0x00006881      0x550 .\CortexM3\ARM_GCC_541\Debug\Design01.a(CySpc.o)

.debug_abbrev   0x00000000     0x1abd
 *(.debug_abbrev)
 .debug_abbrev  0x00000000      0x1ca .\CortexM3\ARM_GCC_541\Debug\main.o
 .debug_abbrev  0x000001ca      0x1c1 .\CortexM3\ARM_GCC_541\Debug\screen.o
 .debug_abbrev  0x0000038b      0x199 .\CortexM3\ARM_GCC_541\Debug\font.o
 .debug_abbrev  0x00000524      0x20d .\CortexM3\ARM_GCC_541\Debug\cyfitter_cfg.o
 .debug_abbrev  0x00000731       0x66 .\CortexM3\ARM_GCC_541\Debug\cymetadata.o
 .debug_abbrev  0x00000797      0x1e8 .\CortexM3\ARM_GCC_541\Debug\Cm3Start.o
 .debug_abbrev  0x0000097f      0x254 .\CortexM3\ARM_GCC_541\Debug\Design01.a(CyLib.o)
 .debug_abbrev  0x00000bd3      0x1ab .\CortexM3\ARM_GCC_541\Debug\Design01.a(cyPm.o)
 .debug_abbrev  0x00000d7e       0x90 .\CortexM3\ARM_GCC_541\Debug\Design01.a(SS.o)
 .debug_abbrev  0x00000e0e       0x90 .\CortexM3\ARM_GCC_541\Debug\Design01.a(D_C.o)
 .debug_abbrev  0x00000e9e       0x90 .\CortexM3\ARM_GCC_541\Debug\Design01.a(Reset.o)
 .debug_abbrev  0x00000f2e      0x139 .\CortexM3\ARM_GCC_541\Debug\Design01.a(Clock.o)
 .debug_abbrev  0x00001067      0x146 .\CortexM3\ARM_GCC_541\Debug\Design01.a(SPIM.o)
 .debug_abbrev  0x000011ad       0xf7 .\CortexM3\ARM_GCC_541\Debug\Design01.a(VDAC8_DS.o)
 .debug_abbrev  0x000012a4       0xf7 .\CortexM3\ARM_GCC_541\Debug\Design01.a(VDAC8_GS.o)
 .debug_abbrev  0x0000139b      0x1ac .\CortexM3\ARM_GCC_541\Debug\Design01.a(ADC_SAR_1.o)
 .debug_abbrev  0x00001547       0x42 .\CortexM3\ARM_GCC_541\Debug\Design01.a(ADC_SAR_1_INT.o)
 .debug_abbrev  0x00001589       0xc4 .\CortexM3\ARM_GCC_541\Debug\Design01.a(ADC_SAR_1_PM.o)
 .debug_abbrev  0x0000164d      0x121 .\CortexM3\ARM_GCC_541\Debug\Design01.a(ADC_SAR_1_theACLK.o)
 .debug_abbrev  0x0000176e       0x14 .\CortexM3\ARM_GCC_541\Debug\Design01.a(CyBootAsmGnu.o)
 .debug_abbrev  0x00001782      0x1a7 .\CortexM3\ARM_GCC_541\Debug\Design01.a(CyFlash.o)
 .debug_abbrev  0x00001929      0x194 .\CortexM3\ARM_GCC_541\Debug\Design01.a(CySpc.o)

.debug_line     0x00000000     0x2894
 *(.debug_line)
 .debug_line    0x00000000      0x2a2 .\CortexM3\ARM_GCC_541\Debug\main.o
 .debug_line    0x000002a2      0x30e .\CortexM3\ARM_GCC_541\Debug\screen.o
 .debug_line    0x000005b0      0x19d .\CortexM3\ARM_GCC_541\Debug\font.o
 .debug_line    0x0000074d      0x1ef .\CortexM3\ARM_GCC_541\Debug\cyfitter_cfg.o
 .debug_line    0x0000093c      0x113 .\CortexM3\ARM_GCC_541\Debug\cymetadata.o
 .debug_line    0x00000a4f      0x206 .\CortexM3\ARM_GCC_541\Debug\Cm3Start.o
 .debug_line    0x00000c55      0x816 .\CortexM3\ARM_GCC_541\Debug\Design01.a(CyLib.o)
 .debug_line    0x0000146b      0x367 .\CortexM3\ARM_GCC_541\Debug\Design01.a(cyPm.o)
 .debug_line    0x000017d2       0x8f .\CortexM3\ARM_GCC_541\Debug\Design01.a(SS.o)
 .debug_line    0x00001861       0x90 .\CortexM3\ARM_GCC_541\Debug\Design01.a(D_C.o)
 .debug_line    0x000018f1       0x92 .\CortexM3\ARM_GCC_541\Debug\Design01.a(Reset.o)
 .debug_line    0x00001983      0x174 .\CortexM3\ARM_GCC_541\Debug\Design01.a(Clock.o)
 .debug_line    0x00001af7      0x22e .\CortexM3\ARM_GCC_541\Debug\Design01.a(SPIM.o)
 .debug_line    0x00001d25       0xe5 .\CortexM3\ARM_GCC_541\Debug\Design01.a(VDAC8_DS.o)
 .debug_line    0x00001e0a       0xe5 .\CortexM3\ARM_GCC_541\Debug\Design01.a(VDAC8_GS.o)
 .debug_line    0x00001eef      0x220 .\CortexM3\ARM_GCC_541\Debug\Design01.a(ADC_SAR_1.o)
 .debug_line    0x0000210f       0x56 .\CortexM3\ARM_GCC_541\Debug\Design01.a(ADC_SAR_1_INT.o)
 .debug_line    0x00002165       0xac .\CortexM3\ARM_GCC_541\Debug\Design01.a(ADC_SAR_1_PM.o)
 .debug_line    0x00002211      0x1a3 .\CortexM3\ARM_GCC_541\Debug\Design01.a(ADC_SAR_1_theACLK.o)
 .debug_line    0x000023b4       0x66 .\CortexM3\ARM_GCC_541\Debug\Design01.a(CyBootAsmGnu.o)
 .debug_line    0x0000241a      0x21a .\CortexM3\ARM_GCC_541\Debug\Design01.a(CyFlash.o)
 .debug_line    0x00002634      0x260 .\CortexM3\ARM_GCC_541\Debug\Design01.a(CySpc.o)

.debug_frame    0x00000000     0x1a88
 *(.debug_frame)
 .debug_frame   0x00000000       0xec .\CortexM3\ARM_GCC_541\Debug\main.o
 .debug_frame   0x000000ec      0x1a0 .\CortexM3\ARM_GCC_541\Debug\screen.o
 .debug_frame   0x0000028c       0x74 .\CortexM3\ARM_GCC_541\Debug\font.o
 .debug_frame   0x00000300       0xfc .\CortexM3\ARM_GCC_541\Debug\cyfitter_cfg.o
 .debug_frame   0x000003fc       0xb8 .\CortexM3\ARM_GCC_541\Debug\Cm3Start.o
 .debug_frame   0x000004b4      0x738 .\CortexM3\ARM_GCC_541\Debug\Design01.a(CyLib.o)
 .debug_frame   0x00000bec      0x1f8 .\CortexM3\ARM_GCC_541\Debug\Design01.a(cyPm.o)
 .debug_frame   0x00000de4       0x50 .\CortexM3\ARM_GCC_541\Debug\Design01.a(SS.o)
 .debug_frame   0x00000e34       0x50 .\CortexM3\ARM_GCC_541\Debug\Design01.a(D_C.o)
 .debug_frame   0x00000e84       0x50 .\CortexM3\ARM_GCC_541\Debug\Design01.a(Reset.o)
 .debug_frame   0x00000ed4       0xe0 .\CortexM3\ARM_GCC_541\Debug\Design01.a(Clock.o)
 .debug_frame   0x00000fb4      0x1e8 .\CortexM3\ARM_GCC_541\Debug\Design01.a(SPIM.o)
 .debug_frame   0x0000119c       0xb4 .\CortexM3\ARM_GCC_541\Debug\Design01.a(VDAC8_DS.o)
 .debug_frame   0x00001250       0xb4 .\CortexM3\ARM_GCC_541\Debug\Design01.a(VDAC8_GS.o)
 .debug_frame   0x00001304      0x1b0 .\CortexM3\ARM_GCC_541\Debug\Design01.a(ADC_SAR_1.o)
 .debug_frame   0x000014b4       0x20 .\CortexM3\ARM_GCC_541\Debug\Design01.a(ADC_SAR_1_INT.o)
 .debug_frame   0x000014d4       0x68 .\CortexM3\ARM_GCC_541\Debug\Design01.a(ADC_SAR_1_PM.o)
 .debug_frame   0x0000153c      0x100 .\CortexM3\ARM_GCC_541\Debug\Design01.a(ADC_SAR_1_theACLK.o)
 .debug_frame   0x0000163c      0x194 .\CortexM3\ARM_GCC_541\Debug\Design01.a(CyFlash.o)
 .debug_frame   0x000017d0      0x180 .\CortexM3\ARM_GCC_541\Debug\Design01.a(CySpc.o)
 .debug_frame   0x00001950       0x44 d:/psoc/psoc creator/4.2/psoc creator/import/gnu/arm/5.4.1/bin/../lib/gcc/arm-none-eabi/5.4.1/armv7-m\libgcc.a(_aeabi_ldivmod.o)
 .debug_frame   0x00001994       0x38 d:/psoc/psoc creator/4.2/psoc creator/import/gnu/arm/5.4.1/bin/../lib/gcc/arm-none-eabi/5.4.1/armv7-m\libgcc.a(_udivmoddi4.o)
 .debug_frame   0x000019cc       0x20 d:/psoc/psoc creator/4.2/psoc creator/import/gnu/arm/5.4.1/bin/../lib/gcc/arm-none-eabi/5.4.1/../../../../arm-none-eabi/lib/armv7-m\libg_nano.a(lib_a-errno.o)
 .debug_frame   0x000019ec       0x28 d:/psoc/psoc creator/4.2/psoc creator/import/gnu/arm/5.4.1/bin/../lib/gcc/arm-none-eabi/5.4.1/../../../../arm-none-eabi/lib/armv7-m\libg_nano.a(lib_a-exit.o)
 .debug_frame   0x00001a14       0x2c d:/psoc/psoc creator/4.2/psoc creator/import/gnu/arm/5.4.1/bin/../lib/gcc/arm-none-eabi/5.4.1/../../../../arm-none-eabi/lib/armv7-m\libg_nano.a(lib_a-init.o)
 .debug_frame   0x00001a40       0x28 d:/psoc/psoc creator/4.2/psoc creator/import/gnu/arm/5.4.1/bin/../lib/gcc/arm-none-eabi/5.4.1/../../../../arm-none-eabi/lib/armv7-m\libg_nano.a(lib_a-memcpy-stub.o)
 .debug_frame   0x00001a68       0x20 d:/psoc/psoc creator/4.2/psoc creator/import/gnu/arm/5.4.1/bin/../lib/gcc/arm-none-eabi/5.4.1/../../../../arm-none-eabi/lib/armv7-m\libg_nano.a(lib_a-memset.o)

.debug_str      0x00000000     0x214a
 *(.debug_str)
 .debug_str     0x00000000      0x4de .\CortexM3\ARM_GCC_541\Debug\main.o
                                0x537 (size before relaxing)
 .debug_str     0x000004de       0xe3 .\CortexM3\ARM_GCC_541\Debug\screen.o
                                0x321 (size before relaxing)
 .debug_str     0x000005c1       0x59 .\CortexM3\ARM_GCC_541\Debug\font.o
                                0x368 (size before relaxing)
 .debug_str     0x0000061a      0x1bf .\CortexM3\ARM_GCC_541\Debug\cyfitter_cfg.o
                                0x38a (size before relaxing)
 .debug_str     0x000007d9       0x75 .\CortexM3\ARM_GCC_541\Debug\cymetadata.o
                                0x220 (size before relaxing)
 .debug_str     0x0000084e      0x144 .\CortexM3\ARM_GCC_541\Debug\Cm3Start.o
                                0x346 (size before relaxing)
 .debug_str     0x00000992      0x83b .\CortexM3\ARM_GCC_541\Debug\Design01.a(CyLib.o)
                                0xa83 (size before relaxing)
 .debug_str     0x000011cd      0x365 .\CortexM3\ARM_GCC_541\Debug\Design01.a(cyPm.o)
                                0x76f (size before relaxing)
 .debug_str     0x00001532       0x46 .\CortexM3\ARM_GCC_541\Debug\Design01.a(SS.o)
                                0x20f (size before relaxing)
 .debug_str     0x00001578       0x47 .\CortexM3\ARM_GCC_541\Debug\Design01.a(D_C.o)
                                0x214 (size before relaxing)
 .debug_str     0x000015bf       0x4f .\CortexM3\ARM_GCC_541\Debug\Design01.a(Reset.o)
                                0x21e (size before relaxing)
 .debug_str     0x0000160e      0x13e .\CortexM3\ARM_GCC_541\Debug\Design01.a(Clock.o)
                                0x312 (size before relaxing)
 .debug_str     0x0000174c      0x207 .\CortexM3\ARM_GCC_541\Debug\Design01.a(SPIM.o)
                                0x421 (size before relaxing)
 .debug_str     0x00001953       0xa0 .\CortexM3\ARM_GCC_541\Debug\Design01.a(VDAC8_DS.o)
                                0x279 (size before relaxing)
 .debug_str     0x000019f3       0x94 .\CortexM3\ARM_GCC_541\Debug\Design01.a(VDAC8_GS.o)
                                0x279 (size before relaxing)
 .debug_str     0x00001a87      0x1ea .\CortexM3\ARM_GCC_541\Debug\Design01.a(ADC_SAR_1.o)
                                0x4f9 (size before relaxing)
 .debug_str     0x00001c71       0x35 .\CortexM3\ARM_GCC_541\Debug\Design01.a(ADC_SAR_1_INT.o)
                                0x1d7 (size before relaxing)
 .debug_str     0x00001ca6       0x88 .\CortexM3\ARM_GCC_541\Debug\Design01.a(ADC_SAR_1_PM.o)
                                0x28d (size before relaxing)
 .debug_str     0x00001d2e      0x1bc .\CortexM3\ARM_GCC_541\Debug\Design01.a(ADC_SAR_1_theACLK.o)
                                0x3f1 (size before relaxing)
 .debug_str     0x00001eea      0x1b4 .\CortexM3\ARM_GCC_541\Debug\Design01.a(CyFlash.o)
                                0x3fc (size before relaxing)
 .debug_str     0x0000209e       0xac .\CortexM3\ARM_GCC_541\Debug\Design01.a(CySpc.o)
                                0x374 (size before relaxing)

.debug_loc      0x00000000     0x3034
 *(.debug_loc)
 .debug_loc     0x00000000      0x460 .\CortexM3\ARM_GCC_541\Debug\main.o
 .debug_loc     0x00000460      0x6f2 .\CortexM3\ARM_GCC_541\Debug\screen.o
 .debug_loc     0x00000b52      0x2ae .\CortexM3\ARM_GCC_541\Debug\font.o
 .debug_loc     0x00000e00      0x280 .\CortexM3\ARM_GCC_541\Debug\cyfitter_cfg.o
 .debug_loc     0x00001080      0x144 .\CortexM3\ARM_GCC_541\Debug\Cm3Start.o
 .debug_loc     0x000011c4      0xa11 .\CortexM3\ARM_GCC_541\Debug\Design01.a(CyLib.o)
 .debug_loc     0x00001bd5      0x1e4 .\CortexM3\ARM_GCC_541\Debug\Design01.a(cyPm.o)
 .debug_loc     0x00001db9       0x42 .\CortexM3\ARM_GCC_541\Debug\Design01.a(SS.o)
 .debug_loc     0x00001dfb       0x42 .\CortexM3\ARM_GCC_541\Debug\Design01.a(D_C.o)
 .debug_loc     0x00001e3d       0x42 .\CortexM3\ARM_GCC_541\Debug\Design01.a(Reset.o)
 .debug_loc     0x00001e7f      0x12c .\CortexM3\ARM_GCC_541\Debug\Design01.a(Clock.o)
 .debug_loc     0x00001fab       0xfe .\CortexM3\ARM_GCC_541\Debug\Design01.a(SPIM.o)
 .debug_loc     0x000020a9       0x79 .\CortexM3\ARM_GCC_541\Debug\Design01.a(VDAC8_DS.o)
 .debug_loc     0x00002122       0x79 .\CortexM3\ARM_GCC_541\Debug\Design01.a(VDAC8_GS.o)
 .debug_loc     0x0000219b      0x295 .\CortexM3\ARM_GCC_541\Debug\Design01.a(ADC_SAR_1.o)
 .debug_loc     0x00002430      0x14d .\CortexM3\ARM_GCC_541\Debug\Design01.a(ADC_SAR_1_theACLK.o)
 .debug_loc     0x0000257d      0x3b2 .\CortexM3\ARM_GCC_541\Debug\Design01.a(CyFlash.o)
 .debug_loc     0x0000292f      0x705 .\CortexM3\ARM_GCC_541\Debug\Design01.a(CySpc.o)

.debug_macinfo
 *(.debug_macinfo)

.debug_ranges   0x00000000      0x8d8
 *(.debug_ranges)
 .debug_ranges  0x00000000       0x38 .\CortexM3\ARM_GCC_541\Debug\main.o
 .debug_ranges  0x00000038       0x68 .\CortexM3\ARM_GCC_541\Debug\screen.o
 .debug_ranges  0x000000a0       0x48 .\CortexM3\ARM_GCC_541\Debug\font.o
 .debug_ranges  0x000000e8       0x48 .\CortexM3\ARM_GCC_541\Debug\cyfitter_cfg.o
 .debug_ranges  0x00000130       0x38 .\CortexM3\ARM_GCC_541\Debug\Cm3Start.o
 .debug_ranges  0x00000168      0x290 .\CortexM3\ARM_GCC_541\Debug\Design01.a(CyLib.o)
 .debug_ranges  0x000003f8       0x88 .\CortexM3\ARM_GCC_541\Debug\Design01.a(cyPm.o)
 .debug_ranges  0x00000480       0x28 .\CortexM3\ARM_GCC_541\Debug\Design01.a(SS.o)
 .debug_ranges  0x000004a8       0x28 .\CortexM3\ARM_GCC_541\Debug\Design01.a(D_C.o)
 .debug_ranges  0x000004d0       0x28 .\CortexM3\ARM_GCC_541\Debug\Design01.a(Reset.o)
 .debug_ranges  0x000004f8       0x60 .\CortexM3\ARM_GCC_541\Debug\Design01.a(Clock.o)
 .debug_ranges  0x00000558       0xc8 .\CortexM3\ARM_GCC_541\Debug\Design01.a(SPIM.o)
 .debug_ranges  0x00000620       0x48 .\CortexM3\ARM_GCC_541\Debug\Design01.a(VDAC8_DS.o)
 .debug_ranges  0x00000668       0x48 .\CortexM3\ARM_GCC_541\Debug\Design01.a(VDAC8_GS.o)
 .debug_ranges  0x000006b0       0x98 .\CortexM3\ARM_GCC_541\Debug\Design01.a(ADC_SAR_1.o)
 .debug_ranges  0x00000748       0x10 .\CortexM3\ARM_GCC_541\Debug\Design01.a(ADC_SAR_1_INT.o)
 .debug_ranges  0x00000758       0x28 .\CortexM3\ARM_GCC_541\Debug\Design01.a(ADC_SAR_1_PM.o)
 .debug_ranges  0x00000780       0x70 .\CortexM3\ARM_GCC_541\Debug\Design01.a(ADC_SAR_1_theACLK.o)
 .debug_ranges  0x000007f0       0x78 .\CortexM3\ARM_GCC_541\Debug\Design01.a(CyFlash.o)
 .debug_ranges  0x00000868       0x70 .\CortexM3\ARM_GCC_541\Debug\Design01.a(CySpc.o)

.comment        0x00000000       0x6e
 .comment       0x00000000       0x6e .\CortexM3\ARM_GCC_541\Debug\main.o
                                 0x6f (size before relaxing)
 .comment       0x0000006e       0x6f .\CortexM3\ARM_GCC_541\Debug\screen.o
 .comment       0x0000006e       0x6f .\CortexM3\ARM_GCC_541\Debug\font.o
 .comment       0x0000006e       0x6f .\CortexM3\ARM_GCC_541\Debug\cyfitter_cfg.o
 .comment       0x0000006e       0x6f .\CortexM3\ARM_GCC_541\Debug\cymetadata.o
 .comment       0x0000006e       0x6f .\CortexM3\ARM_GCC_541\Debug\Cm3Start.o
 .comment       0x0000006e       0x6f .\CortexM3\ARM_GCC_541\Debug\Design01.a(CyLib.o)
 .comment       0x0000006e       0x6f .\CortexM3\ARM_GCC_541\Debug\Design01.a(cyPm.o)
 .comment       0x0000006e       0x6f .\CortexM3\ARM_GCC_541\Debug\Design01.a(SS.o)
 .comment       0x0000006e       0x6f .\CortexM3\ARM_GCC_541\Debug\Design01.a(D_C.o)
 .comment       0x0000006e       0x6f .\CortexM3\ARM_GCC_541\Debug\Design01.a(Reset.o)
 .comment       0x0000006e       0x6f .\CortexM3\ARM_GCC_541\Debug\Design01.a(Clock.o)
 .comment       0x0000006e       0x6f .\CortexM3\ARM_GCC_541\Debug\Design01.a(SPIM.o)
 .comment       0x0000006e       0x6f .\CortexM3\ARM_GCC_541\Debug\Design01.a(VDAC8_DS.o)
 .comment       0x0000006e       0x6f .\CortexM3\ARM_GCC_541\Debug\Design01.a(VDAC8_GS.o)
 .comment       0x0000006e       0x6f .\CortexM3\ARM_GCC_541\Debug\Design01.a(ADC_SAR_1.o)
 .comment       0x0000006e       0x6f .\CortexM3\ARM_GCC_541\Debug\Design01.a(ADC_SAR_1_INT.o)
 .comment       0x0000006e       0x6f .\CortexM3\ARM_GCC_541\Debug\Design01.a(ADC_SAR_1_PM.o)
 .comment       0x0000006e       0x6f .\CortexM3\ARM_GCC_541\Debug\Design01.a(ADC_SAR_1_theACLK.o)
 .comment       0x0000006e       0x6f .\CortexM3\ARM_GCC_541\Debug\Design01.a(CyFlash.o)
 .comment       0x0000006e       0x6f .\CortexM3\ARM_GCC_541\Debug\Design01.a(CySpc.o)

.debug_weaknames
 *(.debug_weaknames)

.debug_funcnames
 *(.debug_funcnames)

.debug_typenames
 *(.debug_typenames)

.debug_varnames
 *(.debug_varnames)

.note.gnu.arm.ident
 *(.note.gnu.arm.ident)

.ARM.attributes
                0x00000000       0x29
 *(.ARM.attributes)
 .ARM.attributes
                0x00000000       0x1d d:/psoc/psoc creator/4.2/psoc creator/import/gnu/arm/5.4.1/bin/../lib/gcc/arm-none-eabi/5.4.1/armv7-m/crti.o
 .ARM.attributes
                0x0000001d       0x2d d:/psoc/psoc creator/4.2/psoc creator/import/gnu/arm/5.4.1/bin/../lib/gcc/arm-none-eabi/5.4.1/armv7-m/crtbegin.o
 .ARM.attributes
                0x0000004a       0x1b d:/psoc/psoc creator/4.2/psoc creator/import/gnu/arm/5.4.1/bin/../lib/gcc/arm-none-eabi/5.4.1/../../../../arm-none-eabi/lib/armv7-m/crt0.o
 .ARM.attributes
                0x00000065       0x33 .\CortexM3\ARM_GCC_541\Debug\main.o
 .ARM.attributes
                0x00000098       0x33 .\CortexM3\ARM_GCC_541\Debug\screen.o
 .ARM.attributes
                0x000000cb       0x33 .\CortexM3\ARM_GCC_541\Debug\font.o
 .ARM.attributes
                0x000000fe       0x33 .\CortexM3\ARM_GCC_541\Debug\cyfitter_cfg.o
 .ARM.attributes
                0x00000131       0x33 .\CortexM3\ARM_GCC_541\Debug\cymetadata.o
 .ARM.attributes
                0x00000164       0x33 .\CortexM3\ARM_GCC_541\Debug\Cm3Start.o
 .ARM.attributes
                0x00000197       0x33 .\CortexM3\ARM_GCC_541\Debug\Design01.a(CyLib.o)
 .ARM.attributes
                0x000001ca       0x33 .\CortexM3\ARM_GCC_541\Debug\Design01.a(cyPm.o)
 .ARM.attributes
                0x000001fd       0x33 .\CortexM3\ARM_GCC_541\Debug\Design01.a(SS.o)
 .ARM.attributes
                0x00000230       0x33 .\CortexM3\ARM_GCC_541\Debug\Design01.a(D_C.o)
 .ARM.attributes
                0x00000263       0x33 .\CortexM3\ARM_GCC_541\Debug\Design01.a(Reset.o)
 .ARM.attributes
                0x00000296       0x33 .\CortexM3\ARM_GCC_541\Debug\Design01.a(Clock.o)
 .ARM.attributes
                0x000002c9       0x33 .\CortexM3\ARM_GCC_541\Debug\Design01.a(SPIM.o)
 .ARM.attributes
                0x000002fc       0x33 .\CortexM3\ARM_GCC_541\Debug\Design01.a(VDAC8_DS.o)
 .ARM.attributes
                0x0000032f       0x33 .\CortexM3\ARM_GCC_541\Debug\Design01.a(VDAC8_GS.o)
 .ARM.attributes
                0x00000362       0x33 .\CortexM3\ARM_GCC_541\Debug\Design01.a(ADC_SAR_1.o)
 .ARM.attributes
                0x00000395       0x33 .\CortexM3\ARM_GCC_541\Debug\Design01.a(ADC_SAR_1_INT.o)
 .ARM.attributes
                0x000003c8       0x33 .\CortexM3\ARM_GCC_541\Debug\Design01.a(ADC_SAR_1_PM.o)
 .ARM.attributes
                0x000003fb       0x33 .\CortexM3\ARM_GCC_541\Debug\Design01.a(ADC_SAR_1_theACLK.o)
 .ARM.attributes
                0x0000042e       0x21 .\CortexM3\ARM_GCC_541\Debug\Design01.a(CyBootAsmGnu.o)
 .ARM.attributes
                0x0000044f       0x33 .\CortexM3\ARM_GCC_541\Debug\Design01.a(CyFlash.o)
 .ARM.attributes
                0x00000482       0x33 .\CortexM3\ARM_GCC_541\Debug\Design01.a(CySpc.o)
 .ARM.attributes
                0x000004b5       0x1d d:/psoc/psoc creator/4.2/psoc creator/import/gnu/arm/5.4.1/bin/../lib/gcc/arm-none-eabi/5.4.1/armv7-m\libgcc.a(_arm_addsubdf3.o)
 .ARM.attributes
                0x000004d2       0x1d d:/psoc/psoc creator/4.2/psoc creator/import/gnu/arm/5.4.1/bin/../lib/gcc/arm-none-eabi/5.4.1/armv7-m\libgcc.a(_arm_muldivdf3.o)
 .ARM.attributes
                0x000004ef       0x1d d:/psoc/psoc creator/4.2/psoc creator/import/gnu/arm/5.4.1/bin/../lib/gcc/arm-none-eabi/5.4.1/armv7-m\libgcc.a(_arm_cmpdf2.o)
 .ARM.attributes
                0x0000050c       0x1d d:/psoc/psoc creator/4.2/psoc creator/import/gnu/arm/5.4.1/bin/../lib/gcc/arm-none-eabi/5.4.1/armv7-m\libgcc.a(_arm_fixdfsi.o)
 .ARM.attributes
                0x00000529       0x1d d:/psoc/psoc creator/4.2/psoc creator/import/gnu/arm/5.4.1/bin/../lib/gcc/arm-none-eabi/5.4.1/armv7-m\libgcc.a(_arm_addsubsf3.o)
 .ARM.attributes
                0x00000546       0x1d d:/psoc/psoc creator/4.2/psoc creator/import/gnu/arm/5.4.1/bin/../lib/gcc/arm-none-eabi/5.4.1/armv7-m\libgcc.a(_arm_muldivsf3.o)
 .ARM.attributes
                0x00000563       0x1d d:/psoc/psoc creator/4.2/psoc creator/import/gnu/arm/5.4.1/bin/../lib/gcc/arm-none-eabi/5.4.1/armv7-m\libgcc.a(_aeabi_ldivmod.o)
 .ARM.attributes
                0x00000580       0x2d d:/psoc/psoc creator/4.2/psoc creator/import/gnu/arm/5.4.1/bin/../lib/gcc/arm-none-eabi/5.4.1/armv7-m\libgcc.a(_udivmoddi4.o)
 .ARM.attributes
                0x000005ad       0x1d d:/psoc/psoc creator/4.2/psoc creator/import/gnu/arm/5.4.1/bin/../lib/gcc/arm-none-eabi/5.4.1/armv7-m\libgcc.a(_dvmd_tls.o)
 .ARM.attributes
                0x000005ca       0x2d d:/psoc/psoc creator/4.2/psoc creator/import/gnu/arm/5.4.1/bin/../lib/gcc/arm-none-eabi/5.4.1/../../../../arm-none-eabi/lib/armv7-m\libg_nano.a(lib_a-errno.o)
 .ARM.attributes
                0x000005f7       0x2d d:/psoc/psoc creator/4.2/psoc creator/import/gnu/arm/5.4.1/bin/../lib/gcc/arm-none-eabi/5.4.1/../../../../arm-none-eabi/lib/armv7-m\libg_nano.a(lib_a-exit.o)
 .ARM.attributes
                0x00000624       0x2d d:/psoc/psoc creator/4.2/psoc creator/import/gnu/arm/5.4.1/bin/../lib/gcc/arm-none-eabi/5.4.1/../../../../arm-none-eabi/lib/armv7-m\libg_nano.a(lib_a-impure.o)
 .ARM.attributes
                0x00000651       0x2d d:/psoc/psoc creator/4.2/psoc creator/import/gnu/arm/5.4.1/bin/../lib/gcc/arm-none-eabi/5.4.1/../../../../arm-none-eabi/lib/armv7-m\libg_nano.a(lib_a-init.o)
 .ARM.attributes
                0x0000067e       0x2d d:/psoc/psoc creator/4.2/psoc creator/import/gnu/arm/5.4.1/bin/../lib/gcc/arm-none-eabi/5.4.1/../../../../arm-none-eabi/lib/armv7-m\libg_nano.a(lib_a-memcpy-stub.o)
 .ARM.attributes
                0x000006ab       0x2d d:/psoc/psoc creator/4.2/psoc creator/import/gnu/arm/5.4.1/bin/../lib/gcc/arm-none-eabi/5.4.1/../../../../arm-none-eabi/lib/armv7-m\libg_nano.a(lib_a-memset.o)
 .ARM.attributes
                0x000006d8       0x2d d:/psoc/psoc creator/4.2/psoc creator/import/gnu/arm/5.4.1/bin/../lib/gcc/arm-none-eabi/5.4.1/armv7-m/crtend.o
 .ARM.attributes
                0x00000705       0x1d d:/psoc/psoc creator/4.2/psoc creator/import/gnu/arm/5.4.1/bin/../lib/gcc/arm-none-eabi/5.4.1/armv7-m/crtn.o

/DISCARD/
 *(.note.GNU-stack)
OUTPUT(C:\Users\legoc\Documents\School\Senior Year\Senior Project\Senior Project Integrated\Senior Project Integrated\Design01.cydsn\CortexM3\ARM_GCC_541\Debug\Design01.elf elf32-littlearm)
