Archive member included to satisfy reference by file (symbol)

.\CortexM3\ARM_GCC_541\Debug\Design01.a(CyLib.o)
                              .\CortexM3\ARM_GCC_541\Debug\Cm3Start.o (CyHalt)
.\CortexM3\ARM_GCC_541\Debug\Design01.a(cyPm.o)
                              .\CortexM3\ARM_GCC_541\Debug\Design01.a(CyLib.o) (CyPmReadStatus)
.\CortexM3\ARM_GCC_541\Debug\Design01.a(SS.o)
                              .\CortexM3\ARM_GCC_541\Debug\screen.o (SS_Write)
.\CortexM3\ARM_GCC_541\Debug\Design01.a(D_C.o)
                              .\CortexM3\ARM_GCC_541\Debug\screen.o (D_C_Write)
.\CortexM3\ARM_GCC_541\Debug\Design01.a(Reset.o)
                              .\CortexM3\ARM_GCC_541\Debug\main.o (Reset_Write)
.\CortexM3\ARM_GCC_541\Debug\Design01.a(Clock.o)
                              .\CortexM3\ARM_GCC_541\Debug\main.o (Clock_Start)
.\CortexM3\ARM_GCC_541\Debug\Design01.a(SPIM.o)
                              .\CortexM3\ARM_GCC_541\Debug\screen.o (SPIM_WriteTxData)
.\CortexM3\ARM_GCC_541\Debug\Design01.a(VDAC8_DS.o)
                              .\CortexM3\ARM_GCC_541\Debug\main.o (VDAC8_DS_SetValue)
.\CortexM3\ARM_GCC_541\Debug\Design01.a(VDAC8_GS.o)
                              .\CortexM3\ARM_GCC_541\Debug\main.o (VDAC8_GS_SetValue)
.\CortexM3\ARM_GCC_541\Debug\Design01.a(ADC_SAR_1.o)
                              .\CortexM3\ARM_GCC_541\Debug\main.o (ADC_SAR_1_Start)
.\CortexM3\ARM_GCC_541\Debug\Design01.a(ADC_SAR_1_INT.o)
                              .\CortexM3\ARM_GCC_541\Debug\Design01.a(ADC_SAR_1.o) (ADC_SAR_1_ISR)
.\CortexM3\ARM_GCC_541\Debug\Design01.a(ADC_SAR_1_PM.o)
                              .\CortexM3\ARM_GCC_541\Debug\main.o (ADC_SAR_1_Sleep)
.\CortexM3\ARM_GCC_541\Debug\Design01.a(ADC_SAR_1_theACLK.o)
                              .\CortexM3\ARM_GCC_541\Debug\Design01.a(ADC_SAR_1.o) (ADC_SAR_1_theACLK_SetModeRegister)
.\CortexM3\ARM_GCC_541\Debug\Design01.a(I2C.o)
                              .\CortexM3\ARM_GCC_541\Debug\main.o (I2C_Start)
.\CortexM3\ARM_GCC_541\Debug\Design01.a(I2C_INT.o)
                              .\CortexM3\ARM_GCC_541\Debug\Design01.a(I2C.o) (I2C_ISR)
.\CortexM3\ARM_GCC_541\Debug\Design01.a(I2C_PM.o)
                              .\CortexM3\ARM_GCC_541\Debug\Design01.a(I2C.o) (I2C_backup)
.\CortexM3\ARM_GCC_541\Debug\Design01.a(I2C_MASTER.o)
                              .\CortexM3\ARM_GCC_541\Debug\Design01.a(I2C.o) (I2C_mstrStatus)
.\CortexM3\ARM_GCC_541\Debug\Design01.a(isr.o)
                              .\CortexM3\ARM_GCC_541\Debug\main.o (isr_SetPriority)
.\CortexM3\ARM_GCC_541\Debug\Design01.a(AMux_1.o)
                              .\CortexM3\ARM_GCC_541\Debug\main.o (AMux_1_Select)
.\CortexM3\ARM_GCC_541\Debug\Design01.a(AMux_2.o)
                              .\CortexM3\ARM_GCC_541\Debug\main.o (AMux_2_Select)
.\CortexM3\ARM_GCC_541\Debug\Design01.a(AMux_3.o)
                              .\CortexM3\ARM_GCC_541\Debug\main.o (AMux_3_Select)
.\CortexM3\ARM_GCC_541\Debug\Design01.a(emFile_1_PM.o)
                              .\CortexM3\ARM_GCC_541\Debug\uifunctions.o (emFile_1_Sleep)
.\CortexM3\ARM_GCC_541\Debug\Design01.a(emFile_1_SPI0_PM.o)
                              .\CortexM3\ARM_GCC_541\Debug\Design01.a(emFile_1_PM.o) (emFile_1_SPI0_SaveConfig)
.\CortexM3\ARM_GCC_541\Debug\Design01.a(CyBootAsmGnu.o)
                              .\CortexM3\ARM_GCC_541\Debug\cyfitter_cfg.o (CyDelayCycles)
.\CortexM3\ARM_GCC_541\Debug\Design01.a(CyFlash.o)
                              .\CortexM3\ARM_GCC_541\Debug\Design01.a(cyPm.o) (CyFlash_SetWaitCycles)
.\CortexM3\ARM_GCC_541\Debug\Design01.a(CySpc.o)
                              .\CortexM3\ARM_GCC_541\Debug\Design01.a(CyFlash.o) (CySpcStart)
.\CortexM3\ARM_GCC_541\Debug\Design01.a(emFile_1_SPI0.o)
                              .\CortexM3\ARM_GCC_541\Debug\Design01.a(emFile_1_SPI0_PM.o) (emFile_1_SPI0_Enable)
.\emFile_V322c\LinkLibrary\PSoC5\GCC\libemf16nosnlfn.a(FS_Misc.o)
                              .\CortexM3\ARM_GCC_541\Debug\main.o (FS_Init)
.\emFile_V322c\LinkLibrary\PSoC5\GCC\libemf16nosnlfn.a(FS_Storage.o)
                              .\emFile_V322c\LinkLibrary\PSoC5\GCC\libemf16nosnlfn.a(FS_Misc.o) (FS__FindVolume)
.\emFile_V322c\LinkLibrary\PSoC5\GCC\libemf16nosnlfn.a(FS_Unmount.o)
                              .\emFile_V322c\LinkLibrary\PSoC5\GCC\libemf16nosnlfn.a(FS_Misc.o) (FS__UnmountForcedNL)
.\emFile_V322c\LinkLibrary\PSoC5\GCC\libemf16nosnlfn.a(FS_Volume.o)
                              .\emFile_V322c\LinkLibrary\PSoC5\GCC\libemf16nosnlfn.a(FS_Misc.o) (FS__AutoMount)
.\emFile_V322c\LinkLibrary\PSoC5\GCC\libemf16nosnlfn.a(FS_Write.o)
                              .\CortexM3\ARM_GCC_541\Debug\main.o (FS_Write)
.\emFile_V322c\LinkLibrary\PSoC5\GCC\libemf16nosnlfn.a(FAT_CheckDisk.o)
                              .\emFile_V322c\LinkLibrary\PSoC5\GCC\libemf16nosnlfn.a(FS_Volume.o) (FS_FAT__CheckDisk)
.\emFile_V322c\LinkLibrary\PSoC5\GCC\libemf16nosnlfn.a(FAT_Dir.o)
[...]
Memory Configuration

Name             Origin             Length             Attributes
rom              0x00000000         0x00040000         xr
ram              0x1fff8000         0x00010000         xrw
*default*        0x00000000         0xffffffff

Linker script and memory map

LOAD d:/psoc/psoc creator/4.2/psoc creator/import/gnu/arm/5.4.1/bin/../lib/gcc/arm-none-eabi/5.4.1/armv7-m/crti.o
LOAD d:/psoc/psoc creator/4.2/psoc creator/import/gnu/arm/5.4.1/bin/../lib/gcc/arm-none-eabi/5.4.1/armv7-m/crtbegin.o
LOAD d:/psoc/psoc creator/4.2/psoc creator/import/gnu/arm/5.4.1/bin/../lib/gcc/arm-none-eabi/5.4.1/../../../../arm-none-eabi/lib/armv7-m/crt0.o
START GROUP
LOAD .\CortexM3\ARM_GCC_541\Debug\main.o
LOAD .\CortexM3\ARM_GCC_541\Debug\screen.o
LOAD .\CortexM3\ARM_GCC_541\Debug\font.o
LOAD .\CortexM3\ARM_GCC_541\Debug\sd.o
LOAD .\CortexM3\ARM_GCC_541\Debug\uifunctions.o
LOAD .\CortexM3\ARM_GCC_541\Debug\cyfitter_cfg.o
LOAD .\CortexM3\ARM_GCC_541\Debug\cymetadata.o
LOAD .\CortexM3\ARM_GCC_541\Debug\Cm3Start.o
LOAD .\CortexM3\ARM_GCC_541\Debug\Design01.a
LOAD D:\PSoC\PSoC Creator\4.2\PSoC Creator\psoc\content\cycomponentlibrary\CyComponentLibrary.cylib\CortexM3\ARM_GCC_541\Debug\CyComponentLibrary.a
LOAD .\emFile_V322c\LinkLibrary\PSoC5\GCC\libemf16nosnlfn.a
END GROUP
START GROUP
LOAD d:/psoc/psoc creator/4.2/psoc creator/import/gnu/arm/5.4.1/bin/../lib/gcc/arm-none-eabi/5.4.1/armv7-m\libgcc.a
LOAD d:/psoc/psoc creator/4.2/psoc creator/import/gnu/arm/5.4.1/bin/../lib/gcc/arm-none-eabi/5.4.1/../../../../arm-none-eabi/lib/armv7-m\libg_nano.a
LOAD d:/psoc/psoc creator/4.2/psoc creator/import/gnu/arm/5.4.1/bin/../lib/gcc/arm-none-eabi/5.4.1/../../../../arm-none-eabi/lib/armv7-m\libc_nano.a
END GROUP
START GROUP
LOAD d:/psoc/psoc creator/4.2/psoc creator/import/gnu/arm/5.4.1/bin/../lib/gcc/arm-none-eabi/5.4.1/armv7-m\libgcc.a
LOAD d:/psoc/psoc creator/4.2/psoc creator/import/gnu/arm/5.4.1/bin/../lib/gcc/arm-none-eabi/5.4.1/../../../../arm-none-eabi/lib/armv7-m\libc_nano.a
END GROUP
LOAD d:/psoc/psoc creator/4.2/psoc creator/import/gnu/arm/5.4.1/bin/../lib/gcc/arm-none-eabi/5.4.1/armv7-m/crtend.o
LOAD d:/psoc/psoc creator/4.2/psoc creator/import/gnu/arm/5.4.1/bin/../lib/gcc/arm-none-eabi/5.4.1/armv7-m/crtn.o
START GROUP
LOAD d:/psoc/psoc creator/4.2/psoc creator/import/gnu/arm/5.4.1/bin/../lib/gcc/arm-none-eabi/5.4.1/armv7-m\libgcc.a
LOAD d:/psoc/psoc creator/4.2/psoc creator/import/gnu/arm/5.4.1/bin/../lib/gcc/arm-none-eabi/5.4.1/../../../../arm-none-eabi/lib/armv7-m\libc.a
LOAD d:/psoc/psoc creator/4.2/psoc creator/import/gnu/arm/5.4.1/bin/../lib/gcc/arm-none-eabi/5.4.1/../../../../arm-none-eabi/lib/armv7-m\libnosys.a
END GROUP
                0x00000000                CY_APPL_ORIGIN = 0x0
                0x00000100                CY_FLASH_ROW_SIZE = 0x100
                0x00000020                CY_ECC_ROW_SIZE = 0x20
                0x00000000                CY_EE_IN_BTLDR = 0x0
                0x00000000                CY_APPL_LOADABLE = 0x0
                0x00000800                CY_EE_SIZE = 0x800
                0x00000001                CY_APPL_NUM = 0x1
                0x00000001                CY_APPL_MAX = 0x1
                0x00000040                CY_METADATA_SIZE = 0x40
                0x00000000                CY_APPL_LOADABLE = 0x0
                0x00000000                CY_CHECKSUM_EXCLUDE_SIZE = ALIGN (0x0, CY_FLASH_ROW_SIZE)
                [!provide]                PROVIDE (__cy_heap_start, _end)
                0x00000001                PROVIDE (__cy_region_num, ((__cy_regions_end - __cy_regions) / 0x10))
                0x20008000                PROVIDE (__cy_stack, (ORIGIN (ram) + LENGTH (ram)))
                [!provide]                PROVIDE (__cy_heap_end, (__cy_stack - 0x800))

.cybootloader   0x00000000        0x0
 *(.cybootloader)
                0x00000000                appl1_start = CY_APPL_ORIGIN?CY_APPL_ORIGIN:ALIGN (CY_FLASH_ROW_SIZE)
                0x0001ff00                appl2_start = (appl1_start + ALIGN ((((LENGTH (rom) - appl1_start) - (0x2 * CY_FLASH_ROW_SIZE)) / 0x2), CY_FLASH_ROW_SIZE))
                0x00000000                appl_start = (CY_APPL_NUM == 0x1)?appl1_start:appl2_start
                0x00000000                ecc_offset = ((appl_start / CY_FLASH_ROW_SIZE) * CY_ECC_ROW_SIZE)
                0x00000000                ee_offset = (CY_APPL_LOADABLE && ! (CY_EE_IN_BTLDR))?((CY_EE_SIZE / CY_APPL_MAX) * (CY_APPL_NUM - 0x1)):0x0
                0x00000800                ee_size = (CY_APPL_LOADABLE && ! (CY_EE_IN_BTLDR))?(CY_EE_SIZE / CY_APPL_MAX):CY_EE_SIZE
                [!provide]                PROVIDE (CY_ECC_OFFSET, ecc_offset)

.text           0x00000000     0x937c
 CREATE_OBJECT_SYMBOLS
                0x00000000                PROVIDE (__cy_interrupt_vector, RomVectors)
 *(.romvectors)
 .romvectors    0x00000000       0x10 .\CortexM3\ARM_GCC_541\Debug\Cm3Start.o
                0x00000000                RomVectors
                0x00000001                ASSERT ((. != __cy_interrupt_vector), No interrupt vector)
                0x00000001                ASSERT (CY_APPL_ORIGIN?(SIZEOF (.cybootloader) <= CY_APPL_ORIGIN):0x1, Wrong image location)
                0x00000010                PROVIDE (__cy_reset, Reset)
 *(.text.Reset)
 .text.Reset    0x00000010       0x18 .\CortexM3\ARM_GCC_541\Debug\Cm3Start.o
                0x00000010                Reset
                0x00000001                ASSERT ((. != __cy_reset), No reset code)
 *(.dma_init)
                0x00000001                ASSERT ((((appl_start + .) <= 0x10000) || 0x1), DMA Init must be within the first 64k of flash)
 *(.text .text.* .gnu.linkonce.t.*)
 .text          0x00000028       0x5c d:/psoc/psoc creator/4.2/psoc creator/import/gnu/arm/5.4.1/bin/../lib/gcc/arm-none-eabi/5.4.1/armv7-m/crtbegin.o
 .text.set_transistor_test_type
                0x00000084       0x30 .\CortexM3\ARM_GCC_541\Debug\main.o
                0x00000084                set_transistor_test_type
 .text.single_test
                0x000000b4       0x50 .\CortexM3\ARM_GCC_541\Debug\main.o
                0x000000b4                single_test
 .text.single_test_preset_vds
                0x00000104       0x48 .\CortexM3\ARM_GCC_541\Debug\main.o
                0x00000104                single_test_preset_vds
 .text.vgs_th_find
                0x0000014c       0x38 .\CortexM3\ARM_GCC_541\Debug\main.o
                0x0000014c                vgs_th_find
 .text.vgs_max_id_find
                0x00000184       0x40 .\CortexM3\ARM_GCC_541\Debug\main.o
                0x00000184                vgs_max_id_find
 *fill*         0x000001c4        0x4 
 .text.run_test
                0x000001c8      0x1dc .\CortexM3\ARM_GCC_541\Debug\main.o
                0x000001c8                run_test
 *fill*         0x000003a4        0x4 
 .text.main     0x000003a8      0x39c .\CortexM3\ARM_GCC_541\Debug\main.o
                0x000003a8                main
 .text.writecommand
                0x00000744       0x24 .\CortexM3\ARM_GCC_541\Debug\screen.o
                0x00000744                writecommand
 .text.writedata
                0x00000768       0x24 .\CortexM3\ARM_GCC_541\Debug\screen.o
                0x00000768                writedata
 .text.setAddrWindow
                0x0000078c       0xc0 .\CortexM3\ARM_GCC_541\Debug\screen.o
                0x0000078c                setAddrWindow
 .text.draw_rect
                0x0000084c       0x90 .\CortexM3\ARM_GCC_541\Debug\screen.o
                0x0000084c                draw_rect
 .text.fill_rect
                0x000008dc       0x2c .\CortexM3\ARM_GCC_541\Debug\screen.o
                0x000008dc                fill_rect
 .text.fill_screen
                0x00000908       0x1c .\CortexM3\ARM_GCC_541\Debug\screen.o
                0x00000908                fill_screen
 .text.StartScreen
                0x00000924       0x40 .\CortexM3\ARM_GCC_541\Debug\screen.o
                0x00000924                StartScreen
 .text.change_pixel
                0x00000964       0x50 .\CortexM3\ARM_GCC_541\Debug\screen.o
                0x00000964                change_pixel
 .text.draw_pixel
                0x000009b4       0x18 .\CortexM3\ARM_GCC_541\Debug\screen.o
                0x000009b4                draw_pixel
 .text.write_line
                0x000009cc       0xc0 .\CortexM3\ARM_GCC_541\Debug\screen.o
                0x000009cc                write_line
 .text.drawFastHLine
                0x00000a8c       0x18 .\CortexM3\ARM_GCC_541\Debug\screen.o
                0x00000a8c                drawFastHLine
 .text.drawFastVLine
                0x00000aa4       0x18 .\CortexM3\ARM_GCC_541\Debug\screen.o
                0x00000aa4                drawFastVLine
 .text.draw_line
                0x00000abc       0x4c .\CortexM3\ARM_GCC_541\Debug\screen.o
                0x00000abc                draw_line
 .text.fill_circle_helper
                0x00000b08      0x110 .\CortexM3\ARM_GCC_541\Debug\screen.o
                0x00000b08                fill_circle_helper
 .text.fill_circle
                0x00000c18       0x34 .\CortexM3\ARM_GCC_541\Debug\screen.o
                0x00000c18                fill_circle
 .text.draw_button
                0x00000c4c      0x150 .\CortexM3\ARM_GCC_541\Debug\screen.o
                0x00000c4c                draw_button
 .text.draw_coordinates
                0x00000d9c      0x190 .\CortexM3\ARM_GCC_541\Debug\screen.o
                0x00000d9c                draw_coordinates
 .text.draw_choose_screen
                0x00000f2c       0xe4 .\CortexM3\ARM_GCC_541\Debug\screen.o
                0x00000f2c                draw_choose_screen
 .text.draw_options_screen
                0x00001010      0x128 .\CortexM3\ARM_GCC_541\Debug\screen.o
                0x00001010                draw_options_screen
 .text.draw_more_options_screen
                0x00001138       0xfc .\CortexM3\ARM_GCC_541\Debug\screen.o
                0x00001138                draw_more_options_screen
 .text.draw_options_averages_screen
                0x00001234      0x10c .\CortexM3\ARM_GCC_541\Debug\screen.o
                0x00001234                draw_options_averages_screen
 .text.draw_options_sd_screen
                0x00001340      0x130 .\CortexM3\ARM_GCC_541\Debug\screen.o
                0x00001340                draw_options_sd_screen
 .text.draw_options_curves_screen
                0x00001470       0xac .\CortexM3\ARM_GCC_541\Debug\screen.o
                0x00001470                draw_options_curves_screen
 .text.draw_options_grid_screen
                0x0000151c      0x130 .\CortexM3\ARM_GCC_541\Debug\screen.o
                0x0000151c                draw_options_grid_screen
 .text.draw_options_cooldown_screen
                0x0000164c      0x180 .\CortexM3\ARM_GCC_541\Debug\screen.o
                0x0000164c                draw_options_cooldown_screen
 .text.draw_debug_screen
                0x000017cc      0x2b0 .\CortexM3\ARM_GCC_541\Debug\screen.o
                0x000017cc                draw_debug_screen
 .text.draw_character
                0x00001a7c       0x8c .\CortexM3\ARM_GCC_541\Debug\font.o
                0x00001a7c                draw_character
 .text.draw_string
                0x00001b08      0x324 .\CortexM3\ARM_GCC_541\Debug\font.o
                0x00001b08                draw_string
 .text.create_file_with_text
                0x00001e2c       0x28 .\CortexM3\ARM_GCC_541\Debug\sd.o
                0x00001e2c                create_file_with_text
 .text.append_file
                0x00001e54       0x28 .\CortexM3\ARM_GCC_541\Debug\sd.o
                0x00001e54                append_file
 .text.write_header_info
                0x00001e7c      0x108 .\CortexM3\ARM_GCC_541\Debug\sd.o
                0x00001e7c                write_header_info
 *fill*         0x00001f84        0x4 
 .text.write_data
                0x00001f88       0xc4 .\CortexM3\ARM_GCC_541\Debug\sd.o
                0x00001f88                write_data
 .text.ui_control
                0x0000204c      0x8c0 .\CortexM3\ARM_GCC_541\Debug\uifunctions.o
                0x0000204c                ui_control
 .text.CyClockStartupError
                0x0000290c        0x4 .\CortexM3\ARM_GCC_541\Debug\cyfitter_cfg.o
 .text.cfg_write_bytes32
                0x00002910       0x34 .\CortexM3\ARM_GCC_541\Debug\cyfitter_cfg.o
 .text.CYMEMZERO
                0x00002944        0xc .\CortexM3\ARM_GCC_541\Debug\cyfitter_cfg.o
 .text.AnalogSetDefault
                0x00002950       0x7c .\CortexM3\ARM_GCC_541\Debug\cyfitter_cfg.o
 .text.CYCONFIGCPY
                0x000029cc        0x8 .\CortexM3\ARM_GCC_541\Debug\cyfitter_cfg.o
 .text.ClockSetup
                0x000029d4       0xf0 .\CortexM3\ARM_GCC_541\Debug\cyfitter_cfg.o
 .text.AMux_1_Set
                0x00002ac4       0x1c .\CortexM3\ARM_GCC_541\Debug\cyfitter_cfg.o
                0x00002ac4                AMux_1_Set
 .text.AMux_1_Unset
                0x00002ae0       0x1c .\CortexM3\ARM_GCC_541\Debug\cyfitter_cfg.o
                0x00002ae0                AMux_1_Unset
 .text.AMux_2_Set
                0x00002afc       0x1c .\CortexM3\ARM_GCC_541\Debug\cyfitter_cfg.o
                0x00002afc                AMux_2_Set
 .text.AMux_2_Unset
                0x00002b18       0x20 .\CortexM3\ARM_GCC_541\Debug\cyfitter_cfg.o
                0x00002b18                AMux_2_Unset
 .text.AMux_3_Set
                0x00002b38       0x20 .\CortexM3\ARM_GCC_541\Debug\cyfitter_cfg.o
                0x00002b38                AMux_3_Set
 .text.AMux_3_Unset
                0x00002b58       0x20 .\CortexM3\ARM_GCC_541\Debug\cyfitter_cfg.o
                0x00002b58                AMux_3_Unset
 .text.cyfitter_cfg
                0x00002b78      0x130 .\CortexM3\ARM_GCC_541\Debug\cyfitter_cfg.o
                0x00002b78                cyfitter_cfg
 .text.IntDefaultHandler
                0x00002ca8       0x10 .\CortexM3\ARM_GCC_541\Debug\Cm3Start.o
                0x00002ca8                IntDefaultHandler
 .text._sbrk    0x00002cb8       0x30 .\CortexM3\ARM_GCC_541\Debug\Cm3Start.o
                0x00002cb8                _sbrk
 .text.Start_c  0x00002ce8       0x4c .\CortexM3\ARM_GCC_541\Debug\Cm3Start.o
                0x00002ce8                Start_c
 .text.initialize_psoc
                0x00002d34       0x68 .\CortexM3\ARM_GCC_541\Debug\Cm3Start.o
                0x00002d34                initialize_psoc
 .text.CyHalt   0x00002d9c        0x4 .\CortexM3\ARM_GCC_541\Debug\Design01.a(CyLib.o)
                0x00002d9c                CyHalt
 .text.CyDelay  0x00002da0       0x2c .\CortexM3\ARM_GCC_541\Debug\Design01.a(CyLib.o)
                0x00002da0                CyDelay
 .text.CyDelayUs
                0x00002dcc       0x14 .\CortexM3\ARM_GCC_541\Debug\Design01.a(CyLib.o)
                0x00002dcc                CyDelayUs
 .text.CyIntSetVector
                0x00002de0       0x28 .\CortexM3\ARM_GCC_541\Debug\Design01.a(CyLib.o)
                0x00002de0                CyIntSetVector
 .text.CyIntSetPriority
                0x00002e08       0x30 .\CortexM3\ARM_GCC_541\Debug\Design01.a(CyLib.o)
                0x00002e08                CyIntSetPriority
 .text.SS_Write
                0x00002e38       0x18 .\CortexM3\ARM_GCC_541\Debug\Design01.a(SS.o)
                0x00002e38                SS_Write
 .text.SS_Read  0x00002e50       0x10 .\CortexM3\ARM_GCC_541\Debug\Design01.a(SS.o)
                0x00002e50                SS_Read
 .text.D_C_Write
                0x00002e60       0x18 .\CortexM3\ARM_GCC_541\Debug\Design01.a(D_C.o)
                0x00002e60                D_C_Write
 .text.Reset_Write
                0x00002e78       0x18 .\CortexM3\ARM_GCC_541\Debug\Design01.a(Reset.o)
                0x00002e78                Reset_Write
 .text.Clock_Start
                0x00002e90       0x1c .\CortexM3\ARM_GCC_541\Debug\Design01.a(Clock.o)
                0x00002e90                Clock_Start
 .text.SPIM_Enable
                0x00002eac       0x30 .\CortexM3\ARM_GCC_541\Debug\Design01.a(SPIM.o)
                0x00002eac                SPIM_Enable
 .text.SPIM_ReadTxStatus
                0x00002edc        0xc .\CortexM3\ARM_GCC_541\Debug\Design01.a(SPIM.o)
                0x00002edc                SPIM_ReadTxStatus
 .text.SPIM_ReadRxStatus
                0x00002ee8        0xc .\CortexM3\ARM_GCC_541\Debug\Design01.a(SPIM.o)
                0x00002ee8                SPIM_ReadRxStatus
 .text.SPIM_WriteTxData
                0x00002ef4       0x18 .\CortexM3\ARM_GCC_541\Debug\Design01.a(SPIM.o)
                0x00002ef4                SPIM_WriteTxData
 .text.SPIM_ClearFIFO
                0x00002f0c       0x3c .\CortexM3\ARM_GCC_541\Debug\Design01.a(SPIM.o)
                0x00002f0c                SPIM_ClearFIFO
 .text.SPIM_Init
                0x00002f48       0x28 .\CortexM3\ARM_GCC_541\Debug\Design01.a(SPIM.o)
                0x00002f48                SPIM_Init
 .text.SPIM_Start
                0x00002f70       0x1c .\CortexM3\ARM_GCC_541\Debug\Design01.a(SPIM.o)
                0x00002f70                SPIM_Start
 .text.VDAC8_DS_Enable
                0x00002f8c       0x1c .\CortexM3\ARM_GCC_541\Debug\Design01.a(VDAC8_DS.o)
                0x00002f8c                VDAC8_DS_Enable
 .text.VDAC8_DS_SetSpeed
                0x00002fa8       0x1c .\CortexM3\ARM_GCC_541\Debug\Design01.a(VDAC8_DS.o)
                0x00002fa8                VDAC8_DS_SetSpeed
 .text.VDAC8_DS_SetValue
                0x00002fc4        0xc .\CortexM3\ARM_GCC_541\Debug\Design01.a(VDAC8_DS.o)
                0x00002fc4                VDAC8_DS_SetValue
 .text.VDAC8_DS_DacTrim
                0x00002fd0       0x24 .\CortexM3\ARM_GCC_541\Debug\Design01.a(VDAC8_DS.o)
                0x00002fd0                VDAC8_DS_DacTrim
 .text.VDAC8_DS_SetRange
                0x00002ff4       0x20 .\CortexM3\ARM_GCC_541\Debug\Design01.a(VDAC8_DS.o)
                0x00002ff4                VDAC8_DS_SetRange
 .text.VDAC8_DS_Init
                0x00003014       0x20 .\CortexM3\ARM_GCC_541\Debug\Design01.a(VDAC8_DS.o)
                0x00003014                VDAC8_DS_Init
 .text.VDAC8_DS_Start
                0x00003034       0x24 .\CortexM3\ARM_GCC_541\Debug\Design01.a(VDAC8_DS.o)
                0x00003034                VDAC8_DS_Start
 .text.VDAC8_GS_Enable
                0x00003058       0x1c .\CortexM3\ARM_GCC_541\Debug\Design01.a(VDAC8_GS.o)
                0x00003058                VDAC8_GS_Enable
 .text.VDAC8_GS_SetSpeed
                0x00003074       0x1c .\CortexM3\ARM_GCC_541\Debug\Design01.a(VDAC8_GS.o)
                0x00003074                VDAC8_GS_SetSpeed
 .text.VDAC8_GS_SetValue
                0x00003090        0xc .\CortexM3\ARM_GCC_541\Debug\Design01.a(VDAC8_GS.o)
                0x00003090                VDAC8_GS_SetValue
 .text.VDAC8_GS_DacTrim
                0x0000309c       0x24 .\CortexM3\ARM_GCC_541\Debug\Design01.a(VDAC8_GS.o)
                0x0000309c                VDAC8_GS_DacTrim
 .text.VDAC8_GS_SetRange
                0x000030c0       0x20 .\CortexM3\ARM_GCC_541\Debug\Design01.a(VDAC8_GS.o)
                0x000030c0                VDAC8_GS_SetRange
 .text.VDAC8_GS_Init
                0x000030e0       0x20 .\CortexM3\ARM_GCC_541\Debug\Design01.a(VDAC8_GS.o)
                0x000030e0                VDAC8_GS_Init
 .text.VDAC8_GS_Start
                0x00003100       0x24 .\CortexM3\ARM_GCC_541\Debug\Design01.a(VDAC8_GS.o)
                0x00003100                VDAC8_GS_Start
 .text.ADC_SAR_1_CalcGain
                0x00003124       0x5c .\CortexM3\ARM_GCC_541\Debug\Design01.a(ADC_SAR_1.o)
 .text.ADC_SAR_1_Enable
                0x00003180       0x94 .\CortexM3\ARM_GCC_541\Debug\Design01.a(ADC_SAR_1.o)
                0x00003180                ADC_SAR_1_Enable
 .text.ADC_SAR_1_Stop
                0x00003214       0x48 .\CortexM3\ARM_GCC_541\Debug\Design01.a(ADC_SAR_1.o)
                0x00003214                ADC_SAR_1_Stop
 .text.ADC_SAR_1_SetResolution
                0x0000325c       0x38 .\CortexM3\ARM_GCC_541\Debug\Design01.a(ADC_SAR_1.o)
                0x0000325c                ADC_SAR_1_SetResolution
 .text.ADC_SAR_1_Init
                0x00003294       0x3c .\CortexM3\ARM_GCC_541\Debug\Design01.a(ADC_SAR_1.o)
                0x00003294                ADC_SAR_1_Init
 .text.ADC_SAR_1_Start
                0x000032d0       0x1c .\CortexM3\ARM_GCC_541\Debug\Design01.a(ADC_SAR_1.o)
                0x000032d0                ADC_SAR_1_Start
 .text.ADC_SAR_1_StartConvert
                0x000032ec       0x18 .\CortexM3\ARM_GCC_541\Debug\Design01.a(ADC_SAR_1.o)
                0x000032ec                ADC_SAR_1_StartConvert
 .text.ADC_SAR_1_StopConvert
                0x00003304       0x18 .\CortexM3\ARM_GCC_541\Debug\Design01.a(ADC_SAR_1.o)
                0x00003304                ADC_SAR_1_StopConvert
 .text.ADC_SAR_1_IsEndConversion
                0x0000331c       0x24 .\CortexM3\ARM_GCC_541\Debug\Design01.a(ADC_SAR_1.o)
                0x0000331c                ADC_SAR_1_IsEndConversion
 .text.ADC_SAR_1_GetResult16
                0x00003340       0x18 .\CortexM3\ARM_GCC_541\Debug\Design01.a(ADC_SAR_1.o)
                0x00003340                ADC_SAR_1_GetResult16
 .text.ADC_SAR_1_CountsTo_mVolts
                0x00003358       0x58 .\CortexM3\ARM_GCC_541\Debug\Design01.a(ADC_SAR_1.o)
                0x00003358                ADC_SAR_1_CountsTo_mVolts
 .text.ADC_SAR_1_ISR
                0x000033b0        0x4 .\CortexM3\ARM_GCC_541\Debug\Design01.a(ADC_SAR_1_INT.o)
                0x000033b0                ADC_SAR_1_ISR
 .text.ADC_SAR_1_Sleep
                0x000033b4       0x40 .\CortexM3\ARM_GCC_541\Debug\Design01.a(ADC_SAR_1_PM.o)
                0x000033b4                ADC_SAR_1_Sleep
 .text.ADC_SAR_1_Wakeup
                0x000033f4       0x20 .\CortexM3\ARM_GCC_541\Debug\Design01.a(ADC_SAR_1_PM.o)
                0x000033f4                ADC_SAR_1_Wakeup
 .text.ADC_SAR_1_theACLK_SetModeRegister
                0x00003414       0x14 .\CortexM3\ARM_GCC_541\Debug\Design01.a(ADC_SAR_1_theACLK.o)
                0x00003414                ADC_SAR_1_theACLK_SetModeRegister
 .text.I2C_Init
                0x00003428       0x68 .\CortexM3\ARM_GCC_541\Debug\Design01.a(I2C.o)
                0x00003428                I2C_Init
 .text.I2C_Enable
                0x00003490       0x24 .\CortexM3\ARM_GCC_541\Debug\Design01.a(I2C.o)
                0x00003490                I2C_Enable
 .text.I2C_Start
                0x000034b4       0x28 .\CortexM3\ARM_GCC_541\Debug\Design01.a(I2C.o)
                0x000034b4                I2C_Start
 .text.I2C_Stop
                0x000034dc       0xb4 .\CortexM3\ARM_GCC_541\Debug\Design01.a(I2C.o)
                0x000034dc                I2C_Stop
 .text.I2C_ISR  0x00003590      0x2d0 .\CortexM3\ARM_GCC_541\Debug\Design01.a(I2C_INT.o)
                0x00003590                I2C_ISR
 .text.I2C_MasterSendStart
                0x00003860       0x80 .\CortexM3\ARM_GCC_541\Debug\Design01.a(I2C_MASTER.o)
                0x00003860                I2C_MasterSendStart
 .text.I2C_MasterSendRestart
                0x000038e0       0x6c .\CortexM3\ARM_GCC_541\Debug\Design01.a(I2C_MASTER.o)
                0x000038e0                I2C_MasterSendRestart
 .text.I2C_MasterSendStop
                0x0000394c       0x38 .\CortexM3\ARM_GCC_541\Debug\Design01.a(I2C_MASTER.o)
                0x0000394c                I2C_MasterSendStop
 .text.I2C_MasterWriteByte
                0x00003984       0x58 .\CortexM3\ARM_GCC_541\Debug\Design01.a(I2C_MASTER.o)
                0x00003984                I2C_MasterWriteByte
 .text.I2C_MasterReadByte
                0x000039dc       0x58 .\CortexM3\ARM_GCC_541\Debug\Design01.a(I2C_MASTER.o)
                0x000039dc                I2C_MasterReadByte
 .text.get_touch
                0x00003a34       0x6c .\CortexM3\ARM_GCC_541\Debug\Design01.a(isr.o)
                0x00003a34                get_touch
 .text.isr_SetVector
                0x00003aa0        0xc .\CortexM3\ARM_GCC_541\Debug\Design01.a(isr.o)
                0x00003aa0                isr_SetVector
 .text.isr_SetPriority
                0x00003aac       0x10 .\CortexM3\ARM_GCC_541\Debug\Design01.a(isr.o)
                0x00003aac                isr_SetPriority
 .text.isr_Enable
                0x00003abc        0xc .\CortexM3\ARM_GCC_541\Debug\Design01.a(isr.o)
                0x00003abc                isr_Enable
 .text.isr_Disable
                0x00003ac8        0xc .\CortexM3\ARM_GCC_541\Debug\Design01.a(isr.o)
                0x00003ac8                isr_Disable
 .text.isr_Start
                0x00003ad4       0x1c .\CortexM3\ARM_GCC_541\Debug\Design01.a(isr.o)
                0x00003ad4                isr_Start
 .text.isr_ClearPending
                0x00003af0        0xc .\CortexM3\ARM_GCC_541\Debug\Design01.a(isr.o)
                0x00003af0                isr_ClearPending
 .text.isr_Interrupt
                0x00003afc       0x20 .\CortexM3\ARM_GCC_541\Debug\Design01.a(isr.o)
                0x00003afc                isr_Interrupt
 .text.AMux_1_Start
                0x00003b1c       0x20 .\CortexM3\ARM_GCC_541\Debug\Design01.a(AMux_1.o)
                0x00003b1c                AMux_1_Start
 .text.AMux_1_Select
                0x00003b3c       0x18 .\CortexM3\ARM_GCC_541\Debug\Design01.a(AMux_1.o)
                0x00003b3c                AMux_1_Select
 .text.AMux_2_Start
                0x00003b54       0x20 .\CortexM3\ARM_GCC_541\Debug\Design01.a(AMux_2.o)
                0x00003b54                AMux_2_Start
 .text.AMux_2_Select
                0x00003b74       0x18 .\CortexM3\ARM_GCC_541\Debug\Design01.a(AMux_2.o)
                0x00003b74                AMux_2_Select
 .text.AMux_3_Start
                0x00003b8c       0x20 .\CortexM3\ARM_GCC_541\Debug\Design01.a(AMux_3.o)
                0x00003b8c                AMux_3_Start
 .text.AMux_3_Select
                0x00003bac       0x18 .\CortexM3\ARM_GCC_541\Debug\Design01.a(AMux_3.o)
                0x00003bac                AMux_3_Select
 .text.emFile_1_Sleep
                0x00003bc4        0x8 .\CortexM3\ARM_GCC_541\Debug\Design01.a(emFile_1_PM.o)
                0x00003bc4                emFile_1_Sleep
 .text.emFile_1_Wakeup
                0x00003bcc        0x8 .\CortexM3\ARM_GCC_541\Debug\Design01.a(emFile_1_PM.o)
                0x00003bcc                emFile_1_Wakeup
 .text.emFile_1_SPI0_Sleep
                0x00003bd4       0x1c .\CortexM3\ARM_GCC_541\Debug\Design01.a(emFile_1_SPI0_PM.o)
                0x00003bd4                emFile_1_SPI0_Sleep
 .text.emFile_1_SPI0_Wakeup
                0x00003bf0       0x18 .\CortexM3\ARM_GCC_541\Debug\Design01.a(emFile_1_SPI0_PM.o)
                0x00003bf0                emFile_1_SPI0_Wakeup
 .text          0x00003c08       0x20 .\CortexM3\ARM_GCC_541\Debug\Design01.a(CyBootAsmGnu.o)
                0x00003c08                CyDelayCycles
                0x00003c18                CyEnterCriticalSection
                0x00003c20                CyExitCriticalSection
 .text.emFile_1_SPI0_Enable
                0x00003c28       0x30 .\CortexM3\ARM_GCC_541\Debug\Design01.a(emFile_1_SPI0.o)
                0x00003c28                emFile_1_SPI0_Enable
 .text.emFile_1_SPI0_Stop
                0x00003c58       0x24 .\CortexM3\ARM_GCC_541\Debug\Design01.a(emFile_1_SPI0.o)
                0x00003c58                emFile_1_SPI0_Stop
 .text.emFile_1_SPI0_ReadTxStatus
                0x00003c7c        0xc .\CortexM3\ARM_GCC_541\Debug\Design01.a(emFile_1_SPI0.o)
                0x00003c7c                emFile_1_SPI0_ReadTxStatus
 .text.emFile_1_SPI0_ReadRxStatus
                0x00003c88        0xc .\CortexM3\ARM_GCC_541\Debug\Design01.a(emFile_1_SPI0.o)
                0x00003c88                emFile_1_SPI0_ReadRxStatus
 .text.emFile_1_SPI0_WriteTxData
                0x00003c94       0x18 .\CortexM3\ARM_GCC_541\Debug\Design01.a(emFile_1_SPI0.o)
                0x00003c94                emFile_1_SPI0_WriteTxData
 .text.emFile_1_SPI0_ReadRxData
                0x00003cac        0xc .\CortexM3\ARM_GCC_541\Debug\Design01.a(emFile_1_SPI0.o)
                0x00003cac                emFile_1_SPI0_ReadRxData
 .text.emFile_1_SPI0_ClearFIFO
                0x00003cb8       0x3c .\CortexM3\ARM_GCC_541\Debug\Design01.a(emFile_1_SPI0.o)
                0x00003cb8                emFile_1_SPI0_ClearFIFO
 .text.emFile_1_SPI0_Init
                0x00003cf4       0x28 .\CortexM3\ARM_GCC_541\Debug\Design01.a(emFile_1_SPI0.o)
                0x00003cf4                emFile_1_SPI0_Init
 .text.emFile_1_SPI0_Start
                0x00003d1c       0x1c .\CortexM3\ARM_GCC_541\Debug\Design01.a(emFile_1_SPI0.o)
                0x00003d1c                emFile_1_SPI0_Start
 .text.FS__AllocSectorBuffer
                0x00003d38       0x2c .\emFile_V322c\LinkLibrary\PSoC5\GCC\libemf16nosnlfn.a(FS_Misc.o)
                0x00003d38                FS__AllocSectorBuffer
 .text.FS__FreeSectorBuffer
                0x00003d64       0x28 .\emFile_V322c\LinkLibrary\PSoC5\GCC\libemf16nosnlfn.a(FS_Misc.o)
                0x00003d64                FS__FreeSectorBuffer
 .text.FS__SB_MarkDirty
                0x00003d8c        0x6 .\emFile_V322c\LinkLibrary\PSoC5\GCC\libemf16nosnlfn.a(FS_Misc.o)
                0x00003d8c                FS__SB_MarkDirty
 .text.FS__SB_MarkNotDirty
                0x00003d92        0x6 .\emFile_V322c\LinkLibrary\PSoC5\GCC\libemf16nosnlfn.a(FS_Misc.o)
                0x00003d92                FS__SB_MarkNotDirty
 .text.FS__FreeFileHandle
                0x00003d98        0xa .\emFile_V322c\LinkLibrary\PSoC5\GCC\libemf16nosnlfn.a(FS_Misc.o)
                0x00003d98                FS__FreeFileHandle
 .text.FS__FreeFileObj
                0x00003da2        0xc .\emFile_V322c\LinkLibrary\PSoC5\GCC\libemf16nosnlfn.a(FS_Misc.o)
                0x00003da2                FS__FreeFileObj
 *fill*         0x00003dae        0x2 
 .text.FS_Init  0x00003db0       0x58 .\emFile_V322c\LinkLibrary\PSoC5\GCC\libemf16nosnlfn.a(FS_Misc.o)
                0x00003db0                FS_Init
 .text.FS__SB_Create
                0x00003e08       0x28 .\emFile_V322c\LinkLibrary\PSoC5\GCC\libemf16nosnlfn.a(FS_Misc.o)
                0x00003e08                FS__SB_Create
 .text.FS__FCloseNL
                0x00003e30       0x1e .\emFile_V322c\LinkLibrary\PSoC5\GCC\libemf16nosnlfn.a(FS_Misc.o)
                0x00003e30                FS__FCloseNL
 .text.FS__FClose
                0x00003e4e       0x1a .\emFile_V322c\LinkLibrary\PSoC5\GCC\libemf16nosnlfn.a(FS_Misc.o)
                0x00003e4e                FS__FClose
 .text.FS_FClose
                0x00003e68        0xa .\emFile_V322c\LinkLibrary\PSoC5\GCC\libemf16nosnlfn.a(FS_Misc.o)
                0x00003e68                FS_FClose
 *fill*         0x00003e72        0x2 
 .text.FS__AllocFileObj
                0x00003e74       0x48 .\emFile_V322c\LinkLibrary\PSoC5\GCC\libemf16nosnlfn.a(FS_Misc.o)
                0x00003e74                FS__AllocFileObj
 .text.FS__AllocFileHandle
                0x00003ebc       0x40 .\emFile_V322c\LinkLibrary\PSoC5\GCC\libemf16nosnlfn.a(FS_Misc.o)
                0x00003ebc                FS__AllocFileHandle
 .text.FS__OpenEx
                0x00003efc       0x58 .\emFile_V322c\LinkLibrary\PSoC5\GCC\libemf16nosnlfn.a(FS_Misc.o)
                0x00003efc                FS__OpenEx
 .text.FS__FOpenEx
                0x00003f54       0x56 .\emFile_V322c\LinkLibrary\PSoC5\GCC\libemf16nosnlfn.a(FS_Misc.o)
                0x00003f54                FS__FOpenEx
 *fill*         0x00003faa        0x2 
 .text.FS__FOpen
                0x00003fac       0x48 .\emFile_V322c\LinkLibrary\PSoC5\GCC\libemf16nosnlfn.a(FS_Misc.o)
                0x00003fac                FS__FOpen
 .text.FS_FOpen
                0x00003ff4        0x4 .\emFile_V322c\LinkLibrary\PSoC5\GCC\libemf16nosnlfn.a(FS_Misc.o)
                0x00003ff4                FS_FOpen
 .text.FS__SB_Write
                0x00003ff8       0x24 .\emFile_V322c\LinkLibrary\PSoC5\GCC\libemf16nosnlfn.a(FS_Misc.o)
                0x00003ff8                FS__SB_Write
 .text._SB_Clean
                0x0000401c       0x24 .\emFile_V322c\LinkLibrary\PSoC5\GCC\libemf16nosnlfn.a(FS_Misc.o)
 .text.FS__SB_SetSector
                0x00004040       0x20 .\emFile_V322c\LinkLibrary\PSoC5\GCC\libemf16nosnlfn.a(FS_Misc.o)
                0x00004040                FS__SB_SetSector
 .text.FS__SB_Clean
                0x00004060        0x4 .\emFile_V322c\LinkLibrary\PSoC5\GCC\libemf16nosnlfn.a(FS_Misc.o)
                0x00004060                FS__SB_Clean
 .text.FS__SB_Delete
                0x00004064       0x12 .\emFile_V322c\LinkLibrary\PSoC5\GCC\libemf16nosnlfn.a(FS_Misc.o)
                0x00004064                FS__SB_Delete
 .text.FS__SB_Flush
                0x00004076        0x8 .\emFile_V322c\LinkLibrary\PSoC5\GCC\libemf16nosnlfn.a(FS_Misc.o)
                0x00004076                FS__SB_Flush
 .text.FS__SB_Read
                0x0000407e       0x2a .\emFile_V322c\LinkLibrary\PSoC5\GCC\libemf16nosnlfn.a(FS_Misc.o)
                0x0000407e                FS__SB_Read
 .text.FS__AddPhysDevice
                0x000040a8       0x10 .\emFile_V322c\LinkLibrary\PSoC5\GCC\libemf16nosnlfn.a(FS_Storage.o)
                0x000040a8                FS__AddPhysDevice
 .text.FS__FindVolume
                0x000040b8       0x78 .\emFile_V322c\LinkLibrary\PSoC5\GCC\libemf16nosnlfn.a(FS_Storage.o)
                0x000040b8                FS__FindVolume
 .text.FS__AddDevice
                0x00004130       0x68 .\emFile_V322c\LinkLibrary\PSoC5\GCC\libemf16nosnlfn.a(FS_Storage.o)
                0x00004130                FS__AddDevice
 .text.FS_AddDevice
                0x00004198        0x4 .\emFile_V322c\LinkLibrary\PSoC5\GCC\libemf16nosnlfn.a(FS_Storage.o)
                0x00004198                FS_AddDevice
 .text._Mount   0x0000419c       0x2e .\emFile_V322c\LinkLibrary\PSoC5\GCC\libemf16nosnlfn.a(FS_Volume.o)
 .text.FS__AutoMount
                0x000041ca       0x14 .\emFile_V322c\LinkLibrary\PSoC5\GCC\libemf16nosnlfn.a(FS_Volume.o)
                0x000041ca                FS__AutoMount
 .text.FS__MountNL
                0x000041de       0x20 .\emFile_V322c\LinkLibrary\PSoC5\GCC\libemf16nosnlfn.a(FS_Volume.o)
                0x000041de                FS__MountNL
 .text.FS__Mount
                0x000041fe        0x4 .\emFile_V322c\LinkLibrary\PSoC5\GCC\libemf16nosnlfn.a(FS_Volume.o)
                0x000041fe                FS__Mount
 .text.FS_MountEx
                0x00004202       0x1a .\emFile_V322c\LinkLibrary\PSoC5\GCC\libemf16nosnlfn.a(FS_Volume.o)
                0x00004202                FS_MountEx
 .text.FS__Write
                0x0000421c       0x3a .\emFile_V322c\LinkLibrary\PSoC5\GCC\libemf16nosnlfn.a(FS_Write.o)
                0x0000421c                FS__Write
 .text.FS_Write
                0x00004256        0x4 .\emFile_V322c\LinkLibrary\PSoC5\GCC\libemf16nosnlfn.a(FS_Write.o)
                0x00004256                FS_Write
 .text._ClusterId2FATOff
                0x0000425a       0x18 .\emFile_V322c\LinkLibrary\PSoC5\GCC\libemf16nosnlfn.a(FAT_Misc.o)
 .text._CalcLogClusterPos
                0x00004272        0xe .\emFile_V322c\LinkLibrary\PSoC5\GCC\libemf16nosnlfn.a(FAT_Misc.o)
 .text._ReadFromFreeClusterCache
                0x00004280       0x46 .\emFile_V322c\LinkLibrary\PSoC5\GCC\libemf16nosnlfn.a(FAT_Misc.o)
 .text.FS_FAT_GetFATType
                0x000042c6       0x1a .\emFile_V322c\LinkLibrary\PSoC5\GCC\libemf16nosnlfn.a(FAT_Misc.o)
                0x000042c6                FS_FAT_GetFATType
 .text.FS_FAT_ClusterId2SectorNo
                0x000042e0        0xc .\emFile_V322c\LinkLibrary\PSoC5\GCC\libemf16nosnlfn.a(FAT_Misc.o)
                0x000042e0                FS_FAT_ClusterId2SectorNo
 .text.FS_FAT_IsValidShortNameChar
                0x000042ec       0x34 .\emFile_V322c\LinkLibrary\PSoC5\GCC\libemf16nosnlfn.a(FAT_Misc.o)
                0x000042ec                FS_FAT_IsValidShortNameChar
 .text.FS_FAT_CopyShortName
                0x00004320       0x56 .\emFile_V322c\LinkLibrary\PSoC5\GCC\libemf16nosnlfn.a(FAT_Misc.o)
                0x00004320                FS_FAT_CopyShortName
 .text._SFN_CreateDirEntry
                0x00004376       0x5a .\emFile_V322c\LinkLibrary\PSoC5\GCC\libemf16nosnlfn.a(FAT_Misc.o)
 .text._SFN_FindDirEntry
                0x000043d0       0x10 .\emFile_V322c\LinkLibrary\PSoC5\GCC\libemf16nosnlfn.a(FAT_Misc.o)
 .text.FS_FAT_FindDirEntry
                0x000043e0       0x60 .\emFile_V322c\LinkLibrary\PSoC5\GCC\libemf16nosnlfn.a(FAT_Misc.o)
                0x000043e0                FS_FAT_FindDirEntry
 .text.FS_FAT_CopyDirEntryInfo
                0x00004440       0x50 .\emFile_V322c\LinkLibrary\PSoC5\GCC\libemf16nosnlfn.a(FAT_Misc.o)
                0x00004440                FS_FAT_CopyDirEntryInfo
 .text._SFN_ReadDirEntryInfo
                0x00004490       0x6e .\emFile_V322c\LinkLibrary\PSoC5\GCC\libemf16nosnlfn.a(FAT_Misc.o)
 .text._SetFATSector
                0x000044fe        0x6 .\emFile_V322c\LinkLibrary\PSoC5\GCC\libemf16nosnlfn.a(FAT_Misc.o)
 .text._WriteFATEntry
                0x00004504      0x152 .\emFile_V322c\LinkLibrary\PSoC5\GCC\libemf16nosnlfn.a(FAT_Misc.o)
 .text.FS_FAT_MarkClusterEOC
                0x00004656        0x8 .\emFile_V322c\LinkLibrary\PSoC5\GCC\libemf16nosnlfn.a(FAT_Misc.o)
                0x00004656                FS_FAT_MarkClusterEOC
 .text.FS_FAT_SyncFAT
                0x0000465e       0x3c .\emFile_V322c\LinkLibrary\PSoC5\GCC\libemf16nosnlfn.a(FAT_Misc.o)
                0x0000465e                FS_FAT_SyncFAT
 .text.FS_FAT_LinkCluster
                0x0000469a       0x1c .\emFile_V322c\LinkLibrary\PSoC5\GCC\libemf16nosnlfn.a(FAT_Misc.o)
                0x0000469a                FS_FAT_LinkCluster
 .text.FS_FAT_ReadFATEntry
                0x000046b6       0xb2 .\emFile_V322c\LinkLibrary\PSoC5\GCC\libemf16nosnlfn.a(FAT_Misc.o)
                0x000046b6                FS_FAT_ReadFATEntry
 .text.FS_FAT_GetNumAdjClustersInChain
                0x00004768       0x64 .\emFile_V322c\LinkLibrary\PSoC5\GCC\libemf16nosnlfn.a(FAT_Misc.o)
                0x00004768                FS_FAT_GetNumAdjClustersInChain
 .text.FS_FAT_WalkClusterEx
                0x000047cc       0x5c .\emFile_V322c\LinkLibrary\PSoC5\GCC\libemf16nosnlfn.a(FAT_Misc.o)
                0x000047cc                FS_FAT_WalkClusterEx
 .text.FS_FAT_GotoCluster
                0x00004828       0x88 .\emFile_V322c\LinkLibrary\PSoC5\GCC\libemf16nosnlfn.a(FAT_Misc.o)
                0x00004828                FS_FAT_GotoCluster
 .text.FS_FAT_WalkCluster
                0x000048b0       0x18 .\emFile_V322c\LinkLibrary\PSoC5\GCC\libemf16nosnlfn.a(FAT_Misc.o)
                0x000048b0                FS_FAT_WalkCluster
 .text.FS_FAT_FindLastCluster
                0x000048c8       0x34 .\emFile_V322c\LinkLibrary\PSoC5\GCC\libemf16nosnlfn.a(FAT_Misc.o)
                0x000048c8                FS_FAT_FindLastCluster
 .text._CalcFreeClusterCnt
                0x000048fc       0x88 .\emFile_V322c\LinkLibrary\PSoC5\GCC\libemf16nosnlfn.a(FAT_Misc.o)
 .text.FS_FAT_FindFreeCluster
                0x00004984       0xa8 .\emFile_V322c\LinkLibrary\PSoC5\GCC\libemf16nosnlfn.a(FAT_Misc.o)
                0x00004984                FS_FAT_FindFreeCluster
 .text.FS_FAT_AllocCluster
                0x00004a2c       0x20 .\emFile_V322c\LinkLibrary\PSoC5\GCC\libemf16nosnlfn.a(FAT_Misc.o)
                0x00004a2c                FS_FAT_AllocCluster
 .text._WriteEmptyFATSectors
                0x00004a4c       0x3c .\emFile_V322c\LinkLibrary\PSoC5\GCC\libemf16nosnlfn.a(FAT_Misc.o)
 .text.FS_FAT_FreeClusterChain
                0x00004a88       0xe0 .\emFile_V322c\LinkLibrary\PSoC5\GCC\libemf16nosnlfn.a(FAT_Misc.o)
                0x00004a88                FS_FAT_FreeClusterChain
 .text.FS_FAT_CheckBPB
                0x00004b68      0x14c .\emFile_V322c\LinkLibrary\PSoC5\GCC\libemf16nosnlfn.a(FAT_Misc.o)
                0x00004b68                FS_FAT_CheckBPB
 .text.FS_FAT_InitDirEntryScan
                0x00004cb4       0x14 .\emFile_V322c\LinkLibrary\PSoC5\GCC\libemf16nosnlfn.a(FAT_Open.o)
                0x00004cb4                FS_FAT_InitDirEntryScan
 .text.FS_FAT_IncDirPos
                0x00004cc8        0x8 .\emFile_V322c\LinkLibrary\PSoC5\GCC\libemf16nosnlfn.a(FAT_Open.o)
                0x00004cc8                FS_FAT_IncDirPos
 .text._CopyDirText
                0x00004cd0       0x44 .\emFile_V322c\LinkLibrary\PSoC5\GCC\libemf16nosnlfn.a(FAT_Open.o)
 .text.FS_FAT_Make83Name
                0x00004d14       0xb0 .\emFile_V322c\LinkLibrary\PSoC5\GCC\libemf16nosnlfn.a(FAT_Open.o)
                0x00004d14                FS_FAT_Make83Name
 .text.FS_FAT_GetDirEntry
                0x00004dc4       0xb2 .\emFile_V322c\LinkLibrary\PSoC5\GCC\libemf16nosnlfn.a(FAT_Open.o)
                0x00004dc4                FS_FAT_GetDirEntry
 .text.FS_FAT_FindDirEntryShortEx
                0x00004e76       0x5a .\emFile_V322c\LinkLibrary\PSoC5\GCC\libemf16nosnlfn.a(FAT_Open.o)
                0x00004e76                FS_FAT_FindDirEntryShortEx
 .text.FS_FAT_FindDirEntryShort
                0x00004ed0       0x36 .\emFile_V322c\LinkLibrary\PSoC5\GCC\libemf16nosnlfn.a(FAT_Open.o)
                0x00004ed0                FS_FAT_FindDirEntryShort
 .text.FS_FAT_FindEmptyDirEntry
                0x00004f06       0xb0 .\emFile_V322c\LinkLibrary\PSoC5\GCC\libemf16nosnlfn.a(FAT_Open.o)
                0x00004f06                FS_FAT_FindEmptyDirEntry
 .text.FS_FAT_GetFirstCluster
                0x00004fb6       0x1a .\emFile_V322c\LinkLibrary\PSoC5\GCC\libemf16nosnlfn.a(FAT_Open.o)
                0x00004fb6                FS_FAT_GetFirstCluster
 .text.FS_FAT_FindPath
                0x00004fd0       0x7a .\emFile_V322c\LinkLibrary\PSoC5\GCC\libemf16nosnlfn.a(FAT_Open.o)
                0x00004fd0                FS_FAT_FindPath
 .text.FS_FAT_DeleteFileOrDir
                0x0000504a       0x48 .\emFile_V322c\LinkLibrary\PSoC5\GCC\libemf16nosnlfn.a(FAT_Open.o)
                0x0000504a                FS_FAT_DeleteFileOrDir
 *fill*         0x00005092        0x2 
 .text.FS_FAT_Open
                0x00005094      0x1dc .\emFile_V322c\LinkLibrary\PSoC5\GCC\libemf16nosnlfn.a(FAT_Open.o)
                0x00005094                FS_FAT_Open
 .text.FS_FAT_WriteDirEntryCluster
                0x00005270       0x1c .\emFile_V322c\LinkLibrary\PSoC5\GCC\libemf16nosnlfn.a(FAT_Open.o)
                0x00005270                FS_FAT_WriteDirEntryCluster
 .text.FS_FAT_WriteDirEntry83
                0x0000528c       0x6c .\emFile_V322c\LinkLibrary\PSoC5\GCC\libemf16nosnlfn.a(FAT_Open.o)
                0x0000528c                FS_FAT_WriteDirEntry83
 .text._WriteBurst
                0x000052f8       0x24 .\emFile_V322c\LinkLibrary\PSoC5\GCC\libemf16nosnlfn.a(FAT_Write.o)
 .text.FS_FAT_GotoClusterAllocIfReq
                0x0000531c       0xa8 .\emFile_V322c\LinkLibrary\PSoC5\GCC\libemf16nosnlfn.a(FAT_Write.o)
                0x0000531c                FS_FAT_GotoClusterAllocIfReq
 .text.FS_FAT_UpdateDirEntry
                0x000053c4       0x68 .\emFile_V322c\LinkLibrary\PSoC5\GCC\libemf16nosnlfn.a(FAT_Write.o)
                0x000053c4                FS_FAT_UpdateDirEntry
 .text.FS_FAT_Close
                0x0000542c       0x44 .\emFile_V322c\LinkLibrary\PSoC5\GCC\libemf16nosnlfn.a(FAT_Write.o)
                0x0000542c                FS_FAT_Close
 .text.FS_FAT_Write
                0x00005470      0x1c8 .\emFile_V322c\LinkLibrary\PSoC5\GCC\libemf16nosnlfn.a(FAT_Write.o)
                0x00005470                FS_FAT_Write
 .text.FS__CLIB_memcmp
                0x00005638       0x20 .\emFile_V322c\LinkLibrary\PSoC5\GCC\libemf16nosnlfn.a(FS_CLib.o)
                0x00005638                FS__CLIB_memcmp
 .text.FS__CLIB_memset
                0x00005658       0x6c .\emFile_V322c\LinkLibrary\PSoC5\GCC\libemf16nosnlfn.a(FS_CLib.o)
                0x00005658                FS__CLIB_memset
 .text.FS__CLIB_strcmp
                0x000056c4       0x1a .\emFile_V322c\LinkLibrary\PSoC5\GCC\libemf16nosnlfn.a(FS_CLib.o)
                0x000056c4                FS__CLIB_strcmp
 .text.FS__CLIB_strlen
                0x000056de       0x10 .\emFile_V322c\LinkLibrary\PSoC5\GCC\libemf16nosnlfn.a(FS_CLib.o)
                0x000056de                FS__CLIB_strlen
 .text.FS__CLIB_strncmp
                0x000056ee       0x26 .\emFile_V322c\LinkLibrary\PSoC5\GCC\libemf16nosnlfn.a(FS_CLib.o)
                0x000056ee                FS__CLIB_strncmp
 .text.FS__CLIB_toupper
                0x00005714        0xe .\emFile_V322c\LinkLibrary\PSoC5\GCC\libemf16nosnlfn.a(FS_CLib.o)
                0x00005714                FS__CLIB_toupper
 .text.FS__strchr
                0x00005722       0x14 .\emFile_V322c\LinkLibrary\PSoC5\GCC\libemf16nosnlfn.a(FS_Core.o)
                0x00005722                FS__strchr
 .text.FS_LoadU32BE
                0x00005736       0x18 .\emFile_V322c\LinkLibrary\PSoC5\GCC\libemf16nosnlfn.a(FS_Core.o)
                0x00005736                FS_LoadU32BE
 .text.FS_LoadU32LE
                0x0000574e       0x16 .\emFile_V322c\LinkLibrary\PSoC5\GCC\libemf16nosnlfn.a(FS_Core.o)
                0x0000574e                FS_LoadU32LE
 .text.FS_StoreU32LE
                0x00005764       0x14 .\emFile_V322c\LinkLibrary\PSoC5\GCC\libemf16nosnlfn.a(FS_Core.o)
                0x00005764                FS_StoreU32LE
 .text.FS_StoreU16LE
                0x00005778        0x8 .\emFile_V322c\LinkLibrary\PSoC5\GCC\libemf16nosnlfn.a(FS_Core.o)
                0x00005778                FS_StoreU16LE
 .text.FS_LoadU16LE
                0x00005780        0xa .\emFile_V322c\LinkLibrary\PSoC5\GCC\libemf16nosnlfn.a(FS_Core.o)
                0x00005780                FS_LoadU16LE
 *fill*         0x0000578a        0x2 
 .text._Alloc   0x0000578c       0x30 .\emFile_V322c\LinkLibrary\PSoC5\GCC\libemf16nosnlfn.a(FS_Core.o)
 .text.FS_Alloc
                0x000057bc        0xc .\emFile_V322c\LinkLibrary\PSoC5\GCC\libemf16nosnlfn.a(FS_Core.o)
                0x000057bc                FS_Alloc
 .text.FS_TryAlloc
                0x000057c8        0x4 .\emFile_V322c\LinkLibrary\PSoC5\GCC\libemf16nosnlfn.a(FS_Core.o)
                0x000057c8                FS_TryAlloc
 .text.FS_Free  0x000057cc       0x1c .\emFile_V322c\LinkLibrary\PSoC5\GCC\libemf16nosnlfn.a(FS_Core.o)
                0x000057cc                FS_Free
 .text.FS_AssignMemory
                0x000057e8        0xc .\emFile_V322c\LinkLibrary\PSoC5\GCC\libemf16nosnlfn.a(FS_Core.o)
                0x000057e8                FS_AssignMemory
 .text.FS_AllocZeroed
                0x000057f4       0x16 .\emFile_V322c\LinkLibrary\PSoC5\GCC\libemf16nosnlfn.a(FS_Core.o)
                0x000057f4                FS_AllocZeroed
 *fill*         0x0000580a        0x2 
 .text.FS_STORAGE_Init
                0x0000580c       0x28 .\emFile_V322c\LinkLibrary\PSoC5\GCC\libemf16nosnlfn.a(FS_Core.o)
                0x0000580c                FS_STORAGE_Init
 .text._ClrBusyLED
                0x00005834        0xc .\emFile_V322c\LinkLibrary\PSoC5\GCC\libemf16nosnlfn.a(FS_LogBlock.o)
 .text._SetBusyLED
                0x00005840        0xc .\emFile_V322c\LinkLibrary\PSoC5\GCC\libemf16nosnlfn.a(FS_LogBlock.o)
 .text._Read    0x0000584c        0xc .\emFile_V322c\LinkLibrary\PSoC5\GCC\libemf16nosnlfn.a(FS_LogBlock.o)
 .text._Write   0x00005858       0x12 .\emFile_V322c\LinkLibrary\PSoC5\GCC\libemf16nosnlfn.a(FS_LogBlock.o)
 .text.FS_LB_GetStatus
                0x0000586a        0xc .\emFile_V322c\LinkLibrary\PSoC5\GCC\libemf16nosnlfn.a(FS_LogBlock.o)
                0x0000586a                FS_LB_GetStatus
 .text.FS_LB_InitMedium
                0x00005876       0x1a .\emFile_V322c\LinkLibrary\PSoC5\GCC\libemf16nosnlfn.a(FS_LogBlock.o)
                0x00005876                FS_LB_InitMedium
 .text.FS_LB_InitMediumIfRequired
                0x00005890       0x10 .\emFile_V322c\LinkLibrary\PSoC5\GCC\libemf16nosnlfn.a(FS_LogBlock.o)
                0x00005890                FS_LB_InitMediumIfRequired
 .text.FS_LB_ReadDevice
                0x000058a0       0x2e .\emFile_V322c\LinkLibrary\PSoC5\GCC\libemf16nosnlfn.a(FS_LogBlock.o)
                0x000058a0                FS_LB_ReadDevice
 .text.FS_LB_ReadPart
                0x000058ce        0xe .\emFile_V322c\LinkLibrary\PSoC5\GCC\libemf16nosnlfn.a(FS_LogBlock.o)
                0x000058ce                FS_LB_ReadPart
 .text.FS_LB_WriteBurst
                0x000058dc       0x30 .\emFile_V322c\LinkLibrary\PSoC5\GCC\libemf16nosnlfn.a(FS_LogBlock.o)
                0x000058dc                FS_LB_WriteBurst
 .text.FS_LB_WriteBurstPart
                0x0000590c       0x14 .\emFile_V322c\LinkLibrary\PSoC5\GCC\libemf16nosnlfn.a(FS_LogBlock.o)
                0x0000590c                FS_LB_WriteBurstPart
 .text.FS_LB_WriteMultiple
                0x00005920       0x30 .\emFile_V322c\LinkLibrary\PSoC5\GCC\libemf16nosnlfn.a(FS_LogBlock.o)
                0x00005920                FS_LB_WriteMultiple
 .text.FS_LB_WriteMultiplePart
                0x00005950       0x14 .\emFile_V322c\LinkLibrary\PSoC5\GCC\libemf16nosnlfn.a(FS_LogBlock.o)
                0x00005950                FS_LB_WriteMultiplePart
 .text.FS_LB_WriteDevice
                0x00005964       0x36 .\emFile_V322c\LinkLibrary\PSoC5\GCC\libemf16nosnlfn.a(FS_LogBlock.o)
                0x00005964                FS_LB_WriteDevice
 .text.FS_LB_WritePart
                0x0000599a        0xe .\emFile_V322c\LinkLibrary\PSoC5\GCC\libemf16nosnlfn.a(FS_LogBlock.o)
                0x0000599a                FS_LB_WritePart
 .text.FS_GetSectorSize
                0x000059a8       0x28 .\emFile_V322c\LinkLibrary\PSoC5\GCC\libemf16nosnlfn.a(FS_LogBlock.o)
                0x000059a8                FS_GetSectorSize
 .text.FS_LB_GetDeviceInfo
                0x000059d0       0x26 .\emFile_V322c\LinkLibrary\PSoC5\GCC\libemf16nosnlfn.a(FS_LogBlock.o)
                0x000059d0                FS_LB_GetDeviceInfo
 .text.FS_memcpy
                0x000059f6      0x120 .\emFile_V322c\LinkLibrary\PSoC5\GCC\libemf16nosnlfn.a(FS_memcpy.o)
                0x000059f6                FS_memcpy
 .text._IsBPB   0x00005b16       0x1e .\emFile_V322c\LinkLibrary\PSoC5\GCC\libemf16nosnlfn.a(FS_Partition.o)
 .text._HasSignature
                0x00005b34       0x18 .\emFile_V322c\LinkLibrary\PSoC5\GCC\libemf16nosnlfn.a(FS_Partition.o)
 .text._GetPartitionStartSector
                0x00005b4c        0xc .\emFile_V322c\LinkLibrary\PSoC5\GCC\libemf16nosnlfn.a(FS_Partition.o)
 .text.FS__GetMediaStartSecEx
                0x00005b58       0x6e .\emFile_V322c\LinkLibrary\PSoC5\GCC\libemf16nosnlfn.a(FS_Partition.o)
                0x00005b58                FS__GetMediaStartSecEx
 *fill*         0x00005bc6        0x2 
 .text.FS__LocatePartition
                0x00005bc8       0x44 .\emFile_V322c\LinkLibrary\PSoC5\GCC\libemf16nosnlfn.a(FS_Partition.o)
                0x00005bc8                FS__LocatePartition
 .text.FS_X_AddDevices
                0x00005c0c       0x1c .\CortexM3\ARM_GCC_541\Debug\Design01.a(emFile_1_ConfigMMC_SPI.o)
                0x00005c0c                FS_X_AddDevices
 .text.FS_X_GetTimeDate
                0x00005c28        0x8 .\CortexM3\ARM_GCC_541\Debug\Design01.a(emFile_1_ConfigMMC_SPI.o)
                0x00005c28                FS_X_GetTimeDate
 .text._CalcDataCRC16Dummy
                0x00005c30        0x6 .\emFile_V322c\LinkLibrary\PSoC5\GCC\libemf16nosnlfn.a(MMC_Drv.o)
 *fill*         0x00005c36        0x2 
 .text._MMC_GetNumUnits
                0x00005c38        0xc .\emFile_V322c\LinkLibrary\PSoC5\GCC\libemf16nosnlfn.a(MMC_Drv.o)
 .text._MMC_GetDriverName
                0x00005c44        0x8 .\emFile_V322c\LinkLibrary\PSoC5\GCC\libemf16nosnlfn.a(MMC_Drv.o)
 .text._MMC_GetStatus
                0x00005c4c        0x4 .\emFile_V322c\LinkLibrary\PSoC5\GCC\libemf16nosnlfn.a(MMC_Drv.o)
 .text._CheckR1
                0x00005c50       0x38 .\emFile_V322c\LinkLibrary\PSoC5\GCC\libemf16nosnlfn.a(MMC_Drv.o)
 .text._WaitToGetReady
                0x00005c88       0x26 .\emFile_V322c\LinkLibrary\PSoC5\GCC\libemf16nosnlfn.a(MMC_Drv.o)
 .text._SendEmptyCycles
                0x00005cae       0x24 .\emFile_V322c\LinkLibrary\PSoC5\GCC\libemf16nosnlfn.a(MMC_Drv.o)
 *fill*         0x00005cd2        0x2 
 .text._MMC_AddDevice
                0x00005cd4       0x2c .\emFile_V322c\LinkLibrary\PSoC5\GCC\libemf16nosnlfn.a(MMC_Drv.o)
 .text.T.53     0x00005d00       0x14 .\emFile_V322c\LinkLibrary\PSoC5\GCC\libemf16nosnlfn.a(MMC_Drv.o)
 .text._GetFromCSD
                0x00005d14       0x34 .\emFile_V322c\LinkLibrary\PSoC5\GCC\libemf16nosnlfn.a(MMC_Drv.o)
 .text._ExecCmdR1
                0x00005d48       0x98 .\emFile_V322c\LinkLibrary\PSoC5\GCC\libemf16nosnlfn.a(MMC_Drv.o)
 .text._ReadCSD
                0x00005de0       0x86 .\emFile_V322c\LinkLibrary\PSoC5\GCC\libemf16nosnlfn.a(MMC_Drv.o)
 *fill*         0x00005e66        0x2 
 .text._MMC_Read
                0x00005e68      0x130 .\emFile_V322c\LinkLibrary\PSoC5\GCC\libemf16nosnlfn.a(MMC_Drv.o)
 .text._MMC_Write
                0x00005f98      0x13c .\emFile_V322c\LinkLibrary\PSoC5\GCC\libemf16nosnlfn.a(MMC_Drv.o)
 .text._ApplyCSD
                0x000060d4      0x228 .\emFile_V322c\LinkLibrary\PSoC5\GCC\libemf16nosnlfn.a(MMC_Drv.o)
 .text._MMC_Init
                0x000062fc      0x1c0 .\emFile_V322c\LinkLibrary\PSoC5\GCC\libemf16nosnlfn.a(MMC_Drv.o)
 .text._MMC_InitMedium
                0x000064bc       0x28 .\emFile_V322c\LinkLibrary\PSoC5\GCC\libemf16nosnlfn.a(MMC_Drv.o)
 .text._MMC_IoCtl
                0x000064e4       0x60 .\emFile_V322c\LinkLibrary\PSoC5\GCC\libemf16nosnlfn.a(MMC_Drv.o)
 .text.emFile_1_Init
                0x00006544       0x4c .\CortexM3\ARM_GCC_541\Debug\Design01.a(emFile_1_MMC_HW_SPI.o)
 .text.emFile_1_ReadWriteSPI
                0x00006590       0x30 .\CortexM3\ARM_GCC_541\Debug\Design01.a(emFile_1_MMC_HW_SPI.o)
 .text.FS_MMC_HW_X_EnableCS
                0x000065c0       0x14 .\CortexM3\ARM_GCC_541\Debug\Design01.a(emFile_1_MMC_HW_SPI.o)
                0x000065c0                FS_MMC_HW_X_EnableCS
 .text.FS_MMC_HW_X_DisableCS
                0x000065d4       0x14 .\CortexM3\ARM_GCC_541\Debug\Design01.a(emFile_1_MMC_HW_SPI.o)
                0x000065d4                FS_MMC_HW_X_DisableCS
 .text.FS_MMC_HW_X_IsWriteProtected
                0x000065e8        0x4 .\CortexM3\ARM_GCC_541\Debug\Design01.a(emFile_1_MMC_HW_SPI.o)
                0x000065e8                FS_MMC_HW_X_IsWriteProtected
 .text.FS_MMC_HW_X_SetMaxSpeed
                0x000065ec       0x54 .\CortexM3\ARM_GCC_541\Debug\Design01.a(emFile_1_MMC_HW_SPI.o)
                0x000065ec                FS_MMC_HW_X_SetMaxSpeed
 .text.FS_MMC_HW_X_SetVoltage
                0x00006640       0x3c .\CortexM3\ARM_GCC_541\Debug\Design01.a(emFile_1_MMC_HW_SPI.o)
                0x00006640                FS_MMC_HW_X_SetVoltage
 .text.FS_MMC_HW_X_IsPresent
                0x0000667c        0xc .\CortexM3\ARM_GCC_541\Debug\Design01.a(emFile_1_MMC_HW_SPI.o)
                0x0000667c                FS_MMC_HW_X_IsPresent
 .text.FS_MMC_HW_X_Read
                0x00006688       0x1c .\CortexM3\ARM_GCC_541\Debug\Design01.a(emFile_1_MMC_HW_SPI.o)
                0x00006688                FS_MMC_HW_X_Read
 .text.FS_MMC_HW_X_Write
                0x000066a4       0x18 .\CortexM3\ARM_GCC_541\Debug\Design01.a(emFile_1_MMC_HW_SPI.o)
                0x000066a4                FS_MMC_HW_X_Write
 .text.emFile_1_Clock_1_Start
                0x000066bc       0x1c .\CortexM3\ARM_GCC_541\Debug\Design01.a(emFile_1_Clock_1.o)
                0x000066bc                emFile_1_Clock_1_Start
 .text.emFile_1_Clock_1_Stop
                0x000066d8       0x1c .\CortexM3\ARM_GCC_541\Debug\Design01.a(emFile_1_Clock_1.o)
                0x000066d8                emFile_1_Clock_1_Stop
 .text.emFile_1_Clock_1_GetDividerRegister
                0x000066f4        0xc .\CortexM3\ARM_GCC_541\Debug\Design01.a(emFile_1_Clock_1.o)
                0x000066f4                emFile_1_Clock_1_GetDividerRegister
 .text.emFile_1_Clock_1_GetSourceRegister
                0x00006700       0x10 .\CortexM3\ARM_GCC_541\Debug\Design01.a(emFile_1_Clock_1.o)
                0x00006700                emFile_1_Clock_1_GetSourceRegister
 .text.emFile_1_Clock_1_SetDividerRegister
                0x00006710       0xd8 .\CortexM3\ARM_GCC_541\Debug\Design01.a(emFile_1_Clock_1.o)
                0x00006710                emFile_1_Clock_1_SetDividerRegister
 .text.emFile_1_SPI0_CS_Write
                0x000067e8       0x18 .\CortexM3\ARM_GCC_541\Debug\Design01.a(emFile_1_SPI0_CS.o)
                0x000067e8                emFile_1_SPI0_CS_Write
 .text          0x00006800      0x370 d:/psoc/psoc creator/4.2/psoc creator/import/gnu/arm/5.4.1/bin/../lib/gcc/arm-none-eabi/5.4.1/armv7-m\libgcc.a(_arm_addsubdf3.o)
                0x00006800                __aeabi_drsub
                0x00006808                __aeabi_dsub
                0x00006808                __subdf3
                0x0000680c                __aeabi_dadd
                0x0000680c                __adddf3
                0x00006a84                __floatunsidf
                0x00006a84                __aeabi_ui2d
                0x00006aa4                __floatsidf
                0x00006aa4                __aeabi_i2d
                0x00006ac8                __aeabi_f2d
                0x00006ac8                __extendsfdf2
                0x00006b04                __floatundidf
                0x00006b04                __aeabi_ul2d
                0x00006b14                __floatdidf
                0x00006b14                __aeabi_l2d
 .text          0x00006b70      0x424 d:/psoc/psoc creator/4.2/psoc creator/import/gnu/arm/5.4.1/bin/../lib/gcc/arm-none-eabi/5.4.1/armv7-m\libgcc.a(_arm_muldivdf3.o)
                0x00006b70                __aeabi_dmul
                0x00006b70                __muldf3
                0x00006dc4                __divdf3
                0x00006dc4                __aeabi_ddiv
 .text          0x00006f94      0x110 d:/psoc/psoc creator/4.2/psoc creator/import/gnu/arm/5.4.1/bin/../lib/gcc/arm-none-eabi/5.4.1/armv7-m\libgcc.a(_arm_cmpdf2.o)
                0x00006f94                __gtdf2
                0x00006f94                __gedf2
                0x00006f9c                __ltdf2
                0x00006f9c                __ledf2
                0x00006fa4                __nedf2
                0x00006fa4                __eqdf2
                0x00006fa4                __cmpdf2
                0x00007020                __aeabi_cdrcmple
                0x00007030                __aeabi_cdcmpeq
                0x00007030                __aeabi_cdcmple
                0x00007040                __aeabi_dcmpeq
                0x00007054                __aeabi_dcmplt
                0x00007068                __aeabi_dcmple
                0x0000707c                __aeabi_dcmpge
                0x00007090                __aeabi_dcmpgt
 .text          0x000070a4       0x50 d:/psoc/psoc creator/4.2/psoc creator/import/gnu/arm/5.4.1/bin/../lib/gcc/arm-none-eabi/5.4.1/armv7-m\libgcc.a(_arm_fixdfsi.o)
                0x000070a4                __aeabi_d2iz
                0x000070a4                __fixdfsi
 .text          0x000070f4       0x40 d:/psoc/psoc creator/4.2/psoc creator/import/gnu/arm/5.4.1/bin/../lib/gcc/arm-none-eabi/5.4.1/armv7-m\libgcc.a(_arm_fixunsdfsi.o)
                0x000070f4                __aeabi_d2uiz
                0x000070f4                __fixunsdfsi
 .text.__errno  0x00007134        0xc d:/psoc/psoc creator/4.2/psoc creator/import/gnu/arm/5.4.1/bin/../lib/gcc/arm-none-eabi/5.4.1/../../../../arm-none-eabi/lib/armv7-m\libg_nano.a(lib_a-errno.o)
                0x00007134                __errno
 .text.__libc_init_array
                0x00007140       0x4c d:/psoc/psoc creator/4.2/psoc creator/import/gnu/arm/5.4.1/bin/../lib/gcc/arm-none-eabi/5.4.1/../../../../arm-none-eabi/lib/armv7-m\libg_nano.a(lib_a-init.o)
                0x00007140                __libc_init_array
 .text.__itoa   0x0000718c       0x2e d:/psoc/psoc creator/4.2/psoc creator/import/gnu/arm/5.4.1/bin/../lib/gcc/arm-none-eabi/5.4.1/../../../../arm-none-eabi/lib/armv7-m\libg_nano.a(lib_a-itoa.o)
                0x0000718c                __itoa
 .text.itoa     0x000071ba        0x4 d:/psoc/psoc creator/4.2/psoc creator/import/gnu/arm/5.4.1/bin/../lib/gcc/arm-none-eabi/5.4.1/../../../../arm-none-eabi/lib/armv7-m\libg_nano.a(lib_a-itoa.o)
                0x000071ba                itoa
 .text.memcpy   0x000071be       0x16 d:/psoc/psoc creator/4.2/psoc creator/import/gnu/arm/5.4.1/bin/../lib/gcc/arm-none-eabi/5.4.1/../../../../arm-none-eabi/lib/armv7-m\libg_nano.a(lib_a-memcpy-stub.o)
                0x000071be                memcpy
 .text.memset   0x000071d4       0x10 d:/psoc/psoc creator/4.2/psoc creator/import/gnu/arm/5.4.1/bin/../lib/gcc/arm-none-eabi/5.4.1/../../../../arm-none-eabi/lib/armv7-m\libg_nano.a(lib_a-memset.o)
                0x000071d4                memset
 .text.__cvt    0x000071e4       0xc0 d:/psoc/psoc creator/4.2/psoc creator/import/gnu/arm/5.4.1/bin/../lib/gcc/arm-none-eabi/5.4.1/../../../../arm-none-eabi/lib/armv7-m\libg_nano.a(lib_a-nano-vfprintf_float.o)
                0x000071e4                __cvt
 .text.__exponent
                0x000072a4       0x62 d:/psoc/psoc creator/4.2/psoc creator/import/gnu/arm/5.4.1/bin/../lib/gcc/arm-none-eabi/5.4.1/../../../../arm-none-eabi/lib/armv7-m\libg_nano.a(lib_a-nano-vfprintf_float.o)
                0x000072a4                __exponent
 *fill*         0x00007306        0x2 
 .text._printf_float
                0x00007308      0x488 d:/psoc/psoc creator/4.2/psoc creator/import/gnu/arm/5.4.1/bin/../lib/gcc/arm-none-eabi/5.4.1/../../../../arm-none-eabi/lib/armv7-m\libg_nano.a(lib_a-nano-vfprintf_float.o)
                0x00007308                _printf_float
 .text._printf_common
                0x00007790       0xec d:/psoc/psoc creator/4.2/psoc creator/import/gnu/arm/5.4.1/bin/../lib/gcc/arm-none-eabi/5.4.1/../../../../arm-none-eabi/lib/armv7-m\libg_nano.a(lib_a-nano-vfprintf_i.o)
                0x00007790                _printf_common
 .text._printf_i
                0x0000787c      0x24c d:/psoc/psoc creator/4.2/psoc creator/import/gnu/arm/5.4.1/bin/../lib/gcc/arm-none-eabi/5.4.1/../../../../arm-none-eabi/lib/armv7-m\libg_nano.a(lib_a-nano-vfprintf_i.o)
                0x0000787c                _printf_i
 .text.srand    0x00007ac8       0x50 d:/psoc/psoc creator/4.2/psoc creator/import/gnu/arm/5.4.1/bin/../lib/gcc/arm-none-eabi/5.4.1/../../../../arm-none-eabi/lib/armv7-m\libg_nano.a(lib_a-rand.o)
                0x00007ac8                srand
 .text.rand     0x00007b18       0x74 d:/psoc/psoc creator/4.2/psoc creator/import/gnu/arm/5.4.1/bin/../lib/gcc/arm-none-eabi/5.4.1/../../../../arm-none-eabi/lib/armv7-m\libg_nano.a(lib_a-rand.o)
                0x00007b18                rand
 .text.sprintf  0x00007b8c       0x48 d:/psoc/psoc creator/4.2/psoc creator/import/gnu/arm/5.4.1/bin/../lib/gcc/arm-none-eabi/5.4.1/../../../../arm-none-eabi/lib/armv7-m\libg_nano.a(lib_a-sprintf.o)
                0x00007b8c                siprintf
                0x00007b8c                sprintf
 .text          0x00007bd4       0x10 d:/psoc/psoc creator/4.2/psoc creator/import/gnu/arm/5.4.1/bin/../lib/gcc/arm-none-eabi/5.4.1/../../../../arm-none-eabi/lib/armv7-m\libg_nano.a(lib_a-strlen.o)
                0x00007bd4                strlen
 .text.__utoa   0x00007be4       0x78 d:/psoc/psoc creator/4.2/psoc creator/import/gnu/arm/5.4.1/bin/../lib/gcc/arm-none-eabi/5.4.1/../../../../arm-none-eabi/lib/armv7-m\libg_nano.a(lib_a-utoa.o)
                0x00007be4                __utoa
 .text.quorem   0x00007c5c      0x116 d:/psoc/psoc creator/4.2/psoc creator/import/gnu/arm/5.4.1/bin/../lib/gcc/arm-none-eabi/5.4.1/../../../../arm-none-eabi/lib/armv7-m\libg_nano.a(lib_a-dtoa.o)
 *fill*         0x00007d72        0x6 
 .text._dtoa_r  0x00007d78      0xb30 d:/psoc/psoc creator/4.2/psoc creator/import/gnu/arm/5.4.1/bin/../lib/gcc/arm-none-eabi/5.4.1/../../../../arm-none-eabi/lib/armv7-m\libg_nano.a(lib_a-dtoa.o)
                0x00007d78                _dtoa_r
 .text._localeconv_r
                0x000088a8        0x8 d:/psoc/psoc creator/4.2/psoc creator/import/gnu/arm/5.4.1/bin/../lib/gcc/arm-none-eabi/5.4.1/../../../../arm-none-eabi/lib/armv7-m\libg_nano.a(lib_a-locale.o)
                0x000088a8                _localeconv_r
 .text.malloc   0x000088b0       0x10 d:/psoc/psoc creator/4.2/psoc creator/import/gnu/arm/5.4.1/bin/../lib/gcc/arm-none-eabi/5.4.1/../../../../arm-none-eabi/lib/armv7-m\libg_nano.a(lib_a-malloc.o)
                0x000088b0                malloc
 .text.memchr   0x000088c0       0x1c d:/psoc/psoc creator/4.2/psoc creator/import/gnu/arm/5.4.1/bin/../lib/gcc/arm-none-eabi/5.4.1/../../../../arm-none-eabi/lib/armv7-m\libg_nano.a(lib_a-memchr-stub.o)
                0x000088c0                memchr
 .text._Balloc  0x000088dc       0x6a d:/psoc/psoc creator/4.2/psoc creator/import/gnu/arm/5.4.1/bin/../lib/gcc/arm-none-eabi/5.4.1/../../../../arm-none-eabi/lib/armv7-m\libg_nano.a(lib_a-mprec.o)
                0x000088dc                _Balloc
 .text._Bfree   0x00008946       0x2e d:/psoc/psoc creator/4.2/psoc creator/import/gnu/arm/5.4.1/bin/../lib/gcc/arm-none-eabi/5.4.1/../../../../arm-none-eabi/lib/armv7-m\libg_nano.a(lib_a-mprec.o)
                0x00008946                _Bfree
 .text.__multadd
                0x00008974       0x76 d:/psoc/psoc creator/4.2/psoc creator/import/gnu/arm/5.4.1/bin/../lib/gcc/arm-none-eabi/5.4.1/../../../../arm-none-eabi/lib/armv7-m\libg_nano.a(lib_a-mprec.o)
                0x00008974                __multadd
 .text.__hi0bits
                0x000089ea       0x40 d:/psoc/psoc creator/4.2/psoc creator/import/gnu/arm/5.4.1/bin/../lib/gcc/arm-none-eabi/5.4.1/../../../../arm-none-eabi/lib/armv7-m\libg_nano.a(lib_a-mprec.o)
                0x000089ea                __hi0bits
 .text.__lo0bits
                0x00008a2a       0x5a d:/psoc/psoc creator/4.2/psoc creator/import/gnu/arm/5.4.1/bin/../lib/gcc/arm-none-eabi/5.4.1/../../../../arm-none-eabi/lib/armv7-m\libg_nano.a(lib_a-mprec.o)
                0x00008a2a                __lo0bits
 .text.__i2b    0x00008a84       0x12 d:/psoc/psoc creator/4.2/psoc creator/import/gnu/arm/5.4.1/bin/../lib/gcc/arm-none-eabi/5.4.1/../../../../arm-none-eabi/lib/armv7-m\libg_nano.a(lib_a-mprec.o)
                0x00008a84                __i2b
 .text.__multiply
                0x00008a96      0x120 d:/psoc/psoc creator/4.2/psoc creator/import/gnu/arm/5.4.1/bin/../lib/gcc/arm-none-eabi/5.4.1/../../../../arm-none-eabi/lib/armv7-m\libg_nano.a(lib_a-mprec.o)
                0x00008a96                __multiply
 *fill*         0x00008bb6        0x2 
 .text.__pow5mult
                0x00008bb8       0x9c d:/psoc/psoc creator/4.2/psoc creator/import/gnu/arm/5.4.1/bin/../lib/gcc/arm-none-eabi/5.4.1/../../../../arm-none-eabi/lib/armv7-m\libg_nano.a(lib_a-mprec.o)
                0x00008bb8                __pow5mult
 .text.__lshift
                0x00008c54       0xa2 d:/psoc/psoc creator/4.2/psoc creator/import/gnu/arm/5.4.1/bin/../lib/gcc/arm-none-eabi/5.4.1/../../../../arm-none-eabi/lib/armv7-m\libg_nano.a(lib_a-mprec.o)
                0x00008c54                __lshift
 .text.__mcmp   0x00008cf6       0x38 d:/psoc/psoc creator/4.2/psoc creator/import/gnu/arm/5.4.1/bin/../lib/gcc/arm-none-eabi/5.4.1/../../../../arm-none-eabi/lib/armv7-m\libg_nano.a(lib_a-mprec.o)
                0x00008cf6                __mcmp
 .text.__mdiff  0x00008d2e       0xbe d:/psoc/psoc creator/4.2/psoc creator/import/gnu/arm/5.4.1/bin/../lib/gcc/arm-none-eabi/5.4.1/../../../../arm-none-eabi/lib/armv7-m\libg_nano.a(lib_a-mprec.o)
                0x00008d2e                __mdiff
 .text.__d2b    0x00008dec       0x9c d:/psoc/psoc creator/4.2/psoc creator/import/gnu/arm/5.4.1/bin/../lib/gcc/arm-none-eabi/5.4.1/../../../../arm-none-eabi/lib/armv7-m\libg_nano.a(lib_a-mprec.o)
                0x00008dec                __d2b
 .text._calloc_r
                0x00008e88       0x1c d:/psoc/psoc creator/4.2/psoc creator/import/gnu/arm/5.4.1/bin/../lib/gcc/arm-none-eabi/5.4.1/../../../../arm-none-eabi/lib/armv7-m\libg_nano.a(lib_a-nano-callocr.o)
                0x00008e88                _calloc_r
 .text._free_r  0x00008ea4       0x98 d:/psoc/psoc creator/4.2/psoc creator/import/gnu/arm/5.4.1/bin/../lib/gcc/arm-none-eabi/5.4.1/../../../../arm-none-eabi/lib/armv7-m\libg_nano.a(lib_a-nano-freer.o)
                0x00008ea4                _free_r
 .text._malloc_r
                0x00008f3c       0xbc d:/psoc/psoc creator/4.2/psoc creator/import/gnu/arm/5.4.1/bin/../lib/gcc/arm-none-eabi/5.4.1/../../../../arm-none-eabi/lib/armv7-m\libg_nano.a(lib_a-nano-mallocr.o)
                0x00008f3c                _malloc_r
 .text.__ssputs_r
                0x00008ff8       0xb2 d:/psoc/psoc creator/4.2/psoc creator/import/gnu/arm/5.4.1/bin/../lib/gcc/arm-none-eabi/5.4.1/../../../../arm-none-eabi/lib/armv7-m\libg_nano.a(lib_a-nano-svfprintf.o)
                0x00008ff8                __ssputs_r
 *fill*         0x000090aa        0x2 
 .text._svfprintf_r
                0x000090ac      0x1e8 d:/psoc/psoc creator/4.2/psoc creator/import/gnu/arm/5.4.1/bin/../lib/gcc/arm-none-eabi/5.4.1/../../../../arm-none-eabi/lib/armv7-m\libg_nano.a(lib_a-nano-svfprintf.o)
                0x000090ac                _svfiprintf_r
                0x000090ac                _svfprintf_r
 .text._sbrk_r  0x00009294       0x20 d:/psoc/psoc creator/4.2/psoc creator/import/gnu/arm/5.4.1/bin/../lib/gcc/arm-none-eabi/5.4.1/../../../../arm-none-eabi/lib/armv7-m\libg_nano.a(lib_a-sbrkr.o)
                0x00009294                _sbrk_r
 .text.memmove  0x000092b4       0x36 d:/psoc/psoc creator/4.2/psoc creator/import/gnu/arm/5.4.1/bin/../lib/gcc/arm-none-eabi/5.4.1/../../../../arm-none-eabi/lib/armv7-m\libg_nano.a(lib_a-memmove.o)
                0x000092b4                memmove
 .text.__malloc_lock
                0x000092ea        0x2 d:/psoc/psoc creator/4.2/psoc creator/import/gnu/arm/5.4.1/bin/../lib/gcc/arm-none-eabi/5.4.1/../../../../arm-none-eabi/lib/armv7-m\libg_nano.a(lib_a-mlock.o)
                0x000092ea                __malloc_lock
 .text.__malloc_unlock
                0x000092ec        0x2 d:/psoc/psoc creator/4.2/psoc creator/import/gnu/arm/5.4.1/bin/../lib/gcc/arm-none-eabi/5.4.1/../../../../arm-none-eabi/lib/armv7-m\libg_nano.a(lib_a-mlock.o)
                0x000092ec                __malloc_unlock
 .text._realloc_r
                0x000092ee       0x4c d:/psoc/psoc creator/4.2/psoc creator/import/gnu/arm/5.4.1/bin/../lib/gcc/arm-none-eabi/5.4.1/../../../../arm-none-eabi/lib/armv7-m\libg_nano.a(lib_a-nano-reallocr.o)
                0x000092ee                _realloc_r
 .text._malloc_usable_size_r
                0x0000933a       0x14 d:/psoc/psoc creator/4.2/psoc creator/import/gnu/arm/5.4.1/bin/../lib/gcc/arm-none-eabi/5.4.1/../../../../arm-none-eabi/lib/armv7-m\libg_nano.a(lib_a-nano-msizer.o)
                0x0000933a                _malloc_usable_size_r
 *fill*         0x0000934e        0x2 
 .text          0x00009350       0x2c d:/psoc/psoc creator/4.2/psoc creator/import/gnu/arm/5.4.1/bin/../lib/gcc/arm-none-eabi/5.4.1/armv7-m\libgcc.a(_arm_unorddf2.o)
                0x00009350                __unorddf2
                0x00009350                __aeabi_dcmpun
 *(.plt)
 *(.gnu.warning)
 *(.glue_7t)
 .glue_7t       0x0000937c        0x0 linker stubs
 *(.glue_7)
 .glue_7        0x0000937c        0x0 linker stubs
 *(.vfp11_veneer)
 .vfp11_veneer  0x0000937c        0x0 linker stubs
 *(.bootloader)
 *(.ARM.extab* .gnu.linkonce.armextab.*)
 *(.gcc_except_table)

.v4_bx          0x0000937c        0x0
 .v4_bx         0x0000937c        0x0 linker stubs

.iplt           0x0000937c        0x0
 .iplt          0x0000937c        0x0 d:/psoc/psoc creator/4.2/psoc creator/import/gnu/arm/5.4.1/bin/../lib/gcc/arm-none-eabi/5.4.1/armv7-m/crtbegin.o

.eh_frame_hdr
 *(.eh_frame_hdr)

.eh_frame       0x0000937c        0x4
 *(.eh_frame)
 .eh_frame      0x0000937c        0x0 d:/psoc/psoc creator/4.2/psoc creator/import/gnu/arm/5.4.1/bin/../lib/gcc/arm-none-eabi/5.4.1/armv7-m/crtbegin.o
 .eh_frame      0x0000937c        0x4 d:/psoc/psoc creator/4.2/psoc creator/import/gnu/arm/5.4.1/bin/../lib/gcc/arm-none-eabi/5.4.1/armv7-m/crtend.o
                [!provide]                PROVIDE (__exidx_start, .)

.ARM.exidx
 *(.ARM.exidx* .gnu.linkonce.armexidx.*)
                0x00009380                __exidx_end = .

.rodata         0x00009380      0xaf8
 *(.rodata .rodata.* .gnu.linkonce.r.*)
 .rodata        0x00009380       0x18 .\CortexM3\ARM_GCC_541\Debug\main.o
 .rodata.str1.4
                0x00009398       0xa2 .\CortexM3\ARM_GCC_541\Debug\main.o
 *fill*         0x0000943a        0x2 
 .rodata        0x0000943c       0x98 .\CortexM3\ARM_GCC_541\Debug\screen.o
 .rodata.str1.4
                0x000094d4      0x29f .\CortexM3\ARM_GCC_541\Debug\screen.o
 *fill*         0x00009773        0x1 
 .rodata        0x00009774      0x34d .\CortexM3\ARM_GCC_541\Debug\font.o
 *fill*         0x00009ac1        0x3 
 .rodata.str1.4
                0x00009ac4       0x68 .\CortexM3\ARM_GCC_541\Debug\sd.o
 .rodata.str1.4
                0x00009b2c       0x24 .\CortexM3\ARM_GCC_541\Debug\uifunctions.o
 .rodata        0x00009b2c       0x66 .\CortexM3\ARM_GCC_541\Debug\cyfitter_cfg.o
                0x00009b2c                AMux_1__addrTable
                0x00009b34                AMux_1__maskTable
                0x00009b38                AMux_2__addrTable
                0x00009b40                AMux_2__maskTable
                0x00009b44                AMux_3__addrTable
                0x00009b4c                AMux_3__maskTable
 *fill*         0x00009b92        0x2 
 .rodata        0x00009b94       0x78 .\emFile_V322c\LinkLibrary\PSoC5\GCC\libemf16nosnlfn.a(FS_Misc.o)
 .rodata.str1.1
                0x00009c0c       0x30 .\emFile_V322c\LinkLibrary\PSoC5\GCC\libemf16nosnlfn.a(FS_Misc.o)
 .rodata        0x00009c3c       0x10 .\emFile_V322c\LinkLibrary\PSoC5\GCC\libemf16nosnlfn.a(FAT_Misc.o)
                0x00009c3c                FAT_SFN_API
 .rodata.str1.1
                0x00009c4c        0x3 .\emFile_V322c\LinkLibrary\PSoC5\GCC\libemf16nosnlfn.a(FAT_Open.o)
 *fill*         0x00009c4f        0x1 
 .rodata        0x00009c50       0x68 .\emFile_V322c\LinkLibrary\PSoC5\GCC\libemf16nosnlfn.a(MMC_Drv.o)
                0x00009c98                FS_MMC_SPI_Driver
 .rodata.str1.1
                0x00009cb8        0x4 .\emFile_V322c\LinkLibrary\PSoC5\GCC\libemf16nosnlfn.a(MMC_Drv.o)
 .rodata.str1.1
                0x00009cbc        0x2 d:/psoc/psoc creator/4.2/psoc creator/import/gnu/arm/5.4.1/bin/../lib/gcc/arm-none-eabi/5.4.1/../../../../arm-none-eabi/lib/armv7-m\libg_nano.a(lib_a-impure.o)
 .rodata.str1.1
                0x00009cbe       0x12 d:/psoc/psoc creator/4.2/psoc creator/import/gnu/arm/5.4.1/bin/../lib/gcc/arm-none-eabi/5.4.1/../../../../arm-none-eabi/lib/armv7-m\libg_nano.a(lib_a-nano-vfprintf_float.o)
 .rodata.str1.1
                0x00009cd0       0x22 d:/psoc/psoc creator/4.2/psoc creator/import/gnu/arm/5.4.1/bin/../lib/gcc/arm-none-eabi/5.4.1/../../../../arm-none-eabi/lib/armv7-m\libg_nano.a(lib_a-nano-vfprintf_i.o)
 .rodata.str1.1
                0x00009cf2       0x25 d:/psoc/psoc creator/4.2/psoc creator/import/gnu/arm/5.4.1/bin/../lib/gcc/arm-none-eabi/5.4.1/../../../../arm-none-eabi/lib/armv7-m\libg_nano.a(lib_a-utoa.o)
 .rodata.str1.1
                0x00009d17        0xd d:/psoc/psoc creator/4.2/psoc creator/import/gnu/arm/5.4.1/bin/../lib/gcc/arm-none-eabi/5.4.1/../../../../arm-none-eabi/lib/armv7-m\libg_nano.a(lib_a-dtoa.o)
                                  0xf (size before relaxing)
 .rodata.str1.1
                0x00009d24        0x6 d:/psoc/psoc creator/4.2/psoc creator/import/gnu/arm/5.4.1/bin/../lib/gcc/arm-none-eabi/5.4.1/../../../../arm-none-eabi/lib/armv7-m\libg_nano.a(lib_a-locale.o)
                                  0xb (size before relaxing)
 *fill*         0x00009d2a        0x6 
 .rodata.__mprec_tens
                0x00009d30       0xc8 d:/psoc/psoc creator/4.2/psoc creator/import/gnu/arm/5.4.1/bin/../lib/gcc/arm-none-eabi/5.4.1/../../../../arm-none-eabi/lib/armv7-m\libg_nano.a(lib_a-mprec.o)
                0x00009d30                __mprec_tens
 .rodata.p05.5408
                0x00009df8        0xc d:/psoc/psoc creator/4.2/psoc creator/import/gnu/arm/5.4.1/bin/../lib/gcc/arm-none-eabi/5.4.1/../../../../arm-none-eabi/lib/armv7-m\libg_nano.a(lib_a-mprec.o)
 *fill*         0x00009e04        0x4 
 .rodata.__mprec_bigtens
                0x00009e08       0x28 d:/psoc/psoc creator/4.2/psoc creator/import/gnu/arm/5.4.1/bin/../lib/gcc/arm-none-eabi/5.4.1/../../../../arm-none-eabi/lib/armv7-m\libg_nano.a(lib_a-mprec.o)
                0x00009e08                __mprec_bigtens
 .rodata.str1.1
                0x00009e30       0x11 d:/psoc/psoc creator/4.2/psoc creator/import/gnu/arm/5.4.1/bin/../lib/gcc/arm-none-eabi/5.4.1/../../../../arm-none-eabi/lib/armv7-m\libg_nano.a(lib_a-nano-svfprintf.o)
                0x00009e44                . = ALIGN (0x4)
 *fill*         0x00009e41        0x3 
 *(.init)
 .init          0x00009e44        0x4 d:/psoc/psoc creator/4.2/psoc creator/import/gnu/arm/5.4.1/bin/../lib/gcc/arm-none-eabi/5.4.1/armv7-m/crti.o
                0x00009e44                _init
 .init          0x00009e48        0x8 d:/psoc/psoc creator/4.2/psoc creator/import/gnu/arm/5.4.1/bin/../lib/gcc/arm-none-eabi/5.4.1/armv7-m/crtn.o
                0x00009e50                . = ALIGN (0x4)
                0x00009e50                __preinit_array_start = .
 *(.preinit_array)
                0x00009e50                __preinit_array_end = .
                0x00009e50                . = ALIGN (0x4)
                0x00009e50                __init_array_start = .
 *(SORT(.init_array.*))
 *(.init_array)
 .init_array    0x00009e50        0x4 d:/psoc/psoc creator/4.2/psoc creator/import/gnu/arm/5.4.1/bin/../lib/gcc/arm-none-eabi/5.4.1/armv7-m/crtbegin.o
 .init_array    0x00009e54        0x4 .\CortexM3\ARM_GCC_541\Debug\Cm3Start.o
                0x00009e58                __init_array_end = .
                0x00009e58                . = ALIGN (0x4)
 *(.fini)
 .fini          0x00009e58        0x4 d:/psoc/psoc creator/4.2/psoc creator/import/gnu/arm/5.4.1/bin/../lib/gcc/arm-none-eabi/5.4.1/armv7-m/crti.o
                0x00009e58                _fini
 .fini          0x00009e5c        0x8 d:/psoc/psoc creator/4.2/psoc creator/import/gnu/arm/5.4.1/bin/../lib/gcc/arm-none-eabi/5.4.1/armv7-m/crtn.o
                0x00009e64                . = ALIGN (0x4)
                0x00009e64                __fini_array_start = .
 *(.fini_array)
 .fini_array    0x00009e64        0x4 d:/psoc/psoc creator/4.2/psoc creator/import/gnu/arm/5.4.1/bin/../lib/gcc/arm-none-eabi/5.4.1/armv7-m/crtbegin.o
 *(SORT(.fini_array.*))
                0x00009e68                __fini_array_end = .
                0x00009e68                . = ALIGN (0x4)
 *crtbegin.o(.ctors)
 *(EXCLUDE_FILE(*crtend.o) .ctors)
 *(SORT(.ctors.*))
 *crtend.o(.ctors)
                0x00009e68                . = ALIGN (0x4)
 *crtbegin.o(.dtors)
 *(EXCLUDE_FILE(*crtend.o) .dtors)
 *(SORT(.dtors.*))
 *crtend.o(.dtors)
                0x00009e68                . = ALIGN (0x4)
                0x00009e68                __cy_regions = .
                0x00009e68        0x4 LONG 0x9e78 __cy_region_init_ram
                0x00009e6c        0x4 LONG 0x1fff80c8 __cy_region_start_data
                0x00009e70        0x4 LONG 0xe0 __cy_region_init_size_ram
                0x00009e74        0x4 LONG 0x1108 __cy_region_zero_size_ram
                0x00009e78                __cy_regions_end = .
                0x00009e78                . = ALIGN (0x8)
                0x00009e78                _etext = .

.cy_checksum_exclude
                0x00009e78        0x0
 *(.cy_checksum_exclude)

.ramvectors     0x1fff8000       0xc0
                0x1fff8000                __cy_region_start_ram = .
 *(.ramvectors)
 .ramvectors    0x1fff8000       0xc0 .\CortexM3\ARM_GCC_541\Debug\Cm3Start.o
                0x1fff8000                CyRamVectors

.noinit         0x1fff80c0        0x1
 *(.noinit)
 .noinit        0x1fff80c0        0x1 .\CortexM3\ARM_GCC_541\Debug\Design01.a(CyLib.o)
                0x1fff80c0                CyResetStatus

.data           0x1fff80c8       0xe0 load address 0x00009e78
                0x1fff80c8                __cy_region_start_data = .
 *(.jcr)
 .jcr           0x1fff80c8        0x0 d:/psoc/psoc creator/4.2/psoc creator/import/gnu/arm/5.4.1/bin/../lib/gcc/arm-none-eabi/5.4.1/armv7-m/crtbegin.o
 .jcr           0x1fff80c8        0x4 d:/psoc/psoc creator/4.2/psoc creator/import/gnu/arm/5.4.1/bin/../lib/gcc/arm-none-eabi/5.4.1/armv7-m/crtend.o
 *(.got.plt)
 *(.got)
 *(.shdata)
 *(.data .data.* .gnu.linkonce.d.*)
 .data          0x1fff80cc       0x14 .\CortexM3\ARM_GCC_541\Debug\uifunctions.o
                0x1fff80cc                device_selection
                0x1fff80d0                num_avg
                0x1fff80d4                write_sd
                0x1fff80d8                curve_nums
                0x1fff80dc                draw_grid
 .data          0x1fff80e0        0x4 .\CortexM3\ARM_GCC_541\Debug\Cm3Start.o
 .data          0x1fff80e4       0x10 .\CortexM3\ARM_GCC_541\Debug\Design01.a(CyLib.o)
                0x1fff80e4                cydelay_32k_ms
                0x1fff80e8                cydelay_freq_khz
                0x1fff80ec                cydelay_freq_mhz
                0x1fff80f0                cydelay_freq_hz
 .data          0x1fff80f4        0x6 .\CortexM3\ARM_GCC_541\Debug\Design01.a(I2C_PM.o)
                0x1fff80f4                I2C_backup
 .data          0x1fff80fa        0x1 .\CortexM3\ARM_GCC_541\Debug\Design01.a(AMux_1.o)
 .data          0x1fff80fb        0x1 .\CortexM3\ARM_GCC_541\Debug\Design01.a(AMux_2.o)
 .data          0x1fff80fc        0x1 .\CortexM3\ARM_GCC_541\Debug\Design01.a(AMux_3.o)
 *fill*         0x1fff80fd        0x3 
 .data          0x1fff8100        0x2 .\CortexM3\ARM_GCC_541\Debug\Design01.a(emFile_1_SPI0_PM.o)
 *fill*         0x1fff8102        0x2 
 .data          0x1fff8104        0x4 .\emFile_V322c\LinkLibrary\PSoC5\GCC\libemf16nosnlfn.a(FAT_Misc.o)
                0x1fff8104                FAT_pDirEntryAPI
 .data          0x1fff8108        0x4 .\emFile_V322c\LinkLibrary\PSoC5\GCC\libemf16nosnlfn.a(MMC_Drv.o)
 .data.impure_data
                0x1fff810c       0x60 d:/psoc/psoc creator/4.2/psoc creator/import/gnu/arm/5.4.1/bin/../lib/gcc/arm-none-eabi/5.4.1/../../../../arm-none-eabi/lib/armv7-m\libg_nano.a(lib_a-impure.o)
 .data._impure_ptr
                0x1fff816c        0x4 d:/psoc/psoc creator/4.2/psoc creator/import/gnu/arm/5.4.1/bin/../lib/gcc/arm-none-eabi/5.4.1/../../../../arm-none-eabi/lib/armv7-m\libg_nano.a(lib_a-impure.o)
                0x1fff816c                _impure_ptr
 .data.lconv    0x1fff8170       0x38 d:/psoc/psoc creator/4.2/psoc creator/import/gnu/arm/5.4.1/bin/../lib/gcc/arm-none-eabi/5.4.1/../../../../arm-none-eabi/lib/armv7-m\libg_nano.a(lib_a-locale.o)
                0x1fff81a8                . = ALIGN (0x8)
 *(.ram)
                0x1fff81a8                _edata = .

.igot.plt       0x1fff81a8        0x0 load address 0x00009f58
 .igot.plt      0x1fff81a8        0x0 d:/psoc/psoc creator/4.2/psoc creator/import/gnu/arm/5.4.1/bin/../lib/gcc/arm-none-eabi/5.4.1/armv7-m/crtbegin.o

.bss            0x1fff81a8     0x1108 load address 0x00009f58
                0x1fff81a8                PROVIDE (__bss_start__, .)
 *(.shbss)
 *(.bss .bss.* .gnu.linkonce.b.*)
 .bss           0x1fff81a8       0x1c d:/psoc/psoc creator/4.2/psoc creator/import/gnu/arm/5.4.1/bin/../lib/gcc/arm-none-eabi/5.4.1/armv7-m/crtbegin.o
 .bss           0x1fff81c4       0x10 .\CortexM3\ARM_GCC_541\Debug\uifunctions.o
                0x1fff81c4                screen_state
                0x1fff81c8                rand_num_1
                0x1fff81cc                rand_num_2
                0x1fff81d0                cooldown_time
 .bss           0x1fff81d4        0x1 .\CortexM3\ARM_GCC_541\Debug\Design01.a(SPIM.o)
                0x1fff81d4                SPIM_initVar
 .bss           0x1fff81d5        0x1 .\CortexM3\ARM_GCC_541\Debug\Design01.a(VDAC8_DS.o)
                0x1fff81d5                VDAC8_DS_initVar
 .bss           0x1fff81d6        0x1 .\CortexM3\ARM_GCC_541\Debug\Design01.a(VDAC8_GS.o)
                0x1fff81d6                VDAC8_GS_initVar
 .bss           0x1fff81d7        0x1 .\CortexM3\ARM_GCC_541\Debug\Design01.a(ADC_SAR_1.o)
                0x1fff81d7                ADC_SAR_1_initVar
 .bss           0x1fff81d8        0x1 .\CortexM3\ARM_GCC_541\Debug\Design01.a(ADC_SAR_1_PM.o)
 .bss           0x1fff81d9        0x1 .\CortexM3\ARM_GCC_541\Debug\Design01.a(I2C.o)
                0x1fff81d9                I2C_initVar
 .bss           0x1fff81da        0x1 .\CortexM3\ARM_GCC_541\Debug\Design01.a(emFile_1_SPI0.o)
                0x1fff81da                emFile_1_SPI0_initVar
 *fill*         0x1fff81db        0x1 
 .bss           0x1fff81dc        0xc .\emFile_V322c\LinkLibrary\PSoC5\GCC\libemf16nosnlfn.a(FS_Core.o)
 .bss           0x1fff81e8     0x1000 .\CortexM3\ARM_GCC_541\Debug\Design01.a(emFile_1_ConfigMMC_SPI.o)
 .bss           0x1fff91e8       0x14 .\emFile_V322c\LinkLibrary\PSoC5\GCC\libemf16nosnlfn.a(MMC_Drv.o)
 .bss           0x1fff91fc        0x1 .\CortexM3\ARM_GCC_541\Debug\Design01.a(emFile_1_MMC_HW_SPI.o)
 *fill*         0x1fff91fd        0x3 
 .bss.__malloc_sbrk_start
                0x1fff9200        0x4 d:/psoc/psoc creator/4.2/psoc creator/import/gnu/arm/5.4.1/bin/../lib/gcc/arm-none-eabi/5.4.1/../../../../arm-none-eabi/lib/armv7-m\libg_nano.a(lib_a-nano-mallocr.o)
                0x1fff9200                __malloc_sbrk_start
 .bss.__malloc_free_list
                0x1fff9204        0x4 d:/psoc/psoc creator/4.2/psoc creator/import/gnu/arm/5.4.1/bin/../lib/gcc/arm-none-eabi/5.4.1/../../../../arm-none-eabi/lib/armv7-m\libg_nano.a(lib_a-nano-mallocr.o)
                0x1fff9204                __malloc_free_list
 *(COMMON)
 COMMON         0x1fff9208        0xa .\CortexM3\ARM_GCC_541\Debug\Design01.a(ADC_SAR_1.o)
                0x1fff9208                ADC_SAR_1_countsPerVolt
                0x1fff920a                ADC_SAR_1_shift
                0x1fff920c                ADC_SAR_1_countsPer10Volt
                0x1fff9210                ADC_SAR_1_offset
 COMMON         0x1fff9212        0x1 .\CortexM3\ARM_GCC_541\Debug\Design01.a(I2C.o)
                0x1fff9212                I2C_state
 *fill*         0x1fff9213        0x1 
 COMMON         0x1fff9214       0x10 .\CortexM3\ARM_GCC_541\Debug\Design01.a(I2C_MASTER.o)
                0x1fff9214                I2C_mstrWrBufIndex
                0x1fff9215                I2C_mstrWrBufSize
                0x1fff9216                I2C_mstrStatus
                0x1fff9218                I2C_mstrRdBufPtr
                0x1fff921c                I2C_mstrControl
                0x1fff921d                I2C_mstrRdBufSize
                0x1fff921e                I2C_mstrRdBufIndex
                0x1fff9220                I2C_mstrWrBufPtr
 COMMON         0x1fff9224       0x84 .\emFile_V322c\LinkLibrary\PSoC5\GCC\libemf16nosnlfn.a(FS_Core.o)
                0x1fff9224                FS_Global
                0x1fff92a4                FS_NumBytesAllocated
 COMMON         0x1fff92a8        0x4 d:/psoc/psoc creator/4.2/psoc creator/import/gnu/arm/5.4.1/bin/../lib/gcc/arm-none-eabi/5.4.1/../../../../arm-none-eabi/lib/armv7-m\libg_nano.a(lib_a-reent.o)
                0x1fff92a8                errno
                0x1fff92b0                . = ALIGN (0x8)
 *fill*         0x1fff92ac        0x4 
 *(.ram.b)
                0x1fff92b0                _end = .
                0x1fff92b0                __end = .
                0x1fff92b0                PROVIDE (end, .)
                0x1fff92b0                PROVIDE (__bss_end__, .)
                0x00009e78                __cy_region_init_ram = LOADADDR (.data)
                0x000000e0                __cy_region_init_size_ram = (_edata - ADDR (.data))
                0x00001108                __cy_region_zero_size_ram = (_end - _edata)

.heap           0x1fff92b0     0x1000 load address 0x00009f58
                0x1fff92b0                . = _end
                0x1fffa2b0                . = (. + 0x1000)
 *fill*         0x1fff92b0     0x1000 
                0x1fffa2b0                __cy_heap_limit = .

.stack          0x20007800      0x800
                0x20007800                __cy_stack_limit = .
                0x20008000                . = (. + 0x800)
 *fill*         0x20007800      0x800 
                0x00000001                ASSERT ((__cy_stack_limit >= __cy_heap_limit), region RAM overflowed with stack)
                0x00000000                cy_checksum_exclude_size = (CY_APPL_LOADABLE == 0x1)?SIZEOF (.cy_checksum_exclude):0x0
                0x00000001                ASSERT ((cy_checksum_exclude_size <= CY_CHECKSUM_EXCLUDE_SIZE), CY_BOOT: Section .cy_checksum_exclude size exceedes specified limit.)

.cyloadermeta
 *(.cyloadermeta)

.cyloadablemeta
 *(.cyloadablemeta)

.cyconfigecc    0x80000000      0x5d8
 *(.cyconfigecc)
 .cyconfigecc   0x80000000      0x5d8 .\CortexM3\ARM_GCC_541\Debug\cymetadata.o
                0x80000000                cy_meta_configecc

.cycustnvl      0x90000000        0x4
 *(.cycustnvl)
 .cycustnvl     0x90000000        0x4 .\CortexM3\ARM_GCC_541\Debug\cymetadata.o
                0x90000000                cy_meta_custnvl

.cywolatch      0x90100000        0x4
 *(.cywolatch)
 .cywolatch     0x90100000        0x4 .\CortexM3\ARM_GCC_541\Debug\cymetadata.o
                0x90100000                cy_meta_wonvl

.cyeeprom       0x90200000        0x0
 *(.cyeeprom)
                0x00000001                ASSERT ((. <= ((0x90200000 + ee_offset) + ee_size)), .cyeeprom data will not fit in EEPROM)

.cyflashprotect
                0x90400000      0x100
 *(.cyflashprotect)
 .cyflashprotect
                0x90400000      0x100 .\CortexM3\ARM_GCC_541\Debug\cymetadata.o
                0x90400000                cy_meta_flashprotect

.cymeta         0x90500000        0xc
 *(.cymeta)
 .cymeta        0x90500000        0xc .\CortexM3\ARM_GCC_541\Debug\cymetadata.o
                0x90500000                cy_metadata

.rel.dyn        0x00009f58        0x0 load address 0x9050000c
 .rel.iplt      0x00009f58        0x0 d:/psoc/psoc creator/4.2/psoc creator/import/gnu/arm/5.4.1/bin/../lib/gcc/arm-none-eabi/5.4.1/armv7-m/crtbegin.o

.stab
 *(.stab)

.stabstr
 *(.stabstr)

.debug
 *(.debug)

.line
 *(.line)

.debug_srcinfo
 *(.debug_srcinfo)

.debug_sfnames
 *(.debug_sfnames)

.debug_aranges  0x00000000      0xfc8
 *(.debug_aranges)
 .debug_aranges
                0x00000000       0x50 .\CortexM3\ARM_GCC_541\Debug\main.o
 .debug_aranges
                0x00000050       0xe8 .\CortexM3\ARM_GCC_541\Debug\screen.o
 .debug_aranges
                0x00000138       0x28 .\CortexM3\ARM_GCC_541\Debug\font.o
 .debug_aranges
                0x00000160       0x38 .\CortexM3\ARM_GCC_541\Debug\sd.o
 .debug_aranges
                0x00000198       0x20 .\CortexM3\ARM_GCC_541\Debug\uifunctions.o
 .debug_aranges
                0x000001b8       0x88 .\CortexM3\ARM_GCC_541\Debug\cyfitter_cfg.o
 .debug_aranges
                0x00000240       0x18 .\CortexM3\ARM_GCC_541\Debug\cymetadata.o
 .debug_aranges
                0x00000258       0x48 .\CortexM3\ARM_GCC_541\Debug\Cm3Start.o
 .debug_aranges
                0x000002a0      0x2a0 .\CortexM3\ARM_GCC_541\Debug\Design01.a(CyLib.o)
 .debug_aranges
                0x00000540       0x98 .\CortexM3\ARM_GCC_541\Debug\Design01.a(cyPm.o)
 .debug_aranges
                0x000005d8       0x38 .\CortexM3\ARM_GCC_541\Debug\Design01.a(SS.o)
 .debug_aranges
                0x00000610       0x38 .\CortexM3\ARM_GCC_541\Debug\Design01.a(D_C.o)
 .debug_aranges
                0x00000648       0x38 .\CortexM3\ARM_GCC_541\Debug\Design01.a(Reset.o)
 .debug_aranges
                0x00000680       0x70 .\CortexM3\ARM_GCC_541\Debug\Design01.a(Clock.o)
 .debug_aranges
                0x000006f0       0xd8 .\CortexM3\ARM_GCC_541\Debug\Design01.a(SPIM.o)
 .debug_aranges
                0x000007c8       0x58 .\CortexM3\ARM_GCC_541\Debug\Design01.a(VDAC8_DS.o)
 .debug_aranges
                0x00000820       0x58 .\CortexM3\ARM_GCC_541\Debug\Design01.a(VDAC8_GS.o)
 .debug_aranges
                0x00000878       0xa8 .\CortexM3\ARM_GCC_541\Debug\Design01.a(ADC_SAR_1.o)
 .debug_aranges
                0x00000920       0x20 .\CortexM3\ARM_GCC_541\Debug\Design01.a(ADC_SAR_1_INT.o)
 .debug_aranges
                0x00000940       0x38 .\CortexM3\ARM_GCC_541\Debug\Design01.a(ADC_SAR_1_PM.o)
 .debug_aranges
                0x00000978       0x80 .\CortexM3\ARM_GCC_541\Debug\Design01.a(ADC_SAR_1_theACLK.o)
 .debug_aranges
                0x000009f8       0x38 .\CortexM3\ARM_GCC_541\Debug\Design01.a(I2C.o)
 .debug_aranges
                0x00000a30       0x20 .\CortexM3\ARM_GCC_541\Debug\Design01.a(I2C_INT.o)
 .debug_aranges
                0x00000a50       0x38 .\CortexM3\ARM_GCC_541\Debug\Design01.a(I2C_PM.o)
 .debug_aranges
                0x00000a88       0x80 .\CortexM3\ARM_GCC_541\Debug\Design01.a(I2C_MASTER.o)
 .debug_aranges
                0x00000b08       0x88 .\CortexM3\ARM_GCC_541\Debug\Design01.a(isr.o)
 .debug_aranges
                0x00000b90       0x30 .\CortexM3\ARM_GCC_541\Debug\Design01.a(AMux_1.o)
 .debug_aranges
                0x00000bc0       0x30 .\CortexM3\ARM_GCC_541\Debug\Design01.a(AMux_2.o)
 .debug_aranges
                0x00000bf0       0x30 .\CortexM3\ARM_GCC_541\Debug\Design01.a(AMux_3.o)
 .debug_aranges
                0x00000c20       0x38 .\CortexM3\ARM_GCC_541\Debug\Design01.a(emFile_1_PM.o)
 .debug_aranges
                0x00000c58       0x38 .\CortexM3\ARM_GCC_541\Debug\Design01.a(emFile_1_SPI0_PM.o)
 .debug_aranges
                0x00000c90       0x20 .\CortexM3\ARM_GCC_541\Debug\Design01.a(CyBootAsmGnu.o)
 .debug_aranges
                0x00000cb0       0x88 .\CortexM3\ARM_GCC_541\Debug\Design01.a(CyFlash.o)
 .debug_aranges
                0x00000d38       0x80 .\CortexM3\ARM_GCC_541\Debug\Design01.a(CySpc.o)
 .debug_aranges