Archive member included to satisfy reference by file (symbol)

.\CortexM3\ARM_GCC_541\Debug\Design01.a(CyLib.o)
                              .\CortexM3\ARM_GCC_541\Debug\Cm3Start.o (CyHalt)
.\CortexM3\ARM_GCC_541\Debug\Design01.a(cyPm.o)
                              .\CortexM3\ARM_GCC_541\Debug\Design01.a(CyLib.o) (CyPmReadStatus)
.\CortexM3\ARM_GCC_541\Debug\Design01.a(SS.o)
                              .\CortexM3\ARM_GCC_541\Debug\screen.o (SS_Write)
.\CortexM3\ARM_GCC_541\Debug\Design01.a(D_C.o)
                              .\CortexM3\ARM_GCC_541\Debug\screen.o (D_C_Write)
.\CortexM3\ARM_GCC_541\Debug\Design01.a(Reset.o)
                              .\CortexM3\ARM_GCC_541\Debug\main.o (Reset_Write)
.\CortexM3\ARM_GCC_541\Debug\Design01.a(Clock.o)
                              .\CortexM3\ARM_GCC_541\Debug\main.o (Clock_Start)
.\CortexM3\ARM_GCC_541\Debug\Design01.a(SPIM.o)
                              .\CortexM3\ARM_GCC_541\Debug\screen.o (SPIM_WriteTxData)
.\CortexM3\ARM_GCC_541\Debug\Design01.a(VDAC8_DS.o)
                              .\CortexM3\ARM_GCC_541\Debug\main.o (VDAC8_DS_SetValue)
.\CortexM3\ARM_GCC_541\Debug\Design01.a(VDAC8_GS.o)
                              .\CortexM3\ARM_GCC_541\Debug\main.o (VDAC8_GS_SetValue)
.\CortexM3\ARM_GCC_541\Debug\Design01.a(ADC_SAR_1.o)
                              .\CortexM3\ARM_GCC_541\Debug\main.o (ADC_SAR_1_Start)
.\CortexM3\ARM_GCC_541\Debug\Design01.a(ADC_SAR_1_INT.o)
                              .\CortexM3\ARM_GCC_541\Debug\Design01.a(ADC_SAR_1.o) (ADC_SAR_1_ISR)
.\CortexM3\ARM_GCC_541\Debug\Design01.a(ADC_SAR_1_PM.o)
                              .\CortexM3\ARM_GCC_541\Debug\main.o (ADC_SAR_1_Sleep)
.\CortexM3\ARM_GCC_541\Debug\Design01.a(ADC_SAR_1_theACLK.o)
                              .\CortexM3\ARM_GCC_541\Debug\Design01.a(ADC_SAR_1.o) (ADC_SAR_1_theACLK_SetModeRegister)
.\CortexM3\ARM_GCC_541\Debug\Design01.a(I2C.o)
                              .\CortexM3\ARM_GCC_541\Debug\main.o (I2C_Start)
.\CortexM3\ARM_GCC_541\Debug\Design01.a(I2C_INT.o)
                              .\CortexM3\ARM_GCC_541\Debug\Design01.a(I2C.o) (I2C_ISR)
.\CortexM3\ARM_GCC_541\Debug\Design01.a(I2C_PM.o)
                              .\CortexM3\ARM_GCC_541\Debug\Design01.a(I2C.o) (I2C_backup)
.\CortexM3\ARM_GCC_541\Debug\Design01.a(I2C_MASTER.o)
                              .\CortexM3\ARM_GCC_541\Debug\Design01.a(I2C.o) (I2C_mstrStatus)
.\CortexM3\ARM_GCC_541\Debug\Design01.a(isr.o)
                              .\CortexM3\ARM_GCC_541\Debug\main.o (isr_SetPriority)
.\CortexM3\ARM_GCC_541\Debug\Design01.a(AMux_1.o)
                              .\CortexM3\ARM_GCC_541\Debug\main.o (AMux_1_Select)
.\CortexM3\ARM_GCC_541\Debug\Design01.a(AMux_2.o)
                              .\CortexM3\ARM_GCC_541\Debug\main.o (AMux_2_Select)
.\CortexM3\ARM_GCC_541\Debug\Design01.a(AMux_3.o)
                              .\CortexM3\ARM_GCC_541\Debug\main.o (AMux_3_Select)
.\CortexM3\ARM_GCC_541\Debug\Design01.a(emFile_1_PM.o)
                              .\CortexM3\ARM_GCC_541\Debug\uifunctions.o (emFile_1_Sleep)
.\CortexM3\ARM_GCC_541\Debug\Design01.a(emFile_1_SPI0_PM.o)
                              .\CortexM3\ARM_GCC_541\Debug\Design01.a(emFile_1_PM.o) (emFile_1_SPI0_SaveConfig)
.\CortexM3\ARM_GCC_541\Debug\Design01.a(CyBootAsmGnu.o)
                              .\CortexM3\ARM_GCC_541\Debug\cyfitter_cfg.o (CyDelayCycles)
.\CortexM3\ARM_GCC_541\Debug\Design01.a(CyFlash.o)
                              .\CortexM3\ARM_GCC_541\Debug\Design01.a(cyPm.o) (CyFlash_SetWaitCycles)
.\CortexM3\ARM_GCC_541\Debug\Design01.a(CySpc.o)
                              .\CortexM3\ARM_GCC_541\Debug\Design01.a(CyFlash.o) (CySpcStart)
.\CortexM3\ARM_GCC_541\Debug\Design01.a(emFile_1_SPI0.o)
                              .\CortexM3\ARM_GCC_541\Debug\Design01.a(emFile_1_SPI0_PM.o) (emFile_1_SPI0_Enable)
.\emFile_V322c\LinkLibrary\PSoC5\GCC\libemf16nosnlfn.a(FS_Misc.o)
                              .\CortexM3\ARM_GCC_541\Debug\main.o (FS_Init)
.\emFile_V322c\LinkLibrary\PSoC5\GCC\libemf16nosnlfn.a(FS_Storage.o)
                              .\emFile_V322c\LinkLibrary\PSoC5\GCC\libemf16nosnlfn.a(FS_Misc.o) (FS__FindVolume)
.\emFile_V322c\LinkLibrary\PSoC5\GCC\libemf16nosnlfn.a(FS_Unmount.o)
                              .\emFile_V322c\LinkLibrary\PSoC5\GCC\libemf16nosnlfn.a(FS_Misc.o) (FS__UnmountForcedNL)
.\emFile_V322c\LinkLibrary\PSoC5\GCC\libemf16nosnlfn.a(FS_Volume.o)
                              .\emFile_V322c\LinkLibrary\PSoC5\GCC\libemf16nosnlfn.a(FS_Misc.o) (FS__AutoMount)
.\emFile_V322c\LinkLibrary\PSoC5\GCC\libemf16nosnlfn.a(FS_Write.o)
                              .\CortexM3\ARM_GCC_541\Debug\main.o (FS_Write)
.\emFile_V322c\LinkLibrary\PSoC5\GCC\libemf16nosnlfn.a(FAT_CheckDisk.o)
                              .\emFile_V322c\LinkLibrary\PSoC5\GCC\libemf16nosnlfn.a(FS_Volume.o) (FS_FAT__CheckDisk)
.\emFile_V322c\LinkLibrary\PSoC5\GCC\libemf16nosnlfn.a(FAT_Dir.o)
[...]
Memory Configuration

Name             Origin             Length             Attributes
rom              0x00000000         0x00040000         xr
ram              0x1fff8000         0x00010000         xrw
*default*        0x00000000         0xffffffff

Linker script and memory map

LOAD c:/program files (x86)/cypress/psoc creator/4.2/psoc creator/import/gnu/arm/5.4.1/bin/../lib/gcc/arm-none-eabi/5.4.1/armv7-m/crti.o
LOAD c:/program files (x86)/cypress/psoc creator/4.2/psoc creator/import/gnu/arm/5.4.1/bin/../lib/gcc/arm-none-eabi/5.4.1/armv7-m/crtbegin.o
LOAD c:/program files (x86)/cypress/psoc creator/4.2/psoc creator/import/gnu/arm/5.4.1/bin/../lib/gcc/arm-none-eabi/5.4.1/../../../../arm-none-eabi/lib/armv7-m/crt0.o
START GROUP
LOAD .\CortexM3\ARM_GCC_541\Debug\main.o
LOAD .\CortexM3\ARM_GCC_541\Debug\screen.o
LOAD .\CortexM3\ARM_GCC_541\Debug\font.o
LOAD .\CortexM3\ARM_GCC_541\Debug\sd.o
LOAD .\CortexM3\ARM_GCC_541\Debug\uifunctions.o
LOAD .\CortexM3\ARM_GCC_541\Debug\cyfitter_cfg.o
LOAD .\CortexM3\ARM_GCC_541\Debug\cymetadata.o
LOAD .\CortexM3\ARM_GCC_541\Debug\Cm3Start.o
LOAD .\CortexM3\ARM_GCC_541\Debug\Design01.a
LOAD C:\Program Files (x86)\Cypress\PSoC Creator\4.2\PSoC Creator\psoc\content\cycomponentlibrary\CyComponentLibrary.cylib\CortexM3\ARM_GCC_541\Debug\CyComponentLibrary.a
LOAD .\emFile_V322c\LinkLibrary\PSoC5\GCC\libemf16nosnlfn.a
END GROUP
START GROUP
LOAD c:/program files (x86)/cypress/psoc creator/4.2/psoc creator/import/gnu/arm/5.4.1/bin/../lib/gcc/arm-none-eabi/5.4.1/armv7-m\libgcc.a
LOAD c:/program files (x86)/cypress/psoc creator/4.2/psoc creator/import/gnu/arm/5.4.1/bin/../lib/gcc/arm-none-eabi/5.4.1/../../../../arm-none-eabi/lib/armv7-m\libg_nano.a
LOAD c:/program files (x86)/cypress/psoc creator/4.2/psoc creator/import/gnu/arm/5.4.1/bin/../lib/gcc/arm-none-eabi/5.4.1/../../../../arm-none-eabi/lib/armv7-m\libc_nano.a
END GROUP
START GROUP
LOAD c:/program files (x86)/cypress/psoc creator/4.2/psoc creator/import/gnu/arm/5.4.1/bin/../lib/gcc/arm-none-eabi/5.4.1/armv7-m\libgcc.a
LOAD c:/program files (x86)/cypress/psoc creator/4.2/psoc creator/import/gnu/arm/5.4.1/bin/../lib/gcc/arm-none-eabi/5.4.1/../../../../arm-none-eabi/lib/armv7-m\libc_nano.a
END GROUP
LOAD c:/program files (x86)/cypress/psoc creator/4.2/psoc creator/import/gnu/arm/5.4.1/bin/../lib/gcc/arm-none-eabi/5.4.1/armv7-m/crtend.o
LOAD c:/program files (x86)/cypress/psoc creator/4.2/psoc creator/import/gnu/arm/5.4.1/bin/../lib/gcc/arm-none-eabi/5.4.1/armv7-m/crtn.o
START GROUP
LOAD c:/program files (x86)/cypress/psoc creator/4.2/psoc creator/import/gnu/arm/5.4.1/bin/../lib/gcc/arm-none-eabi/5.4.1/armv7-m\libgcc.a
LOAD c:/program files (x86)/cypress/psoc creator/4.2/psoc creator/import/gnu/arm/5.4.1/bin/../lib/gcc/arm-none-eabi/5.4.1/../../../../arm-none-eabi/lib/armv7-m\libc.a
LOAD c:/program files (x86)/cypress/psoc creator/4.2/psoc creator/import/gnu/arm/5.4.1/bin/../lib/gcc/arm-none-eabi/5.4.1/../../../../arm-none-eabi/lib/armv7-m\libnosys.a
END GROUP
                0x00000000                CY_APPL_ORIGIN = 0x0
                0x00000100                CY_FLASH_ROW_SIZE = 0x100
                0x00000020                CY_ECC_ROW_SIZE = 0x20
                0x00000000                CY_EE_IN_BTLDR = 0x0
                0x00000000                CY_APPL_LOADABLE = 0x0
                0x00000800                CY_EE_SIZE = 0x800
                0x00000001                CY_APPL_NUM = 0x1
                0x00000001                CY_APPL_MAX = 0x1
                0x00000040                CY_METADATA_SIZE = 0x40
                0x00000000                CY_APPL_LOADABLE = 0x0
                0x00000000                CY_CHECKSUM_EXCLUDE_SIZE = ALIGN (0x0, CY_FLASH_ROW_SIZE)
                [!provide]                PROVIDE (__cy_heap_start, _end)
                0x00000001                PROVIDE (__cy_region_num, ((__cy_regions_end - __cy_regions) / 0x10))
                0x20008000                PROVIDE (__cy_stack, (ORIGIN (ram) + LENGTH (ram)))
                [!provide]                PROVIDE (__cy_heap_end, (__cy_stack - 0x800))

.cybootloader   0x00000000        0x0
 *(.cybootloader)
                0x00000000                appl1_start = CY_APPL_ORIGIN?CY_APPL_ORIGIN:ALIGN (CY_FLASH_ROW_SIZE)
                0x0001ff00                appl2_start = (appl1_start + ALIGN ((((LENGTH (rom) - appl1_start) - (0x2 * CY_FLASH_ROW_SIZE)) / 0x2), CY_FLASH_ROW_SIZE))
                0x00000000                appl_start = (CY_APPL_NUM == 0x1)?appl1_start:appl2_start
                0x00000000                ecc_offset = ((appl_start / CY_FLASH_ROW_SIZE) * CY_ECC_ROW_SIZE)
                0x00000000                ee_offset = (CY_APPL_LOADABLE && ! (CY_EE_IN_BTLDR))?((CY_EE_SIZE / CY_APPL_MAX) * (CY_APPL_NUM - 0x1)):0x0
                0x00000800                ee_size = (CY_APPL_LOADABLE && ! (CY_EE_IN_BTLDR))?(CY_EE_SIZE / CY_APPL_MAX):CY_EE_SIZE
                [!provide]                PROVIDE (CY_ECC_OFFSET, ecc_offset)

.text           0x00000000     0x8e4c
 CREATE_OBJECT_SYMBOLS
                0x00000000                PROVIDE (__cy_interrupt_vector, RomVectors)
 *(.romvectors)
 .romvectors    0x00000000       0x10 .\CortexM3\ARM_GCC_541\Debug\Cm3Start.o
                0x00000000                RomVectors
                0x00000001                ASSERT ((. != __cy_interrupt_vector), No interrupt vector)
                0x00000001                ASSERT (CY_APPL_ORIGIN?(SIZEOF (.cybootloader) <= CY_APPL_ORIGIN):0x1, Wrong image location)
                0x00000010                PROVIDE (__cy_reset, Reset)
 *(.text.Reset)
 .text.Reset    0x00000010       0x18 .\CortexM3\ARM_GCC_541\Debug\Cm3Start.o
                0x00000010                Reset
                0x00000001                ASSERT ((. != __cy_reset), No reset code)
 *(.dma_init)
                0x00000001                ASSERT ((((appl_start + .) <= 0x10000) || 0x1), DMA Init must be within the first 64k of flash)
 *(.text .text.* .gnu.linkonce.t.*)
 .text          0x00000028       0x5c c:/program files (x86)/cypress/psoc creator/4.2/psoc creator/import/gnu/arm/5.4.1/bin/../lib/gcc/arm-none-eabi/5.4.1/armv7-m/crtbegin.o
 .text.set_transistor_test_type
                0x00000084       0x30 .\CortexM3\ARM_GCC_541\Debug\main.o
                0x00000084                set_transistor_test_type
 .text.single_test
                0x000000b4       0x50 .\CortexM3\ARM_GCC_541\Debug\main.o
                0x000000b4                single_test
 .text.single_test_preset_vds
                0x00000104       0x48 .\CortexM3\ARM_GCC_541\Debug\main.o
                0x00000104                single_test_preset_vds
 .text.vgs_th_find
                0x0000014c       0x38 .\CortexM3\ARM_GCC_541\Debug\main.o
                0x0000014c                vgs_th_find
 .text.vgs_max_id_find
                0x00000184       0x4c .\CortexM3\ARM_GCC_541\Debug\main.o
                0x00000184                vgs_max_id_find
 .text.run_test
                0x000001d0      0x1d4 .\CortexM3\ARM_GCC_541\Debug\main.o
                0x000001d0                run_test
 *fill*         0x000003a4        0x4 
 .text.main     0x000003a8      0x38c .\CortexM3\ARM_GCC_541\Debug\main.o
                0x000003a8                main
 .text.writecommand
                0x00000734       0x24 .\CortexM3\ARM_GCC_541\Debug\screen.o
                0x00000734                writecommand
 .text.writedata
                0x00000758       0x24 .\CortexM3\ARM_GCC_541\Debug\screen.o
                0x00000758                writedata
 .text.setAddrWindow
                0x0000077c       0xc0 .\CortexM3\ARM_GCC_541\Debug\screen.o
                0x0000077c                setAddrWindow
 .text.draw_rect
                0x0000083c       0x90 .\CortexM3\ARM_GCC_541\Debug\screen.o
                0x0000083c                draw_rect
 .text.fill_rect
                0x000008cc       0x2c .\CortexM3\ARM_GCC_541\Debug\screen.o
                0x000008cc                fill_rect
 .text.fill_screen
                0x000008f8       0x1c .\CortexM3\ARM_GCC_541\Debug\screen.o
                0x000008f8                fill_screen
 .text.StartScreen
                0x00000914       0x40 .\CortexM3\ARM_GCC_541\Debug\screen.o
                0x00000914                StartScreen
 .text.change_pixel
                0x00000954       0x50 .\CortexM3\ARM_GCC_541\Debug\screen.o
                0x00000954                change_pixel
 .text.draw_pixel
                0x000009a4       0x18 .\CortexM3\ARM_GCC_541\Debug\screen.o
                0x000009a4                draw_pixel
 .text.write_line
                0x000009bc       0xc0 .\CortexM3\ARM_GCC_541\Debug\screen.o
                0x000009bc                write_line
 .text.drawFastHLine
                0x00000a7c       0x18 .\CortexM3\ARM_GCC_541\Debug\screen.o
                0x00000a7c                drawFastHLine
 .text.drawFastVLine
                0x00000a94       0x18 .\CortexM3\ARM_GCC_541\Debug\screen.o
                0x00000a94                drawFastVLine
 .text.draw_line
                0x00000aac       0x4c .\CortexM3\ARM_GCC_541\Debug\screen.o
                0x00000aac                draw_line
 .text.fill_circle_helper
                0x00000af8      0x110 .\CortexM3\ARM_GCC_541\Debug\screen.o
                0x00000af8                fill_circle_helper
 .text.fill_circle
                0x00000c08       0x34 .\CortexM3\ARM_GCC_541\Debug\screen.o
                0x00000c08                fill_circle
 .text.draw_button
                0x00000c3c      0x150 .\CortexM3\ARM_GCC_541\Debug\screen.o
                0x00000c3c                draw_button
 .text.draw_coordinates
                0x00000d8c      0x190 .\CortexM3\ARM_GCC_541\Debug\screen.o
                0x00000d8c                draw_coordinates
 .text.draw_choose_screen
                0x00000f1c       0xe4 .\CortexM3\ARM_GCC_541\Debug\screen.o
                0x00000f1c                draw_choose_screen
 .text.draw_options_screen
                0x00001000      0x130 .\CortexM3\ARM_GCC_541\Debug\screen.o
                0x00001000                draw_options_screen
 .text.draw_options_averages_screen
                0x00001130      0x10c .\CortexM3\ARM_GCC_541\Debug\screen.o
                0x00001130                draw_options_averages_screen
 .text.draw_options_sd_screen
                0x0000123c      0x130 .\CortexM3\ARM_GCC_541\Debug\screen.o
                0x0000123c                draw_options_sd_screen
 .text.draw_options_curves_screen
                0x0000136c       0xac .\CortexM3\ARM_GCC_541\Debug\screen.o
                0x0000136c                draw_options_curves_screen
 .text.draw_options_grid_screen
                0x00001418      0x130 .\CortexM3\ARM_GCC_541\Debug\screen.o
                0x00001418                draw_options_grid_screen
 .text.draw_debug_screen
                0x00001548      0x274 .\CortexM3\ARM_GCC_541\Debug\screen.o
                0x00001548                draw_debug_screen
 .text.draw_debug_warning_screen
                0x000017bc       0x9c .\CortexM3\ARM_GCC_541\Debug\screen.o
                0x000017bc                draw_debug_warning_screen
 .text.draw_character
                0x00001858       0x8c .\CortexM3\ARM_GCC_541\Debug\font.o
                0x00001858                draw_character
 .text.draw_string
                0x000018e4      0x324 .\CortexM3\ARM_GCC_541\Debug\font.o
                0x000018e4                draw_string
 .text.create_file_with_text
                0x00001c08       0x28 .\CortexM3\ARM_GCC_541\Debug\sd.o
                0x00001c08                create_file_with_text
 .text.append_file
                0x00001c30       0x28 .\CortexM3\ARM_GCC_541\Debug\sd.o
                0x00001c30                append_file
 .text.write_header_info
                0x00001c58      0x108 .\CortexM3\ARM_GCC_541\Debug\sd.o
                0x00001c58                write_header_info
 .text.write_data
                0x00001d60       0xc4 .\CortexM3\ARM_GCC_541\Debug\sd.o
                0x00001d60                write_data
 .text.ui_control
                0x00001e24      0x5b8 .\CortexM3\ARM_GCC_541\Debug\uifunctions.o
                0x00001e24                ui_control
 .text.CyClockStartupError
                0x000023dc        0x4 .\CortexM3\ARM_GCC_541\Debug\cyfitter_cfg.o
 .text.cfg_write_bytes32
                0x000023e0       0x34 .\CortexM3\ARM_GCC_541\Debug\cyfitter_cfg.o
 .text.CYMEMZERO
                0x00002414        0xc .\CortexM3\ARM_GCC_541\Debug\cyfitter_cfg.o
 .text.AnalogSetDefault
                0x00002420       0x7c .\CortexM3\ARM_GCC_541\Debug\cyfitter_cfg.o
 .text.CYCONFIGCPY
                0x0000249c        0x8 .\CortexM3\ARM_GCC_541\Debug\cyfitter_cfg.o
 .text.ClockSetup
                0x000024a4       0xf0 .\CortexM3\ARM_GCC_541\Debug\cyfitter_cfg.o
 .text.AMux_1_Set
                0x00002594       0x1c .\CortexM3\ARM_GCC_541\Debug\cyfitter_cfg.o
                0x00002594                AMux_1_Set
 .text.AMux_1_Unset
                0x000025b0       0x1c .\CortexM3\ARM_GCC_541\Debug\cyfitter_cfg.o
                0x000025b0                AMux_1_Unset
 .text.AMux_2_Set
                0x000025cc       0x1c .\CortexM3\ARM_GCC_541\Debug\cyfitter_cfg.o
                0x000025cc                AMux_2_Set
 .text.AMux_2_Unset
                0x000025e8       0x20 .\CortexM3\ARM_GCC_541\Debug\cyfitter_cfg.o
                0x000025e8                AMux_2_Unset
 .text.AMux_3_Set
                0x00002608       0x20 .\CortexM3\ARM_GCC_541\Debug\cyfitter_cfg.o
                0x00002608                AMux_3_Set
 .text.AMux_3_Unset
                0x00002628       0x20 .\CortexM3\ARM_GCC_541\Debug\cyfitter_cfg.o
                0x00002628                AMux_3_Unset
 .text.cyfitter_cfg
                0x00002648      0x130 .\CortexM3\ARM_GCC_541\Debug\cyfitter_cfg.o
                0x00002648                cyfitter_cfg
 .text.IntDefaultHandler
                0x00002778       0x10 .\CortexM3\ARM_GCC_541\Debug\Cm3Start.o
                0x00002778                IntDefaultHandler
 .text._sbrk    0x00002788       0x30 .\CortexM3\ARM_GCC_541\Debug\Cm3Start.o
                0x00002788                _sbrk
 .text.Start_c  0x000027b8       0x4c .\CortexM3\ARM_GCC_541\Debug\Cm3Start.o
                0x000027b8                Start_c
 .text.initialize_psoc
                0x00002804       0x68 .\CortexM3\ARM_GCC_541\Debug\Cm3Start.o
                0x00002804                initialize_psoc
 .text.CyHalt   0x0000286c        0x4 .\CortexM3\ARM_GCC_541\Debug\Design01.a(CyLib.o)
                0x0000286c                CyHalt
 .text.CyDelay  0x00002870       0x2c .\CortexM3\ARM_GCC_541\Debug\Design01.a(CyLib.o)
                0x00002870                CyDelay
 .text.CyDelayUs
                0x0000289c       0x14 .\CortexM3\ARM_GCC_541\Debug\Design01.a(CyLib.o)
                0x0000289c                CyDelayUs
 .text.CyIntSetVector
                0x000028b0       0x28 .\CortexM3\ARM_GCC_541\Debug\Design01.a(CyLib.o)
                0x000028b0                CyIntSetVector
 .text.CyIntSetPriority
                0x000028d8       0x30 .\CortexM3\ARM_GCC_541\Debug\Design01.a(CyLib.o)
                0x000028d8                CyIntSetPriority
 .text.SS_Write
                0x00002908       0x18 .\CortexM3\ARM_GCC_541\Debug\Design01.a(SS.o)
                0x00002908                SS_Write
 .text.SS_Read  0x00002920       0x10 .\CortexM3\ARM_GCC_541\Debug\Design01.a(SS.o)
                0x00002920                SS_Read
 .text.D_C_Write
                0x00002930       0x18 .\CortexM3\ARM_GCC_541\Debug\Design01.a(D_C.o)
                0x00002930                D_C_Write
 .text.Reset_Write
                0x00002948       0x18 .\CortexM3\ARM_GCC_541\Debug\Design01.a(Reset.o)
                0x00002948                Reset_Write
 .text.Clock_Start
                0x00002960       0x1c .\CortexM3\ARM_GCC_541\Debug\Design01.a(Clock.o)
                0x00002960                Clock_Start
 .text.SPIM_Enable
                0x0000297c       0x30 .\CortexM3\ARM_GCC_541\Debug\Design01.a(SPIM.o)
                0x0000297c                SPIM_Enable
 .text.SPIM_ReadTxStatus
                0x000029ac        0xc .\CortexM3\ARM_GCC_541\Debug\Design01.a(SPIM.o)
                0x000029ac                SPIM_ReadTxStatus
 .text.SPIM_ReadRxStatus
                0x000029b8        0xc .\CortexM3\ARM_GCC_541\Debug\Design01.a(SPIM.o)
                0x000029b8                SPIM_ReadRxStatus
 .text.SPIM_WriteTxData
                0x000029c4       0x18 .\CortexM3\ARM_GCC_541\Debug\Design01.a(SPIM.o)
                0x000029c4                SPIM_WriteTxData
 .text.SPIM_ClearFIFO
                0x000029dc       0x3c .\CortexM3\ARM_GCC_541\Debug\Design01.a(SPIM.o)
                0x000029dc                SPIM_ClearFIFO
 .text.SPIM_Init
                0x00002a18       0x28 .\CortexM3\ARM_GCC_541\Debug\Design01.a(SPIM.o)
                0x00002a18                SPIM_Init
 .text.SPIM_Start
                0x00002a40       0x1c .\CortexM3\ARM_GCC_541\Debug\Design01.a(SPIM.o)
                0x00002a40                SPIM_Start
 .text.VDAC8_DS_Enable
                0x00002a5c       0x1c .\CortexM3\ARM_GCC_541\Debug\Design01.a(VDAC8_DS.o)
                0x00002a5c                VDAC8_DS_Enable
 .text.VDAC8_DS_SetSpeed
                0x00002a78       0x1c .\CortexM3\ARM_GCC_541\Debug\Design01.a(VDAC8_DS.o)
                0x00002a78                VDAC8_DS_SetSpeed
 .text.VDAC8_DS_SetValue
                0x00002a94        0xc .\CortexM3\ARM_GCC_541\Debug\Design01.a(VDAC8_DS.o)
                0x00002a94                VDAC8_DS_SetValue
 .text.VDAC8_DS_DacTrim
                0x00002aa0       0x24 .\CortexM3\ARM_GCC_541\Debug\Design01.a(VDAC8_DS.o)
                0x00002aa0                VDAC8_DS_DacTrim
 .text.VDAC8_DS_SetRange
                0x00002ac4       0x20 .\CortexM3\ARM_GCC_541\Debug\Design01.a(VDAC8_DS.o)
                0x00002ac4                VDAC8_DS_SetRange
 .text.VDAC8_DS_Init
                0x00002ae4       0x20 .\CortexM3\ARM_GCC_541\Debug\Design01.a(VDAC8_DS.o)
                0x00002ae4                VDAC8_DS_Init
 .text.VDAC8_DS_Start
                0x00002b04       0x24 .\CortexM3\ARM_GCC_541\Debug\Design01.a(VDAC8_DS.o)
                0x00002b04                VDAC8_DS_Start
 .text.VDAC8_GS_Enable
                0x00002b28       0x1c .\CortexM3\ARM_GCC_541\Debug\Design01.a(VDAC8_GS.o)
                0x00002b28                VDAC8_GS_Enable
 .text.VDAC8_GS_SetSpeed
                0x00002b44       0x1c .\CortexM3\ARM_GCC_541\Debug\Design01.a(VDAC8_GS.o)
                0x00002b44                VDAC8_GS_SetSpeed
 .text.VDAC8_GS_SetValue
                0x00002b60        0xc .\CortexM3\ARM_GCC_541\Debug\Design01.a(VDAC8_GS.o)
                0x00002b60                VDAC8_GS_SetValue
 .text.VDAC8_GS_DacTrim
                0x00002b6c       0x24 .\CortexM3\ARM_GCC_541\Debug\Design01.a(VDAC8_GS.o)
                0x00002b6c                VDAC8_GS_DacTrim
 .text.VDAC8_GS_SetRange
                0x00002b90       0x20 .\CortexM3\ARM_GCC_541\Debug\Design01.a(VDAC8_GS.o)
                0x00002b90                VDAC8_GS_SetRange
 .text.VDAC8_GS_Init
                0x00002bb0       0x20 .\CortexM3\ARM_GCC_541\Debug\Design01.a(VDAC8_GS.o)
                0x00002bb0                VDAC8_GS_Init
 .text.VDAC8_GS_Start
                0x00002bd0       0x24 .\CortexM3\ARM_GCC_541\Debug\Design01.a(VDAC8_GS.o)
                0x00002bd0                VDAC8_GS_Start
 .text.ADC_SAR_1_CalcGain
                0x00002bf4       0x5c .\CortexM3\ARM_GCC_541\Debug\Design01.a(ADC_SAR_1.o)
 .text.ADC_SAR_1_Enable
                0x00002c50       0x94 .\CortexM3\ARM_GCC_541\Debug\Design01.a(ADC_SAR_1.o)
                0x00002c50                ADC_SAR_1_Enable
 .text.ADC_SAR_1_Stop
                0x00002ce4       0x48 .\CortexM3\ARM_GCC_541\Debug\Design01.a(ADC_SAR_1.o)
                0x00002ce4                ADC_SAR_1_Stop
 .text.ADC_SAR_1_SetResolution
                0x00002d2c       0x38 .\CortexM3\ARM_GCC_541\Debug\Design01.a(ADC_SAR_1.o)
                0x00002d2c                ADC_SAR_1_SetResolution
 .text.ADC_SAR_1_Init
                0x00002d64       0x3c .\CortexM3\ARM_GCC_541\Debug\Design01.a(ADC_SAR_1.o)
                0x00002d64                ADC_SAR_1_Init
 .text.ADC_SAR_1_Start
                0x00002da0       0x1c .\CortexM3\ARM_GCC_541\Debug\Design01.a(ADC_SAR_1.o)
                0x00002da0                ADC_SAR_1_Start
 .text.ADC_SAR_1_StartConvert
                0x00002dbc       0x18 .\CortexM3\ARM_GCC_541\Debug\Design01.a(ADC_SAR_1.o)
                0x00002dbc                ADC_SAR_1_StartConvert
 .text.ADC_SAR_1_StopConvert
                0x00002dd4       0x18 .\CortexM3\ARM_GCC_541\Debug\Design01.a(ADC_SAR_1.o)
                0x00002dd4                ADC_SAR_1_StopConvert
 .text.ADC_SAR_1_IsEndConversion
                0x00002dec       0x24 .\CortexM3\ARM_GCC_541\Debug\Design01.a(ADC_SAR_1.o)
                0x00002dec                ADC_SAR_1_IsEndConversion
 .text.ADC_SAR_1_GetResult16
                0x00002e10       0x18 .\CortexM3\ARM_GCC_541\Debug\Design01.a(ADC_SAR_1.o)
                0x00002e10                ADC_SAR_1_GetResult16
 .text.ADC_SAR_1_CountsTo_mVolts
                0x00002e28       0x58 .\CortexM3\ARM_GCC_541\Debug\Design01.a(ADC_SAR_1.o)
                0x00002e28                ADC_SAR_1_CountsTo_mVolts
 .text.ADC_SAR_1_ISR
                0x00002e80        0x4 .\CortexM3\ARM_GCC_541\Debug\Design01.a(ADC_SAR_1_INT.o)
                0x00002e80                ADC_SAR_1_ISR
 .text.ADC_SAR_1_Sleep
                0x00002e84       0x40 .\CortexM3\ARM_GCC_541\Debug\Design01.a(ADC_SAR_1_PM.o)
                0x00002e84                ADC_SAR_1_Sleep
 .text.ADC_SAR_1_Wakeup
                0x00002ec4       0x20 .\CortexM3\ARM_GCC_541\Debug\Design01.a(ADC_SAR_1_PM.o)
                0x00002ec4                ADC_SAR_1_Wakeup
 .text.ADC_SAR_1_theACLK_SetModeRegister
                0x00002ee4       0x14 .\CortexM3\ARM_GCC_541\Debug\Design01.a(ADC_SAR_1_theACLK.o)
                0x00002ee4                ADC_SAR_1_theACLK_SetModeRegister
 .text.I2C_Init
                0x00002ef8       0x68 .\CortexM3\ARM_GCC_541\Debug\Design01.a(I2C.o)
                0x00002ef8                I2C_Init
 .text.I2C_Enable
                0x00002f60       0x24 .\CortexM3\ARM_GCC_541\Debug\Design01.a(I2C.o)
                0x00002f60                I2C_Enable
 .text.I2C_Start
                0x00002f84       0x28 .\CortexM3\ARM_GCC_541\Debug\Design01.a(I2C.o)
                0x00002f84                I2C_Start
 .text.I2C_Stop
                0x00002fac       0xb4 .\CortexM3\ARM_GCC_541\Debug\Design01.a(I2C.o)
                0x00002fac                I2C_Stop
 .text.I2C_ISR  0x00003060      0x2d0 .\CortexM3\ARM_GCC_541\Debug\Design01.a(I2C_INT.o)
                0x00003060                I2C_ISR
 .text.I2C_MasterSendStart
                0x00003330       0x80 .\CortexM3\ARM_GCC_541\Debug\Design01.a(I2C_MASTER.o)
                0x00003330                I2C_MasterSendStart
 .text.I2C_MasterSendRestart
                0x000033b0       0x6c .\CortexM3\ARM_GCC_541\Debug\Design01.a(I2C_MASTER.o)
                0x000033b0                I2C_MasterSendRestart
 .text.I2C_MasterSendStop
                0x0000341c       0x38 .\CortexM3\ARM_GCC_541\Debug\Design01.a(I2C_MASTER.o)
                0x0000341c                I2C_MasterSendStop
 .text.I2C_MasterWriteByte
                0x00003454       0x58 .\CortexM3\ARM_GCC_541\Debug\Design01.a(I2C_MASTER.o)
                0x00003454                I2C_MasterWriteByte
 .text.I2C_MasterReadByte
                0x000034ac       0x58 .\CortexM3\ARM_GCC_541\Debug\Design01.a(I2C_MASTER.o)
                0x000034ac                I2C_MasterReadByte
 .text.get_touch
                0x00003504       0x6c .\CortexM3\ARM_GCC_541\Debug\Design01.a(isr.o)
                0x00003504                get_touch
 .text.isr_SetVector
                0x00003570        0xc .\CortexM3\ARM_GCC_541\Debug\Design01.a(isr.o)
                0x00003570                isr_SetVector
 .text.isr_SetPriority
                0x0000357c       0x10 .\CortexM3\ARM_GCC_541\Debug\Design01.a(isr.o)
                0x0000357c                isr_SetPriority
 .text.isr_Enable
                0x0000358c        0xc .\CortexM3\ARM_GCC_541\Debug\Design01.a(isr.o)
                0x0000358c                isr_Enable
 .text.isr_Disable
                0x00003598        0xc .\CortexM3\ARM_GCC_541\Debug\Design01.a(isr.o)
                0x00003598                isr_Disable
 .text.isr_Start
                0x000035a4       0x1c .\CortexM3\ARM_GCC_541\Debug\Design01.a(isr.o)
                0x000035a4                isr_Start
 .text.isr_ClearPending
                0x000035c0        0xc .\CortexM3\ARM_GCC_541\Debug\Design01.a(isr.o)
                0x000035c0                isr_ClearPending
 .text.isr_Interrupt
                0x000035cc       0x20 .\CortexM3\ARM_GCC_541\Debug\Design01.a(isr.o)
                0x000035cc                isr_Interrupt
 .text.AMux_1_Start
                0x000035ec       0x20 .\CortexM3\ARM_GCC_541\Debug\Design01.a(AMux_1.o)
                0x000035ec                AMux_1_Start
 .text.AMux_1_Select
                0x0000360c       0x18 .\CortexM3\ARM_GCC_541\Debug\Design01.a(AMux_1.o)
                0x0000360c                AMux_1_Select
 .text.AMux_2_Start
                0x00003624       0x20 .\CortexM3\ARM_GCC_541\Debug\Design01.a(AMux_2.o)
                0x00003624                AMux_2_Start
 .text.AMux_2_Select
                0x00003644       0x18 .\CortexM3\ARM_GCC_541\Debug\Design01.a(AMux_2.o)
                0x00003644                AMux_2_Select
 .text.AMux_3_Start
                0x0000365c       0x20 .\CortexM3\ARM_GCC_541\Debug\Design01.a(AMux_3.o)
                0x0000365c                AMux_3_Start
 .text.AMux_3_Select
                0x0000367c       0x18 .\CortexM3\ARM_GCC_541\Debug\Design01.a(AMux_3.o)
                0x0000367c                AMux_3_Select
 .text.emFile_1_Sleep
                0x00003694        0x8 .\CortexM3\ARM_GCC_541\Debug\Design01.a(emFile_1_PM.o)
                0x00003694                emFile_1_Sleep
 .text.emFile_1_Wakeup
                0x0000369c        0x8 .\CortexM3\ARM_GCC_541\Debug\Design01.a(emFile_1_PM.o)
                0x0000369c                emFile_1_Wakeup
 .text.emFile_1_SPI0_Sleep
                0x000036a4       0x1c .\CortexM3\ARM_GCC_541\Debug\Design01.a(emFile_1_SPI0_PM.o)
                0x000036a4                emFile_1_SPI0_Sleep
 .text.emFile_1_SPI0_Wakeup
                0x000036c0       0x18 .\CortexM3\ARM_GCC_541\Debug\Design01.a(emFile_1_SPI0_PM.o)
                0x000036c0                emFile_1_SPI0_Wakeup
 .text          0x000036d8       0x20 .\CortexM3\ARM_GCC_541\Debug\Design01.a(CyBootAsmGnu.o)
                0x000036d8                CyDelayCycles
                0x000036e8                CyEnterCriticalSection
                0x000036f0                CyExitCriticalSection
 .text.emFile_1_SPI0_Enable
                0x000036f8       0x30 .\CortexM3\ARM_GCC_541\Debug\Design01.a(emFile_1_SPI0.o)
                0x000036f8                emFile_1_SPI0_Enable
 .text.emFile_1_SPI0_Stop
                0x00003728       0x24 .\CortexM3\ARM_GCC_541\Debug\Design01.a(emFile_1_SPI0.o)
                0x00003728                emFile_1_SPI0_Stop
 .text.emFile_1_SPI0_ReadTxStatus
                0x0000374c        0xc .\CortexM3\ARM_GCC_541\Debug\Design01.a(emFile_1_SPI0.o)
                0x0000374c                emFile_1_SPI0_ReadTxStatus
 .text.emFile_1_SPI0_ReadRxStatus
                0x00003758        0xc .\CortexM3\ARM_GCC_541\Debug\Design01.a(emFile_1_SPI0.o)
                0x00003758                emFile_1_SPI0_ReadRxStatus
 .text.emFile_1_SPI0_WriteTxData
                0x00003764       0x18 .\CortexM3\ARM_GCC_541\Debug\Design01.a(emFile_1_SPI0.o)
                0x00003764                emFile_1_SPI0_WriteTxData
 .text.emFile_1_SPI0_ReadRxData
                0x0000377c        0xc .\CortexM3\ARM_GCC_541\Debug\Design01.a(emFile_1_SPI0.o)
                0x0000377c                emFile_1_SPI0_ReadRxData
 .text.emFile_1_SPI0_ClearFIFO
                0x00003788       0x3c .\CortexM3\ARM_GCC_541\Debug\Design01.a(emFile_1_SPI0.o)
                0x00003788                emFile_1_SPI0_ClearFIFO
 .text.emFile_1_SPI0_Init
                0x000037c4       0x28 .\CortexM3\ARM_GCC_541\Debug\Design01.a(emFile_1_SPI0.o)
                0x000037c4                emFile_1_SPI0_Init
 .text.emFile_1_SPI0_Start
                0x000037ec       0x1c .\CortexM3\ARM_GCC_541\Debug\Design01.a(emFile_1_SPI0.o)
                0x000037ec                emFile_1_SPI0_Start
 .text.FS__AllocSectorBuffer
                0x00003808       0x2c .\emFile_V322c\LinkLibrary\PSoC5\GCC\libemf16nosnlfn.a(FS_Misc.o)
                0x00003808                FS__AllocSectorBuffer
 .text.FS__FreeSectorBuffer
                0x00003834       0x28 .\emFile_V322c\LinkLibrary\PSoC5\GCC\libemf16nosnlfn.a(FS_Misc.o)
                0x00003834                FS__FreeSectorBuffer
 .text.FS__SB_MarkDirty
                0x0000385c        0x6 .\emFile_V322c\LinkLibrary\PSoC5\GCC\libemf16nosnlfn.a(FS_Misc.o)
                0x0000385c                FS__SB_MarkDirty
 .text.FS__SB_MarkNotDirty
                0x00003862        0x6 .\emFile_V322c\LinkLibrary\PSoC5\GCC\libemf16nosnlfn.a(FS_Misc.o)
                0x00003862                FS__SB_MarkNotDirty
 .text.FS__FreeFileHandle
                0x00003868        0xa .\emFile_V322c\LinkLibrary\PSoC5\GCC\libemf16nosnlfn.a(FS_Misc.o)
                0x00003868                FS__FreeFileHandle
 .text.FS__FreeFileObj
                0x00003872        0xc .\emFile_V322c\LinkLibrary\PSoC5\GCC\libemf16nosnlfn.a(FS_Misc.o)
                0x00003872                FS__FreeFileObj
 *fill*         0x0000387e        0x2 
 .text.FS_Init  0x00003880       0x58 .\emFile_V322c\LinkLibrary\PSoC5\GCC\libemf16nosnlfn.a(FS_Misc.o)
                0x00003880                FS_Init
 .text.FS__SB_Create
                0x000038d8       0x28 .\emFile_V322c\LinkLibrary\PSoC5\GCC\libemf16nosnlfn.a(FS_Misc.o)
                0x000038d8                FS__SB_Create
 .text.FS__FCloseNL
                0x00003900       0x1e .\emFile_V322c\LinkLibrary\PSoC5\GCC\libemf16nosnlfn.a(FS_Misc.o)
                0x00003900                FS__FCloseNL
 .text.FS__FClose
                0x0000391e       0x1a .\emFile_V322c\LinkLibrary\PSoC5\GCC\libemf16nosnlfn.a(FS_Misc.o)
                0x0000391e                FS__FClose
 .text.FS_FClose
                0x00003938        0xa .\emFile_V322c\LinkLibrary\PSoC5\GCC\libemf16nosnlfn.a(FS_Misc.o)
                0x00003938                FS_FClose
 *fill*         0x00003942        0x2 
 .text.FS__AllocFileObj
                0x00003944       0x48 .\emFile_V322c\LinkLibrary\PSoC5\GCC\libemf16nosnlfn.a(FS_Misc.o)
                0x00003944                FS__AllocFileObj
 .text.FS__AllocFileHandle
                0x0000398c       0x40 .\emFile_V322c\LinkLibrary\PSoC5\GCC\libemf16nosnlfn.a(FS_Misc.o)
                0x0000398c                FS__AllocFileHandle
 .text.FS__OpenEx
                0x000039cc       0x58 .\emFile_V322c\LinkLibrary\PSoC5\GCC\libemf16nosnlfn.a(FS_Misc.o)
                0x000039cc                FS__OpenEx
 .text.FS__FOpenEx
                0x00003a24       0x56 .\emFile_V322c\LinkLibrary\PSoC5\GCC\libemf16nosnlfn.a(FS_Misc.o)
                0x00003a24                FS__FOpenEx
 *fill*         0x00003a7a        0x2 
 .text.FS__FOpen
                0x00003a7c       0x48 .\emFile_V322c\LinkLibrary\PSoC5\GCC\libemf16nosnlfn.a(FS_Misc.o)
                0x00003a7c                FS__FOpen
 .text.FS_FOpen
                0x00003ac4        0x4 .\emFile_V322c\LinkLibrary\PSoC5\GCC\libemf16nosnlfn.a(FS_Misc.o)
                0x00003ac4                FS_FOpen
 .text.FS__SB_Write
                0x00003ac8       0x24 .\emFile_V322c\LinkLibrary\PSoC5\GCC\libemf16nosnlfn.a(FS_Misc.o)
                0x00003ac8                FS__SB_Write
 .text._SB_Clean
                0x00003aec       0x24 .\emFile_V322c\LinkLibrary\PSoC5\GCC\libemf16nosnlfn.a(FS_Misc.o)
 .text.FS__SB_SetSector
                0x00003b10       0x20 .\emFile_V322c\LinkLibrary\PSoC5\GCC\libemf16nosnlfn.a(FS_Misc.o)
                0x00003b10                FS__SB_SetSector
 .text.FS__SB_Clean
                0x00003b30        0x4 .\emFile_V322c\LinkLibrary\PSoC5\GCC\libemf16nosnlfn.a(FS_Misc.o)
                0x00003b30                FS__SB_Clean
 .text.FS__SB_Delete
                0x00003b34       0x12 .\emFile_V322c\LinkLibrary\PSoC5\GCC\libemf16nosnlfn.a(FS_Misc.o)
                0x00003b34                FS__SB_Delete
 .text.FS__SB_Flush
                0x00003b46        0x8 .\emFile_V322c\LinkLibrary\PSoC5\GCC\libemf16nosnlfn.a(FS_Misc.o)
                0x00003b46                FS__SB_Flush
 .text.FS__SB_Read
                0x00003b4e       0x2a .\emFile_V322c\LinkLibrary\PSoC5\GCC\libemf16nosnlfn.a(FS_Misc.o)
                0x00003b4e                FS__SB_Read
 .text.FS__AddPhysDevice
                0x00003b78       0x10 .\emFile_V322c\LinkLibrary\PSoC5\GCC\libemf16nosnlfn.a(FS_Storage.o)
                0x00003b78                FS__AddPhysDevice
 .text.FS__FindVolume
                0x00003b88       0x78 .\emFile_V322c\LinkLibrary\PSoC5\GCC\libemf16nosnlfn.a(FS_Storage.o)
                0x00003b88                FS__FindVolume
 .text.FS__AddDevice
                0x00003c00       0x68 .\emFile_V322c\LinkLibrary\PSoC5\GCC\libemf16nosnlfn.a(FS_Storage.o)
                0x00003c00                FS__AddDevice
 .text.FS_AddDevice
                0x00003c68        0x4 .\emFile_V322c\LinkLibrary\PSoC5\GCC\libemf16nosnlfn.a(FS_Storage.o)
                0x00003c68                FS_AddDevice
 .text._Mount   0x00003c6c       0x2e .\emFile_V322c\LinkLibrary\PSoC5\GCC\libemf16nosnlfn.a(FS_Volume.o)
 .text.FS__AutoMount
                0x00003c9a       0x14 .\emFile_V322c\LinkLibrary\PSoC5\GCC\libemf16nosnlfn.a(FS_Volume.o)
                0x00003c9a                FS__AutoMount
 .text.FS__MountNL
                0x00003cae       0x20 .\emFile_V322c\LinkLibrary\PSoC5\GCC\libemf16nosnlfn.a(FS_Volume.o)
                0x00003cae                FS__MountNL
 .text.FS__Mount
                0x00003cce        0x4 .\emFile_V322c\LinkLibrary\PSoC5\GCC\libemf16nosnlfn.a(FS_Volume.o)
                0x00003cce                FS__Mount
 .text.FS_MountEx
                0x00003cd2       0x1a .\emFile_V322c\LinkLibrary\PSoC5\GCC\libemf16nosnlfn.a(FS_Volume.o)
                0x00003cd2                FS_MountEx
 .text.FS__Write
                0x00003cec       0x3a .\emFile_V322c\LinkLibrary\PSoC5\GCC\libemf16nosnlfn.a(FS_Write.o)
                0x00003cec                FS__Write
 .text.FS_Write
                0x00003d26        0x4 .\emFile_V322c\LinkLibrary\PSoC5\GCC\libemf16nosnlfn.a(FS_Write.o)
                0x00003d26                FS_Write
 .text._ClusterId2FATOff
                0x00003d2a       0x18 .\emFile_V322c\LinkLibrary\PSoC5\GCC\libemf16nosnlfn.a(FAT_Misc.o)
 .text._CalcLogClusterPos
                0x00003d42        0xe .\emFile_V322c\LinkLibrary\PSoC5\GCC\libemf16nosnlfn.a(FAT_Misc.o)
 .text._ReadFromFreeClusterCache
                0x00003d50       0x46 .\emFile_V322c\LinkLibrary\PSoC5\GCC\libemf16nosnlfn.a(FAT_Misc.o)
 .text.FS_FAT_GetFATType
                0x00003d96       0x1a .\emFile_V322c\LinkLibrary\PSoC5\GCC\libemf16nosnlfn.a(FAT_Misc.o)
                0x00003d96                FS_FAT_GetFATType
 .text.FS_FAT_ClusterId2SectorNo
                0x00003db0        0xc .\emFile_V322c\LinkLibrary\PSoC5\GCC\libemf16nosnlfn.a(FAT_Misc.o)
                0x00003db0                FS_FAT_ClusterId2SectorNo
 .text.FS_FAT_IsValidShortNameChar
                0x00003dbc       0x34 .\emFile_V322c\LinkLibrary\PSoC5\GCC\libemf16nosnlfn.a(FAT_Misc.o)
                0x00003dbc                FS_FAT_IsValidShortNameChar
 .text.FS_FAT_CopyShortName
                0x00003df0       0x56 .\emFile_V322c\LinkLibrary\PSoC5\GCC\libemf16nosnlfn.a(FAT_Misc.o)
                0x00003df0                FS_FAT_CopyShortName
 .text._SFN_CreateDirEntry
                0x00003e46       0x5a .\emFile_V322c\LinkLibrary\PSoC5\GCC\libemf16nosnlfn.a(FAT_Misc.o)
 .text._SFN_FindDirEntry
                0x00003ea0       0x10 .\emFile_V322c\LinkLibrary\PSoC5\GCC\libemf16nosnlfn.a(FAT_Misc.o)
 .text.FS_FAT_FindDirEntry
                0x00003eb0       0x60 .\emFile_V322c\LinkLibrary\PSoC5\GCC\libemf16nosnlfn.a(FAT_Misc.o)
                0x00003eb0                FS_FAT_FindDirEntry
 .text.FS_FAT_CopyDirEntryInfo
                0x00003f10       0x50 .\emFile_V322c\LinkLibrary\PSoC5\GCC\libemf16nosnlfn.a(FAT_Misc.o)
                0x00003f10                FS_FAT_CopyDirEntryInfo
 .text._SFN_ReadDirEntryInfo
                0x00003f60       0x6e .\emFile_V322c\LinkLibrary\PSoC5\GCC\libemf16nosnlfn.a(FAT_Misc.o)
 .text._SetFATSector
                0x00003fce        0x6 .\emFile_V322c\LinkLibrary\PSoC5\GCC\libemf16nosnlfn.a(FAT_Misc.o)
 .text._WriteFATEntry
                0x00003fd4      0x152 .\emFile_V322c\LinkLibrary\PSoC5\GCC\libemf16nosnlfn.a(FAT_Misc.o)
 .text.FS_FAT_MarkClusterEOC
                0x00004126        0x8 .\emFile_V322c\LinkLibrary\PSoC5\GCC\libemf16nosnlfn.a(FAT_Misc.o)
                0x00004126                FS_FAT_MarkClusterEOC
 .text.FS_FAT_SyncFAT
                0x0000412e       0x3c .\emFile_V322c\LinkLibrary\PSoC5\GCC\libemf16nosnlfn.a(FAT_Misc.o)
                0x0000412e                FS_FAT_SyncFAT
 .text.FS_FAT_LinkCluster
                0x0000416a       0x1c .\emFile_V322c\LinkLibrary\PSoC5\GCC\libemf16nosnlfn.a(FAT_Misc.o)
                0x0000416a                FS_FAT_LinkCluster
 .text.FS_FAT_ReadFATEntry
                0x00004186       0xb2 .\emFile_V322c\LinkLibrary\PSoC5\GCC\libemf16nosnlfn.a(FAT_Misc.o)
                0x00004186                FS_FAT_ReadFATEntry
 .text.FS_FAT_GetNumAdjClustersInChain
                0x00004238       0x64 .\emFile_V322c\LinkLibrary\PSoC5\GCC\libemf16nosnlfn.a(FAT_Misc.o)
                0x00004238                FS_FAT_GetNumAdjClustersInChain
 .text.FS_FAT_WalkClusterEx
                0x0000429c       0x5c .\emFile_V322c\LinkLibrary\PSoC5\GCC\libemf16nosnlfn.a(FAT_Misc.o)
                0x0000429c                FS_FAT_WalkClusterEx
 .text.FS_FAT_GotoCluster
                0x000042f8       0x88 .\emFile_V322c\LinkLibrary\PSoC5\GCC\libemf16nosnlfn.a(FAT_Misc.o)
                0x000042f8                FS_FAT_GotoCluster
 .text.FS_FAT_WalkCluster
                0x00004380       0x18 .\emFile_V322c\LinkLibrary\PSoC5\GCC\libemf16nosnlfn.a(FAT_Misc.o)
                0x00004380                FS_FAT_WalkCluster
 .text.FS_FAT_FindLastCluster
                0x00004398       0x34 .\emFile_V322c\LinkLibrary\PSoC5\GCC\libemf16nosnlfn.a(FAT_Misc.o)
                0x00004398                FS_FAT_FindLastCluster
 .text._CalcFreeClusterCnt
                0x000043cc       0x88 .\emFile_V322c\LinkLibrary\PSoC5\GCC\libemf16nosnlfn.a(FAT_Misc.o)
 .text.FS_FAT_FindFreeCluster
                0x00004454       0xa8 .\emFile_V322c\LinkLibrary\PSoC5\GCC\libemf16nosnlfn.a(FAT_Misc.o)
                0x00004454                FS_FAT_FindFreeCluster
 .text.FS_FAT_AllocCluster
                0x000044fc       0x20 .\emFile_V322c\LinkLibrary\PSoC5\GCC\libemf16nosnlfn.a(FAT_Misc.o)
                0x000044fc                FS_FAT_AllocCluster
 .text._WriteEmptyFATSectors
                0x0000451c       0x3c .\emFile_V322c\LinkLibrary\PSoC5\GCC\libemf16nosnlfn.a(FAT_Misc.o)
 .text.FS_FAT_FreeClusterChain
                0x00004558       0xe0 .\emFile_V322c\LinkLibrary\PSoC5\GCC\libemf16nosnlfn.a(FAT_Misc.o)
                0x00004558                FS_FAT_FreeClusterChain
 .text.FS_FAT_CheckBPB
                0x00004638      0x14c .\emFile_V322c\LinkLibrary\PSoC5\GCC\libemf16nosnlfn.a(FAT_Misc.o)
                0x00004638                FS_FAT_CheckBPB
 .text.FS_FAT_InitDirEntryScan
                0x00004784       0x14 .\emFile_V322c\LinkLibrary\PSoC5\GCC\libemf16nosnlfn.a(FAT_Open.o)
                0x00004784                FS_FAT_InitDirEntryScan
 .text.FS_FAT_IncDirPos
                0x00004798        0x8 .\emFile_V322c\LinkLibrary\PSoC5\GCC\libemf16nosnlfn.a(FAT_Open.o)
                0x00004798                FS_FAT_IncDirPos
 .text._CopyDirText
                0x000047a0       0x44 .\emFile_V322c\LinkLibrary\PSoC5\GCC\libemf16nosnlfn.a(FAT_Open.o)
 .text.FS_FAT_Make83Name
                0x000047e4       0xb0 .\emFile_V322c\LinkLibrary\PSoC5\GCC\libemf16nosnlfn.a(FAT_Open.o)
                0x000047e4                FS_FAT_Make83Name
 .text.FS_FAT_GetDirEntry
                0x00004894       0xb2 .\emFile_V322c\LinkLibrary\PSoC5\GCC\libemf16nosnlfn.a(FAT_Open.o)
                0x00004894                FS_FAT_GetDirEntry
 .text.FS_FAT_FindDirEntryShortEx
                0x00004946       0x5a .\emFile_V322c\LinkLibrary\PSoC5\GCC\libemf16nosnlfn.a(FAT_Open.o)
                0x00004946                FS_FAT_FindDirEntryShortEx
 .text.FS_FAT_FindDirEntryShort
                0x000049a0       0x36 .\emFile_V322c\LinkLibrary\PSoC5\GCC\libemf16nosnlfn.a(FAT_Open.o)
                0x000049a0                FS_FAT_FindDirEntryShort
 .text.FS_FAT_FindEmptyDirEntry
                0x000049d6       0xb0 .\emFile_V322c\LinkLibrary\PSoC5\GCC\libemf16nosnlfn.a(FAT_Open.o)
                0x000049d6                FS_FAT_FindEmptyDirEntry
 .text.FS_FAT_GetFirstCluster
                0x00004a86       0x1a .\emFile_V322c\LinkLibrary\PSoC5\GCC\libemf16nosnlfn.a(FAT_Open.o)
                0x00004a86                FS_FAT_GetFirstCluster
 .text.FS_FAT_FindPath
                0x00004aa0       0x7a .\emFile_V322c\LinkLibrary\PSoC5\GCC\libemf16nosnlfn.a(FAT_Open.o)
                0x00004aa0                FS_FAT_FindPath
 .text.FS_FAT_DeleteFileOrDir
                0x00004b1a       0x48 .\emFile_V322c\LinkLibrary\PSoC5\GCC\libemf16nosnlfn.a(FAT_Open.o)
                0x00004b1a                FS_FAT_DeleteFileOrDir
 *fill*         0x00004b62        0x2 
 .text.FS_FAT_Open
                0x00004b64      0x1dc .\emFile_V322c\LinkLibrary\PSoC5\GCC\libemf16nosnlfn.a(FAT_Open.o)
                0x00004b64                FS_FAT_Open
 .text.FS_FAT_WriteDirEntryCluster
                0x00004d40       0x1c .\emFile_V322c\LinkLibrary\PSoC5\GCC\libemf16nosnlfn.a(FAT_Open.o)
                0x00004d40                FS_FAT_WriteDirEntryCluster
 .text.FS_FAT_WriteDirEntry83
                0x00004d5c       0x6c .\emFile_V322c\LinkLibrary\PSoC5\GCC\libemf16nosnlfn.a(FAT_Open.o)
                0x00004d5c                FS_FAT_WriteDirEntry83
 .text._WriteBurst
                0x00004dc8       0x24 .\emFile_V322c\LinkLibrary\PSoC5\GCC\libemf16nosnlfn.a(FAT_Write.o)
 .text.FS_FAT_GotoClusterAllocIfReq
                0x00004dec       0xa8 .\emFile_V322c\LinkLibrary\PSoC5\GCC\libemf16nosnlfn.a(FAT_Write.o)
                0x00004dec                FS_FAT_GotoClusterAllocIfReq
 .text.FS_FAT_UpdateDirEntry
                0x00004e94       0x68 .\emFile_V322c\LinkLibrary\PSoC5\GCC\libemf16nosnlfn.a(FAT_Write.o)
                0x00004e94                FS_FAT_UpdateDirEntry
 .text.FS_FAT_Close
                0x00004efc       0x44 .\emFile_V322c\LinkLibrary\PSoC5\GCC\libemf16nosnlfn.a(FAT_Write.o)
                0x00004efc                FS_FAT_Close
 .text.FS_FAT_Write
                0x00004f40      0x1c8 .\emFile_V322c\LinkLibrary\PSoC5\GCC\libemf16nosnlfn.a(FAT_Write.o)
                0x00004f40                FS_FAT_Write
 .text.FS__CLIB_memcmp
                0x00005108       0x20 .\emFile_V322c\LinkLibrary\PSoC5\GCC\libemf16nosnlfn.a(FS_CLib.o)
                0x00005108                FS__CLIB_memcmp
 .text.FS__CLIB_memset
                0x00005128       0x6c .\emFile_V322c\LinkLibrary\PSoC5\GCC\libemf16nosnlfn.a(FS_CLib.o)
                0x00005128                FS__CLIB_memset
 .text.FS__CLIB_strcmp
                0x00005194       0x1a .\emFile_V322c\LinkLibrary\PSoC5\GCC\libemf16nosnlfn.a(FS_CLib.o)
                0x00005194                FS__CLIB_strcmp
 .text.FS__CLIB_strlen
                0x000051ae       0x10 .\emFile_V322c\LinkLibrary\PSoC5\GCC\libemf16nosnlfn.a(FS_CLib.o)
                0x000051ae                FS__CLIB_strlen
 .text.FS__CLIB_strncmp
                0x000051be       0x26 .\emFile_V322c\LinkLibrary\PSoC5\GCC\libemf16nosnlfn.a(FS_CLib.o)
                0x000051be                FS__CLIB_strncmp
 .text.FS__CLIB_toupper
                0x000051e4        0xe .\emFile_V322c\LinkLibrary\PSoC5\GCC\libemf16nosnlfn.a(FS_CLib.o)
                0x000051e4                FS__CLIB_toupper
 .text.FS__strchr
                0x000051f2       0x14 .\emFile_V322c\LinkLibrary\PSoC5\GCC\libemf16nosnlfn.a(FS_Core.o)
                0x000051f2                FS__strchr
 .text.FS_LoadU32BE
                0x00005206       0x18 .\emFile_V322c\LinkLibrary\PSoC5\GCC\libemf16nosnlfn.a(FS_Core.o)
                0x00005206                FS_LoadU32BE
 .text.FS_LoadU32LE
                0x0000521e       0x16 .\emFile_V322c\LinkLibrary\PSoC5\GCC\libemf16nosnlfn.a(FS_Core.o)
                0x0000521e                FS_LoadU32LE
 .text.FS_StoreU32LE
                0x00005234       0x14 .\emFile_V322c\LinkLibrary\PSoC5\GCC\libemf16nosnlfn.a(FS_Core.o)
                0x00005234                FS_StoreU32LE
 .text.FS_StoreU16LE
                0x00005248        0x8 .\emFile_V322c\LinkLibrary\PSoC5\GCC\libemf16nosnlfn.a(FS_Core.o)
                0x00005248                FS_StoreU16LE
 .text.FS_LoadU16LE
                0x00005250        0xa .\emFile_V322c\LinkLibrary\PSoC5\GCC\libemf16nosnlfn.a(FS_Core.o)
                0x00005250                FS_LoadU16LE
 *fill*         0x0000525a        0x2 
 .text._Alloc   0x0000525c       0x30 .\emFile_V322c\LinkLibrary\PSoC5\GCC\libemf16nosnlfn.a(FS_Core.o)
 .text.FS_Alloc
                0x0000528c        0xc .\emFile_V322c\LinkLibrary\PSoC5\GCC\libemf16nosnlfn.a(FS_Core.o)
                0x0000528c                FS_Alloc
 .text.FS_TryAlloc
                0x00005298        0x4 .\emFile_V322c\LinkLibrary\PSoC5\GCC\libemf16nosnlfn.a(FS_Core.o)
                0x00005298                FS_TryAlloc
 .text.FS_Free  0x0000529c       0x1c .\emFile_V322c\LinkLibrary\PSoC5\GCC\libemf16nosnlfn.a(FS_Core.o)
                0x0000529c                FS_Free
 .text.FS_AssignMemory
                0x000052b8        0xc .\emFile_V322c\LinkLibrary\PSoC5\GCC\libemf16nosnlfn.a(FS_Core.o)
                0x000052b8                FS_AssignMemory
 .text.FS_AllocZeroed
                0x000052c4       0x16 .\emFile_V322c\LinkLibrary\PSoC5\GCC\libemf16nosnlfn.a(FS_Core.o)
                0x000052c4                FS_AllocZeroed
 *fill*         0x000052da        0x2 
 .text.FS_STORAGE_Init
                0x000052dc       0x28 .\emFile_V322c\LinkLibrary\PSoC5\GCC\libemf16nosnlfn.a(FS_Core.o)
                0x000052dc                FS_STORAGE_Init
 .text._ClrBusyLED
                0x00005304        0xc .\emFile_V322c\LinkLibrary\PSoC5\GCC\libemf16nosnlfn.a(FS_LogBlock.o)
 .text._SetBusyLED
                0x00005310        0xc .\emFile_V322c\LinkLibrary\PSoC5\GCC\libemf16nosnlfn.a(FS_LogBlock.o)
 .text._Read    0x0000531c        0xc .\emFile_V322c\LinkLibrary\PSoC5\GCC\libemf16nosnlfn.a(FS_LogBlock.o)
 .text._Write   0x00005328       0x12 .\emFile_V322c\LinkLibrary\PSoC5\GCC\libemf16nosnlfn.a(FS_LogBlock.o)
 .text.FS_LB_GetStatus
                0x0000533a        0xc .\emFile_V322c\LinkLibrary\PSoC5\GCC\libemf16nosnlfn.a(FS_LogBlock.o)
                0x0000533a                FS_LB_GetStatus
 .text.FS_LB_InitMedium
                0x00005346       0x1a .\emFile_V322c\LinkLibrary\PSoC5\GCC\libemf16nosnlfn.a(FS_LogBlock.o)
                0x00005346                FS_LB_InitMedium
 .text.FS_LB_InitMediumIfRequired
                0x00005360       0x10 .\emFile_V322c\LinkLibrary\PSoC5\GCC\libemf16nosnlfn.a(FS_LogBlock.o)
                0x00005360                FS_LB_InitMediumIfRequired
 .text.FS_LB_ReadDevice
                0x00005370       0x2e .\emFile_V322c\LinkLibrary\PSoC5\GCC\libemf16nosnlfn.a(FS_LogBlock.o)
                0x00005370                FS_LB_ReadDevice
 .text.FS_LB_ReadPart
                0x0000539e        0xe .\emFile_V322c\LinkLibrary\PSoC5\GCC\libemf16nosnlfn.a(FS_LogBlock.o)
                0x0000539e                FS_LB_ReadPart
 .text.FS_LB_WriteBurst
                0x000053ac       0x30 .\emFile_V322c\LinkLibrary\PSoC5\GCC\libemf16nosnlfn.a(FS_LogBlock.o)
                0x000053ac                FS_LB_WriteBurst
 .text.FS_LB_WriteBurstPart
                0x000053dc       0x14 .\emFile_V322c\LinkLibrary\PSoC5\GCC\libemf16nosnlfn.a(FS_LogBlock.o)
                0x000053dc                FS_LB_WriteBurstPart
 .text.FS_LB_WriteMultiple
                0x000053f0       0x30 .\emFile_V322c\LinkLibrary\PSoC5\GCC\libemf16nosnlfn.a(FS_LogBlock.o)
                0x000053f0                FS_LB_WriteMultiple
 .text.FS_LB_WriteMultiplePart
                0x00005420       0x14 .\emFile_V322c\LinkLibrary\PSoC5\GCC\libemf16nosnlfn.a(FS_LogBlock.o)
                0x00005420                FS_LB_WriteMultiplePart
 .text.FS_LB_WriteDevice
                0x00005434       0x36 .\emFile_V322c\LinkLibrary\PSoC5\GCC\libemf16nosnlfn.a(FS_LogBlock.o)
                0x00005434                FS_LB_WriteDevice
 .text.FS_LB_WritePart
                0x0000546a        0xe .\emFile_V322c\LinkLibrary\PSoC5\GCC\libemf16nosnlfn.a(FS_LogBlock.o)
                0x0000546a                FS_LB_WritePart
 .text.FS_GetSectorSize
                0x00005478       0x28 .\emFile_V322c\LinkLibrary\PSoC5\GCC\libemf16nosnlfn.a(FS_LogBlock.o)
                0x00005478                FS_GetSectorSize
 .text.FS_LB_GetDeviceInfo
                0x000054a0       0x26 .\emFile_V322c\LinkLibrary\PSoC5\GCC\libemf16nosnlfn.a(FS_LogBlock.o)
                0x000054a0                FS_LB_GetDeviceInfo
 .text.FS_memcpy
                0x000054c6      0x120 .\emFile_V322c\LinkLibrary\PSoC5\GCC\libemf16nosnlfn.a(FS_memcpy.o)
                0x000054c6                FS_memcpy
 .text._IsBPB   0x000055e6       0x1e .\emFile_V322c\LinkLibrary\PSoC5\GCC\libemf16nosnlfn.a(FS_Partition.o)
 .text._HasSignature
                0x00005604       0x18 .\emFile_V322c\LinkLibrary\PSoC5\GCC\libemf16nosnlfn.a(FS_Partition.o)
 .text._GetPartitionStartSector
                0x0000561c        0xc .\emFile_V322c\LinkLibrary\PSoC5\GCC\libemf16nosnlfn.a(FS_Partition.o)
 .text.FS__GetMediaStartSecEx
                0x00005628       0x6e .\emFile_V322c\LinkLibrary\PSoC5\GCC\libemf16nosnlfn.a(FS_Partition.o)
                0x00005628                FS__GetMediaStartSecEx
 *fill*         0x00005696        0x2 
 .text.FS__LocatePartition
                0x00005698       0x44 .\emFile_V322c\LinkLibrary\PSoC5\GCC\libemf16nosnlfn.a(FS_Partition.o)
                0x00005698                FS__LocatePartition
 .text.FS_X_AddDevices
                0x000056dc       0x1c .\CortexM3\ARM_GCC_541\Debug\Design01.a(emFile_1_ConfigMMC_SPI.o)
                0x000056dc                FS_X_AddDevices
 .text.FS_X_GetTimeDate
                0x000056f8        0x8 .\CortexM3\ARM_GCC_541\Debug\Design01.a(emFile_1_ConfigMMC_SPI.o)
                0x000056f8                FS_X_GetTimeDate
 .text._CalcDataCRC16Dummy
                0x00005700        0x6 .\emFile_V322c\LinkLibrary\PSoC5\GCC\libemf16nosnlfn.a(MMC_Drv.o)
 *fill*         0x00005706        0x2 
 .text._MMC_GetNumUnits
                0x00005708        0xc .\emFile_V322c\LinkLibrary\PSoC5\GCC\libemf16nosnlfn.a(MMC_Drv.o)
 .text._MMC_GetDriverName
                0x00005714        0x8 .\emFile_V322c\LinkLibrary\PSoC5\GCC\libemf16nosnlfn.a(MMC_Drv.o)
 .text._MMC_GetStatus
                0x0000571c        0x4 .\emFile_V322c\LinkLibrary\PSoC5\GCC\libemf16nosnlfn.a(MMC_Drv.o)
 .text._CheckR1
                0x00005720       0x38 .\emFile_V322c\LinkLibrary\PSoC5\GCC\libemf16nosnlfn.a(MMC_Drv.o)
 .text._WaitToGetReady
                0x00005758       0x26 .\emFile_V322c\LinkLibrary\PSoC5\GCC\libemf16nosnlfn.a(MMC_Drv.o)
 .text._SendEmptyCycles
                0x0000577e       0x24 .\emFile_V322c\LinkLibrary\PSoC5\GCC\libemf16nosnlfn.a(MMC_Drv.o)
 *fill*         0x000057a2        0x2 
 .text._MMC_AddDevice
                0x000057a4       0x2c .\emFile_V322c\LinkLibrary\PSoC5\GCC\libemf16nosnlfn.a(MMC_Drv.o)
 .text.T.53     0x000057d0       0x14 .\emFile_V322c\LinkLibrary\PSoC5\GCC\libemf16nosnlfn.a(MMC_Drv.o)
 .text._GetFromCSD
                0x000057e4       0x34 .\emFile_V322c\LinkLibrary\PSoC5\GCC\libemf16nosnlfn.a(MMC_Drv.o)
 .text._ExecCmdR1
                0x00005818       0x98 .\emFile_V322c\LinkLibrary\PSoC5\GCC\libemf16nosnlfn.a(MMC_Drv.o)
 .text._ReadCSD
                0x000058b0       0x86 .\emFile_V322c\LinkLibrary\PSoC5\GCC\libemf16nosnlfn.a(MMC_Drv.o)
 *fill*         0x00005936        0x2 
 .text._MMC_Read
                0x00005938      0x130 .\emFile_V322c\LinkLibrary\PSoC5\GCC\libemf16nosnlfn.a(MMC_Drv.o)
 .text._MMC_Write
                0x00005a68      0x13c .\emFile_V322c\LinkLibrary\PSoC5\GCC\libemf16nosnlfn.a(MMC_Drv.o)
 .text._ApplyCSD
                0x00005ba4      0x228 .\emFile_V322c\LinkLibrary\PSoC5\GCC\libemf16nosnlfn.a(MMC_Drv.o)
 .text._MMC_Init
                0x00005dcc      0x1c0 .\emFile_V322c\LinkLibrary\PSoC5\GCC\libemf16nosnlfn.a(MMC_Drv.o)
 .text._MMC_InitMedium
                0x00005f8c       0x28 .\emFile_V322c\LinkLibrary\PSoC5\GCC\libemf16nosnlfn.a(MMC_Drv.o)
 .text._MMC_IoCtl
                0x00005fb4       0x60 .\emFile_V322c\LinkLibrary\PSoC5\GCC\libemf16nosnlfn.a(MMC_Drv.o)
 .text.emFile_1_Init
                0x00006014       0x4c .\CortexM3\ARM_GCC_541\Debug\Design01.a(emFile_1_MMC_HW_SPI.o)
 .text.emFile_1_ReadWriteSPI
                0x00006060       0x30 .\CortexM3\ARM_GCC_541\Debug\Design01.a(emFile_1_MMC_HW_SPI.o)
 .text.FS_MMC_HW_X_EnableCS
                0x00006090       0x14 .\CortexM3\ARM_GCC_541\Debug\Design01.a(emFile_1_MMC_HW_SPI.o)
                0x00006090                FS_MMC_HW_X_EnableCS
 .text.FS_MMC_HW_X_DisableCS
                0x000060a4       0x14 .\CortexM3\ARM_GCC_541\Debug\Design01.a(emFile_1_MMC_HW_SPI.o)
                0x000060a4                FS_MMC_HW_X_DisableCS
 .text.FS_MMC_HW_X_IsWriteProtected
                0x000060b8        0x4 .\CortexM3\ARM_GCC_541\Debug\Design01.a(emFile_1_MMC_HW_SPI.o)
                0x000060b8                FS_MMC_HW_X_IsWriteProtected
 .text.FS_MMC_HW_X_SetMaxSpeed
                0x000060bc       0x54 .\CortexM3\ARM_GCC_541\Debug\Design01.a(emFile_1_MMC_HW_SPI.o)
                0x000060bc                FS_MMC_HW_X_SetMaxSpeed
 .text.FS_MMC_HW_X_SetVoltage
                0x00006110       0x3c .\CortexM3\ARM_GCC_541\Debug\Design01.a(emFile_1_MMC_HW_SPI.o)
                0x00006110                FS_MMC_HW_X_SetVoltage
 .text.FS_MMC_HW_X_IsPresent
                0x0000614c        0xc .\CortexM3\ARM_GCC_541\Debug\Design01.a(emFile_1_MMC_HW_SPI.o)
                0x0000614c                FS_MMC_HW_X_IsPresent
 .text.FS_MMC_HW_X_Read
                0x00006158       0x1c .\CortexM3\ARM_GCC_541\Debug\Design01.a(emFile_1_MMC_HW_SPI.o)
                0x00006158                FS_MMC_HW_X_Read
 .text.FS_MMC_HW_X_Write
                0x00006174       0x18 .\CortexM3\ARM_GCC_541\Debug\Design01.a(emFile_1_MMC_HW_SPI.o)
                0x00006174                FS_MMC_HW_X_Write
 .text.emFile_1_Clock_1_Start
                0x0000618c       0x1c .\CortexM3\ARM_GCC_541\Debug\Design01.a(emFile_1_Clock_1.o)
                0x0000618c                emFile_1_Clock_1_Start
 .text.emFile_1_Clock_1_Stop
                0x000061a8       0x1c .\CortexM3\ARM_GCC_541\Debug\Design01.a(emFile_1_Clock_1.o)
                0x000061a8                emFile_1_Clock_1_Stop
 .text.emFile_1_Clock_1_GetDividerRegister
                0x000061c4        0xc .\CortexM3\ARM_GCC_541\Debug\Design01.a(emFile_1_Clock_1.o)
                0x000061c4                emFile_1_Clock_1_GetDividerRegister
 .text.emFile_1_Clock_1_GetSourceRegister
                0x000061d0       0x10 .\CortexM3\ARM_GCC_541\Debug\Design01.a(emFile_1_Clock_1.o)
                0x000061d0                emFile_1_Clock_1_GetSourceRegister
 .text.emFile_1_Clock_1_SetDividerRegister
                0x000061e0       0xd8 .\CortexM3\ARM_GCC_541\Debug\Design01.a(emFile_1_Clock_1.o)
                0x000061e0                emFile_1_Clock_1_SetDividerRegister
 .text.emFile_1_SPI0_CS_Write
                0x000062b8       0x18 .\CortexM3\ARM_GCC_541\Debug\Design01.a(emFile_1_SPI0_CS.o)
                0x000062b8                emFile_1_SPI0_CS_Write
 .text          0x000062d0      0x370 c:/program files (x86)/cypress/psoc creator/4.2/psoc creator/import/gnu/arm/5.4.1/bin/../lib/gcc/arm-none-eabi/5.4.1/armv7-m\libgcc.a(_arm_addsubdf3.o)
                0x000062d0                __aeabi_drsub
                0x000062d8                __aeabi_dsub
                0x000062d8                __subdf3
                0x000062dc                __aeabi_dadd
                0x000062dc                __adddf3
                0x00006554                __floatunsidf
                0x00006554                __aeabi_ui2d
                0x00006574                __floatsidf
                0x00006574                __aeabi_i2d
                0x00006598                __aeabi_f2d
                0x00006598                __extendsfdf2
                0x000065d4                __floatundidf
                0x000065d4                __aeabi_ul2d
                0x000065e4                __floatdidf
                0x000065e4                __aeabi_l2d
 .text          0x00006640      0x424 c:/program files (x86)/cypress/psoc creator/4.2/psoc creator/import/gnu/arm/5.4.1/bin/../lib/gcc/arm-none-eabi/5.4.1/armv7-m\libgcc.a(_arm_muldivdf3.o)
                0x00006640                __aeabi_dmul
                0x00006640                __muldf3
                0x00006894                __divdf3
                0x00006894                __aeabi_ddiv
 .text          0x00006a64      0x110 c:/program files (x86)/cypress/psoc creator/4.2/psoc creator/import/gnu/arm/5.4.1/bin/../lib/gcc/arm-none-eabi/5.4.1/armv7-m\libgcc.a(_arm_cmpdf2.o)
                0x00006a64                __gtdf2
                0x00006a64                __gedf2
                0x00006a6c                __ltdf2
                0x00006a6c                __ledf2
                0x00006a74                __nedf2
                0x00006a74                __eqdf2
                0x00006a74                __cmpdf2
                0x00006af0                __aeabi_cdrcmple
                0x00006b00                __aeabi_cdcmpeq
                0x00006b00                __aeabi_cdcmple
                0x00006b10                __aeabi_dcmpeq
                0x00006b24                __aeabi_dcmplt
                0x00006b38                __aeabi_dcmple
                0x00006b4c                __aeabi_dcmpge
                0x00006b60                __aeabi_dcmpgt
 .text          0x00006b74       0x50 c:/program files (x86)/cypress/psoc creator/4.2/psoc creator/import/gnu/arm/5.4.1/bin/../lib/gcc/arm-none-eabi/5.4.1/armv7-m\libgcc.a(_arm_fixdfsi.o)
                0x00006b74                __aeabi_d2iz
                0x00006b74                __fixdfsi
 .text          0x00006bc4       0x40 c:/program files (x86)/cypress/psoc creator/4.2/psoc creator/import/gnu/arm/5.4.1/bin/../lib/gcc/arm-none-eabi/5.4.1/armv7-m\libgcc.a(_arm_fixunsdfsi.o)
                0x00006bc4                __aeabi_d2uiz
                0x00006bc4                __fixunsdfsi
 .text.__errno  0x00006c04        0xc c:/program files (x86)/cypress/psoc creator/4.2/psoc creator/import/gnu/arm/5.4.1/bin/../lib/gcc/arm-none-eabi/5.4.1/../../../../arm-none-eabi/lib/armv7-m\libg_nano.a(lib_a-errno.o)
                0x00006c04                __errno
 .text.__libc_init_array
                0x00006c10       0x4c c:/program files (x86)/cypress/psoc creator/4.2/psoc creator/import/gnu/arm/5.4.1/bin/../lib/gcc/arm-none-eabi/5.4.1/../../../../arm-none-eabi/lib/armv7-m\libg_nano.a(lib_a-init.o)
                0x00006c10                __libc_init_array
 .text.__itoa   0x00006c5c       0x2e c:/program files (x86)/cypress/psoc creator/4.2/psoc creator/import/gnu/arm/5.4.1/bin/../lib/gcc/arm-none-eabi/5.4.1/../../../../arm-none-eabi/lib/armv7-m\libg_nano.a(lib_a-itoa.o)
                0x00006c5c                __itoa
 .text.itoa     0x00006c8a        0x4 c:/program files (x86)/cypress/psoc creator/4.2/psoc creator/import/gnu/arm/5.4.1/bin/../lib/gcc/arm-none-eabi/5.4.1/../../../../arm-none-eabi/lib/armv7-m\libg_nano.a(lib_a-itoa.o)
                0x00006c8a                itoa
 .text.memcpy   0x00006c8e       0x16 c:/program files (x86)/cypress/psoc creator/4.2/psoc creator/import/gnu/arm/5.4.1/bin/../lib/gcc/arm-none-eabi/5.4.1/../../../../arm-none-eabi/lib/armv7-m\libg_nano.a(lib_a-memcpy-stub.o)
                0x00006c8e                memcpy
 .text.memset   0x00006ca4       0x10 c:/program files (x86)/cypress/psoc creator/4.2/psoc creator/import/gnu/arm/5.4.1/bin/../lib/gcc/arm-none-eabi/5.4.1/../../../../arm-none-eabi/lib/armv7-m\libg_nano.a(lib_a-memset.o)
                0x00006ca4                memset
 .text.__cvt    0x00006cb4       0xc0 c:/program files (x86)/cypress/psoc creator/4.2/psoc creator/import/gnu/arm/5.4.1/bin/../lib/gcc/arm-none-eabi/5.4.1/../../../../arm-none-eabi/lib/armv7-m\libg_nano.a(lib_a-nano-vfprintf_float.o)
                0x00006cb4                __cvt
 .text.__exponent
                0x00006d74       0x62 c:/program files (x86)/cypress/psoc creator/4.2/psoc creator/import/gnu/arm/5.4.1/bin/../lib/gcc/arm-none-eabi/5.4.1/../../../../arm-none-eabi/lib/armv7-m\libg_nano.a(lib_a-nano-vfprintf_float.o)
                0x00006d74                __exponent
 *fill*         0x00006dd6        0x2 
 .text._printf_float
                0x00006dd8      0x488 c:/program files (x86)/cypress/psoc creator/4.2/psoc creator/import/gnu/arm/5.4.1/bin/../lib/gcc/arm-none-eabi/5.4.1/../../../../arm-none-eabi/lib/armv7-m\libg_nano.a(lib_a-nano-vfprintf_float.o)
                0x00006dd8                _printf_float
 .text._printf_common
                0x00007260       0xec c:/program files (x86)/cypress/psoc creator/4.2/psoc creator/import/gnu/arm/5.4.1/bin/../lib/gcc/arm-none-eabi/5.4.1/../../../../arm-none-eabi/lib/armv7-m\libg_nano.a(lib_a-nano-vfprintf_i.o)
                0x00007260                _printf_common
 .text._printf_i
                0x0000734c      0x24c c:/program files (x86)/cypress/psoc creator/4.2/psoc creator/import/gnu/arm/5.4.1/bin/../lib/gcc/arm-none-eabi/5.4.1/../../../../arm-none-eabi/lib/armv7-m\libg_nano.a(lib_a-nano-vfprintf_i.o)
                0x0000734c                _printf_i
 .text.srand    0x00007598       0x50 c:/program files (x86)/cypress/psoc creator/4.2/psoc creator/import/gnu/arm/5.4.1/bin/../lib/gcc/arm-none-eabi/5.4.1/../../../../arm-none-eabi/lib/armv7-m\libg_nano.a(lib_a-rand.o)
                0x00007598                srand
 .text.rand     0x000075e8       0x74 c:/program files (x86)/cypress/psoc creator/4.2/psoc creator/import/gnu/arm/5.4.1/bin/../lib/gcc/arm-none-eabi/5.4.1/../../../../arm-none-eabi/lib/armv7-m\libg_nano.a(lib_a-rand.o)
                0x000075e8                rand
 .text.sprintf  0x0000765c       0x48 c:/program files (x86)/cypress/psoc creator/4.2/psoc creator/import/gnu/arm/5.4.1/bin/../lib/gcc/arm-none-eabi/5.4.1/../../../../arm-none-eabi/lib/armv7-m\libg_nano.a(lib_a-sprintf.o)
                0x0000765c                siprintf
                0x0000765c                sprintf
 .text          0x000076a4       0x10 c:/program files (x86)/cypress/psoc creator/4.2/psoc creator/import/gnu/arm/5.4.1/bin/../lib/gcc/arm-none-eabi/5.4.1/../../../../arm-none-eabi/lib/armv7-m\libg_nano.a(lib_a-strlen.o)
                0x000076a4                strlen
 .text.__utoa   0x000076b4       0x78 c:/program files (x86)/cypress/psoc creator/4.2/psoc creator/import/gnu/arm/5.4.1/bin/../lib/gcc/arm-none-eabi/5.4.1/../../../../arm-none-eabi/lib/armv7-m\libg_nano.a(lib_a-utoa.o)
                0x000076b4                __utoa
 .text.quorem   0x0000772c      0x116 c:/program files (x86)/cypress/psoc creator/4.2/psoc creator/import/gnu/arm/5.4.1/bin/../lib/gcc/arm-none-eabi/5.4.1/../../../../arm-none-eabi/lib/armv7-m\libg_nano.a(lib_a-dtoa.o)
 *fill*         0x00007842        0x6 
 .text._dtoa_r  0x00007848      0xb30 c:/program files (x86)/cypress/psoc creator/4.2/psoc creator/import/gnu/arm/5.4.1/bin/../lib/gcc/arm-none-eabi/5.4.1/../../../../arm-none-eabi/lib/armv7-m\libg_nano.a(lib_a-dtoa.o)
                0x00007848                _dtoa_r
 .text._localeconv_r
                0x00008378        0x8 c:/program files (x86)/cypress/psoc creator/4.2/psoc creator/import/gnu/arm/5.4.1/bin/../lib/gcc/arm-none-eabi/5.4.1/../../../../arm-none-eabi/lib/armv7-m\libg_nano.a(lib_a-locale.o)
                0x00008378                _localeconv_r
 .text.malloc   0x00008380       0x10 c:/program files (x86)/cypress/psoc creator/4.2/psoc creator/import/gnu/arm/5.4.1/bin/../lib/gcc/arm-none-eabi/5.4.1/../../../../arm-none-eabi/lib/armv7-m\libg_nano.a(lib_a-malloc.o)
                0x00008380                malloc
 .text.memchr   0x00008390       0x1c c:/program files (x86)/cypress/psoc creator/4.2/psoc creator/import/gnu/arm/5.4.1/bin/../lib/gcc/arm-none-eabi/5.4.1/../../../../arm-none-eabi/lib/armv7-m\libg_nano.a(lib_a-memchr-stub.o)
                0x00008390                memchr
 .text._Balloc  0x000083ac       0x6a c:/program files (x86)/cypress/psoc creator/4.2/psoc creator/import/gnu/arm/5.4.1/bin/../lib/gcc/arm-none-eabi/5.4.1/../../../../arm-none-eabi/lib/armv7-m\libg_nano.a(lib_a-mprec.o)
                0x000083ac                _Balloc
 .text._Bfree   0x00008416       0x2e c:/program files (x86)/cypress/psoc creator/4.2/psoc creator/import/gnu/arm/5.4.1/bin/../lib/gcc/arm-none-eabi/5.4.1/../../../../arm-none-eabi/lib/armv7-m\libg_nano.a(lib_a-mprec.o)
                0x00008416                _Bfree
 .text.__multadd
                0x00008444       0x76 c:/program files (x86)/cypress/psoc creator/4.2/psoc creator/import/gnu/arm/5.4.1/bin/../lib/gcc/arm-none-eabi/5.4.1/../../../../arm-none-eabi/lib/armv7-m\libg_nano.a(lib_a-mprec.o)
                0x00008444                __multadd
 .text.__hi0bits
                0x000084ba       0x40 c:/program files (x86)/cypress/psoc creator/4.2/psoc creator/import/gnu/arm/5.4.1/bin/../lib/gcc/arm-none-eabi/5.4.1/../../../../arm-none-eabi/lib/armv7-m\libg_nano.a(lib_a-mprec.o)
                0x000084ba                __hi0bits
 .text.__lo0bits
                0x000084fa       0x5a c:/program files (x86)/cypress/psoc creator/4.2/psoc creator/import/gnu/arm/5.4.1/bin/../lib/gcc/arm-none-eabi/5.4.1/../../../../arm-none-eabi/lib/armv7-m\libg_nano.a(lib_a-mprec.o)
                0x000084fa                __lo0bits
 .text.__i2b    0x00008554       0x12 c:/program files (x86)/cypress/psoc creator/4.2/psoc creator/import/gnu/arm/5.4.1/bin/../lib/gcc/arm-none-eabi/5.4.1/../../../../arm-none-eabi/lib/armv7-m\libg_nano.a(lib_a-mprec.o)
                0x00008554                __i2b
 .text.__multiply
                0x00008566      0x120 c:/program files (x86)/cypress/psoc creator/4.2/psoc creator/import/gnu/arm/5.4.1/bin/../lib/gcc/arm-none-eabi/5.4.1/../../../../arm-none-eabi/lib/armv7-m\libg_nano.a(lib_a-mprec.o)
                0x00008566                __multiply
 *fill*         0x00008686        0x2 
 .text.__pow5mult
                0x00008688       0x9c c:/program files (x86)/cypress/psoc creator/4.2/psoc creator/import/gnu/arm/5.4.1/bin/../lib/gcc/arm-none-eabi/5.4.1/../../../../arm-none-eabi/lib/armv7-m\libg_nano.a(lib_a-mprec.o)
                0x00008688                __pow5mult
 .text.__lshift
                0x00008724       0xa2 c:/program files (x86)/cypress/psoc creator/4.2/psoc creator/import/gnu/arm/5.4.1/bin/../lib/gcc/arm-none-eabi/5.4.1/../../../../arm-none-eabi/lib/armv7-m\libg_nano.a(lib_a-mprec.o)
                0x00008724                __lshift
 .text.__mcmp   0x000087c6       0x38 c:/program files (x86)/cypress/psoc creator/4.2/psoc creator/import/gnu/arm/5.4.1/bin/../lib/gcc/arm-none-eabi/5.4.1/../../../../arm-none-eabi/lib/armv7-m\libg_nano.a(lib_a-mprec.o)
                0x000087c6                __mcmp
 .text.__mdiff  0x000087fe       0xbe c:/program files (x86)/cypress/psoc creator/4.2/psoc creator/import/gnu/arm/5.4.1/bin/../lib/gcc/arm-none-eabi/5.4.1/../../../../arm-none-eabi/lib/armv7-m\libg_nano.a(lib_a-mprec.o)
                0x000087fe                __mdiff
 .text.__d2b    0x000088bc       0x9c c:/program files (x86)/cypress/psoc creator/4.2/psoc creator/import/gnu/arm/5.4.1/bin/../lib/gcc/arm-none-eabi/5.4.1/../../../../arm-none-eabi/lib/armv7-m\libg_nano.a(lib_a-mprec.o)
                0x000088bc                __d2b
 .text._calloc_r
                0x00008958       0x1c c:/program files (x86)/cypress/psoc creator/4.2/psoc creator/import/gnu/arm/5.4.1/bin/../lib/gcc/arm-none-eabi/5.4.1/../../../../arm-none-eabi/lib/armv7-m\libg_nano.a(lib_a-nano-callocr.o)
                0x00008958                _calloc_r
 .text._free_r  0x00008974       0x98 c:/program files (x86)/cypress/psoc creator/4.2/psoc creator/import/gnu/arm/5.4.1/bin/../lib/gcc/arm-none-eabi/5.4.1/../../../../arm-none-eabi/lib/armv7-m\libg_nano.a(lib_a-nano-freer.o)
                0x00008974                _free_r
 .text._malloc_r
                0x00008a0c       0xbc c:/program files (x86)/cypress/psoc creator/4.2/psoc creator/import/gnu/arm/5.4.1/bin/../lib/gcc/arm-none-eabi/5.4.1/../../../../arm-none-eabi/lib/armv7-m\libg_nano.a(lib_a-nano-mallocr.o)
                0x00008a0c                _malloc_r
 .text.__ssputs_r
                0x00008ac8       0xb2 c:/program files (x86)/cypress/psoc creator/4.2/psoc creator/import/gnu/arm/5.4.1/bin/../lib/gcc/arm-none-eabi/5.4.1/../../../../arm-none-eabi/lib/armv7-m\libg_nano.a(lib_a-nano-svfprintf.o)
                0x00008ac8                __ssputs_r
 *fill*         0x00008b7a        0x2 
 .text._svfprintf_r
                0x00008b7c      0x1e8 c:/program files (x86)/cypress/psoc creator/4.2/psoc creator/import/gnu/arm/5.4.1/bin/../lib/gcc/arm-none-eabi/5.4.1/../../../../arm-none-eabi/lib/armv7-m\libg_nano.a(lib_a-nano-svfprintf.o)
                0x00008b7c                _svfiprintf_r
                0x00008b7c                _svfprintf_r
 .text._sbrk_r  0x00008d64       0x20 c:/program files (x86)/cypress/psoc creator/4.2/psoc creator/import/gnu/arm/5.4.1/bin/../lib/gcc/arm-none-eabi/5.4.1/../../../../arm-none-eabi/lib/armv7-m\libg_nano.a(lib_a-sbrkr.o)
                0x00008d64                _sbrk_r
 .text.memmove  0x00008d84       0x36 c:/program files (x86)/cypress/psoc creator/4.2/psoc creator/import/gnu/arm/5.4.1/bin/../lib/gcc/arm-none-eabi/5.4.1/../../../../arm-none-eabi/lib/armv7-m\libg_nano.a(lib_a-memmove.o)
                0x00008d84                memmove
 .text.__malloc_lock
                0x00008dba        0x2 c:/program files (x86)/cypress/psoc creator/4.2/psoc creator/import/gnu/arm/5.4.1/bin/../lib/gcc/arm-none-eabi/5.4.1/../../../../arm-none-eabi/lib/armv7-m\libg_nano.a(lib_a-mlock.o)
                0x00008dba                __malloc_lock
 .text.__malloc_unlock
                0x00008dbc        0x2 c:/program files (x86)/cypress/psoc creator/4.2/psoc creator/import/gnu/arm/5.4.1/bin/../lib/gcc/arm-none-eabi/5.4.1/../../../../arm-none-eabi/lib/armv7-m\libg_nano.a(lib_a-mlock.o)
                0x00008dbc                __malloc_unlock
 .text._realloc_r
                0x00008dbe       0x4c c:/program files (x86)/cypress/psoc creator/4.2/psoc creator/import/gnu/arm/5.4.1/bin/../lib/gcc/arm-none-eabi/5.4.1/../../../../arm-none-eabi/lib/armv7-m\libg_nano.a(lib_a-nano-reallocr.o)
                0x00008dbe                _realloc_r
 .text._malloc_usable_size_r
                0x00008e0a       0x14 c:/program files (x86)/cypress/psoc creator/4.2/psoc creator/import/gnu/arm/5.4.1/bin/../lib/gcc/arm-none-eabi/5.4.1/../../../../arm-none-eabi/lib/armv7-m\libg_nano.a(lib_a-nano-msizer.o)
                0x00008e0a                _malloc_usable_size_r
 *fill*         0x00008e1e        0x2 
 .text          0x00008e20       0x2c c:/program files (x86)/cypress/psoc creator/4.2/psoc creator/import/gnu/arm/5.4.1/bin/../lib/gcc/arm-none-eabi/5.4.1/armv7-m\libgcc.a(_arm_unorddf2.o)
                0x00008e20                __unorddf2
                0x00008e20                __aeabi_dcmpun
 *(.plt)
 *(.gnu.warning)
 *(.glue_7t)
 .glue_7t       0x00008e4c        0x0 linker stubs
 *(.glue_7)
 .glue_7        0x00008e4c        0x0 linker stubs
 *(.vfp11_veneer)
 .vfp11_veneer  0x00008e4c        0x0 linker stubs
 *(.bootloader)
 *(.ARM.extab* .gnu.linkonce.armextab.*)
 *(.gcc_except_table)

.v4_bx          0x00008e4c        0x0
 .v4_bx         0x00008e4c        0x0 linker stubs

.iplt           0x00008e4c        0x0
 .iplt          0x00008e4c        0x0 c:/program files (x86)/cypress/psoc creator/4.2/psoc creator/import/gnu/arm/5.4.1/bin/../lib/gcc/arm-none-eabi/5.4.1/armv7-m/crtbegin.o

.eh_frame_hdr
 *(.eh_frame_hdr)

.eh_frame       0x00008e4c        0x4
 *(.eh_frame)
 .eh_frame      0x00008e4c        0x0 c:/program files (x86)/cypress/psoc creator/4.2/psoc creator/import/gnu/arm/5.4.1/bin/../lib/gcc/arm-none-eabi/5.4.1/armv7-m/crtbegin.o
 .eh_frame      0x00008e4c        0x4 c:/program files (x86)/cypress/psoc creator/4.2/psoc creator/import/gnu/arm/5.4.1/bin/../lib/gcc/arm-none-eabi/5.4.1/armv7-m/crtend.o
                [!provide]                PROVIDE (__exidx_start, .)

.ARM.exidx
 *(.ARM.exidx* .gnu.linkonce.armexidx.*)
                0x00008e50                __exidx_end = .

.rodata         0x00008e50      0xae0
 *(.rodata .rodata.* .gnu.linkonce.r.*)
 .rodata        0x00008e50       0x18 .\CortexM3\ARM_GCC_541\Debug\main.o
 .rodata.str1.4
                0x00008e68       0xa2 .\CortexM3\ARM_GCC_541\Debug\main.o
 *fill*         0x00008f0a        0x2 
 .rodata        0x00008f0c       0x98 .\CortexM3\ARM_GCC_541\Debug\screen.o
 .rodata.str1.4
                0x00008fa4      0x285 .\CortexM3\ARM_GCC_541\Debug\screen.o
 *fill*         0x00009229        0x3 
 .rodata        0x0000922c      0x34d .\CortexM3\ARM_GCC_541\Debug\font.o
 *fill*         0x00009579        0x3 
 .rodata.str1.4
                0x0000957c       0x68 .\CortexM3\ARM_GCC_541\Debug\sd.o
 .rodata.str1.4
                0x000095e4        0x7 .\CortexM3\ARM_GCC_541\Debug\uifunctions.o
 .rodata        0x000095e4       0x66 .\CortexM3\ARM_GCC_541\Debug\cyfitter_cfg.o
                0x000095e4                AMux_1__addrTable
                0x000095ec                AMux_1__maskTable
                0x000095f0                AMux_2__addrTable
                0x000095f8                AMux_2__maskTable
                0x000095fc                AMux_3__addrTable
                0x00009604                AMux_3__maskTable
 *fill*         0x0000964a        0x2 
 .rodata        0x0000964c       0x78 .\emFile_V322c\LinkLibrary\PSoC5\GCC\libemf16nosnlfn.a(FS_Misc.o)
 .rodata.str1.1
                0x000096c4       0x30 .\emFile_V322c\LinkLibrary\PSoC5\GCC\libemf16nosnlfn.a(FS_Misc.o)
 .rodata        0x000096f4       0x10 .\emFile_V322c\LinkLibrary\PSoC5\GCC\libemf16nosnlfn.a(FAT_Misc.o)
                0x000096f4                FAT_SFN_API
 .rodata.str1.1
                0x00009704        0x3 .\emFile_V322c\LinkLibrary\PSoC5\GCC\libemf16nosnlfn.a(FAT_Open.o)
 *fill*         0x00009707        0x1 
 .rodata        0x00009708       0x68 .\emFile_V322c\LinkLibrary\PSoC5\GCC\libemf16nosnlfn.a(MMC_Drv.o)
                0x00009750                FS_MMC_SPI_Driver
 .rodata.str1.1
                0x00009770        0x4 .\emFile_V322c\LinkLibrary\PSoC5\GCC\libemf16nosnlfn.a(MMC_Drv.o)
 .rodata.str1.1
                0x00009774        0x2 c:/program files (x86)/cypress/psoc creator/4.2/psoc creator/import/gnu/arm/5.4.1/bin/../lib/gcc/arm-none-eabi/5.4.1/../../../../arm-none-eabi/lib/armv7-m\libg_nano.a(lib_a-impure.o)
 .rodata.str1.1
                0x00009776       0x12 c:/program files (x86)/cypress/psoc creator/4.2/psoc creator/import/gnu/arm/5.4.1/bin/../lib/gcc/arm-none-eabi/5.4.1/../../../../arm-none-eabi/lib/armv7-m\libg_nano.a(lib_a-nano-vfprintf_float.o)
 .rodata.str1.1
                0x00009788       0x22 c:/program files (x86)/cypress/psoc creator/4.2/psoc creator/import/gnu/arm/5.4.1/bin/../lib/gcc/arm-none-eabi/5.4.1/../../../../arm-none-eabi/lib/armv7-m\libg_nano.a(lib_a-nano-vfprintf_i.o)
 .rodata.str1.1
                0x000097aa       0x25 c:/program files (x86)/cypress/psoc creator/4.2/psoc creator/import/gnu/arm/5.4.1/bin/../lib/gcc/arm-none-eabi/5.4.1/../../../../arm-none-eabi/lib/armv7-m\libg_nano.a(lib_a-utoa.o)
 .rodata.str1.1
                0x000097cf        0xd c:/program files (x86)/cypress/psoc creator/4.2/psoc creator/import/gnu/arm/5.4.1/bin/../lib/gcc/arm-none-eabi/5.4.1/../../../../arm-none-eabi/lib/armv7-m\libg_nano.a(lib_a-dtoa.o)
                                  0xf (size before relaxing)
 .rodata.str1.1
                0x000097dc        0x6 c:/program files (x86)/cypress/psoc creator/4.2/psoc creator/import/gnu/arm/5.4.1/bin/../lib/gcc/arm-none-eabi/5.4.1/../../../../arm-none-eabi/lib/armv7-m\libg_nano.a(lib_a-locale.o)
                                  0xb (size before relaxing)
 *fill*         0x000097e2        0x6 
 .rodata.__mprec_tens
                0x000097e8       0xc8 c:/program files (x86)/cypress/psoc creator/4.2/psoc creator/import/gnu/arm/5.4.1/bin/../lib/gcc/arm-none-eabi/5.4.1/../../../../arm-none-eabi/lib/armv7-m\libg_nano.a(lib_a-mprec.o)
                0x000097e8                __mprec_tens
 .rodata.p05.5408
                0x000098b0        0xc c:/program files (x86)/cypress/psoc creator/4.2/psoc creator/import/gnu/arm/5.4.1/bin/../lib/gcc/arm-none-eabi/5.4.1/../../../../arm-none-eabi/lib/armv7-m\libg_nano.a(lib_a-mprec.o)
 *fill*         0x000098bc        0x4 
 .rodata.__mprec_bigtens
                0x000098c0       0x28 c:/program files (x86)/cypress/psoc creator/4.2/psoc creator/import/gnu/arm/5.4.1/bin/../lib/gcc/arm-none-eabi/5.4.1/../../../../arm-none-eabi/lib/armv7-m\libg_nano.a(lib_a-mprec.o)
                0x000098c0                __mprec_bigtens
 .rodata.str1.1
                0x000098e8       0x11 c:/program files (x86)/cypress/psoc creator/4.2/psoc creator/import/gnu/arm/5.4.1/bin/../lib/gcc/arm-none-eabi/5.4.1/../../../../arm-none-eabi/lib/armv7-m\libg_nano.a(lib_a-nano-svfprintf.o)
                0x000098fc                . = ALIGN (0x4)
 *fill*         0x000098f9        0x3 
 *(.init)
 .init          0x000098fc        0x4 c:/program files (x86)/cypress/psoc creator/4.2/psoc creator/import/gnu/arm/5.4.1/bin/../lib/gcc/arm-none-eabi/5.4.1/armv7-m/crti.o
                0x000098fc                _init
 .init          0x00009900        0x8 c:/program files (x86)/cypress/psoc creator/4.2/psoc creator/import/gnu/arm/5.4.1/bin/../lib/gcc/arm-none-eabi/5.4.1/armv7-m/crtn.o
                0x00009908                . = ALIGN (0x4)
                0x00009908                __preinit_array_start = .
 *(.preinit_array)
                0x00009908                __preinit_array_end = .
                0x00009908                . = ALIGN (0x4)
                0x00009908                __init_array_start = .
 *(SORT(.init_array.*))
 *(.init_array)
 .init_array    0x00009908        0x4 c:/program files (x86)/cypress/psoc creator/4.2/psoc creator/import/gnu/arm/5.4.1/bin/../lib/gcc/arm-none-eabi/5.4.1/armv7-m/crtbegin.o
 .init_array    0x0000990c        0x4 .\CortexM3\ARM_GCC_541\Debug\Cm3Start.o
                0x00009910                __init_array_end = .
                0x00009910                . = ALIGN (0x4)
 *(.fini)
 .fini          0x00009910        0x4 c:/program files (x86)/cypress/psoc creator/4.2/psoc creator/import/gnu/arm/5.4.1/bin/../lib/gcc/arm-none-eabi/5.4.1/armv7-m/crti.o
                0x00009910                _fini
 .fini          0x00009914        0x8 c:/program files (x86)/cypress/psoc creator/4.2/psoc creator/import/gnu/arm/5.4.1/bin/../lib/gcc/arm-none-eabi/5.4.1/armv7-m/crtn.o
                0x0000991c                . = ALIGN (0x4)
                0x0000991c                __fini_array_start = .
 *(.fini_array)
 .fini_array    0x0000991c        0x4 c:/program files (x86)/cypress/psoc creator/4.2/psoc creator/import/gnu/arm/5.4.1/bin/../lib/gcc/arm-none-eabi/5.4.1/armv7-m/crtbegin.o
 *(SORT(.fini_array.*))
                0x00009920                __fini_array_end = .
                0x00009920                . = ALIGN (0x4)
 *crtbegin.o(.ctors)
 *(EXCLUDE_FILE(*crtend.o) .ctors)
 *(SORT(.ctors.*))
 *crtend.o(.ctors)
                0x00009920                . = ALIGN (0x4)
 *crtbegin.o(.dtors)
 *(EXCLUDE_FILE(*crtend.o) .dtors)
 *(SORT(.dtors.*))
 *crtend.o(.dtors)
                0x00009920                . = ALIGN (0x4)
                0x00009920                __cy_regions = .
                0x00009920        0x4 LONG 0x9930 __cy_region_init_ram
                0x00009924        0x4 LONG 0x1fff80c8 __cy_region_start_data
                0x00009928        0x4 LONG 0xe0 __cy_region_init_size_ram
                0x0000992c        0x4 LONG 0x10f8 __cy_region_zero_size_ram
                0x00009930                __cy_regions_end = .
                0x00009930                . = ALIGN (0x8)
                0x00009930                _etext = .

.cy_checksum_exclude
                0x00009930        0x0
 *(.cy_checksum_exclude)

.ramvectors     0x1fff8000       0xc0
                0x1fff8000                __cy_region_start_ram = .
 *(.ramvectors)
 .ramvectors    0x1fff8000       0xc0 .\CortexM3\ARM_GCC_541\Debug\Cm3Start.o
                0x1fff8000                CyRamVectors

.noinit         0x1fff80c0        0x1
 *(.noinit)
 .noinit        0x1fff80c0        0x1 .\CortexM3\ARM_GCC_541\Debug\Design01.a(CyLib.o)
                0x1fff80c0                CyResetStatus

.data           0x1fff80c8       0xe0 load address 0x00009930
                0x1fff80c8                __cy_region_start_data = .
 *(.jcr)
 .jcr           0x1fff80c8        0x0 c:/program files (x86)/cypress/psoc creator/4.2/psoc creator/import/gnu/arm/5.4.1/bin/../lib/gcc/arm-none-eabi/5.4.1/armv7-m/crtbegin.o
 .jcr           0x1fff80c8        0x4 c:/program files (x86)/cypress/psoc creator/4.2/psoc creator/import/gnu/arm/5.4.1/bin/../lib/gcc/arm-none-eabi/5.4.1/armv7-m/crtend.o
 *(.got.plt)
 *(.got)
 *(.shdata)
 *(.data .data.* .gnu.linkonce.d.*)
 .data          0x1fff80cc       0x14 .\CortexM3\ARM_GCC_541\Debug\uifunctions.o
                0x1fff80cc                device_selection
                0x1fff80d0                num_avg
                0x1fff80d4                curve_nums
                0x1fff80d8                draw_grid
                0x1fff80dc                write_sd
 .data          0x1fff80e0        0x4 .\CortexM3\ARM_GCC_541\Debug\Cm3Start.o
 .data          0x1fff80e4       0x10 .\CortexM3\ARM_GCC_541\Debug\Design01.a(CyLib.o)
                0x1fff80e4                cydelay_32k_ms
                0x1fff80e8                cydelay_freq_khz
                0x1fff80ec                cydelay_freq_mhz
                0x1fff80f0                cydelay_freq_hz
 .data          0x1fff80f4        0x6 .\CortexM3\ARM_GCC_541\Debug\Design01.a(I2C_PM.o)
                0x1fff80f4                I2C_backup
 .data          0x1fff80fa        0x1 .\CortexM3\ARM_GCC_541\Debug\Design01.a(AMux_1.o)
 .data          0x1fff80fb        0x1 .\CortexM3\ARM_GCC_541\Debug\Design01.a(AMux_2.o)
 .data          0x1fff80fc        0x1 .\CortexM3\ARM_GCC_541\Debug\Design01.a(AMux_3.o)
 *fill*         0x1fff80fd        0x3 
 .data          0x1fff8100        0x2 .\CortexM3\ARM_GCC_541\Debug\Design01.a(emFile_1_SPI0_PM.o)
 *fill*         0x1fff8102        0x2 
 .data          0x1fff8104        0x4 .\emFile_V322c\LinkLibrary\PSoC5\GCC\libemf16nosnlfn.a(FAT_Misc.o)
                0x1fff8104                FAT_pDirEntryAPI
 .data          0x1fff8108        0x4 .\emFile_V322c\LinkLibrary\PSoC5\GCC\libemf16nosnlfn.a(MMC_Drv.o)
 .data.impure_data
                0x1fff810c       0x60 c:/program files (x86)/cypress/psoc creator/4.2/psoc creator/import/gnu/arm/5.4.1/bin/../lib/gcc/arm-none-eabi/5.4.1/../../../../arm-none-eabi/lib/armv7-m\libg_nano.a(lib_a-impure.o)
 .data._impure_ptr
                0x1fff816c        0x4 c:/program files (x86)/cypress/psoc creator/4.2/psoc creator/import/gnu/arm/5.4.1/bin/../lib/gcc/arm-none-eabi/5.4.1/../../../../arm-none-eabi/lib/armv7-m\libg_nano.a(lib_a-impure.o)
                0x1fff816c                _impure_ptr
 .data.lconv    0x1fff8170       0x38 c:/program files (x86)/cypress/psoc creator/4.2/psoc creator/import/gnu/arm/5.4.1/bin/../lib/gcc/arm-none-eabi/5.4.1/../../../../arm-none-eabi/lib/armv7-m\libg_nano.a(lib_a-locale.o)
                0x1fff81a8                . = ALIGN (0x8)
 *(.ram)
                0x1fff81a8                _edata = .

.igot.plt       0x1fff81a8        0x0 load address 0x00009a10
 .igot.plt      0x1fff81a8        0x0 c:/program files (x86)/cypress/psoc creator/4.2/psoc creator/import/gnu/arm/5.4.1/bin/../lib/gcc/arm-none-eabi/5.4.1/armv7-m/crtbegin.o

.bss            0x1fff81a8     0x10f8 load address 0x00009a10
                0x1fff81a8                PROVIDE (__bss_start__, .)
 *(.shbss)
 *(.bss .bss.* .gnu.linkonce.b.*)
 .bss           0x1fff81a8       0x1c c:/program files (x86)/cypress/psoc creator/4.2/psoc creator/import/gnu/arm/5.4.1/bin/../lib/gcc/arm-none-eabi/5.4.1/armv7-m/crtbegin.o
 .bss           0x1fff81c4        0x4 .\CortexM3\ARM_GCC_541\Debug\uifunctions.o
                0x1fff81c4                screen_state
 .bss           0x1fff81c8        0x1 .\CortexM3\ARM_GCC_541\Debug\Design01.a(SPIM.o)
                0x1fff81c8                SPIM_initVar
 .bss           0x1fff81c9        0x1 .\CortexM3\ARM_GCC_541\Debug\Design01.a(VDAC8_DS.o)
                0x1fff81c9                VDAC8_DS_initVar
 .bss           0x1fff81ca        0x1 .\CortexM3\ARM_GCC_541\Debug\Design01.a(VDAC8_GS.o)
                0x1fff81ca                VDAC8_GS_initVar
 .bss           0x1fff81cb        0x1 .\CortexM3\ARM_GCC_541\Debug\Design01.a(ADC_SAR_1.o)
                0x1fff81cb                ADC_SAR_1_initVar
 .bss           0x1fff81cc        0x1 .\CortexM3\ARM_GCC_541\Debug\Design01.a(ADC_SAR_1_PM.o)
 .bss           0x1fff81cd        0x1 .\CortexM3\ARM_GCC_541\Debug\Design01.a(I2C.o)
                0x1fff81cd                I2C_initVar
 .bss           0x1fff81ce        0x1 .\CortexM3\ARM_GCC_541\Debug\Design01.a(emFile_1_SPI0.o)
                0x1fff81ce                emFile_1_SPI0_initVar
 *fill*         0x1fff81cf        0x1 
 .bss           0x1fff81d0        0xc .\emFile_V322c\LinkLibrary\PSoC5\GCC\libemf16nosnlfn.a(FS_Core.o)
 .bss           0x1fff81dc     0x1000 .\CortexM3\ARM_GCC_541\Debug\Design01.a(emFile_1_ConfigMMC_SPI.o)
 .bss           0x1fff91dc       0x14 .\emFile_V322c\LinkLibrary\PSoC5\GCC\libemf16nosnlfn.a(MMC_Drv.o)
 .bss           0x1fff91f0        0x1 .\CortexM3\ARM_GCC_541\Debug\Design01.a(emFile_1_MMC_HW_SPI.o)
 *fill*         0x1fff91f1        0x3 
 .bss.__malloc_sbrk_start
                0x1fff91f4        0x4 c:/program files (x86)/cypress/psoc creator/4.2/psoc creator/import/gnu/arm/5.4.1/bin/../lib/gcc/arm-none-eabi/5.4.1/../../../../arm-none-eabi/lib/armv7-m\libg_nano.a(lib_a-nano-mallocr.o)
                0x1fff91f4                __malloc_sbrk_start
 .bss.__malloc_free_list
                0x1fff91f8        0x4 c:/program files (x86)/cypress/psoc creator/4.2/psoc creator/import/gnu/arm/5.4.1/bin/../lib/gcc/arm-none-eabi/5.4.1/../../../../arm-none-eabi/lib/armv7-m\libg_nano.a(lib_a-nano-mallocr.o)
                0x1fff91f8                __malloc_free_list
 *(COMMON)
 COMMON         0x1fff91fc        0xa .\CortexM3\ARM_GCC_541\Debug\Design01.a(ADC_SAR_1.o)
                0x1fff91fc                ADC_SAR_1_countsPerVolt
                0x1fff91fe                ADC_SAR_1_shift
                0x1fff9200                ADC_SAR_1_countsPer10Volt
                0x1fff9204                ADC_SAR_1_offset
 COMMON         0x1fff9206        0x1 .\CortexM3\ARM_GCC_541\Debug\Design01.a(I2C.o)
                0x1fff9206                I2C_state
 *fill*         0x1fff9207        0x1 
 COMMON         0x1fff9208       0x10 .\CortexM3\ARM_GCC_541\Debug\Design01.a(I2C_MASTER.o)
                0x1fff9208                I2C_mstrWrBufIndex
                0x1fff9209                I2C_mstrWrBufSize
                0x1fff920a                I2C_mstrStatus
                0x1fff920c                I2C_mstrRdBufPtr
                0x1fff9210                I2C_mstrControl
                0x1fff9211                I2C_mstrRdBufSize
                0x1fff9212                I2C_mstrRdBufIndex
                0x1fff9214                I2C_mstrWrBufPtr
 COMMON         0x1fff9218       0x84 .\emFile_V322c\LinkLibrary\PSoC5\GCC\libemf16nosnlfn.a(FS_Core.o)
                0x1fff9218                FS_Global
                0x1fff9298                FS_NumBytesAllocated
 COMMON         0x1fff929c        0x4 c:/program files (x86)/cypress/psoc creator/4.2/psoc creator/import/gnu/arm/5.4.1/bin/../lib/gcc/arm-none-eabi/5.4.1/../../../../arm-none-eabi/lib/armv7-m\libg_nano.a(lib_a-reent.o)
                0x1fff929c                errno
                0x1fff92a0                . = ALIGN (0x8)
 *(.ram.b)
                0x1fff92a0                _end = .
                0x1fff92a0                __end = .
                0x1fff92a0                PROVIDE (end, .)
                0x1fff92a0                PROVIDE (__bss_end__, .)
                0x00009930                __cy_region_init_ram = LOADADDR (.data)
                0x000000e0                __cy_region_init_size_ram = (_edata - ADDR (.data))
                0x000010f8                __cy_region_zero_size_ram = (_end - _edata)

.heap           0x1fff92a0     0x1000 load address 0x00009a10
                0x1fff92a0                . = _end
                0x1fffa2a0                . = (. + 0x1000)
 *fill*         0x1fff92a0     0x1000 
                0x1fffa2a0                __cy_heap_limit = .

.stack          0x20007800      0x800
                0x20007800                __cy_stack_limit = .
                0x20008000                . = (. + 0x800)
 *fill*         0x20007800      0x800 
                0x00000001                ASSERT ((__cy_stack_limit >= __cy_heap_limit), region RAM overflowed with stack)
                0x00000000                cy_checksum_exclude_size = (CY_APPL_LOADABLE == 0x1)?SIZEOF (.cy_checksum_exclude):0x0
                0x00000001                ASSERT ((cy_checksum_exclude_size <= CY_CHECKSUM_EXCLUDE_SIZE), CY_BOOT: Section .cy_checksum_exclude size exceedes specified limit.)

.cyloadermeta
 *(.cyloadermeta)

.cyloadablemeta
 *(.cyloadablemeta)

.cyconfigecc    0x80000000      0x5d8
 *(.cyconfigecc)
 .cyconfigecc   0x80000000      0x5d8 .\CortexM3\ARM_GCC_541\Debug\cymetadata.o
                0x80000000                cy_meta_configecc

.cycustnvl      0x90000000        0x4
 *(.cycustnvl)
 .cycustnvl     0x90000000        0x4 .\CortexM3\ARM_GCC_541\Debug\cymetadata.o
                0x90000000                cy_meta_custnvl

.cywolatch      0x90100000        0x4
 *(.cywolatch)
 .cywolatch     0x90100000        0x4 .\CortexM3\ARM_GCC_541\Debug\cymetadata.o
                0x90100000                cy_meta_wonvl

.cyeeprom       0x90200000        0x0
 *(.cyeeprom)
                0x00000001                ASSERT ((. <= ((0x90200000 + ee_offset) + ee_size)), .cyeeprom data will not fit in EEPROM)

.cyflashprotect
                0x90400000      0x100
 *(.cyflashprotect)
 .cyflashprotect
                0x90400000      0x100 .\CortexM3\ARM_GCC_541\Debug\cymetadata.o
                0x90400000                cy_meta_flashprotect

.cymeta         0x90500000        0xc
 *(.cymeta)
 .cymeta        0x90500000        0xc .\CortexM3\ARM_GCC_541\Debug\cymetadata.o
                0x90500000                cy_metadata

.rel.dyn        0x00009a10        0x0 load address 0x9050000c
 .rel.iplt      0x00009a10        0x0 c:/program files (x86)/cypress/psoc creator/4.2/psoc creator/import/gnu/arm/5.4.1/bin/../lib/gcc/arm-none-eabi/5.4.1/armv7-m/crtbegin.o

.stab
 *(.stab)

.stabstr
 *(.stabstr)

.debug
 *(.debug)

.line
 *(.line)

.debug_srcinfo
 *(.debug_srcinfo)

.debug_sfnames
 *(.debug_sfnames)

.debug_aranges  0x00000000      0xfc0
 *(.debug_aranges)
 .debug_aranges
                0x00000000       0x50 .\CortexM3\ARM_GCC_541\Debug\main.o
 .debug_aranges
                0x00000050       0xe0 .\CortexM3\ARM_GCC_541\Debug\screen.o
 .debug_aranges
                0x00000130       0x28 .\CortexM3\ARM_GCC_541\Debug\font.o
 .debug_aranges
                0x00000158       0x38 .\CortexM3\ARM_GCC_541\Debug\sd.o
 .debug_aranges
                0x00000190       0x20 .\CortexM3\ARM_GCC_541\Debug\uifunctions.o
 .debug_aranges
                0x000001b0       0x88 .\CortexM3\ARM_GCC_541\Debug\cyfitter_cfg.o
 .debug_aranges
                0x00000238       0x18 .\CortexM3\ARM_GCC_541\Debug\cymetadata.o
 .debug_aranges
                0x00000250       0x48 .\CortexM3\ARM_GCC_541\Debug\Cm3Start.o
 .debug_aranges
                0x00000298      0x2a0 .\CortexM3\ARM_GCC_541\Debug\Design01.a(CyLib.o)
 .debug_aranges
                0x00000538       0x98 .\CortexM3\ARM_GCC_541\Debug\Design01.a(cyPm.o)
 .debug_aranges
                0x000005d0       0x38 .\CortexM3\ARM_GCC_541\Debug\Design01.a(SS.o)
 .debug_aranges
                0x00000608       0x38 .\CortexM3\ARM_GCC_541\Debug\Design01.a(D_C.o)
 .debug_aranges
                0x00000640       0x38 .\CortexM3\ARM_GCC_541\Debug\Design01.a(Reset.o)
 .debug_aranges
                0x00000678       0x70 .\CortexM3\ARM_GCC_541\Debug\Design01.a(Clock.o)
 .debug_aranges
                0x000006e8       0xd8 .\CortexM3\ARM_GCC_541\Debug\Design01.a(SPIM.o)
 .debug_aranges
                0x000007c0       0x58 .\CortexM3\ARM_GCC_541\Debug\Design01.a(VDAC8_DS.o)
 .debug_aranges
                0x00000818       0x58 .\CortexM3\ARM_GCC_541\Debug\Design01.a(VDAC8_GS.o)
 .debug_aranges
                0x00000870       0xa8 .\CortexM3\ARM_GCC_541\Debug\Design01.a(ADC_SAR_1.o)