Archive member included to satisfy reference by file (symbol)

.\CortexM3\ARM_GCC_541\Debug\Design01.a(CyLib.o)
                              .\CortexM3\ARM_GCC_541\Debug\Cm3Start.o (CyHalt)
.\CortexM3\ARM_GCC_541\Debug\Design01.a(cyPm.o)
                              .\CortexM3\ARM_GCC_541\Debug\Design01.a(CyLib.o) (CyPmReadStatus)
.\CortexM3\ARM_GCC_541\Debug\Design01.a(SS.o)
                              .\CortexM3\ARM_GCC_541\Debug\screen.o (SS_Write)
.\CortexM3\ARM_GCC_541\Debug\Design01.a(D_C.o)
                              .\CortexM3\ARM_GCC_541\Debug\screen.o (D_C_Write)
.\CortexM3\ARM_GCC_541\Debug\Design01.a(Reset.o)
                              .\CortexM3\ARM_GCC_541\Debug\main.o (Reset_Write)
.\CortexM3\ARM_GCC_541\Debug\Design01.a(Clock.o)
                              .\CortexM3\ARM_GCC_541\Debug\main.o (Clock_Start)
.\CortexM3\ARM_GCC_541\Debug\Design01.a(SPIM.o)
                              .\CortexM3\ARM_GCC_541\Debug\screen.o (SPIM_WriteTxData)
.\CortexM3\ARM_GCC_541\Debug\Design01.a(VDAC8_DS.o)
                              .\CortexM3\ARM_GCC_541\Debug\main.o (VDAC8_DS_SetValue)
.\CortexM3\ARM_GCC_541\Debug\Design01.a(VDAC8_GS.o)
                              .\CortexM3\ARM_GCC_541\Debug\main.o (VDAC8_GS_SetValue)
.\CortexM3\ARM_GCC_541\Debug\Design01.a(ADC_SAR_1.o)
                              .\CortexM3\ARM_GCC_541\Debug\main.o (ADC_SAR_1_Start)
.\CortexM3\ARM_GCC_541\Debug\Design01.a(ADC_SAR_1_INT.o)
                              .\CortexM3\ARM_GCC_541\Debug\Design01.a(ADC_SAR_1.o) (ADC_SAR_1_ISR)
.\CortexM3\ARM_GCC_541\Debug\Design01.a(ADC_SAR_1_PM.o)
                              .\CortexM3\ARM_GCC_541\Debug\main.o (ADC_SAR_1_Sleep)
.\CortexM3\ARM_GCC_541\Debug\Design01.a(ADC_SAR_1_theACLK.o)
                              .\CortexM3\ARM_GCC_541\Debug\Design01.a(ADC_SAR_1.o) (ADC_SAR_1_theACLK_SetModeRegister)
.\CortexM3\ARM_GCC_541\Debug\Design01.a(I2C.o)
                              .\CortexM3\ARM_GCC_541\Debug\main.o (I2C_Start)
.\CortexM3\ARM_GCC_541\Debug\Design01.a(I2C_INT.o)
                              .\CortexM3\ARM_GCC_541\Debug\Design01.a(I2C.o) (I2C_ISR)
.\CortexM3\ARM_GCC_541\Debug\Design01.a(I2C_PM.o)
                              .\CortexM3\ARM_GCC_541\Debug\Design01.a(I2C.o) (I2C_backup)
.\CortexM3\ARM_GCC_541\Debug\Design01.a(I2C_MASTER.o)
                              .\CortexM3\ARM_GCC_541\Debug\Design01.a(I2C.o) (I2C_mstrStatus)
.\CortexM3\ARM_GCC_541\Debug\Design01.a(isr.o)
                              .\CortexM3\ARM_GCC_541\Debug\main.o (isr_SetPriority)
.\CortexM3\ARM_GCC_541\Debug\Design01.a(AMux_1.o)
                              .\CortexM3\ARM_GCC_541\Debug\main.o (AMux_1_Select)
.\CortexM3\ARM_GCC_541\Debug\Design01.a(AMux_2.o)
                              .\CortexM3\ARM_GCC_541\Debug\main.o (AMux_2_Select)
.\CortexM3\ARM_GCC_541\Debug\Design01.a(AMux_3.o)
                              .\CortexM3\ARM_GCC_541\Debug\main.o (AMux_3_Select)
.\CortexM3\ARM_GCC_541\Debug\Design01.a(emFile_1_PM.o)
                              .\CortexM3\ARM_GCC_541\Debug\uifunctions.o (emFile_1_Sleep)
.\CortexM3\ARM_GCC_541\Debug\Design01.a(emFile_1_SPI0_PM.o)
                              .\CortexM3\ARM_GCC_541\Debug\Design01.a(emFile_1_PM.o) (emFile_1_SPI0_SaveConfig)
.\CortexM3\ARM_GCC_541\Debug\Design01.a(CyBootAsmGnu.o)
                              .\CortexM3\ARM_GCC_541\Debug\cyfitter_cfg.o (CyDelayCycles)
.\CortexM3\ARM_GCC_541\Debug\Design01.a(CyFlash.o)
                              .\CortexM3\ARM_GCC_541\Debug\Design01.a(cyPm.o) (CyFlash_SetWaitCycles)
.\CortexM3\ARM_GCC_541\Debug\Design01.a(CySpc.o)
                              .\CortexM3\ARM_GCC_541\Debug\Design01.a(CyFlash.o) (CySpcStart)
.\CortexM3\ARM_GCC_541\Debug\Design01.a(emFile_1_SPI0.o)
                              .\CortexM3\ARM_GCC_541\Debug\Design01.a(emFile_1_SPI0_PM.o) (emFile_1_SPI0_Enable)
.\emFile_V322c\LinkLibrary\PSoC5\GCC\libemf16nosnlfn.a(FS_Misc.o)
                              .\CortexM3\ARM_GCC_541\Debug\main.o (FS_Init)
.\emFile_V322c\LinkLibrary\PSoC5\GCC\libemf16nosnlfn.a(FS_Storage.o)
                              .\emFile_V322c\LinkLibrary\PSoC5\GCC\libemf16nosnlfn.a(FS_Misc.o) (FS__FindVolume)
.\emFile_V322c\LinkLibrary\PSoC5\GCC\libemf16nosnlfn.a(FS_Unmount.o)
                              .\emFile_V322c\LinkLibrary\PSoC5\GCC\libemf16nosnlfn.a(FS_Misc.o) (FS__UnmountForcedNL)
.\emFile_V322c\LinkLibrary\PSoC5\GCC\libemf16nosnlfn.a(FS_Volume.o)
                              .\emFile_V322c\LinkLibrary\PSoC5\GCC\libemf16nosnlfn.a(FS_Misc.o) (FS__AutoMount)
.\emFile_V322c\LinkLibrary\PSoC5\GCC\libemf16nosnlfn.a(FS_Write.o)
                              .\CortexM3\ARM_GCC_541\Debug\main.o (FS_Write)
.\emFile_V322c\LinkLibrary\PSoC5\GCC\libemf16nosnlfn.a(FAT_CheckDisk.o)
                              .\emFile_V322c\LinkLibrary\PSoC5\GCC\libemf16nosnlfn.a(FS_Volume.o) (FS_FAT__CheckDisk)
.\emFile_V322c\LinkLibrary\PSoC5\GCC\libemf16nosnlfn.a(FAT_Dir.o)
[...]
Memory Configuration

Name             Origin             Length             Attributes
rom              0x00000000         0x00040000         xr
ram              0x1fff8000         0x00010000         xrw
*default*        0x00000000         0xffffffff

Linker script and memory map

LOAD d:/psoc/psoc creator/4.2/psoc creator/import/gnu/arm/5.4.1/bin/../lib/gcc/arm-none-eabi/5.4.1/armv7-m/crti.o
LOAD d:/psoc/psoc creator/4.2/psoc creator/import/gnu/arm/5.4.1/bin/../lib/gcc/arm-none-eabi/5.4.1/armv7-m/crtbegin.o
LOAD d:/psoc/psoc creator/4.2/psoc creator/import/gnu/arm/5.4.1/bin/../lib/gcc/arm-none-eabi/5.4.1/../../../../arm-none-eabi/lib/armv7-m/crt0.o
START GROUP
LOAD .\CortexM3\ARM_GCC_541\Debug\main.o
LOAD .\CortexM3\ARM_GCC_541\Debug\screen.o
LOAD .\CortexM3\ARM_GCC_541\Debug\font.o
LOAD .\CortexM3\ARM_GCC_541\Debug\sd.o
LOAD .\CortexM3\ARM_GCC_541\Debug\uifunctions.o
LOAD .\CortexM3\ARM_GCC_541\Debug\cyfitter_cfg.o
LOAD .\CortexM3\ARM_GCC_541\Debug\cymetadata.o
LOAD .\CortexM3\ARM_GCC_541\Debug\Cm3Start.o
LOAD .\CortexM3\ARM_GCC_541\Debug\Design01.a
LOAD D:\PSoC\PSoC Creator\4.2\PSoC Creator\psoc\content\cycomponentlibrary\CyComponentLibrary.cylib\CortexM3\ARM_GCC_541\Debug\CyComponentLibrary.a
LOAD .\emFile_V322c\LinkLibrary\PSoC5\GCC\libemf16nosnlfn.a
END GROUP
START GROUP
LOAD d:/psoc/psoc creator/4.2/psoc creator/import/gnu/arm/5.4.1/bin/../lib/gcc/arm-none-eabi/5.4.1/armv7-m\libgcc.a
LOAD d:/psoc/psoc creator/4.2/psoc creator/import/gnu/arm/5.4.1/bin/../lib/gcc/arm-none-eabi/5.4.1/../../../../arm-none-eabi/lib/armv7-m\libg_nano.a
LOAD d:/psoc/psoc creator/4.2/psoc creator/import/gnu/arm/5.4.1/bin/../lib/gcc/arm-none-eabi/5.4.1/../../../../arm-none-eabi/lib/armv7-m\libc_nano.a
END GROUP
START GROUP
LOAD d:/psoc/psoc creator/4.2/psoc creator/import/gnu/arm/5.4.1/bin/../lib/gcc/arm-none-eabi/5.4.1/armv7-m\libgcc.a
LOAD d:/psoc/psoc creator/4.2/psoc creator/import/gnu/arm/5.4.1/bin/../lib/gcc/arm-none-eabi/5.4.1/../../../../arm-none-eabi/lib/armv7-m\libc_nano.a
END GROUP
LOAD d:/psoc/psoc creator/4.2/psoc creator/import/gnu/arm/5.4.1/bin/../lib/gcc/arm-none-eabi/5.4.1/armv7-m/crtend.o
LOAD d:/psoc/psoc creator/4.2/psoc creator/import/gnu/arm/5.4.1/bin/../lib/gcc/arm-none-eabi/5.4.1/armv7-m/crtn.o
START GROUP
LOAD d:/psoc/psoc creator/4.2/psoc creator/import/gnu/arm/5.4.1/bin/../lib/gcc/arm-none-eabi/5.4.1/armv7-m\libgcc.a
LOAD d:/psoc/psoc creator/4.2/psoc creator/import/gnu/arm/5.4.1/bin/../lib/gcc/arm-none-eabi/5.4.1/../../../../arm-none-eabi/lib/armv7-m\libc.a
LOAD d:/psoc/psoc creator/4.2/psoc creator/import/gnu/arm/5.4.1/bin/../lib/gcc/arm-none-eabi/5.4.1/../../../../arm-none-eabi/lib/armv7-m\libnosys.a
END GROUP
                0x00000000                CY_APPL_ORIGIN = 0x0
                0x00000100                CY_FLASH_ROW_SIZE = 0x100
                0x00000020                CY_ECC_ROW_SIZE = 0x20
                0x00000000                CY_EE_IN_BTLDR = 0x0
                0x00000000                CY_APPL_LOADABLE = 0x0
                0x00000800                CY_EE_SIZE = 0x800
                0x00000001                CY_APPL_NUM = 0x1
                0x00000001                CY_APPL_MAX = 0x1
                0x00000040                CY_METADATA_SIZE = 0x40
                0x00000000                CY_APPL_LOADABLE = 0x0
                0x00000000                CY_CHECKSUM_EXCLUDE_SIZE = ALIGN (0x0, CY_FLASH_ROW_SIZE)
                [!provide]                PROVIDE (__cy_heap_start, _end)
                0x00000001                PROVIDE (__cy_region_num, ((__cy_regions_end - __cy_regions) / 0x10))
                0x20008000                PROVIDE (__cy_stack, (ORIGIN (ram) + LENGTH (ram)))
                [!provide]                PROVIDE (__cy_heap_end, (__cy_stack - 0x800))

.cybootloader   0x00000000        0x0
 *(.cybootloader)
                0x00000000                appl1_start = CY_APPL_ORIGIN?CY_APPL_ORIGIN:ALIGN (CY_FLASH_ROW_SIZE)
                0x0001ff00                appl2_start = (appl1_start + ALIGN ((((LENGTH (rom) - appl1_start) - (0x2 * CY_FLASH_ROW_SIZE)) / 0x2), CY_FLASH_ROW_SIZE))
                0x00000000                appl_start = (CY_APPL_NUM == 0x1)?appl1_start:appl2_start
                0x00000000                ecc_offset = ((appl_start / CY_FLASH_ROW_SIZE) * CY_ECC_ROW_SIZE)
                0x00000000                ee_offset = (CY_APPL_LOADABLE && ! (CY_EE_IN_BTLDR))?((CY_EE_SIZE / CY_APPL_MAX) * (CY_APPL_NUM - 0x1)):0x0
                0x00000800                ee_size = (CY_APPL_LOADABLE && ! (CY_EE_IN_BTLDR))?(CY_EE_SIZE / CY_APPL_MAX):CY_EE_SIZE
                [!provide]                PROVIDE (CY_ECC_OFFSET, ecc_offset)

.text           0x00000000     0x8d24
 CREATE_OBJECT_SYMBOLS
                0x00000000                PROVIDE (__cy_interrupt_vector, RomVectors)
 *(.romvectors)
 .romvectors    0x00000000       0x10 .\CortexM3\ARM_GCC_541\Debug\Cm3Start.o
                0x00000000                RomVectors
                0x00000001                ASSERT ((. != __cy_interrupt_vector), No interrupt vector)
                0x00000001                ASSERT (CY_APPL_ORIGIN?(SIZEOF (.cybootloader) <= CY_APPL_ORIGIN):0x1, Wrong image location)
                0x00000010                PROVIDE (__cy_reset, Reset)
 *(.text.Reset)
 .text.Reset    0x00000010       0x18 .\CortexM3\ARM_GCC_541\Debug\Cm3Start.o
                0x00000010                Reset
                0x00000001                ASSERT ((. != __cy_reset), No reset code)
 *(.dma_init)
                0x00000001                ASSERT ((((appl_start + .) <= 0x10000) || 0x1), DMA Init must be within the first 64k of flash)
 *(.text .text.* .gnu.linkonce.t.*)
 .text          0x00000028       0x5c d:/psoc/psoc creator/4.2/psoc creator/import/gnu/arm/5.4.1/bin/../lib/gcc/arm-none-eabi/5.4.1/armv7-m/crtbegin.o
 .text.set_transistor_test_type
                0x00000084       0x30 .\CortexM3\ARM_GCC_541\Debug\main.o
                0x00000084                set_transistor_test_type
 .text.single_test
                0x000000b4       0x3c .\CortexM3\ARM_GCC_541\Debug\main.o
                0x000000b4                single_test
 .text.single_test_preset_vds
                0x000000f0       0x34 .\CortexM3\ARM_GCC_541\Debug\main.o
                0x000000f0                single_test_preset_vds
 .text.vgs_th_find
                0x00000124       0x48 .\CortexM3\ARM_GCC_541\Debug\main.o
                0x00000124                vgs_th_find
 .text.vgs_max_id_find
                0x0000016c       0x58 .\CortexM3\ARM_GCC_541\Debug\main.o
                0x0000016c                vgs_max_id_find
 *fill*         0x000001c4        0x4 
 .text.run_test
                0x000001c8      0x1dc .\CortexM3\ARM_GCC_541\Debug\main.o
                0x000001c8                run_test
 *fill*         0x000003a4        0x4 
 .text.main     0x000003a8      0x370 .\CortexM3\ARM_GCC_541\Debug\main.o
                0x000003a8                main
 .text.writecommand
                0x00000718       0x24 .\CortexM3\ARM_GCC_541\Debug\screen.o
                0x00000718                writecommand
 .text.writedata
                0x0000073c       0x24 .\CortexM3\ARM_GCC_541\Debug\screen.o
                0x0000073c                writedata
 .text.setAddrWindow
                0x00000760       0xc0 .\CortexM3\ARM_GCC_541\Debug\screen.o
                0x00000760                setAddrWindow
 .text.draw_rect
                0x00000820       0x90 .\CortexM3\ARM_GCC_541\Debug\screen.o
                0x00000820                draw_rect
 .text.fill_rect
                0x000008b0       0x2c .\CortexM3\ARM_GCC_541\Debug\screen.o
                0x000008b0                fill_rect
 .text.fill_screen
                0x000008dc       0x1c .\CortexM3\ARM_GCC_541\Debug\screen.o
                0x000008dc                fill_screen
 .text.StartScreen
                0x000008f8       0x40 .\CortexM3\ARM_GCC_541\Debug\screen.o
                0x000008f8                StartScreen
 .text.change_pixel
                0x00000938       0x50 .\CortexM3\ARM_GCC_541\Debug\screen.o
                0x00000938                change_pixel
 .text.draw_pixel
                0x00000988       0x18 .\CortexM3\ARM_GCC_541\Debug\screen.o
                0x00000988                draw_pixel
 .text.write_line
                0x000009a0       0xc0 .\CortexM3\ARM_GCC_541\Debug\screen.o
                0x000009a0                write_line
 .text.drawFastHLine
                0x00000a60       0x18 .\CortexM3\ARM_GCC_541\Debug\screen.o
                0x00000a60                drawFastHLine
 .text.drawFastVLine
                0x00000a78       0x18 .\CortexM3\ARM_GCC_541\Debug\screen.o
                0x00000a78                drawFastVLine
 .text.draw_line
                0x00000a90       0x4c .\CortexM3\ARM_GCC_541\Debug\screen.o
                0x00000a90                draw_line
 .text.fill_circle_helper
                0x00000adc      0x110 .\CortexM3\ARM_GCC_541\Debug\screen.o
                0x00000adc                fill_circle_helper
 .text.fill_circle
                0x00000bec       0x34 .\CortexM3\ARM_GCC_541\Debug\screen.o
                0x00000bec                fill_circle
 .text.draw_button
                0x00000c20      0x150 .\CortexM3\ARM_GCC_541\Debug\screen.o
                0x00000c20                draw_button
 .text.draw_coordinates
                0x00000d70      0x190 .\CortexM3\ARM_GCC_541\Debug\screen.o
                0x00000d70                draw_coordinates
 .text.draw_choose_screen
                0x00000f00       0xe4 .\CortexM3\ARM_GCC_541\Debug\screen.o
                0x00000f00                draw_choose_screen
 .text.draw_options_screen
                0x00000fe4      0x130 .\CortexM3\ARM_GCC_541\Debug\screen.o
                0x00000fe4                draw_options_screen
 .text.draw_options_averages_screen
                0x00001114      0x10c .\CortexM3\ARM_GCC_541\Debug\screen.o
                0x00001114                draw_options_averages_screen
 .text.draw_options_sd_screen
                0x00001220      0x130 .\CortexM3\ARM_GCC_541\Debug\screen.o
                0x00001220                draw_options_sd_screen
 .text.draw_options_curves_screen
                0x00001350       0xac .\CortexM3\ARM_GCC_541\Debug\screen.o
                0x00001350                draw_options_curves_screen
 .text.draw_options_grid_screen
                0x000013fc      0x130 .\CortexM3\ARM_GCC_541\Debug\screen.o
                0x000013fc                draw_options_grid_screen
 .text.draw_debug_screen
                0x0000152c      0x284 .\CortexM3\ARM_GCC_541\Debug\screen.o
                0x0000152c                draw_debug_screen
 .text.draw_character
                0x000017b0       0x8c .\CortexM3\ARM_GCC_541\Debug\font.o
                0x000017b0                draw_character
 .text.draw_string
                0x0000183c      0x324 .\CortexM3\ARM_GCC_541\Debug\font.o
                0x0000183c                draw_string
 .text.create_file_with_text
                0x00001b60       0x28 .\CortexM3\ARM_GCC_541\Debug\sd.o
                0x00001b60                create_file_with_text
 .text.append_file
                0x00001b88       0x28 .\CortexM3\ARM_GCC_541\Debug\sd.o
                0x00001b88                append_file
 .text.write_header_info
                0x00001bb0      0x108 .\CortexM3\ARM_GCC_541\Debug\sd.o
                0x00001bb0                write_header_info
 .text.write_data
                0x00001cb8       0xc4 .\CortexM3\ARM_GCC_541\Debug\sd.o
                0x00001cb8                write_data
 .text.ui_control
                0x00001d7c      0x584 .\CortexM3\ARM_GCC_541\Debug\uifunctions.o
                0x00001d7c                ui_control
 .text.CyClockStartupError
                0x00002300        0x4 .\CortexM3\ARM_GCC_541\Debug\cyfitter_cfg.o
 .text.cfg_write_bytes32
                0x00002304       0x34 .\CortexM3\ARM_GCC_541\Debug\cyfitter_cfg.o
 .text.CYMEMZERO
                0x00002338        0xc .\CortexM3\ARM_GCC_541\Debug\cyfitter_cfg.o
 .text.AnalogSetDefault
                0x00002344       0x7c .\CortexM3\ARM_GCC_541\Debug\cyfitter_cfg.o
 .text.CYCONFIGCPY
                0x000023c0        0x8 .\CortexM3\ARM_GCC_541\Debug\cyfitter_cfg.o
 .text.ClockSetup
                0x000023c8       0xf0 .\CortexM3\ARM_GCC_541\Debug\cyfitter_cfg.o
 .text.AMux_1_Set
                0x000024b8       0x1c .\CortexM3\ARM_GCC_541\Debug\cyfitter_cfg.o
                0x000024b8                AMux_1_Set
 .text.AMux_1_Unset
                0x000024d4       0x1c .\CortexM3\ARM_GCC_541\Debug\cyfitter_cfg.o
                0x000024d4                AMux_1_Unset
 .text.AMux_2_Set
                0x000024f0       0x1c .\CortexM3\ARM_GCC_541\Debug\cyfitter_cfg.o
                0x000024f0                AMux_2_Set
 .text.AMux_2_Unset
                0x0000250c       0x20 .\CortexM3\ARM_GCC_541\Debug\cyfitter_cfg.o
                0x0000250c                AMux_2_Unset
 .text.AMux_3_Set
                0x0000252c       0x20 .\CortexM3\ARM_GCC_541\Debug\cyfitter_cfg.o
                0x0000252c                AMux_3_Set
 .text.AMux_3_Unset
                0x0000254c       0x20 .\CortexM3\ARM_GCC_541\Debug\cyfitter_cfg.o
                0x0000254c                AMux_3_Unset
 .text.cyfitter_cfg
                0x0000256c      0x130 .\CortexM3\ARM_GCC_541\Debug\cyfitter_cfg.o
                0x0000256c                cyfitter_cfg
 .text.IntDefaultHandler
                0x0000269c       0x10 .\CortexM3\ARM_GCC_541\Debug\Cm3Start.o
                0x0000269c                IntDefaultHandler
 .text._sbrk    0x000026ac       0x30 .\CortexM3\ARM_GCC_541\Debug\Cm3Start.o
                0x000026ac                _sbrk
 .text.Start_c  0x000026dc       0x4c .\CortexM3\ARM_GCC_541\Debug\Cm3Start.o
                0x000026dc                Start_c
 .text.initialize_psoc
                0x00002728       0x68 .\CortexM3\ARM_GCC_541\Debug\Cm3Start.o
                0x00002728                initialize_psoc
 .text.CyHalt   0x00002790        0x4 .\CortexM3\ARM_GCC_541\Debug\Design01.a(CyLib.o)
                0x00002790                CyHalt
 .text.CyDelay  0x00002794       0x2c .\CortexM3\ARM_GCC_541\Debug\Design01.a(CyLib.o)
                0x00002794                CyDelay
 .text.CyDelayUs
                0x000027c0       0x14 .\CortexM3\ARM_GCC_541\Debug\Design01.a(CyLib.o)
                0x000027c0                CyDelayUs
 .text.CyIntSetVector
                0x000027d4       0x28 .\CortexM3\ARM_GCC_541\Debug\Design01.a(CyLib.o)
                0x000027d4                CyIntSetVector
 .text.CyIntSetPriority
                0x000027fc       0x30 .\CortexM3\ARM_GCC_541\Debug\Design01.a(CyLib.o)
                0x000027fc                CyIntSetPriority
 .text.SS_Write
                0x0000282c       0x18 .\CortexM3\ARM_GCC_541\Debug\Design01.a(SS.o)
                0x0000282c                SS_Write
 .text.SS_Read  0x00002844       0x10 .\CortexM3\ARM_GCC_541\Debug\Design01.a(SS.o)
                0x00002844                SS_Read
 .text.D_C_Write
                0x00002854       0x18 .\CortexM3\ARM_GCC_541\Debug\Design01.a(D_C.o)
                0x00002854                D_C_Write
 .text.Reset_Write
                0x0000286c       0x18 .\CortexM3\ARM_GCC_541\Debug\Design01.a(Reset.o)
                0x0000286c                Reset_Write
 .text.Clock_Start
                0x00002884       0x1c .\CortexM3\ARM_GCC_541\Debug\Design01.a(Clock.o)
                0x00002884                Clock_Start
 .text.SPIM_Enable
                0x000028a0       0x30 .\CortexM3\ARM_GCC_541\Debug\Design01.a(SPIM.o)
                0x000028a0                SPIM_Enable
 .text.SPIM_ReadTxStatus
                0x000028d0        0xc .\CortexM3\ARM_GCC_541\Debug\Design01.a(SPIM.o)
                0x000028d0                SPIM_ReadTxStatus
 .text.SPIM_ReadRxStatus
                0x000028dc        0xc .\CortexM3\ARM_GCC_541\Debug\Design01.a(SPIM.o)
                0x000028dc                SPIM_ReadRxStatus
 .text.SPIM_WriteTxData
                0x000028e8       0x18 .\CortexM3\ARM_GCC_541\Debug\Design01.a(SPIM.o)
                0x000028e8                SPIM_WriteTxData
 .text.SPIM_ClearFIFO
                0x00002900       0x3c .\CortexM3\ARM_GCC_541\Debug\Design01.a(SPIM.o)
                0x00002900                SPIM_ClearFIFO
 .text.SPIM_Init
                0x0000293c       0x28 .\CortexM3\ARM_GCC_541\Debug\Design01.a(SPIM.o)
                0x0000293c                SPIM_Init
 .text.SPIM_Start
                0x00002964       0x1c .\CortexM3\ARM_GCC_541\Debug\Design01.a(SPIM.o)
                0x00002964                SPIM_Start
 .text.VDAC8_DS_Enable
                0x00002980       0x1c .\CortexM3\ARM_GCC_541\Debug\Design01.a(VDAC8_DS.o)
                0x00002980                VDAC8_DS_Enable
 .text.VDAC8_DS_SetSpeed
                0x0000299c       0x1c .\CortexM3\ARM_GCC_541\Debug\Design01.a(VDAC8_DS.o)
                0x0000299c                VDAC8_DS_SetSpeed
 .text.VDAC8_DS_SetValue
                0x000029b8        0xc .\CortexM3\ARM_GCC_541\Debug\Design01.a(VDAC8_DS.o)
                0x000029b8                VDAC8_DS_SetValue
 .text.VDAC8_DS_DacTrim
                0x000029c4       0x24 .\CortexM3\ARM_GCC_541\Debug\Design01.a(VDAC8_DS.o)
                0x000029c4                VDAC8_DS_DacTrim
 .text.VDAC8_DS_SetRange
                0x000029e8       0x20 .\CortexM3\ARM_GCC_541\Debug\Design01.a(VDAC8_DS.o)
                0x000029e8                VDAC8_DS_SetRange
 .text.VDAC8_DS_Init
                0x00002a08       0x20 .\CortexM3\ARM_GCC_541\Debug\Design01.a(VDAC8_DS.o)
                0x00002a08                VDAC8_DS_Init
 .text.VDAC8_DS_Start
                0x00002a28       0x24 .\CortexM3\ARM_GCC_541\Debug\Design01.a(VDAC8_DS.o)
                0x00002a28                VDAC8_DS_Start
 .text.VDAC8_GS_Enable
                0x00002a4c       0x1c .\CortexM3\ARM_GCC_541\Debug\Design01.a(VDAC8_GS.o)
                0x00002a4c                VDAC8_GS_Enable
 .text.VDAC8_GS_SetSpeed
                0x00002a68       0x1c .\CortexM3\ARM_GCC_541\Debug\Design01.a(VDAC8_GS.o)
                0x00002a68                VDAC8_GS_SetSpeed
 .text.VDAC8_GS_SetValue
                0x00002a84        0xc .\CortexM3\ARM_GCC_541\Debug\Design01.a(VDAC8_GS.o)
                0x00002a84                VDAC8_GS_SetValue
 .text.VDAC8_GS_DacTrim
                0x00002a90       0x24 .\CortexM3\ARM_GCC_541\Debug\Design01.a(VDAC8_GS.o)
                0x00002a90                VDAC8_GS_DacTrim
 .text.VDAC8_GS_SetRange
                0x00002ab4       0x20 .\CortexM3\ARM_GCC_541\Debug\Design01.a(VDAC8_GS.o)
                0x00002ab4                VDAC8_GS_SetRange
 .text.VDAC8_GS_Init
                0x00002ad4       0x20 .\CortexM3\ARM_GCC_541\Debug\Design01.a(VDAC8_GS.o)
                0x00002ad4                VDAC8_GS_Init
 .text.VDAC8_GS_Start
                0x00002af4       0x24 .\CortexM3\ARM_GCC_541\Debug\Design01.a(VDAC8_GS.o)
                0x00002af4                VDAC8_GS_Start
 .text.ADC_SAR_1_CalcGain
                0x00002b18       0x5c .\CortexM3\ARM_GCC_541\Debug\Design01.a(ADC_SAR_1.o)
 .text.ADC_SAR_1_Enable
                0x00002b74       0x94 .\CortexM3\ARM_GCC_541\Debug\Design01.a(ADC_SAR_1.o)
                0x00002b74                ADC_SAR_1_Enable
 .text.ADC_SAR_1_Stop
                0x00002c08       0x48 .\CortexM3\ARM_GCC_541\Debug\Design01.a(ADC_SAR_1.o)
                0x00002c08                ADC_SAR_1_Stop
 .text.ADC_SAR_1_SetResolution
                0x00002c50       0x38 .\CortexM3\ARM_GCC_541\Debug\Design01.a(ADC_SAR_1.o)
                0x00002c50                ADC_SAR_1_SetResolution
 .text.ADC_SAR_1_Init
                0x00002c88       0x3c .\CortexM3\ARM_GCC_541\Debug\Design01.a(ADC_SAR_1.o)
                0x00002c88                ADC_SAR_1_Init
 .text.ADC_SAR_1_Start
                0x00002cc4       0x1c .\CortexM3\ARM_GCC_541\Debug\Design01.a(ADC_SAR_1.o)
                0x00002cc4                ADC_SAR_1_Start
 .text.ADC_SAR_1_StartConvert
                0x00002ce0       0x18 .\CortexM3\ARM_GCC_541\Debug\Design01.a(ADC_SAR_1.o)
                0x00002ce0                ADC_SAR_1_StartConvert
 .text.ADC_SAR_1_StopConvert
                0x00002cf8       0x18 .\CortexM3\ARM_GCC_541\Debug\Design01.a(ADC_SAR_1.o)
                0x00002cf8                ADC_SAR_1_StopConvert
 .text.ADC_SAR_1_IsEndConversion
                0x00002d10       0x24 .\CortexM3\ARM_GCC_541\Debug\Design01.a(ADC_SAR_1.o)
                0x00002d10                ADC_SAR_1_IsEndConversion
 .text.ADC_SAR_1_GetResult16
                0x00002d34       0x18 .\CortexM3\ARM_GCC_541\Debug\Design01.a(ADC_SAR_1.o)
                0x00002d34                ADC_SAR_1_GetResult16
 .text.ADC_SAR_1_CountsTo_mVolts
                0x00002d4c       0x58 .\CortexM3\ARM_GCC_541\Debug\Design01.a(ADC_SAR_1.o)
                0x00002d4c                ADC_SAR_1_CountsTo_mVolts
 .text.ADC_SAR_1_ISR
                0x00002da4        0x4 .\CortexM3\ARM_GCC_541\Debug\Design01.a(ADC_SAR_1_INT.o)
                0x00002da4                ADC_SAR_1_ISR
 .text.ADC_SAR_1_Sleep
                0x00002da8       0x40 .\CortexM3\ARM_GCC_541\Debug\Design01.a(ADC_SAR_1_PM.o)
                0x00002da8                ADC_SAR_1_Sleep
 .text.ADC_SAR_1_Wakeup
                0x00002de8       0x20 .\CortexM3\ARM_GCC_541\Debug\Design01.a(ADC_SAR_1_PM.o)
                0x00002de8                ADC_SAR_1_Wakeup
 .text.ADC_SAR_1_theACLK_SetModeRegister
                0x00002e08       0x14 .\CortexM3\ARM_GCC_541\Debug\Design01.a(ADC_SAR_1_theACLK.o)
                0x00002e08                ADC_SAR_1_theACLK_SetModeRegister
 .text.I2C_Init
                0x00002e1c       0x68 .\CortexM3\ARM_GCC_541\Debug\Design01.a(I2C.o)
                0x00002e1c                I2C_Init
 .text.I2C_Enable
                0x00002e84       0x24 .\CortexM3\ARM_GCC_541\Debug\Design01.a(I2C.o)
                0x00002e84                I2C_Enable
 .text.I2C_Start
                0x00002ea8       0x28 .\CortexM3\ARM_GCC_541\Debug\Design01.a(I2C.o)
                0x00002ea8                I2C_Start
 .text.I2C_Stop
                0x00002ed0       0xb4 .\CortexM3\ARM_GCC_541\Debug\Design01.a(I2C.o)
                0x00002ed0                I2C_Stop
 .text.I2C_ISR  0x00002f84      0x2d0 .\CortexM3\ARM_GCC_541\Debug\Design01.a(I2C_INT.o)
                0x00002f84                I2C_ISR
 .text.I2C_MasterSendStart
                0x00003254       0x80 .\CortexM3\ARM_GCC_541\Debug\Design01.a(I2C_MASTER.o)
                0x00003254                I2C_MasterSendStart
 .text.I2C_MasterSendRestart
                0x000032d4       0x6c .\CortexM3\ARM_GCC_541\Debug\Design01.a(I2C_MASTER.o)
                0x000032d4                I2C_MasterSendRestart
 .text.I2C_MasterSendStop
                0x00003340       0x38 .\CortexM3\ARM_GCC_541\Debug\Design01.a(I2C_MASTER.o)
                0x00003340                I2C_MasterSendStop
 .text.I2C_MasterWriteByte
                0x00003378       0x58 .\CortexM3\ARM_GCC_541\Debug\Design01.a(I2C_MASTER.o)
                0x00003378                I2C_MasterWriteByte
 .text.I2C_MasterReadByte
                0x000033d0       0x58 .\CortexM3\ARM_GCC_541\Debug\Design01.a(I2C_MASTER.o)
                0x000033d0                I2C_MasterReadByte
 .text.get_touch
                0x00003428       0x6c .\CortexM3\ARM_GCC_541\Debug\Design01.a(isr.o)
                0x00003428                get_touch
 .text.isr_SetVector
                0x00003494        0xc .\CortexM3\ARM_GCC_541\Debug\Design01.a(isr.o)
                0x00003494                isr_SetVector
 .text.isr_SetPriority
                0x000034a0       0x10 .\CortexM3\ARM_GCC_541\Debug\Design01.a(isr.o)
                0x000034a0                isr_SetPriority
 .text.isr_Enable
                0x000034b0        0xc .\CortexM3\ARM_GCC_541\Debug\Design01.a(isr.o)
                0x000034b0                isr_Enable
 .text.isr_Disable
                0x000034bc        0xc .\CortexM3\ARM_GCC_541\Debug\Design01.a(isr.o)
                0x000034bc                isr_Disable
 .text.isr_Start
                0x000034c8       0x1c .\CortexM3\ARM_GCC_541\Debug\Design01.a(isr.o)
                0x000034c8                isr_Start
 .text.isr_ClearPending
                0x000034e4        0xc .\CortexM3\ARM_GCC_541\Debug\Design01.a(isr.o)
                0x000034e4                isr_ClearPending
 .text.isr_Interrupt
                0x000034f0       0x20 .\CortexM3\ARM_GCC_541\Debug\Design01.a(isr.o)
                0x000034f0                isr_Interrupt
 .text.AMux_1_Start
                0x00003510       0x20 .\CortexM3\ARM_GCC_541\Debug\Design01.a(AMux_1.o)
                0x00003510                AMux_1_Start
 .text.AMux_1_Select
                0x00003530       0x18 .\CortexM3\ARM_GCC_541\Debug\Design01.a(AMux_1.o)
                0x00003530                AMux_1_Select
 .text.AMux_2_Start
                0x00003548       0x20 .\CortexM3\ARM_GCC_541\Debug\Design01.a(AMux_2.o)
                0x00003548                AMux_2_Start
 .text.AMux_2_Select
                0x00003568       0x18 .\CortexM3\ARM_GCC_541\Debug\Design01.a(AMux_2.o)
                0x00003568                AMux_2_Select
 .text.AMux_3_Start
                0x00003580       0x20 .\CortexM3\ARM_GCC_541\Debug\Design01.a(AMux_3.o)
                0x00003580                AMux_3_Start
 .text.AMux_3_Select
                0x000035a0       0x18 .\CortexM3\ARM_GCC_541\Debug\Design01.a(AMux_3.o)
                0x000035a0                AMux_3_Select
 .text.emFile_1_Sleep
                0x000035b8        0x8 .\CortexM3\ARM_GCC_541\Debug\Design01.a(emFile_1_PM.o)
                0x000035b8                emFile_1_Sleep
 .text.emFile_1_Wakeup
                0x000035c0        0x8 .\CortexM3\ARM_GCC_541\Debug\Design01.a(emFile_1_PM.o)
                0x000035c0                emFile_1_Wakeup
 .text.emFile_1_SPI0_Sleep
                0x000035c8       0x1c .\CortexM3\ARM_GCC_541\Debug\Design01.a(emFile_1_SPI0_PM.o)
                0x000035c8                emFile_1_SPI0_Sleep
 .text.emFile_1_SPI0_Wakeup
                0x000035e4       0x18 .\CortexM3\ARM_GCC_541\Debug\Design01.a(emFile_1_SPI0_PM.o)
                0x000035e4                emFile_1_SPI0_Wakeup
 *fill*         0x000035fc        0x4 
 .text          0x00003600       0x20 .\CortexM3\ARM_GCC_541\Debug\Design01.a(CyBootAsmGnu.o)
                0x00003600                CyDelayCycles
                0x00003610                CyEnterCriticalSection
                0x00003618                CyExitCriticalSection
 .text.emFile_1_SPI0_Enable
                0x00003620       0x30 .\CortexM3\ARM_GCC_541\Debug\Design01.a(emFile_1_SPI0.o)
                0x00003620                emFile_1_SPI0_Enable
 .text.emFile_1_SPI0_Stop
                0x00003650       0x24 .\CortexM3\ARM_GCC_541\Debug\Design01.a(emFile_1_SPI0.o)
                0x00003650                emFile_1_SPI0_Stop
 .text.emFile_1_SPI0_ReadTxStatus
                0x00003674        0xc .\CortexM3\ARM_GCC_541\Debug\Design01.a(emFile_1_SPI0.o)
                0x00003674                emFile_1_SPI0_ReadTxStatus
 .text.emFile_1_SPI0_ReadRxStatus
                0x00003680        0xc .\CortexM3\ARM_GCC_541\Debug\Design01.a(emFile_1_SPI0.o)
                0x00003680                emFile_1_SPI0_ReadRxStatus
 .text.emFile_1_SPI0_WriteTxData
                0x0000368c       0x18 .\CortexM3\ARM_GCC_541\Debug\Design01.a(emFile_1_SPI0.o)
                0x0000368c                emFile_1_SPI0_WriteTxData
 .text.emFile_1_SPI0_ReadRxData
                0x000036a4        0xc .\CortexM3\ARM_GCC_541\Debug\Design01.a(emFile_1_SPI0.o)
                0x000036a4                emFile_1_SPI0_ReadRxData
 .text.emFile_1_SPI0_ClearFIFO
                0x000036b0       0x3c .\CortexM3\ARM_GCC_541\Debug\Design01.a(emFile_1_SPI0.o)
                0x000036b0                emFile_1_SPI0_ClearFIFO
 .text.emFile_1_SPI0_Init
                0x000036ec       0x28 .\CortexM3\ARM_GCC_541\Debug\Design01.a(emFile_1_SPI0.o)
                0x000036ec                emFile_1_SPI0_Init
 .text.emFile_1_SPI0_Start
                0x00003714       0x1c .\CortexM3\ARM_GCC_541\Debug\Design01.a(emFile_1_SPI0.o)
                0x00003714                emFile_1_SPI0_Start
 .text.FS__AllocSectorBuffer
                0x00003730       0x2c .\emFile_V322c\LinkLibrary\PSoC5\GCC\libemf16nosnlfn.a(FS_Misc.o)
                0x00003730                FS__AllocSectorBuffer
 .text.FS__FreeSectorBuffer
                0x0000375c       0x28 .\emFile_V322c\LinkLibrary\PSoC5\GCC\libemf16nosnlfn.a(FS_Misc.o)
                0x0000375c                FS__FreeSectorBuffer
 .text.FS__SB_MarkDirty
                0x00003784        0x6 .\emFile_V322c\LinkLibrary\PSoC5\GCC\libemf16nosnlfn.a(FS_Misc.o)
                0x00003784                FS__SB_MarkDirty
 .text.FS__SB_MarkNotDirty
                0x0000378a        0x6 .\emFile_V322c\LinkLibrary\PSoC5\GCC\libemf16nosnlfn.a(FS_Misc.o)
                0x0000378a                FS__SB_MarkNotDirty
 .text.FS__FreeFileHandle
                0x00003790        0xa .\emFile_V322c\LinkLibrary\PSoC5\GCC\libemf16nosnlfn.a(FS_Misc.o)
                0x00003790                FS__FreeFileHandle
 .text.FS__FreeFileObj
                0x0000379a        0xc .\emFile_V322c\LinkLibrary\PSoC5\GCC\libemf16nosnlfn.a(FS_Misc.o)
                0x0000379a                FS__FreeFileObj
 *fill*         0x000037a6        0x2 
 .text.FS_Init  0x000037a8       0x58 .\emFile_V322c\LinkLibrary\PSoC5\GCC\libemf16nosnlfn.a(FS_Misc.o)
                0x000037a8                FS_Init
 .text.FS__SB_Create
                0x00003800       0x28 .\emFile_V322c\LinkLibrary\PSoC5\GCC\libemf16nosnlfn.a(FS_Misc.o)
                0x00003800                FS__SB_Create
 .text.FS__FCloseNL
                0x00003828       0x1e .\emFile_V322c\LinkLibrary\PSoC5\GCC\libemf16nosnlfn.a(FS_Misc.o)
                0x00003828                FS__FCloseNL
 .text.FS__FClose
                0x00003846       0x1a .\emFile_V322c\LinkLibrary\PSoC5\GCC\libemf16nosnlfn.a(FS_Misc.o)
                0x00003846                FS__FClose
 .text.FS_FClose
                0x00003860        0xa .\emFile_V322c\LinkLibrary\PSoC5\GCC\libemf16nosnlfn.a(FS_Misc.o)
                0x00003860                FS_FClose
 *fill*         0x0000386a        0x2 
 .text.FS__AllocFileObj
                0x0000386c       0x48 .\emFile_V322c\LinkLibrary\PSoC5\GCC\libemf16nosnlfn.a(FS_Misc.o)
                0x0000386c                FS__AllocFileObj
 .text.FS__AllocFileHandle
                0x000038b4       0x40 .\emFile_V322c\LinkLibrary\PSoC5\GCC\libemf16nosnlfn.a(FS_Misc.o)
                0x000038b4                FS__AllocFileHandle
 .text.FS__OpenEx
                0x000038f4       0x58 .\emFile_V322c\LinkLibrary\PSoC5\GCC\libemf16nosnlfn.a(FS_Misc.o)
                0x000038f4                FS__OpenEx
 .text.FS__FOpenEx
                0x0000394c       0x56 .\emFile_V322c\LinkLibrary\PSoC5\GCC\libemf16nosnlfn.a(FS_Misc.o)
                0x0000394c                FS__FOpenEx
 *fill*         0x000039a2        0x2 
 .text.FS__FOpen
                0x000039a4       0x48 .\emFile_V322c\LinkLibrary\PSoC5\GCC\libemf16nosnlfn.a(FS_Misc.o)
                0x000039a4                FS__FOpen
 .text.FS_FOpen
                0x000039ec        0x4 .\emFile_V322c\LinkLibrary\PSoC5\GCC\libemf16nosnlfn.a(FS_Misc.o)
                0x000039ec                FS_FOpen
 .text.FS__SB_Write
                0x000039f0       0x24 .\emFile_V322c\LinkLibrary\PSoC5\GCC\libemf16nosnlfn.a(FS_Misc.o)
                0x000039f0                FS__SB_Write
 .text._SB_Clean
                0x00003a14       0x24 .\emFile_V322c\LinkLibrary\PSoC5\GCC\libemf16nosnlfn.a(FS_Misc.o)
 .text.FS__SB_SetSector
                0x00003a38       0x20 .\emFile_V322c\LinkLibrary\PSoC5\GCC\libemf16nosnlfn.a(FS_Misc.o)
                0x00003a38                FS__SB_SetSector
 .text.FS__SB_Clean
                0x00003a58        0x4 .\emFile_V322c\LinkLibrary\PSoC5\GCC\libemf16nosnlfn.a(FS_Misc.o)
                0x00003a58                FS__SB_Clean
 .text.FS__SB_Delete
                0x00003a5c       0x12 .\emFile_V322c\LinkLibrary\PSoC5\GCC\libemf16nosnlfn.a(FS_Misc.o)
                0x00003a5c                FS__SB_Delete
 .text.FS__SB_Flush
                0x00003a6e        0x8 .\emFile_V322c\LinkLibrary\PSoC5\GCC\libemf16nosnlfn.a(FS_Misc.o)
                0x00003a6e                FS__SB_Flush
 .text.FS__SB_Read
                0x00003a76       0x2a .\emFile_V322c\LinkLibrary\PSoC5\GCC\libemf16nosnlfn.a(FS_Misc.o)
                0x00003a76                FS__SB_Read
 .text.FS__AddPhysDevice
                0x00003aa0       0x10 .\emFile_V322c\LinkLibrary\PSoC5\GCC\libemf16nosnlfn.a(FS_Storage.o)
                0x00003aa0                FS__AddPhysDevice
 .text.FS__FindVolume
                0x00003ab0       0x78 .\emFile_V322c\LinkLibrary\PSoC5\GCC\libemf16nosnlfn.a(FS_Storage.o)
                0x00003ab0                FS__FindVolume
 .text.FS__AddDevice
                0x00003b28       0x68 .\emFile_V322c\LinkLibrary\PSoC5\GCC\libemf16nosnlfn.a(FS_Storage.o)
                0x00003b28                FS__AddDevice
 .text.FS_AddDevice
                0x00003b90        0x4 .\emFile_V322c\LinkLibrary\PSoC5\GCC\libemf16nosnlfn.a(FS_Storage.o)
                0x00003b90                FS_AddDevice
 .text._Mount   0x00003b94       0x2e .\emFile_V322c\LinkLibrary\PSoC5\GCC\libemf16nosnlfn.a(FS_Volume.o)
 .text.FS__AutoMount
                0x00003bc2       0x14 .\emFile_V322c\LinkLibrary\PSoC5\GCC\libemf16nosnlfn.a(FS_Volume.o)
                0x00003bc2                FS__AutoMount
 .text.FS__MountNL
                0x00003bd6       0x20 .\emFile_V322c\LinkLibrary\PSoC5\GCC\libemf16nosnlfn.a(FS_Volume.o)
                0x00003bd6                FS__MountNL
 .text.FS__Mount
                0x00003bf6        0x4 .\emFile_V322c\LinkLibrary\PSoC5\GCC\libemf16nosnlfn.a(FS_Volume.o)
                0x00003bf6                FS__Mount
 .text.FS_MountEx
                0x00003bfa       0x1a .\emFile_V322c\LinkLibrary\PSoC5\GCC\libemf16nosnlfn.a(FS_Volume.o)
                0x00003bfa                FS_MountEx
 .text.FS__Write
                0x00003c14       0x3a .\emFile_V322c\LinkLibrary\PSoC5\GCC\libemf16nosnlfn.a(FS_Write.o)
                0x00003c14                FS__Write
 .text.FS_Write
                0x00003c4e        0x4 .\emFile_V322c\LinkLibrary\PSoC5\GCC\libemf16nosnlfn.a(FS_Write.o)
                0x00003c4e                FS_Write
 .text._ClusterId2FATOff
                0x00003c52       0x18 .\emFile_V322c\LinkLibrary\PSoC5\GCC\libemf16nosnlfn.a(FAT_Misc.o)
 .text._CalcLogClusterPos
                0x00003c6a        0xe .\emFile_V322c\LinkLibrary\PSoC5\GCC\libemf16nosnlfn.a(FAT_Misc.o)
 .text._ReadFromFreeClusterCache
                0x00003c78       0x46 .\emFile_V322c\LinkLibrary\PSoC5\GCC\libemf16nosnlfn.a(FAT_Misc.o)
 .text.FS_FAT_GetFATType
                0x00003cbe       0x1a .\emFile_V322c\LinkLibrary\PSoC5\GCC\libemf16nosnlfn.a(FAT_Misc.o)
                0x00003cbe                FS_FAT_GetFATType
 .text.FS_FAT_ClusterId2SectorNo
                0x00003cd8        0xc .\emFile_V322c\LinkLibrary\PSoC5\GCC\libemf16nosnlfn.a(FAT_Misc.o)
                0x00003cd8                FS_FAT_ClusterId2SectorNo
 .text.FS_FAT_IsValidShortNameChar
                0x00003ce4       0x34 .\emFile_V322c\LinkLibrary\PSoC5\GCC\libemf16nosnlfn.a(FAT_Misc.o)
                0x00003ce4                FS_FAT_IsValidShortNameChar
 .text.FS_FAT_CopyShortName
                0x00003d18       0x56 .\emFile_V322c\LinkLibrary\PSoC5\GCC\libemf16nosnlfn.a(FAT_Misc.o)
                0x00003d18                FS_FAT_CopyShortName
 .text._SFN_CreateDirEntry
                0x00003d6e       0x5a .\emFile_V322c\LinkLibrary\PSoC5\GCC\libemf16nosnlfn.a(FAT_Misc.o)
 .text._SFN_FindDirEntry
                0x00003dc8       0x10 .\emFile_V322c\LinkLibrary\PSoC5\GCC\libemf16nosnlfn.a(FAT_Misc.o)
 .text.FS_FAT_FindDirEntry
                0x00003dd8       0x60 .\emFile_V322c\LinkLibrary\PSoC5\GCC\libemf16nosnlfn.a(FAT_Misc.o)
                0x00003dd8                FS_FAT_FindDirEntry
 .text.FS_FAT_CopyDirEntryInfo
                0x00003e38       0x50 .\emFile_V322c\LinkLibrary\PSoC5\GCC\libemf16nosnlfn.a(FAT_Misc.o)
                0x00003e38                FS_FAT_CopyDirEntryInfo
 .text._SFN_ReadDirEntryInfo
                0x00003e88       0x6e .\emFile_V322c\LinkLibrary\PSoC5\GCC\libemf16nosnlfn.a(FAT_Misc.o)
 .text._SetFATSector
                0x00003ef6        0x6 .\emFile_V322c\LinkLibrary\PSoC5\GCC\libemf16nosnlfn.a(FAT_Misc.o)
 .text._WriteFATEntry
                0x00003efc      0x152 .\emFile_V322c\LinkLibrary\PSoC5\GCC\libemf16nosnlfn.a(FAT_Misc.o)
 .text.FS_FAT_MarkClusterEOC
                0x0000404e        0x8 .\emFile_V322c\LinkLibrary\PSoC5\GCC\libemf16nosnlfn.a(FAT_Misc.o)
                0x0000404e                FS_FAT_MarkClusterEOC
 .text.FS_FAT_SyncFAT
                0x00004056       0x3c .\emFile_V322c\LinkLibrary\PSoC5\GCC\libemf16nosnlfn.a(FAT_Misc.o)
                0x00004056                FS_FAT_SyncFAT
 .text.FS_FAT_LinkCluster
                0x00004092       0x1c .\emFile_V322c\LinkLibrary\PSoC5\GCC\libemf16nosnlfn.a(FAT_Misc.o)
                0x00004092                FS_FAT_LinkCluster
 .text.FS_FAT_ReadFATEntry
                0x000040ae       0xb2 .\emFile_V322c\LinkLibrary\PSoC5\GCC\libemf16nosnlfn.a(FAT_Misc.o)
                0x000040ae                FS_FAT_ReadFATEntry
 .text.FS_FAT_GetNumAdjClustersInChain
                0x00004160       0x64 .\emFile_V322c\LinkLibrary\PSoC5\GCC\libemf16nosnlfn.a(FAT_Misc.o)
                0x00004160                FS_FAT_GetNumAdjClustersInChain
 .text.FS_FAT_WalkClusterEx
                0x000041c4       0x5c .\emFile_V322c\LinkLibrary\PSoC5\GCC\libemf16nosnlfn.a(FAT_Misc.o)
                0x000041c4                FS_FAT_WalkClusterEx
 .text.FS_FAT_GotoCluster
                0x00004220       0x88 .\emFile_V322c\LinkLibrary\PSoC5\GCC\libemf16nosnlfn.a(FAT_Misc.o)
                0x00004220                FS_FAT_GotoCluster
 .text.FS_FAT_WalkCluster
                0x000042a8       0x18 .\emFile_V322c\LinkLibrary\PSoC5\GCC\libemf16nosnlfn.a(FAT_Misc.o)
                0x000042a8                FS_FAT_WalkCluster
 .text.FS_FAT_FindLastCluster
                0x000042c0       0x34 .\emFile_V322c\LinkLibrary\PSoC5\GCC\libemf16nosnlfn.a(FAT_Misc.o)
                0x000042c0                FS_FAT_FindLastCluster
 .text._CalcFreeClusterCnt
                0x000042f4       0x88 .\emFile_V322c\LinkLibrary\PSoC5\GCC\libemf16nosnlfn.a(FAT_Misc.o)
 .text.FS_FAT_FindFreeCluster
                0x0000437c       0xa8 .\emFile_V322c\LinkLibrary\PSoC5\GCC\libemf16nosnlfn.a(FAT_Misc.o)
                0x0000437c                FS_FAT_FindFreeCluster
 .text.FS_FAT_AllocCluster
                0x00004424       0x20 .\emFile_V322c\LinkLibrary\PSoC5\GCC\libemf16nosnlfn.a(FAT_Misc.o)
                0x00004424                FS_FAT_AllocCluster
 .text._WriteEmptyFATSectors
                0x00004444       0x3c .\emFile_V322c\LinkLibrary\PSoC5\GCC\libemf16nosnlfn.a(FAT_Misc.o)
 .text.FS_FAT_FreeClusterChain
                0x00004480       0xe0 .\emFile_V322c\LinkLibrary\PSoC5\GCC\libemf16nosnlfn.a(FAT_Misc.o)
                0x00004480                FS_FAT_FreeClusterChain
 .text.FS_FAT_CheckBPB
                0x00004560      0x14c .\emFile_V322c\LinkLibrary\PSoC5\GCC\libemf16nosnlfn.a(FAT_Misc.o)
                0x00004560                FS_FAT_CheckBPB
 .text.FS_FAT_InitDirEntryScan
                0x000046ac       0x14 .\emFile_V322c\LinkLibrary\PSoC5\GCC\libemf16nosnlfn.a(FAT_Open.o)
                0x000046ac                FS_FAT_InitDirEntryScan
 .text.FS_FAT_IncDirPos
                0x000046c0        0x8 .\emFile_V322c\LinkLibrary\PSoC5\GCC\libemf16nosnlfn.a(FAT_Open.o)
                0x000046c0                FS_FAT_IncDirPos
 .text._CopyDirText
                0x000046c8       0x44 .\emFile_V322c\LinkLibrary\PSoC5\GCC\libemf16nosnlfn.a(FAT_Open.o)
 .text.FS_FAT_Make83Name
                0x0000470c       0xb0 .\emFile_V322c\LinkLibrary\PSoC5\GCC\libemf16nosnlfn.a(FAT_Open.o)
                0x0000470c                FS_FAT_Make83Name
 .text.FS_FAT_GetDirEntry
                0x000047bc       0xb2 .\emFile_V322c\LinkLibrary\PSoC5\GCC\libemf16nosnlfn.a(FAT_Open.o)
                0x000047bc                FS_FAT_GetDirEntry
 .text.FS_FAT_FindDirEntryShortEx
                0x0000486e       0x5a .\emFile_V322c\LinkLibrary\PSoC5\GCC\libemf16nosnlfn.a(FAT_Open.o)
                0x0000486e                FS_FAT_FindDirEntryShortEx
 .text.FS_FAT_FindDirEntryShort
                0x000048c8       0x36 .\emFile_V322c\LinkLibrary\PSoC5\GCC\libemf16nosnlfn.a(FAT_Open.o)
                0x000048c8                FS_FAT_FindDirEntryShort
 .text.FS_FAT_FindEmptyDirEntry
                0x000048fe       0xb0 .\emFile_V322c\LinkLibrary\PSoC5\GCC\libemf16nosnlfn.a(FAT_Open.o)
                0x000048fe                FS_FAT_FindEmptyDirEntry
 .text.FS_FAT_GetFirstCluster
                0x000049ae       0x1a .\emFile_V322c\LinkLibrary\PSoC5\GCC\libemf16nosnlfn.a(FAT_Open.o)
                0x000049ae                FS_FAT_GetFirstCluster
 .text.FS_FAT_FindPath
                0x000049c8       0x7a .\emFile_V322c\LinkLibrary\PSoC5\GCC\libemf16nosnlfn.a(FAT_Open.o)
                0x000049c8                FS_FAT_FindPath
 .text.FS_FAT_DeleteFileOrDir
                0x00004a42       0x48 .\emFile_V322c\LinkLibrary\PSoC5\GCC\libemf16nosnlfn.a(FAT_Open.o)
                0x00004a42                FS_FAT_DeleteFileOrDir
 *fill*         0x00004a8a        0x2 
 .text.FS_FAT_Open
                0x00004a8c      0x1dc .\emFile_V322c\LinkLibrary\PSoC5\GCC\libemf16nosnlfn.a(FAT_Open.o)
                0x00004a8c                FS_FAT_Open
 .text.FS_FAT_WriteDirEntryCluster
                0x00004c68       0x1c .\emFile_V322c\LinkLibrary\PSoC5\GCC\libemf16nosnlfn.a(FAT_Open.o)
                0x00004c68                FS_FAT_WriteDirEntryCluster
 .text.FS_FAT_WriteDirEntry83
                0x00004c84       0x6c .\emFile_V322c\LinkLibrary\PSoC5\GCC\libemf16nosnlfn.a(FAT_Open.o)
                0x00004c84                FS_FAT_WriteDirEntry83
 .text._WriteBurst
                0x00004cf0       0x24 .\emFile_V322c\LinkLibrary\PSoC5\GCC\libemf16nosnlfn.a(FAT_Write.o)
 .text.FS_FAT_GotoClusterAllocIfReq
                0x00004d14       0xa8 .\emFile_V322c\LinkLibrary\PSoC5\GCC\libemf16nosnlfn.a(FAT_Write.o)
                0x00004d14                FS_FAT_GotoClusterAllocIfReq
 .text.FS_FAT_UpdateDirEntry
                0x00004dbc       0x68 .\emFile_V322c\LinkLibrary\PSoC5\GCC\libemf16nosnlfn.a(FAT_Write.o)
                0x00004dbc                FS_FAT_UpdateDirEntry
 .text.FS_FAT_Close
                0x00004e24       0x44 .\emFile_V322c\LinkLibrary\PSoC5\GCC\libemf16nosnlfn.a(FAT_Write.o)
                0x00004e24                FS_FAT_Close
 .text.FS_FAT_Write
                0x00004e68      0x1c8 .\emFile_V322c\LinkLibrary\PSoC5\GCC\libemf16nosnlfn.a(FAT_Write.o)
                0x00004e68                FS_FAT_Write
 .text.FS__CLIB_memcmp
                0x00005030       0x20 .\emFile_V322c\LinkLibrary\PSoC5\GCC\libemf16nosnlfn.a(FS_CLib.o)
                0x00005030                FS__CLIB_memcmp
 .text.FS__CLIB_memset
                0x00005050       0x6c .\emFile_V322c\LinkLibrary\PSoC5\GCC\libemf16nosnlfn.a(FS_CLib.o)
                0x00005050                FS__CLIB_memset
 .text.FS__CLIB_strcmp
                0x000050bc       0x1a .\emFile_V322c\LinkLibrary\PSoC5\GCC\libemf16nosnlfn.a(FS_CLib.o)
                0x000050bc                FS__CLIB_strcmp
 .text.FS__CLIB_strlen
                0x000050d6       0x10 .\emFile_V322c\LinkLibrary\PSoC5\GCC\libemf16nosnlfn.a(FS_CLib.o)
                0x000050d6                FS__CLIB_strlen
 .text.FS__CLIB_strncmp
                0x000050e6       0x26 .\emFile_V322c\LinkLibrary\PSoC5\GCC\libemf16nosnlfn.a(FS_CLib.o)
                0x000050e6                FS__CLIB_strncmp
 .text.FS__CLIB_toupper
                0x0000510c        0xe .\emFile_V322c\LinkLibrary\PSoC5\GCC\libemf16nosnlfn.a(FS_CLib.o)
                0x0000510c                FS__CLIB_toupper
 .text.FS__strchr
                0x0000511a       0x14 .\emFile_V322c\LinkLibrary\PSoC5\GCC\libemf16nosnlfn.a(FS_Core.o)
                0x0000511a                FS__strchr
 .text.FS_LoadU32BE
                0x0000512e       0x18 .\emFile_V322c\LinkLibrary\PSoC5\GCC\libemf16nosnlfn.a(FS_Core.o)
                0x0000512e                FS_LoadU32BE
 .text.FS_LoadU32LE
                0x00005146       0x16 .\emFile_V322c\LinkLibrary\PSoC5\GCC\libemf16nosnlfn.a(FS_Core.o)
                0x00005146                FS_LoadU32LE
 .text.FS_StoreU32LE
                0x0000515c       0x14 .\emFile_V322c\LinkLibrary\PSoC5\GCC\libemf16nosnlfn.a(FS_Core.o)
                0x0000515c                FS_StoreU32LE
 .text.FS_StoreU16LE
                0x00005170        0x8 .\emFile_V322c\LinkLibrary\PSoC5\GCC\libemf16nosnlfn.a(FS_Core.o)
                0x00005170                FS_StoreU16LE
 .text.FS_LoadU16LE
                0x00005178        0xa .\emFile_V322c\LinkLibrary\PSoC5\GCC\libemf16nosnlfn.a(FS_Core.o)
                0x00005178                FS_LoadU16LE
 *fill*         0x00005182        0x2 
 .text._Alloc   0x00005184       0x30 .\emFile_V322c\LinkLibrary\PSoC5\GCC\libemf16nosnlfn.a(FS_Core.o)
 .text.FS_Alloc
                0x000051b4        0xc .\emFile_V322c\LinkLibrary\PSoC5\GCC\libemf16nosnlfn.a(FS_Core.o)
                0x000051b4                FS_Alloc
 .text.FS_TryAlloc
                0x000051c0        0x4 .\emFile_V322c\LinkLibrary\PSoC5\GCC\libemf16nosnlfn.a(FS_Core.o)
                0x000051c0                FS_TryAlloc
 .text.FS_Free  0x000051c4       0x1c .\emFile_V322c\LinkLibrary\PSoC5\GCC\libemf16nosnlfn.a(FS_Core.o)
                0x000051c4                FS_Free
 .text.FS_AssignMemory
                0x000051e0        0xc .\emFile_V322c\LinkLibrary\PSoC5\GCC\libemf16nosnlfn.a(FS_Core.o)
                0x000051e0                FS_AssignMemory
 .text.FS_AllocZeroed
                0x000051ec       0x16 .\emFile_V322c\LinkLibrary\PSoC5\GCC\libemf16nosnlfn.a(FS_Core.o)
                0x000051ec                FS_AllocZeroed
 *fill*         0x00005202        0x2 
 .text.FS_STORAGE_Init
                0x00005204       0x28 .\emFile_V322c\LinkLibrary\PSoC5\GCC\libemf16nosnlfn.a(FS_Core.o)
                0x00005204                FS_STORAGE_Init
 .text._ClrBusyLED
                0x0000522c        0xc .\emFile_V322c\LinkLibrary\PSoC5\GCC\libemf16nosnlfn.a(FS_LogBlock.o)
 .text._SetBusyLED
                0x00005238        0xc .\emFile_V322c\LinkLibrary\PSoC5\GCC\libemf16nosnlfn.a(FS_LogBlock.o)
 .text._Read    0x00005244        0xc .\emFile_V322c\LinkLibrary\PSoC5\GCC\libemf16nosnlfn.a(FS_LogBlock.o)
 .text._Write   0x00005250       0x12 .\emFile_V322c\LinkLibrary\PSoC5\GCC\libemf16nosnlfn.a(FS_LogBlock.o)
 .text.FS_LB_GetStatus
                0x00005262        0xc .\emFile_V322c\LinkLibrary\PSoC5\GCC\libemf16nosnlfn.a(FS_LogBlock.o)
                0x00005262                FS_LB_GetStatus
 .text.FS_LB_InitMedium
                0x0000526e       0x1a .\emFile_V322c\LinkLibrary\PSoC5\GCC\libemf16nosnlfn.a(FS_LogBlock.o)
                0x0000526e                FS_LB_InitMedium
 .text.FS_LB_InitMediumIfRequired
                0x00005288       0x10 .\emFile_V322c\LinkLibrary\PSoC5\GCC\libemf16nosnlfn.a(FS_LogBlock.o)
                0x00005288                FS_LB_InitMediumIfRequired
 .text.FS_LB_ReadDevice
                0x00005298       0x2e .\emFile_V322c\LinkLibrary\PSoC5\GCC\libemf16nosnlfn.a(FS_LogBlock.o)
                0x00005298                FS_LB_ReadDevice
 .text.FS_LB_ReadPart
                0x000052c6        0xe .\emFile_V322c\LinkLibrary\PSoC5\GCC\libemf16nosnlfn.a(FS_LogBlock.o)
                0x000052c6                FS_LB_ReadPart
 .text.FS_LB_WriteBurst
                0x000052d4       0x30 .\emFile_V322c\LinkLibrary\PSoC5\GCC\libemf16nosnlfn.a(FS_LogBlock.o)
                0x000052d4                FS_LB_WriteBurst
 .text.FS_LB_WriteBurstPart
                0x00005304       0x14 .\emFile_V322c\LinkLibrary\PSoC5\GCC\libemf16nosnlfn.a(FS_LogBlock.o)
                0x00005304                FS_LB_WriteBurstPart
 .text.FS_LB_WriteMultiple
                0x00005318       0x30 .\emFile_V322c\LinkLibrary\PSoC5\GCC\libemf16nosnlfn.a(FS_LogBlock.o)
                0x00005318                FS_LB_WriteMultiple
 .text.FS_LB_WriteMultiplePart
                0x00005348       0x14 .\emFile_V322c\LinkLibrary\PSoC5\GCC\libemf16nosnlfn.a(FS_LogBlock.o)
                0x00005348                FS_LB_WriteMultiplePart
 .text.FS_LB_WriteDevice
                0x0000535c       0x36 .\emFile_V322c\LinkLibrary\PSoC5\GCC\libemf16nosnlfn.a(FS_LogBlock.o)
                0x0000535c                FS_LB_WriteDevice
 .text.FS_LB_WritePart
                0x00005392        0xe .\emFile_V322c\LinkLibrary\PSoC5\GCC\libemf16nosnlfn.a(FS_LogBlock.o)
                0x00005392                FS_LB_WritePart
 .text.FS_GetSectorSize
                0x000053a0       0x28 .\emFile_V322c\LinkLibrary\PSoC5\GCC\libemf16nosnlfn.a(FS_LogBlock.o)
                0x000053a0                FS_GetSectorSize
 .text.FS_LB_GetDeviceInfo
                0x000053c8       0x26 .\emFile_V322c\LinkLibrary\PSoC5\GCC\libemf16nosnlfn.a(FS_LogBlock.o)
                0x000053c8                FS_LB_GetDeviceInfo
 .text.FS_memcpy
                0x000053ee      0x120 .\emFile_V322c\LinkLibrary\PSoC5\GCC\libemf16nosnlfn.a(FS_memcpy.o)
                0x000053ee                FS_memcpy
 .text._IsBPB   0x0000550e       0x1e .\emFile_V322c\LinkLibrary\PSoC5\GCC\libemf16nosnlfn.a(FS_Partition.o)
 .text._HasSignature
                0x0000552c       0x18 .\emFile_V322c\LinkLibrary\PSoC5\GCC\libemf16nosnlfn.a(FS_Partition.o)
 .text._GetPartitionStartSector
                0x00005544        0xc .\emFile_V322c\LinkLibrary\PSoC5\GCC\libemf16nosnlfn.a(FS_Partition.o)
 .text.FS__GetMediaStartSecEx
                0x00005550       0x6e .\emFile_V322c\LinkLibrary\PSoC5\GCC\libemf16nosnlfn.a(FS_Partition.o)
                0x00005550                FS__GetMediaStartSecEx
 *fill*         0x000055be        0x2 
 .text.FS__LocatePartition
                0x000055c0       0x44 .\emFile_V322c\LinkLibrary\PSoC5\GCC\libemf16nosnlfn.a(FS_Partition.o)
                0x000055c0                FS__LocatePartition
 .text.FS_X_AddDevices
                0x00005604       0x1c .\CortexM3\ARM_GCC_541\Debug\Design01.a(emFile_1_ConfigMMC_SPI.o)
                0x00005604                FS_X_AddDevices
 .text.FS_X_GetTimeDate
                0x00005620        0x8 .\CortexM3\ARM_GCC_541\Debug\Design01.a(emFile_1_ConfigMMC_SPI.o)
                0x00005620                FS_X_GetTimeDate
 .text._CalcDataCRC16Dummy
                0x00005628        0x6 .\emFile_V322c\LinkLibrary\PSoC5\GCC\libemf16nosnlfn.a(MMC_Drv.o)
 *fill*         0x0000562e        0x2 
 .text._MMC_GetNumUnits
                0x00005630        0xc .\emFile_V322c\LinkLibrary\PSoC5\GCC\libemf16nosnlfn.a(MMC_Drv.o)
 .text._MMC_GetDriverName
                0x0000563c        0x8 .\emFile_V322c\LinkLibrary\PSoC5\GCC\libemf16nosnlfn.a(MMC_Drv.o)
 .text._MMC_GetStatus
                0x00005644        0x4 .\emFile_V322c\LinkLibrary\PSoC5\GCC\libemf16nosnlfn.a(MMC_Drv.o)
 .text._CheckR1
                0x00005648       0x38 .\emFile_V322c\LinkLibrary\PSoC5\GCC\libemf16nosnlfn.a(MMC_Drv.o)
 .text._WaitToGetReady
                0x00005680       0x26 .\emFile_V322c\LinkLibrary\PSoC5\GCC\libemf16nosnlfn.a(MMC_Drv.o)
 .text._SendEmptyCycles
                0x000056a6       0x24 .\emFile_V322c\LinkLibrary\PSoC5\GCC\libemf16nosnlfn.a(MMC_Drv.o)
 *fill*         0x000056ca        0x2 
 .text._MMC_AddDevice
                0x000056cc       0x2c .\emFile_V322c\LinkLibrary\PSoC5\GCC\libemf16nosnlfn.a(MMC_Drv.o)
 .text.T.53     0x000056f8       0x14 .\emFile_V322c\LinkLibrary\PSoC5\GCC\libemf16nosnlfn.a(MMC_Drv.o)
 .text._GetFromCSD
                0x0000570c       0x34 .\emFile_V322c\LinkLibrary\PSoC5\GCC\libemf16nosnlfn.a(MMC_Drv.o)
 .text._ExecCmdR1
                0x00005740       0x98 .\emFile_V322c\LinkLibrary\PSoC5\GCC\libemf16nosnlfn.a(MMC_Drv.o)
 .text._ReadCSD
                0x000057d8       0x86 .\emFile_V322c\LinkLibrary\PSoC5\GCC\libemf16nosnlfn.a(MMC_Drv.o)
 *fill*         0x0000585e        0x2 
 .text._MMC_Read
                0x00005860      0x130 .\emFile_V322c\LinkLibrary\PSoC5\GCC\libemf16nosnlfn.a(MMC_Drv.o)
 .text._MMC_Write
                0x00005990      0x13c .\emFile_V322c\LinkLibrary\PSoC5\GCC\libemf16nosnlfn.a(MMC_Drv.o)
 .text._ApplyCSD
                0x00005acc      0x228 .\emFile_V322c\LinkLibrary\PSoC5\GCC\libemf16nosnlfn.a(MMC_Drv.o)
 .text._MMC_Init
                0x00005cf4      0x1c0 .\emFile_V322c\LinkLibrary\PSoC5\GCC\libemf16nosnlfn.a(MMC_Drv.o)
 .text._MMC_InitMedium
                0x00005eb4       0x28 .\emFile_V322c\LinkLibrary\PSoC5\GCC\libemf16nosnlfn.a(MMC_Drv.o)
 .text._MMC_IoCtl
                0x00005edc       0x60 .\emFile_V322c\LinkLibrary\PSoC5\GCC\libemf16nosnlfn.a(MMC_Drv.o)
 .text.emFile_1_Init
                0x00005f3c       0x4c .\CortexM3\ARM_GCC_541\Debug\Design01.a(emFile_1_MMC_HW_SPI.o)
 .text.emFile_1_ReadWriteSPI
                0x00005f88       0x30 .\CortexM3\ARM_GCC_541\Debug\Design01.a(emFile_1_MMC_HW_SPI.o)
 .text.FS_MMC_HW_X_EnableCS
                0x00005fb8       0x14 .\CortexM3\ARM_GCC_541\Debug\Design01.a(emFile_1_MMC_HW_SPI.o)
                0x00005fb8                FS_MMC_HW_X_EnableCS
 .text.FS_MMC_HW_X_DisableCS
                0x00005fcc       0x14 .\CortexM3\ARM_GCC_541\Debug\Design01.a(emFile_1_MMC_HW_SPI.o)
                0x00005fcc                FS_MMC_HW_X_DisableCS
 .text.FS_MMC_HW_X_IsWriteProtected
                0x00005fe0        0x4 .\CortexM3\ARM_GCC_541\Debug\Design01.a(emFile_1_MMC_HW_SPI.o)
                0x00005fe0                FS_MMC_HW_X_IsWriteProtected
 .text.FS_MMC_HW_X_SetMaxSpeed
                0x00005fe4       0x54 .\CortexM3\ARM_GCC_541\Debug\Design01.a(emFile_1_MMC_HW_SPI.o)
                0x00005fe4                FS_MMC_HW_X_SetMaxSpeed
 .text.FS_MMC_HW_X_SetVoltage
                0x00006038       0x3c .\CortexM3\ARM_GCC_541\Debug\Design01.a(emFile_1_MMC_HW_SPI.o)
                0x00006038                FS_MMC_HW_X_SetVoltage
 .text.FS_MMC_HW_X_IsPresent
                0x00006074        0xc .\CortexM3\ARM_GCC_541\Debug\Design01.a(emFile_1_MMC_HW_SPI.o)
                0x00006074                FS_MMC_HW_X_IsPresent
 .text.FS_MMC_HW_X_Read
                0x00006080       0x1c .\CortexM3\ARM_GCC_541\Debug\Design01.a(emFile_1_MMC_HW_SPI.o)
                0x00006080                FS_MMC_HW_X_Read
 .text.FS_MMC_HW_X_Write
                0x0000609c       0x18 .\CortexM3\ARM_GCC_541\Debug\Design01.a(emFile_1_MMC_HW_SPI.o)
                0x0000609c                FS_MMC_HW_X_Write
 .text.emFile_1_Clock_1_Start
                0x000060b4       0x1c .\CortexM3\ARM_GCC_541\Debug\Design01.a(emFile_1_Clock_1.o)
                0x000060b4                emFile_1_Clock_1_Start
 .text.emFile_1_Clock_1_Stop
                0x000060d0       0x1c .\CortexM3\ARM_GCC_541\Debug\Design01.a(emFile_1_Clock_1.o)
                0x000060d0                emFile_1_Clock_1_Stop
 .text.emFile_1_Clock_1_GetDividerRegister
                0x000060ec        0xc .\CortexM3\ARM_GCC_541\Debug\Design01.a(emFile_1_Clock_1.o)
                0x000060ec                emFile_1_Clock_1_GetDividerRegister
 .text.emFile_1_Clock_1_GetSourceRegister
                0x000060f8       0x10 .\CortexM3\ARM_GCC_541\Debug\Design01.a(emFile_1_Clock_1.o)
                0x000060f8                emFile_1_Clock_1_GetSourceRegister
 .text.emFile_1_Clock_1_SetDividerRegister
                0x00006108       0xd8 .\CortexM3\ARM_GCC_541\Debug\Design01.a(emFile_1_Clock_1.o)
                0x00006108                emFile_1_Clock_1_SetDividerRegister
 .text.emFile_1_SPI0_CS_Write
                0x000061e0       0x18 .\CortexM3\ARM_GCC_541\Debug\Design01.a(emFile_1_SPI0_CS.o)
                0x000061e0                emFile_1_SPI0_CS_Write
 .text          0x000061f8      0x370 d:/psoc/psoc creator/4.2/psoc creator/import/gnu/arm/5.4.1/bin/../lib/gcc/arm-none-eabi/5.4.1/armv7-m\libgcc.a(_arm_addsubdf3.o)
                0x000061f8                __aeabi_drsub
                0x00006200                __aeabi_dsub
                0x00006200                __subdf3
                0x00006204                __aeabi_dadd
                0x00006204                __adddf3
                0x0000647c                __floatunsidf
                0x0000647c                __aeabi_ui2d
                0x0000649c                __floatsidf
                0x0000649c                __aeabi_i2d
                0x000064c0                __aeabi_f2d
                0x000064c0                __extendsfdf2
                0x000064fc                __floatundidf
                0x000064fc                __aeabi_ul2d
                0x0000650c                __floatdidf
                0x0000650c                __aeabi_l2d
 .text          0x00006568      0x424 d:/psoc/psoc creator/4.2/psoc creator/import/gnu/arm/5.4.1/bin/../lib/gcc/arm-none-eabi/5.4.1/armv7-m\libgcc.a(_arm_muldivdf3.o)
                0x00006568                __aeabi_dmul
                0x00006568                __muldf3
                0x000067bc                __divdf3
                0x000067bc                __aeabi_ddiv
 .text          0x0000698c      0x110 d:/psoc/psoc creator/4.2/psoc creator/import/gnu/arm/5.4.1/bin/../lib/gcc/arm-none-eabi/5.4.1/armv7-m\libgcc.a(_arm_cmpdf2.o)
                0x0000698c                __gtdf2
                0x0000698c                __gedf2
                0x00006994                __ltdf2
                0x00006994                __ledf2
                0x0000699c                __nedf2
                0x0000699c                __eqdf2
                0x0000699c                __cmpdf2
                0x00006a18                __aeabi_cdrcmple
                0x00006a28                __aeabi_cdcmpeq
                0x00006a28                __aeabi_cdcmple
                0x00006a38                __aeabi_dcmpeq
                0x00006a4c                __aeabi_dcmplt
                0x00006a60                __aeabi_dcmple
                0x00006a74                __aeabi_dcmpge
                0x00006a88                __aeabi_dcmpgt
 .text          0x00006a9c       0x50 d:/psoc/psoc creator/4.2/psoc creator/import/gnu/arm/5.4.1/bin/../lib/gcc/arm-none-eabi/5.4.1/armv7-m\libgcc.a(_arm_fixdfsi.o)
                0x00006a9c                __aeabi_d2iz
                0x00006a9c                __fixdfsi
 .text          0x00006aec       0x40 d:/psoc/psoc creator/4.2/psoc creator/import/gnu/arm/5.4.1/bin/../lib/gcc/arm-none-eabi/5.4.1/armv7-m\libgcc.a(_arm_fixunsdfsi.o)
                0x00006aec                __aeabi_d2uiz
                0x00006aec                __fixunsdfsi
 .text.__errno  0x00006b2c        0xc d:/psoc/psoc creator/4.2/psoc creator/import/gnu/arm/5.4.1/bin/../lib/gcc/arm-none-eabi/5.4.1/../../../../arm-none-eabi/lib/armv7-m\libg_nano.a(lib_a-errno.o)
                0x00006b2c                __errno
 .text.__libc_init_array
                0x00006b38       0x4c d:/psoc/psoc creator/4.2/psoc creator/import/gnu/arm/5.4.1/bin/../lib/gcc/arm-none-eabi/5.4.1/../../../../arm-none-eabi/lib/armv7-m\libg_nano.a(lib_a-init.o)
                0x00006b38                __libc_init_array
 .text.__itoa   0x00006b84       0x2e d:/psoc/psoc creator/4.2/psoc creator/import/gnu/arm/5.4.1/bin/../lib/gcc/arm-none-eabi/5.4.1/../../../../arm-none-eabi/lib/armv7-m\libg_nano.a(lib_a-itoa.o)
                0x00006b84                __itoa
 .text.itoa     0x00006bb2        0x4 d:/psoc/psoc creator/4.2/psoc creator/import/gnu/arm/5.4.1/bin/../lib/gcc/arm-none-eabi/5.4.1/../../../../arm-none-eabi/lib/armv7-m\libg_nano.a(lib_a-itoa.o)
                0x00006bb2                itoa
 .text.memcpy   0x00006bb6       0x16 d:/psoc/psoc creator/4.2/psoc creator/import/gnu/arm/5.4.1/bin/../lib/gcc/arm-none-eabi/5.4.1/../../../../arm-none-eabi/lib/armv7-m\libg_nano.a(lib_a-memcpy-stub.o)
                0x00006bb6                memcpy
 .text.memset   0x00006bcc       0x10 d:/psoc/psoc creator/4.2/psoc creator/import/gnu/arm/5.4.1/bin/../lib/gcc/arm-none-eabi/5.4.1/../../../../arm-none-eabi/lib/armv7-m\libg_nano.a(lib_a-memset.o)
                0x00006bcc                memset
 .text.__cvt    0x00006bdc       0xc0 d:/psoc/psoc creator/4.2/psoc creator/import/gnu/arm/5.4.1/bin/../lib/gcc/arm-none-eabi/5.4.1/../../../../arm-none-eabi/lib/armv7-m\libg_nano.a(lib_a-nano-vfprintf_float.o)
                0x00006bdc                __cvt
 .text.__exponent
                0x00006c9c       0x62 d:/psoc/psoc creator/4.2/psoc creator/import/gnu/arm/5.4.1/bin/../lib/gcc/arm-none-eabi/5.4.1/../../../../arm-none-eabi/lib/armv7-m\libg_nano.a(lib_a-nano-vfprintf_float.o)
                0x00006c9c                __exponent
 *fill*         0x00006cfe        0x2 
 .text._printf_float
                0x00006d00      0x488 d:/psoc/psoc creator/4.2/psoc creator/import/gnu/arm/5.4.1/bin/../lib/gcc/arm-none-eabi/5.4.1/../../../../arm-none-eabi/lib/armv7-m\libg_nano.a(lib_a-nano-vfprintf_float.o)
                0x00006d00                _printf_float
 .text._printf_common
                0x00007188       0xec d:/psoc/psoc creator/4.2/psoc creator/import/gnu/arm/5.4.1/bin/../lib/gcc/arm-none-eabi/5.4.1/../../../../arm-none-eabi/lib/armv7-m\libg_nano.a(lib_a-nano-vfprintf_i.o)
                0x00007188                _printf_common
 .text._printf_i
                0x00007274      0x24c d:/psoc/psoc creator/4.2/psoc creator/import/gnu/arm/5.4.1/bin/../lib/gcc/arm-none-eabi/5.4.1/../../../../arm-none-eabi/lib/armv7-m\libg_nano.a(lib_a-nano-vfprintf_i.o)
                0x00007274                _printf_i
 .text.rand     0x000074c0       0x74 d:/psoc/psoc creator/4.2/psoc creator/import/gnu/arm/5.4.1/bin/../lib/gcc/arm-none-eabi/5.4.1/../../../../arm-none-eabi/lib/armv7-m\libg_nano.a(lib_a-rand.o)
                0x000074c0                rand
 .text.sprintf  0x00007534       0x48 d:/psoc/psoc creator/4.2/psoc creator/import/gnu/arm/5.4.1/bin/../lib/gcc/arm-none-eabi/5.4.1/../../../../arm-none-eabi/lib/armv7-m\libg_nano.a(lib_a-sprintf.o)
                0x00007534                siprintf
                0x00007534                sprintf
 .text          0x0000757c       0x10 d:/psoc/psoc creator/4.2/psoc creator/import/gnu/arm/5.4.1/bin/../lib/gcc/arm-none-eabi/5.4.1/../../../../arm-none-eabi/lib/armv7-m\libg_nano.a(lib_a-strlen.o)
                0x0000757c                strlen
 .text.__utoa   0x0000758c       0x78 d:/psoc/psoc creator/4.2/psoc creator/import/gnu/arm/5.4.1/bin/../lib/gcc/arm-none-eabi/5.4.1/../../../../arm-none-eabi/lib/armv7-m\libg_nano.a(lib_a-utoa.o)
                0x0000758c                __utoa
 .text.quorem   0x00007604      0x116 d:/psoc/psoc creator/4.2/psoc creator/import/gnu/arm/5.4.1/bin/../lib/gcc/arm-none-eabi/5.4.1/../../../../arm-none-eabi/lib/armv7-m\libg_nano.a(lib_a-dtoa.o)
 *fill*         0x0000771a        0x6 
 .text._dtoa_r  0x00007720      0xb30 d:/psoc/psoc creator/4.2/psoc creator/import/gnu/arm/5.4.1/bin/../lib/gcc/arm-none-eabi/5.4.1/../../../../arm-none-eabi/lib/armv7-m\libg_nano.a(lib_a-dtoa.o)
                0x00007720                _dtoa_r
 .text._localeconv_r
                0x00008250        0x8 d:/psoc/psoc creator/4.2/psoc creator/import/gnu/arm/5.4.1/bin/../lib/gcc/arm-none-eabi/5.4.1/../../../../arm-none-eabi/lib/armv7-m\libg_nano.a(lib_a-locale.o)
                0x00008250                _localeconv_r
 .text.malloc   0x00008258       0x10 d:/psoc/psoc creator/4.2/psoc creator/import/gnu/arm/5.4.1/bin/../lib/gcc/arm-none-eabi/5.4.1/../../../../arm-none-eabi/lib/armv7-m\libg_nano.a(lib_a-malloc.o)
                0x00008258                malloc
 .text.memchr   0x00008268       0x1c d:/psoc/psoc creator/4.2/psoc creator/import/gnu/arm/5.4.1/bin/../lib/gcc/arm-none-eabi/5.4.1/../../../../arm-none-eabi/lib/armv7-m\libg_nano.a(lib_a-memchr-stub.o)
                0x00008268                memchr
 .text._Balloc  0x00008284       0x6a d:/psoc/psoc creator/4.2/psoc creator/import/gnu/arm/5.4.1/bin/../lib/gcc/arm-none-eabi/5.4.1/../../../../arm-none-eabi/lib/armv7-m\libg_nano.a(lib_a-mprec.o)
                0x00008284                _Balloc
 .text._Bfree   0x000082ee       0x2e d:/psoc/psoc creator/4.2/psoc creator/import/gnu/arm/5.4.1/bin/../lib/gcc/arm-none-eabi/5.4.1/../../../../arm-none-eabi/lib/armv7-m\libg_nano.a(lib_a-mprec.o)
                0x000082ee                _Bfree
 .text.__multadd
                0x0000831c       0x76 d:/psoc/psoc creator/4.2/psoc creator/import/gnu/arm/5.4.1/bin/../lib/gcc/arm-none-eabi/5.4.1/../../../../arm-none-eabi/lib/armv7-m\libg_nano.a(lib_a-mprec.o)
                0x0000831c                __multadd
 .text.__hi0bits
                0x00008392       0x40 d:/psoc/psoc creator/4.2/psoc creator/import/gnu/arm/5.4.1/bin/../lib/gcc/arm-none-eabi/5.4.1/../../../../arm-none-eabi/lib/armv7-m\libg_nano.a(lib_a-mprec.o)
                0x00008392                __hi0bits
 .text.__lo0bits
                0x000083d2       0x5a d:/psoc/psoc creator/4.2/psoc creator/import/gnu/arm/5.4.1/bin/../lib/gcc/arm-none-eabi/5.4.1/../../../../arm-none-eabi/lib/armv7-m\libg_nano.a(lib_a-mprec.o)
                0x000083d2                __lo0bits
 .text.__i2b    0x0000842c       0x12 d:/psoc/psoc creator/4.2/psoc creator/import/gnu/arm/5.4.1/bin/../lib/gcc/arm-none-eabi/5.4.1/../../../../arm-none-eabi/lib/armv7-m\libg_nano.a(lib_a-mprec.o)
                0x0000842c                __i2b
 .text.__multiply
                0x0000843e      0x120 d:/psoc/psoc creator/4.2/psoc creator/import/gnu/arm/5.4.1/bin/../lib/gcc/arm-none-eabi/5.4.1/../../../../arm-none-eabi/lib/armv7-m\libg_nano.a(lib_a-mprec.o)
                0x0000843e                __multiply
 *fill*         0x0000855e        0x2 
 .text.__pow5mult
                0x00008560       0x9c d:/psoc/psoc creator/4.2/psoc creator/import/gnu/arm/5.4.1/bin/../lib/gcc/arm-none-eabi/5.4.1/../../../../arm-none-eabi/lib/armv7-m\libg_nano.a(lib_a-mprec.o)
                0x00008560                __pow5mult
 .text.__lshift
                0x000085fc       0xa2 d:/psoc/psoc creator/4.2/psoc creator/import/gnu/arm/5.4.1/bin/../lib/gcc/arm-none-eabi/5.4.1/../../../../arm-none-eabi/lib/armv7-m\libg_nano.a(lib_a-mprec.o)
                0x000085fc                __lshift
 .text.__mcmp   0x0000869e       0x38 d:/psoc/psoc creator/4.2/psoc creator/import/gnu/arm/5.4.1/bin/../lib/gcc/arm-none-eabi/5.4.1/../../../../arm-none-eabi/lib/armv7-m\libg_nano.a(lib_a-mprec.o)
                0x0000869e                __mcmp
 .text.__mdiff  0x000086d6       0xbe d:/psoc/psoc creator/4.2/psoc creator/import/gnu/arm/5.4.1/bin/../lib/gcc/arm-none-eabi/5.4.1/../../../../arm-none-eabi/lib/armv7-m\libg_nano.a(lib_a-mprec.o)
                0x000086d6                __mdiff
 .text.__d2b    0x00008794       0x9c d:/psoc/psoc creator/4.2/psoc creator/import/gnu/arm/5.4.1/bin/../lib/gcc/arm-none-eabi/5.4.1/../../../../arm-none-eabi/lib/armv7-m\libg_nano.a(lib_a-mprec.o)
                0x00008794                __d2b
 .text._calloc_r
                0x00008830       0x1c d:/psoc/psoc creator/4.2/psoc creator/import/gnu/arm/5.4.1/bin/../lib/gcc/arm-none-eabi/5.4.1/../../../../arm-none-eabi/lib/armv7-m\libg_nano.a(lib_a-nano-callocr.o)
                0x00008830                _calloc_r
 .text._free_r  0x0000884c       0x98 d:/psoc/psoc creator/4.2/psoc creator/import/gnu/arm/5.4.1/bin/../lib/gcc/arm-none-eabi/5.4.1/../../../../arm-none-eabi/lib/armv7-m\libg_nano.a(lib_a-nano-freer.o)
                0x0000884c                _free_r
 .text._malloc_r
                0x000088e4       0xbc d:/psoc/psoc creator/4.2/psoc creator/import/gnu/arm/5.4.1/bin/../lib/gcc/arm-none-eabi/5.4.1/../../../../arm-none-eabi/lib/armv7-m\libg_nano.a(lib_a-nano-mallocr.o)
                0x000088e4                _malloc_r
 .text.__ssputs_r
                0x000089a0       0xb2 d:/psoc/psoc creator/4.2/psoc creator/import/gnu/arm/5.4.1/bin/../lib/gcc/arm-none-eabi/5.4.1/../../../../arm-none-eabi/lib/armv7-m\libg_nano.a(lib_a-nano-svfprintf.o)
                0x000089a0                __ssputs_r
 *fill*         0x00008a52        0x2 
 .text._svfprintf_r
                0x00008a54      0x1e8 d:/psoc/psoc creator/4.2/psoc creator/import/gnu/arm/5.4.1/bin/../lib/gcc/arm-none-eabi/5.4.1/../../../../arm-none-eabi/lib/armv7-m\libg_nano.a(lib_a-nano-svfprintf.o)
                0x00008a54                _svfiprintf_r
                0x00008a54                _svfprintf_r
 .text._sbrk_r  0x00008c3c       0x20 d:/psoc/psoc creator/4.2/psoc creator/import/gnu/arm/5.4.1/bin/../lib/gcc/arm-none-eabi/5.4.1/../../../../arm-none-eabi/lib/armv7-m\libg_nano.a(lib_a-sbrkr.o)
                0x00008c3c                _sbrk_r
 .text.memmove  0x00008c5c       0x36 d:/psoc/psoc creator/4.2/psoc creator/import/gnu/arm/5.4.1/bin/../lib/gcc/arm-none-eabi/5.4.1/../../../../arm-none-eabi/lib/armv7-m\libg_nano.a(lib_a-memmove.o)
                0x00008c5c                memmove
 .text.__malloc_lock
                0x00008c92        0x2 d:/psoc/psoc creator/4.2/psoc creator/import/gnu/arm/5.4.1/bin/../lib/gcc/arm-none-eabi/5.4.1/../../../../arm-none-eabi/lib/armv7-m\libg_nano.a(lib_a-mlock.o)
                0x00008c92                __malloc_lock
 .text.__malloc_unlock
                0x00008c94        0x2 d:/psoc/psoc creator/4.2/psoc creator/import/gnu/arm/5.4.1/bin/../lib/gcc/arm-none-eabi/5.4.1/../../../../arm-none-eabi/lib/armv7-m\libg_nano.a(lib_a-mlock.o)
                0x00008c94                __malloc_unlock
 .text._realloc_r
                0x00008c96       0x4c d:/psoc/psoc creator/4.2/psoc creator/import/gnu/arm/5.4.1/bin/../lib/gcc/arm-none-eabi/5.4.1/../../../../arm-none-eabi/lib/armv7-m\libg_nano.a(lib_a-nano-reallocr.o)
                0x00008c96                _realloc_r
 .text._malloc_usable_size_r
                0x00008ce2       0x14 d:/psoc/psoc creator/4.2/psoc creator/import/gnu/arm/5.4.1/bin/../lib/gcc/arm-none-eabi/5.4.1/../../../../arm-none-eabi/lib/armv7-m\libg_nano.a(lib_a-nano-msizer.o)
                0x00008ce2                _malloc_usable_size_r
 *fill*         0x00008cf6        0x2 
 .text          0x00008cf8       0x2c d:/psoc/psoc creator/4.2/psoc creator/import/gnu/arm/5.4.1/bin/../lib/gcc/arm-none-eabi/5.4.1/armv7-m\libgcc.a(_arm_unorddf2.o)
                0x00008cf8                __unorddf2
                0x00008cf8                __aeabi_dcmpun
 *(.plt)
 *(.gnu.warning)
 *(.glue_7t)
 .glue_7t       0x00008d24        0x0 linker stubs
 *(.glue_7)
 .glue_7        0x00008d24        0x0 linker stubs
 *(.vfp11_veneer)
 .vfp11_veneer  0x00008d24        0x0 linker stubs
 *(.bootloader)
 *(.ARM.extab* .gnu.linkonce.armextab.*)
 *(.gcc_except_table)

.v4_bx          0x00008d24        0x0
 .v4_bx         0x00008d24        0x0 linker stubs

.iplt           0x00008d24        0x0
 .iplt          0x00008d24        0x0 d:/psoc/psoc creator/4.2/psoc creator/import/gnu/arm/5.4.1/bin/../lib/gcc/arm-none-eabi/5.4.1/armv7-m/crtbegin.o

.eh_frame_hdr
 *(.eh_frame_hdr)

.eh_frame       0x00008d24        0x4
 *(.eh_frame)
 .eh_frame      0x00008d24        0x0 d:/psoc/psoc creator/4.2/psoc creator/import/gnu/arm/5.4.1/bin/../lib/gcc/arm-none-eabi/5.4.1/armv7-m/crtbegin.o
 .eh_frame      0x00008d24        0x4 d:/psoc/psoc creator/4.2/psoc creator/import/gnu/arm/5.4.1/bin/../lib/gcc/arm-none-eabi/5.4.1/armv7-m/crtend.o
                [!provide]                PROVIDE (__exidx_start, .)

.ARM.exidx
 *(.ARM.exidx* .gnu.linkonce.armexidx.*)
                0x00008d28                __exidx_end = .

.rodata         0x00008d28      0xa70
 *(.rodata .rodata.* .gnu.linkonce.r.*)
 .rodata        0x00008d28       0x18 .\CortexM3\ARM_GCC_541\Debug\main.o
 .rodata.str1.4
                0x00008d40       0x92 .\CortexM3\ARM_GCC_541\Debug\main.o
 *fill*         0x00008dd2        0x2 
 .rodata        0x00008dd4       0x98 .\CortexM3\ARM_GCC_541\Debug\screen.o
 .rodata.str1.4
                0x00008e6c      0x227 .\CortexM3\ARM_GCC_541\Debug\screen.o
 *fill*         0x00009093        0x1 
 .rodata        0x00009094      0x34d .\CortexM3\ARM_GCC_541\Debug\font.o
 *fill*         0x000093e1        0x3 
 .rodata.str1.4
                0x000093e4       0x68 .\CortexM3\ARM_GCC_541\Debug\sd.o
 .rodata.str1.4
                0x0000944c        0x7 .\CortexM3\ARM_GCC_541\Debug\uifunctions.o
 .rodata        0x0000944c       0x66 .\CortexM3\ARM_GCC_541\Debug\cyfitter_cfg.o
                0x0000944c                AMux_1__addrTable
                0x00009454                AMux_1__maskTable
                0x00009458                AMux_2__addrTable
                0x00009460                AMux_2__maskTable
                0x00009464                AMux_3__addrTable
                0x0000946c                AMux_3__maskTable
 *fill*         0x000094b2        0x2 
 .rodata        0x000094b4       0x78 .\emFile_V322c\LinkLibrary\PSoC5\GCC\libemf16nosnlfn.a(FS_Misc.o)
 .rodata.str1.1
                0x0000952c       0x30 .\emFile_V322c\LinkLibrary\PSoC5\GCC\libemf16nosnlfn.a(FS_Misc.o)
 .rodata        0x0000955c       0x10 .\emFile_V322c\LinkLibrary\PSoC5\GCC\libemf16nosnlfn.a(FAT_Misc.o)
                0x0000955c                FAT_SFN_API
 .rodata.str1.1
                0x0000956c        0x3 .\emFile_V322c\LinkLibrary\PSoC5\GCC\libemf16nosnlfn.a(FAT_Open.o)
 *fill*         0x0000956f        0x1 
 .rodata        0x00009570       0x68 .\emFile_V322c\LinkLibrary\PSoC5\GCC\libemf16nosnlfn.a(MMC_Drv.o)
                0x000095b8                FS_MMC_SPI_Driver
 .rodata.str1.1
                0x000095d8        0x4 .\emFile_V322c\LinkLibrary\PSoC5\GCC\libemf16nosnlfn.a(MMC_Drv.o)
 .rodata.str1.1
                0x000095dc        0x2 d:/psoc/psoc creator/4.2/psoc creator/import/gnu/arm/5.4.1/bin/../lib/gcc/arm-none-eabi/5.4.1/../../../../arm-none-eabi/lib/armv7-m\libg_nano.a(lib_a-impure.o)
 .rodata.str1.1
                0x000095de       0x12 d:/psoc/psoc creator/4.2/psoc creator/import/gnu/arm/5.4.1/bin/../lib/gcc/arm-none-eabi/5.4.1/../../../../arm-none-eabi/lib/armv7-m\libg_nano.a(lib_a-nano-vfprintf_float.o)
 .rodata.str1.1
                0x000095f0       0x22 d:/psoc/psoc creator/4.2/psoc creator/import/gnu/arm/5.4.1/bin/../lib/gcc/arm-none-eabi/5.4.1/../../../../arm-none-eabi/lib/armv7-m\libg_nano.a(lib_a-nano-vfprintf_i.o)
 .rodata.str1.1
                0x00009612       0x25 d:/psoc/psoc creator/4.2/psoc creator/import/gnu/arm/5.4.1/bin/../lib/gcc/arm-none-eabi/5.4.1/../../../../arm-none-eabi/lib/armv7-m\libg_nano.a(lib_a-utoa.o)
 .rodata.str1.1
                0x00009637        0xd d:/psoc/psoc creator/4.2/psoc creator/import/gnu/arm/5.4.1/bin/../lib/gcc/arm-none-eabi/5.4.1/../../../../arm-none-eabi/lib/armv7-m\libg_nano.a(lib_a-dtoa.o)
                                  0xf (size before relaxing)
 .rodata.str1.1
                0x00009644        0x6 d:/psoc/psoc creator/4.2/psoc creator/import/gnu/arm/5.4.1/bin/../lib/gcc/arm-none-eabi/5.4.1/../../../../arm-none-eabi/lib/armv7-m\libg_nano.a(lib_a-locale.o)
                                  0xb (size before relaxing)
 *fill*         0x0000964a        0x6 
 .rodata.__mprec_tens
                0x00009650       0xc8 d:/psoc/psoc creator/4.2/psoc creator/import/gnu/arm/5.4.1/bin/../lib/gcc/arm-none-eabi/5.4.1/../../../../arm-none-eabi/lib/armv7-m\libg_nano.a(lib_a-mprec.o)
                0x00009650                __mprec_tens
 .rodata.p05.5408
                0x00009718        0xc d:/psoc/psoc creator/4.2/psoc creator/import/gnu/arm/5.4.1/bin/../lib/gcc/arm-none-eabi/5.4.1/../../../../arm-none-eabi/lib/armv7-m\libg_nano.a(lib_a-mprec.o)
 *fill*         0x00009724        0x4 
 .rodata.__mprec_bigtens
                0x00009728       0x28 d:/psoc/psoc creator/4.2/psoc creator/import/gnu/arm/5.4.1/bin/../lib/gcc/arm-none-eabi/5.4.1/../../../../arm-none-eabi/lib/armv7-m\libg_nano.a(lib_a-mprec.o)
                0x00009728                __mprec_bigtens
 .rodata.str1.1
                0x00009750       0x11 d:/psoc/psoc creator/4.2/psoc creator/import/gnu/arm/5.4.1/bin/../lib/gcc/arm-none-eabi/5.4.1/../../../../arm-none-eabi/lib/armv7-m\libg_nano.a(lib_a-nano-svfprintf.o)
                0x00009764                . = ALIGN (0x4)
 *fill*         0x00009761        0x3 
 *(.init)
 .init          0x00009764        0x4 d:/psoc/psoc creator/4.2/psoc creator/import/gnu/arm/5.4.1/bin/../lib/gcc/arm-none-eabi/5.4.1/armv7-m/crti.o
                0x00009764                _init
 .init          0x00009768        0x8 d:/psoc/psoc creator/4.2/psoc creator/import/gnu/arm/5.4.1/bin/../lib/gcc/arm-none-eabi/5.4.1/armv7-m/crtn.o
                0x00009770                . = ALIGN (0x4)
                0x00009770                __preinit_array_start = .
 *(.preinit_array)
                0x00009770                __preinit_array_end = .
                0x00009770                . = ALIGN (0x4)
                0x00009770                __init_array_start = .
 *(SORT(.init_array.*))
 *(.init_array)
 .init_array    0x00009770        0x4 d:/psoc/psoc creator/4.2/psoc creator/import/gnu/arm/5.4.1/bin/../lib/gcc/arm-none-eabi/5.4.1/armv7-m/crtbegin.o
 .init_array    0x00009774        0x4 .\CortexM3\ARM_GCC_541\Debug\Cm3Start.o
                0x00009778                __init_array_end = .
                0x00009778                . = ALIGN (0x4)
 *(.fini)
 .fini          0x00009778        0x4 d:/psoc/psoc creator/4.2/psoc creator/import/gnu/arm/5.4.1/bin/../lib/gcc/arm-none-eabi/5.4.1/armv7-m/crti.o
                0x00009778                _fini
 .fini          0x0000977c        0x8 d:/psoc/psoc creator/4.2/psoc creator/import/gnu/arm/5.4.1/bin/../lib/gcc/arm-none-eabi/5.4.1/armv7-m/crtn.o
                0x00009784                . = ALIGN (0x4)
                0x00009784                __fini_array_start = .
 *(.fini_array)
 .fini_array    0x00009784        0x4 d:/psoc/psoc creator/4.2/psoc creator/import/gnu/arm/5.4.1/bin/../lib/gcc/arm-none-eabi/5.4.1/armv7-m/crtbegin.o
 *(SORT(.fini_array.*))
                0x00009788                __fini_array_end = .
                0x00009788                . = ALIGN (0x4)
 *crtbegin.o(.ctors)
 *(EXCLUDE_FILE(*crtend.o) .ctors)
 *(SORT(.ctors.*))
 *crtend.o(.ctors)
                0x00009788                . = ALIGN (0x4)
 *crtbegin.o(.dtors)
 *(EXCLUDE_FILE(*crtend.o) .dtors)
 *(SORT(.dtors.*))
 *crtend.o(.dtors)
                0x00009788                . = ALIGN (0x4)
                0x00009788                __cy_regions = .
                0x00009788        0x4 LONG 0x9798 __cy_region_init_ram
                0x0000978c        0x4 LONG 0x1fff80c8 __cy_region_start_data
                0x00009790        0x4 LONG 0xe0 __cy_region_init_size_ram
                0x00009794        0x4 LONG 0x10f8 __cy_region_zero_size_ram
                0x00009798                __cy_regions_end = .
                0x00009798                . = ALIGN (0x8)
                0x00009798                _etext = .

.cy_checksum_exclude
                0x00009798        0x0
 *(.cy_checksum_exclude)

.ramvectors     0x1fff8000       0xc0
                0x1fff8000                __cy_region_start_ram = .
 *(.ramvectors)
 .ramvectors    0x1fff8000       0xc0 .\CortexM3\ARM_GCC_541\Debug\Cm3Start.o
                0x1fff8000                CyRamVectors

.noinit         0x1fff80c0        0x1
 *(.noinit)
 .noinit        0x1fff80c0        0x1 .\CortexM3\ARM_GCC_541\Debug\Design01.a(CyLib.o)
                0x1fff80c0                CyResetStatus

.data           0x1fff80c8       0xe0 load address 0x00009798
                0x1fff80c8                __cy_region_start_data = .
 *(.jcr)
 .jcr           0x1fff80c8        0x0 d:/psoc/psoc creator/4.2/psoc creator/import/gnu/arm/5.4.1/bin/../lib/gcc/arm-none-eabi/5.4.1/armv7-m/crtbegin.o
 .jcr           0x1fff80c8        0x4 d:/psoc/psoc creator/4.2/psoc creator/import/gnu/arm/5.4.1/bin/../lib/gcc/arm-none-eabi/5.4.1/armv7-m/crtend.o
 *(.got.plt)
 *(.got)
 *(.shdata)
 *(.data .data.* .gnu.linkonce.d.*)
 .data          0x1fff80cc       0x14 .\CortexM3\ARM_GCC_541\Debug\uifunctions.o
                0x1fff80cc                device_selection
                0x1fff80d0                num_avg
                0x1fff80d4                curve_nums
                0x1fff80d8                draw_grid
                0x1fff80dc                write_sd
 .data          0x1fff80e0        0x4 .\CortexM3\ARM_GCC_541\Debug\Cm3Start.o
 .data          0x1fff80e4       0x10 .\CortexM3\ARM_GCC_541\Debug\Design01.a(CyLib.o)
                0x1fff80e4                cydelay_32k_ms
                0x1fff80e8                cydelay_freq_khz
                0x1fff80ec                cydelay_freq_mhz
                0x1fff80f0                cydelay_freq_hz
 .data          0x1fff80f4        0x6 .\CortexM3\ARM_GCC_541\Debug\Design01.a(I2C_PM.o)
                0x1fff80f4                I2C_backup
 .data          0x1fff80fa        0x1 .\CortexM3\ARM_GCC_541\Debug\Design01.a(AMux_1.o)
 .data          0x1fff80fb        0x1 .\CortexM3\ARM_GCC_541\Debug\Design01.a(AMux_2.o)
 .data          0x1fff80fc        0x1 .\CortexM3\ARM_GCC_541\Debug\Design01.a(AMux_3.o)
 *fill*         0x1fff80fd        0x3 
 .data          0x1fff8100        0x2 .\CortexM3\ARM_GCC_541\Debug\Design01.a(emFile_1_SPI0_PM.o)
 *fill*         0x1fff8102        0x2 
 .data          0x1fff8104        0x4 .\emFile_V322c\LinkLibrary\PSoC5\GCC\libemf16nosnlfn.a(FAT_Misc.o)
                0x1fff8104                FAT_pDirEntryAPI
 .data          0x1fff8108        0x4 .\emFile_V322c\LinkLibrary\PSoC5\GCC\libemf16nosnlfn.a(MMC_Drv.o)
 .data.impure_data
                0x1fff810c       0x60 d:/psoc/psoc creator/4.2/psoc creator/import/gnu/arm/5.4.1/bin/../lib/gcc/arm-none-eabi/5.4.1/../../../../arm-none-eabi/lib/armv7-m\libg_nano.a(lib_a-impure.o)
 .data._impure_ptr
                0x1fff816c        0x4 d:/psoc/psoc creator/4.2/psoc creator/import/gnu/arm/5.4.1/bin/../lib/gcc/arm-none-eabi/5.4.1/../../../../arm-none-eabi/lib/armv7-m\libg_nano.a(lib_a-impure.o)
                0x1fff816c                _impure_ptr
 .data.lconv    0x1fff8170       0x38 d:/psoc/psoc creator/4.2/psoc creator/import/gnu/arm/5.4.1/bin/../lib/gcc/arm-none-eabi/5.4.1/../../../../arm-none-eabi/lib/armv7-m\libg_nano.a(lib_a-locale.o)
                0x1fff81a8                . = ALIGN (0x8)
 *(.ram)
                0x1fff81a8                _edata = .

.igot.plt       0x1fff81a8        0x0 load address 0x00009878
 .igot.plt      0x1fff81a8        0x0 d:/psoc/psoc creator/4.2/psoc creator/import/gnu/arm/5.4.1/bin/../lib/gcc/arm-none-eabi/5.4.1/armv7-m/crtbegin.o

.bss            0x1fff81a8     0x10f8 load address 0x00009878
                0x1fff81a8                PROVIDE (__bss_start__, .)
 *(.shbss)
 *(.bss .bss.* .gnu.linkonce.b.*)
 .bss           0x1fff81a8       0x1c d:/psoc/psoc creator/4.2/psoc creator/import/gnu/arm/5.4.1/bin/../lib/gcc/arm-none-eabi/5.4.1/armv7-m/crtbegin.o
 .bss           0x1fff81c4        0x4 .\CortexM3\ARM_GCC_541\Debug\uifunctions.o
                0x1fff81c4                screen_state
 .bss           0x1fff81c8        0x1 .\CortexM3\ARM_GCC_541\Debug\Design01.a(SPIM.o)
                0x1fff81c8                SPIM_initVar
 .bss           0x1fff81c9        0x1 .\CortexM3\ARM_GCC_541\Debug\Design01.a(VDAC8_DS.o)
                0x1fff81c9                VDAC8_DS_initVar
 .bss           0x1fff81ca        0x1 .\CortexM3\ARM_GCC_541\Debug\Design01.a(VDAC8_GS.o)
                0x1fff81ca                VDAC8_GS_initVar
 .bss           0x1fff81cb        0x1 .\CortexM3\ARM_GCC_541\Debug\Design01.a(ADC_SAR_1.o)
                0x1fff81cb                ADC_SAR_1_initVar
 .bss           0x1fff81cc        0x1 .\CortexM3\ARM_GCC_541\Debug\Design01.a(ADC_SAR_1_PM.o)
 .bss           0x1fff81cd        0x1 .\CortexM3\ARM_GCC_541\Debug\Design01.a(I2C.o)
                0x1fff81cd                I2C_initVar
 .bss           0x1fff81ce        0x1 .\CortexM3\ARM_GCC_541\Debug\Design01.a(emFile_1_SPI0.o)
                0x1fff81ce                emFile_1_SPI0_initVar
 *fill*         0x1fff81cf        0x1 
 .bss           0x1fff81d0        0xc .\emFile_V322c\LinkLibrary\PSoC5\GCC\libemf16nosnlfn.a(FS_Core.o)
 .bss           0x1fff81dc     0x1000 .\CortexM3\ARM_GCC_541\Debug\Design01.a(emFile_1_ConfigMMC_SPI.o)
 .bss           0x1fff91dc       0x14 .\emFile_V322c\LinkLibrary\PSoC5\GCC\libemf16nosnlfn.a(MMC_Drv.o)
 .bss           0x1fff91f0        0x1 .\CortexM3\ARM_GCC_541\Debug\Design01.a(emFile_1_MMC_HW_SPI.o)
 *fill*         0x1fff91f1        0x3 
 .bss.__malloc_sbrk_start
                0x1fff91f4        0x4 d:/psoc/psoc creator/4.2/psoc creator/import/gnu/arm/5.4.1/bin/../lib/gcc/arm-none-eabi/5.4.1/../../../../arm-none-eabi/lib/armv7-m\libg_nano.a(lib_a-nano-mallocr.o)
                0x1fff91f4                __malloc_sbrk_start
 .bss.__malloc_free_list
                0x1fff91f8        0x4 d:/psoc/psoc creator/4.2/psoc creator/import/gnu/arm/5.4.1/bin/../lib/gcc/arm-none-eabi/5.4.1/../../../../arm-none-eabi/lib/armv7-m\libg_nano.a(lib_a-nano-mallocr.o)
                0x1fff91f8                __malloc_free_list
 *(COMMON)
 COMMON         0x1fff91fc        0xa .\CortexM3\ARM_GCC_541\Debug\Design01.a(ADC_SAR_1.o)
                0x1fff91fc                ADC_SAR_1_countsPerVolt
                0x1fff91fe                ADC_SAR_1_shift
                0x1fff9200                ADC_SAR_1_countsPer10Volt
                0x1fff9204                ADC_SAR_1_offset
 COMMON         0x1fff9206        0x1 .\CortexM3\ARM_GCC_541\Debug\Design01.a(I2C.o)
                0x1fff9206                I2C_state
 *fill*         0x1fff9207        0x1 
 COMMON         0x1fff9208       0x10 .\CortexM3\ARM_GCC_541\Debug\Design01.a(I2C_MASTER.o)
                0x1fff9208                I2C_mstrWrBufIndex
                0x1fff9209                I2C_mstrWrBufSize
                0x1fff920a                I2C_mstrStatus
                0x1fff920c                I2C_mstrRdBufPtr
                0x1fff9210                I2C_mstrControl
                0x1fff9211                I2C_mstrRdBufSize
                0x1fff9212                I2C_mstrRdBufIndex
                0x1fff9214                I2C_mstrWrBufPtr
 COMMON         0x1fff9218       0x84 .\emFile_V322c\LinkLibrary\PSoC5\GCC\libemf16nosnlfn.a(FS_Core.o)
                0x1fff9218                FS_Global
                0x1fff9298                FS_NumBytesAllocated
 COMMON         0x1fff929c        0x4 d:/psoc/psoc creator/4.2/psoc creator/import/gnu/arm/5.4.1/bin/../lib/gcc/arm-none-eabi/5.4.1/../../../../arm-none-eabi/lib/armv7-m\libg_nano.a(lib_a-reent.o)
                0x1fff929c                errno
                0x1fff92a0                . = ALIGN (0x8)
 *(.ram.b)
                0x1fff92a0                _end = .
                0x1fff92a0                __end = .
                0x1fff92a0                PROVIDE (end, .)
                0x1fff92a0                PROVIDE (__bss_end__, .)
                0x00009798                __cy_region_init_ram = LOADADDR (.data)
                0x000000e0                __cy_region_init_size_ram = (_edata - ADDR (.data))
                0x000010f8                __cy_region_zero_size_ram = (_end - _edata)

.heap           0x1fff92a0     0x1000 load address 0x00009878
                0x1fff92a0                . = _end
                0x1fffa2a0                . = (. + 0x1000)
 *fill*         0x1fff92a0     0x1000 
                0x1fffa2a0                __cy_heap_limit = .

.stack          0x20007800      0x800
                0x20007800                __cy_stack_limit = .
                0x20008000                . = (. + 0x800)
 *fill*         0x20007800      0x800 
                0x00000001                ASSERT ((__cy_stack_limit >= __cy_heap_limit), region RAM overflowed with stack)
                0x00000000                cy_checksum_exclude_size = (CY_APPL_LOADABLE == 0x1)?SIZEOF (.cy_checksum_exclude):0x0
                0x00000001                ASSERT ((cy_checksum_exclude_size <= CY_CHECKSUM_EXCLUDE_SIZE), CY_BOOT: Section .cy_checksum_exclude size exceedes specified limit.)

.cyloadermeta
 *(.cyloadermeta)

.cyloadablemeta
 *(.cyloadablemeta)

.cyconfigecc    0x80000000      0x5d8
 *(.cyconfigecc)
 .cyconfigecc   0x80000000      0x5d8 .\CortexM3\ARM_GCC_541\Debug\cymetadata.o
                0x80000000                cy_meta_configecc

.cycustnvl      0x90000000        0x4
 *(.cycustnvl)
 .cycustnvl     0x90000000        0x4 .\CortexM3\ARM_GCC_541\Debug\cymetadata.o
                0x90000000                cy_meta_custnvl

.cywolatch      0x90100000        0x4
 *(.cywolatch)
 .cywolatch     0x90100000        0x4 .\CortexM3\ARM_GCC_541\Debug\cymetadata.o
                0x90100000                cy_meta_wonvl

.cyeeprom       0x90200000        0x0
 *(.cyeeprom)
                0x00000001                ASSERT ((. <= ((0x90200000 + ee_offset) + ee_size)), .cyeeprom data will not fit in EEPROM)

.cyflashprotect
                0x90400000      0x100
 *(.cyflashprotect)
 .cyflashprotect
                0x90400000      0x100 .\CortexM3\ARM_GCC_541\Debug\cymetadata.o
                0x90400000                cy_meta_flashprotect

.cymeta         0x90500000        0xc
 *(.cymeta)
 .cymeta        0x90500000        0xc .\CortexM3\ARM_GCC_541\Debug\cymetadata.o
                0x90500000                cy_metadata

.rel.dyn        0x00009878        0x0 load address 0x9050000c
 .rel.iplt      0x00009878        0x0 d:/psoc/psoc creator/4.2/psoc creator/import/gnu/arm/5.4.1/bin/../lib/gcc/arm-none-eabi/5.4.1/armv7-m/crtbegin.o

.stab
 *(.stab)

.stabstr
 *(.stabstr)

.debug
 *(.debug)

.line
 *(.line)

.debug_srcinfo
 *(.debug_srcinfo)

.debug_sfnames
 *(.debug_sfnames)

.debug_aranges  0x00000000      0xfb8
 *(.debug_aranges)
 .debug_aranges
                0x00000000       0x50 .\CortexM3\ARM_GCC_541\Debug\main.o
 .debug_aranges
                0x00000050       0xd8 .\CortexM3\ARM_GCC_541\Debug\screen.o
 .debug_aranges
                0x00000128       0x28 .\CortexM3\ARM_GCC_541\Debug\font.o
 .debug_aranges
                0x00000150       0x38 .\CortexM3\ARM_GCC_541\Debug\sd.o
 .debug_aranges
                0x00000188       0x20 .\CortexM3\ARM_GCC_541\Debug\uifunctions.o
 .debug_aranges
                0x000001a8       0x88 .\CortexM3\ARM_GCC_541\Debug\cyfitter_cfg.o
 .debug_aranges
                0x00000230       0x18 .\CortexM3\ARM_GCC_541\Debug\cymetadata.o
 .debug_aranges
                0x00000248       0x48 .\CortexM3\ARM_GCC_541\Debug\Cm3Start.o
 .debug_aranges
                0x00000290      0x2a0 .\CortexM3\ARM_GCC_541\Debug\Design01.a(CyLib.o)
 .debug_aranges
                0x00000530       0x98 .\CortexM3\ARM_GCC_541\Debug\Design01.a(cyPm.o)
 .debug_aranges
                0x000005c8       0x38 .\CortexM3\ARM_GCC_541\Debug\Design01.a(SS.o)
 .debug_aranges
                0x00000600       0x38 .\CortexM3\ARM_GCC_541\Debug\Design01.a(D_C.o)
 .debug_aranges
                0x00000638       0x38 .\CortexM3\ARM_GCC_541\Debug\Design01.a(Reset.o)
 .debug_aranges
                0x00000670       0x70 .\CortexM3\ARM_GCC_541\Debug\Design01.a(Clock.o)
 .debug_aranges
                0x000006e0       0xd8 .\CortexM3\ARM_GCC_541\Debug\Design01.a(SPIM.o)
 .debug_aranges
                0x000007b8       0x58 .\CortexM3\ARM_GCC_541\Debug\Design01.a(VDAC8_DS.o)
 .debug_aranges
                0x00000810       0x58 .\CortexM3\ARM_GCC_541\Debug\Design01.a(VDAC8_GS.o)
 .debug_aranges
                0x00000868       0xa8 .\CortexM3\ARM_GCC_541\Debug\Design01.a(ADC_SAR_1.o)
 .debug_aranges
                0x00000910       0x20 .\CortexM3\ARM_GCC_541\Debug\Design01.a(ADC_SAR_1_INT.o)
 .debug_aranges
                0x00000930       0x38 .\CortexM3\ARM_GCC_541\Debug\Design01.a(ADC_SAR_1_PM.o)
 .debug_aranges
                0x00000968       0x80 .\CortexM3\ARM_GCC_541\Debug\Design01.a(ADC_SAR_1_theACLK.o)
 .debug_aranges
                0x000009e8       0x38 .\CortexM3\ARM_GCC_541\Debug\Design01.a(I2C.o)
 .debug_aranges
                0x00000a20       0x20 .\CortexM3\ARM_GCC_541\Debug\Design01.a(I2C_INT.o)
 .debug_aranges
                0x00000a40       0x38 .\CortexM3\ARM_GCC_541\Debug\Design01.a(I2C_PM.o)
 .debug_aranges
                0x00000a78       0x80 .\CortexM3\ARM_GCC_541\Debug\Design01.a(I2C_MASTER.o)
 .debug_aranges
                0x00000af8       0x88 .\CortexM3\ARM_GCC_541\Debug\Design01.a(isr.o)
 .debug_aranges
                0x00000b80       0x30 .\CortexM3\ARM_GCC_541\Debug\Design01.a(AMux_1.o)
 .debug_aranges
                0x00000bb0       0x30 .\CortexM3\ARM_GCC_541\Debug\Design01.a(AMux_2.o)
 .debug_aranges
                0x00000be0       0x30 .\CortexM3\ARM_GCC_541\Debug\Design01.a(AMux_3.o)
 .debug_aranges
                0x00000c10       0x38 .\CortexM3\ARM_GCC_541\Debug\Design01.a(emFile_1_PM.o)
 .debug_aranges
                0x00000c48       0x38 .\CortexM3\ARM_GCC_541\Debug\Design01.a(emFile_1_SPI0_PM.o)
 .debug_aranges
                0x00000c80       0x20 .\CortexM3\ARM_GCC_541\Debug\Design01.a(CyBootAsmGnu.o)
 .debug_aranges
                0x00000ca0       0x88 .\CortexM3\ARM_GCC_541\Debug\Design01.a(CyFlash.o)
 .debug_aranges
                0x00000d28       0x80 .\CortexM3\ARM_GCC_541\Debug\Design01.a(CySpc.o)
 .debug_aranges
                0x00000da8       0xd8 .\CortexM3\ARM_GCC_541\Debug\Design01.a(emFile_1_SPI0.o)
 .debug_aranges
                0x00000e80       0x28 .\CortexM3\ARM_GCC_541\Debug\Design01.a(emFile_1_ConfigMMC_SPI.o)
 .debug_aranges
                0x00000ea8       0x68 .\CortexM3\ARM_GCC_541\Debug\Design01.a(emFile_1_MMC_HW_SPI.o)
 .debug_aranges
                0x00000f10       0x70 .\CortexM3\ARM_GCC_541\Debug\Design01.a(emFile_1_Clock_1.o)
 .debug_aranges
                0x00000f80       0x38 .\CortexM3\ARM_GCC_541\Debug\Design01.a(emFile_1_SPI0_CS.o)

.debug_pubnames
 *(.debug_pubnames)

.debug_info     0x00000000     0xda1d
 *(.debug_info .gnu.linkonce.wi.*)
 .debug_info    0x00000000     0x12b0 .\CortexM3\ARM_GCC_541\Debug\main.o