Archive member included to satisfy reference by file (symbol)

.\CortexM3\ARM_GCC_541\Debug\Design01.a(CyLib.o)
                              .\CortexM3\ARM_GCC_541\Debug\Cm3Start.o (CyHalt)
.\CortexM3\ARM_GCC_541\Debug\Design01.a(cyPm.o)
                              .\CortexM3\ARM_GCC_541\Debug\Design01.a(CyLib.o) (CyPmReadStatus)
.\CortexM3\ARM_GCC_541\Debug\Design01.a(SS.o)
                              .\CortexM3\ARM_GCC_541\Debug\screen.o (SS_Write)
.\CortexM3\ARM_GCC_541\Debug\Design01.a(D_C.o)
                              .\CortexM3\ARM_GCC_541\Debug\screen.o (D_C_Write)
.\CortexM3\ARM_GCC_541\Debug\Design01.a(Reset.o)
                              .\CortexM3\ARM_GCC_541\Debug\main.o (Reset_Write)
.\CortexM3\ARM_GCC_541\Debug\Design01.a(Clock.o)
                              .\CortexM3\ARM_GCC_541\Debug\main.o (Clock_Start)
.\CortexM3\ARM_GCC_541\Debug\Design01.a(SPIM.o)
                              .\CortexM3\ARM_GCC_541\Debug\main.o (SPIM_Start)
.\CortexM3\ARM_GCC_541\Debug\Design01.a(VDAC8_DS.o)
                              .\CortexM3\ARM_GCC_541\Debug\main.o (VDAC8_DS_Start)
.\CortexM3\ARM_GCC_541\Debug\Design01.a(VDAC8_GS.o)
                              .\CortexM3\ARM_GCC_541\Debug\main.o (VDAC8_GS_Start)
.\CortexM3\ARM_GCC_541\Debug\Design01.a(ADC_SAR_1.o)
                              .\CortexM3\ARM_GCC_541\Debug\main.o (ADC_SAR_1_Start)
.\CortexM3\ARM_GCC_541\Debug\Design01.a(ADC_SAR_1_INT.o)
                              .\CortexM3\ARM_GCC_541\Debug\Design01.a(ADC_SAR_1.o) (ADC_SAR_1_ISR)
.\CortexM3\ARM_GCC_541\Debug\Design01.a(ADC_SAR_1_PM.o)
                              .\CortexM3\ARM_GCC_541\Debug\main.o (ADC_SAR_1_Sleep)
.\CortexM3\ARM_GCC_541\Debug\Design01.a(ADC_SAR_1_theACLK.o)
                              .\CortexM3\ARM_GCC_541\Debug\Design01.a(ADC_SAR_1.o) (ADC_SAR_1_theACLK_SetModeRegister)
.\CortexM3\ARM_GCC_541\Debug\Design01.a(CyBootAsmGnu.o)
                              .\CortexM3\ARM_GCC_541\Debug\cyfitter_cfg.o (CyDelayCycles)
.\CortexM3\ARM_GCC_541\Debug\Design01.a(CyFlash.o)
                              .\CortexM3\ARM_GCC_541\Debug\Design01.a(cyPm.o) (CyFlash_SetWaitCycles)
.\CortexM3\ARM_GCC_541\Debug\Design01.a(CySpc.o)
                              .\CortexM3\ARM_GCC_541\Debug\Design01.a(CyFlash.o) (CySpcStart)
c:/program files (x86)/cypress/psoc creator/4.2/psoc creator/import/gnu/arm/5.4.1/bin/../lib/gcc/arm-none-eabi/5.4.1/armv7-m\libgcc.a(_arm_addsubdf3.o)
                              .\CortexM3\ARM_GCC_541\Debug\font.o (__aeabi_dsub)
c:/program files (x86)/cypress/psoc creator/4.2/psoc creator/import/gnu/arm/5.4.1/bin/../lib/gcc/arm-none-eabi/5.4.1/armv7-m\libgcc.a(_arm_muldivdf3.o)
                              .\CortexM3\ARM_GCC_541\Debug\main.o (__aeabi_dmul)
c:/program files (x86)/cypress/psoc creator/4.2/psoc creator/import/gnu/arm/5.4.1/bin/../lib/gcc/arm-none-eabi/5.4.1/armv7-m\libgcc.a(_arm_cmpdf2.o)
                              .\CortexM3\ARM_GCC_541\Debug\main.o (__aeabi_dcmpge)
c:/program files (x86)/cypress/psoc creator/4.2/psoc creator/import/gnu/arm/5.4.1/bin/../lib/gcc/arm-none-eabi/5.4.1/armv7-m\libgcc.a(_arm_fixdfsi.o)
                              .\CortexM3\ARM_GCC_541\Debug\main.o (__aeabi_d2iz)
c:/program files (x86)/cypress/psoc creator/4.2/psoc creator/import/gnu/arm/5.4.1/bin/../lib/gcc/arm-none-eabi/5.4.1/armv7-m\libgcc.a(_arm_addsubsf3.o)
                              .\CortexM3\ARM_GCC_541\Debug\Design01.a(ADC_SAR_1.o) (__aeabi_i2f)
c:/program files (x86)/cypress/psoc creator/4.2/psoc creator/import/gnu/arm/5.4.1/bin/../lib/gcc/arm-none-eabi/5.4.1/armv7-m\libgcc.a(_arm_muldivsf3.o)
                              .\CortexM3\ARM_GCC_541\Debug\Design01.a(ADC_SAR_1.o) (__aeabi_fmul)
c:/program files (x86)/cypress/psoc creator/4.2/psoc creator/import/gnu/arm/5.4.1/bin/../lib/gcc/arm-none-eabi/5.4.1/armv7-m\libgcc.a(_aeabi_ldivmod.o)
                              .\CortexM3\ARM_GCC_541\Debug\Design01.a(ADC_SAR_1.o) (__aeabi_ldivmod)
c:/program files (x86)/cypress/psoc creator/4.2/psoc creator/import/gnu/arm/5.4.1/bin/../lib/gcc/arm-none-eabi/5.4.1/armv7-m\libgcc.a(_udivmoddi4.o)
                              c:/program files (x86)/cypress/psoc creator/4.2/psoc creator/import/gnu/arm/5.4.1/bin/../lib/gcc/arm-none-eabi/5.4.1/armv7-m\libgcc.a(_aeabi_ldivmod.o) (__udivmoddi4)
c:/program files (x86)/cypress/psoc creator/4.2/psoc creator/import/gnu/arm/5.4.1/bin/../lib/gcc/arm-none-eabi/5.4.1/armv7-m\libgcc.a(_dvmd_tls.o)
                              c:/program files (x86)/cypress/psoc creator/4.2/psoc creator/import/gnu/arm/5.4.1/bin/../lib/gcc/arm-none-eabi/5.4.1/armv7-m\libgcc.a(_aeabi_ldivmod.o) (__aeabi_ldiv0)
c:/program files (x86)/cypress/psoc creator/4.2/psoc creator/import/gnu/arm/5.4.1/bin/../lib/gcc/arm-none-eabi/5.4.1/../../../../arm-none-eabi/lib/armv7-m\libg_nano.a(lib_a-errno.o)
                              .\CortexM3\ARM_GCC_541\Debug\Cm3Start.o (__errno)
[...]
Memory Configuration

Name             Origin             Length             Attributes
rom              0x00000000         0x00040000         xr
ram              0x1fff8000         0x00010000         xrw
*default*        0x00000000         0xffffffff

Linker script and memory map

LOAD c:/program files (x86)/cypress/psoc creator/4.2/psoc creator/import/gnu/arm/5.4.1/bin/../lib/gcc/arm-none-eabi/5.4.1/armv7-m/crti.o
LOAD c:/program files (x86)/cypress/psoc creator/4.2/psoc creator/import/gnu/arm/5.4.1/bin/../lib/gcc/arm-none-eabi/5.4.1/armv7-m/crtbegin.o
LOAD c:/program files (x86)/cypress/psoc creator/4.2/psoc creator/import/gnu/arm/5.4.1/bin/../lib/gcc/arm-none-eabi/5.4.1/../../../../arm-none-eabi/lib/armv7-m/crt0.o
START GROUP
LOAD .\CortexM3\ARM_GCC_541\Debug\main.o
LOAD .\CortexM3\ARM_GCC_541\Debug\screen.o
LOAD .\CortexM3\ARM_GCC_541\Debug\font.o
LOAD .\CortexM3\ARM_GCC_541\Debug\cyfitter_cfg.o
LOAD .\CortexM3\ARM_GCC_541\Debug\cymetadata.o
LOAD .\CortexM3\ARM_GCC_541\Debug\Cm3Start.o
LOAD .\CortexM3\ARM_GCC_541\Debug\Design01.a
LOAD C:\Program Files (x86)\Cypress\PSoC Creator\4.2\PSoC Creator\psoc\content\cycomponentlibrary\CyComponentLibrary.cylib\CortexM3\ARM_GCC_541\Debug\CyComponentLibrary.a
END GROUP
START GROUP
LOAD c:/program files (x86)/cypress/psoc creator/4.2/psoc creator/import/gnu/arm/5.4.1/bin/../lib/gcc/arm-none-eabi/5.4.1/armv7-m\libgcc.a
LOAD c:/program files (x86)/cypress/psoc creator/4.2/psoc creator/import/gnu/arm/5.4.1/bin/../lib/gcc/arm-none-eabi/5.4.1/../../../../arm-none-eabi/lib/armv7-m\libg_nano.a
LOAD c:/program files (x86)/cypress/psoc creator/4.2/psoc creator/import/gnu/arm/5.4.1/bin/../lib/gcc/arm-none-eabi/5.4.1/../../../../arm-none-eabi/lib/armv7-m\libc_nano.a
END GROUP
START GROUP
LOAD c:/program files (x86)/cypress/psoc creator/4.2/psoc creator/import/gnu/arm/5.4.1/bin/../lib/gcc/arm-none-eabi/5.4.1/armv7-m\libgcc.a
LOAD c:/program files (x86)/cypress/psoc creator/4.2/psoc creator/import/gnu/arm/5.4.1/bin/../lib/gcc/arm-none-eabi/5.4.1/../../../../arm-none-eabi/lib/armv7-m\libc_nano.a
END GROUP
LOAD c:/program files (x86)/cypress/psoc creator/4.2/psoc creator/import/gnu/arm/5.4.1/bin/../lib/gcc/arm-none-eabi/5.4.1/armv7-m/crtend.o
LOAD c:/program files (x86)/cypress/psoc creator/4.2/psoc creator/import/gnu/arm/5.4.1/bin/../lib/gcc/arm-none-eabi/5.4.1/armv7-m/crtn.o
START GROUP
LOAD c:/program files (x86)/cypress/psoc creator/4.2/psoc creator/import/gnu/arm/5.4.1/bin/../lib/gcc/arm-none-eabi/5.4.1/armv7-m\libgcc.a
LOAD c:/program files (x86)/cypress/psoc creator/4.2/psoc creator/import/gnu/arm/5.4.1/bin/../lib/gcc/arm-none-eabi/5.4.1/../../../../arm-none-eabi/lib/armv7-m\libc.a
LOAD c:/program files (x86)/cypress/psoc creator/4.2/psoc creator/import/gnu/arm/5.4.1/bin/../lib/gcc/arm-none-eabi/5.4.1/../../../../arm-none-eabi/lib/armv7-m\libnosys.a
END GROUP
                0x00000000                CY_APPL_ORIGIN = 0x0
                0x00000100                CY_FLASH_ROW_SIZE = 0x100
                0x00000020                CY_ECC_ROW_SIZE = 0x20
                0x00000000                CY_EE_IN_BTLDR = 0x0
                0x00000000                CY_APPL_LOADABLE = 0x0
                0x00000800                CY_EE_SIZE = 0x800
                0x00000001                CY_APPL_NUM = 0x1
                0x00000001                CY_APPL_MAX = 0x1
                0x00000040                CY_METADATA_SIZE = 0x40
                0x00000000                CY_APPL_LOADABLE = 0x0
                0x00000000                CY_CHECKSUM_EXCLUDE_SIZE = ALIGN (0x0, CY_FLASH_ROW_SIZE)
                [!provide]                PROVIDE (__cy_heap_start, _end)
                0x00000001                PROVIDE (__cy_region_num, ((__cy_regions_end - __cy_regions) / 0x10))
                0x20008000                PROVIDE (__cy_stack, (ORIGIN (ram) + LENGTH (ram)))
                [!provide]                PROVIDE (__cy_heap_end, (__cy_stack - 0x800))

.cybootloader   0x00000000        0x0
 *(.cybootloader)
                0x00000000                appl1_start = CY_APPL_ORIGIN?CY_APPL_ORIGIN:ALIGN (CY_FLASH_ROW_SIZE)
                0x0001ff00                appl2_start = (appl1_start + ALIGN ((((LENGTH (rom) - appl1_start) - (0x2 * CY_FLASH_ROW_SIZE)) / 0x2), CY_FLASH_ROW_SIZE))
                0x00000000                appl_start = (CY_APPL_NUM == 0x1)?appl1_start:appl2_start
                0x00000000                ecc_offset = ((appl_start / CY_FLASH_ROW_SIZE) * CY_ECC_ROW_SIZE)
                0x00000000                ee_offset = (CY_APPL_LOADABLE && ! (CY_EE_IN_BTLDR))?((CY_EE_SIZE / CY_APPL_MAX) * (CY_APPL_NUM - 0x1)):0x0
                0x00000800                ee_size = (CY_APPL_LOADABLE && ! (CY_EE_IN_BTLDR))?(CY_EE_SIZE / CY_APPL_MAX):CY_EE_SIZE
                [!provide]                PROVIDE (CY_ECC_OFFSET, ecc_offset)

.text           0x00000000     0x4d8c
 CREATE_OBJECT_SYMBOLS
                0x00000000                PROVIDE (__cy_interrupt_vector, RomVectors)
 *(.romvectors)
 .romvectors    0x00000000       0x10 .\CortexM3\ARM_GCC_541\Debug\Cm3Start.o
                0x00000000                RomVectors
                0x00000001                ASSERT ((. != __cy_interrupt_vector), No interrupt vector)
                0x00000001                ASSERT (CY_APPL_ORIGIN?(SIZEOF (.cybootloader) <= CY_APPL_ORIGIN):0x1, Wrong image location)
                0x00000010                PROVIDE (__cy_reset, Reset)
 *(.text.Reset)
 .text.Reset    0x00000010       0x18 .\CortexM3\ARM_GCC_541\Debug\Cm3Start.o
                0x00000010                Reset
                0x00000001                ASSERT ((. != __cy_reset), No reset code)
 *(.dma_init)
                0x00000001                ASSERT ((((appl_start + .) <= 0x10000) || 0x1), DMA Init must be within the first 64k of flash)
 *(.text .text.* .gnu.linkonce.t.*)
 .text          0x00000028       0x5c c:/program files (x86)/cypress/psoc creator/4.2/psoc creator/import/gnu/arm/5.4.1/bin/../lib/gcc/arm-none-eabi/5.4.1/armv7-m/crtbegin.o
 *fill*         0x00000084        0x4 
 .text.single_test
                0x00000088       0x48 .\CortexM3\ARM_GCC_541\Debug\main.o
                0x00000088                single_test
 .text.vgs_th_find
                0x000000d0       0x7c .\CortexM3\ARM_GCC_541\Debug\main.o
                0x000000d0                vgs_th_find
 *fill*         0x0000014c        0x4 
 .text.vgs_max_id_find
                0x00000150       0x94 .\CortexM3\ARM_GCC_541\Debug\main.o
                0x00000150                vgs_max_id_find
 *fill*         0x000001e4        0x4 
 .text.run_test
                0x000001e8      0x158 .\CortexM3\ARM_GCC_541\Debug\main.o
                0x000001e8                run_test
 .text.startup.main
                0x00000340      0x188 .\CortexM3\ARM_GCC_541\Debug\main.o
                0x00000340                main
 .text.setAddrWindow
                0x000004c8      0x100 .\CortexM3\ARM_GCC_541\Debug\screen.o
                0x000004c8                setAddrWindow
 .text.fill_screen
                0x000005c8       0x5c .\CortexM3\ARM_GCC_541\Debug\screen.o
                0x000005c8                fill_screen
 .text.StartScreen
                0x00000624       0x88 .\CortexM3\ARM_GCC_541\Debug\screen.o
                0x00000624                StartScreen
 .text.draw_pixel
                0x000006ac       0x58 .\CortexM3\ARM_GCC_541\Debug\screen.o
                0x000006ac                draw_pixel
 .text.write_line
                0x00000704      0x164 .\CortexM3\ARM_GCC_541\Debug\screen.o
                0x00000704                write_line
 .text.draw_line
                0x00000868       0x5c .\CortexM3\ARM_GCC_541\Debug\screen.o
                0x00000868                draw_line
 .text.draw_string
                0x000008c4     0x1034 .\CortexM3\ARM_GCC_541\Debug\font.o
                0x000008c4                draw_string
 .text.draw_coordinates
                0x000018f8       0xc8 .\CortexM3\ARM_GCC_541\Debug\font.o
                0x000018f8                draw_coordinates
 .text.cyfitter_cfg
                0x000019c0      0x2c8 .\CortexM3\ARM_GCC_541\Debug\cyfitter_cfg.o
                0x000019c0                cyfitter_cfg
 .text.IntDefaultHandler
                0x00001c88       0x10 .\CortexM3\ARM_GCC_541\Debug\Cm3Start.o
                0x00001c88                IntDefaultHandler
 .text._sbrk    0x00001c98       0x30 .\CortexM3\ARM_GCC_541\Debug\Cm3Start.o
                0x00001c98                _sbrk
 .text.Start_c  0x00001cc8       0x58 .\CortexM3\ARM_GCC_541\Debug\Cm3Start.o
                0x00001cc8                Start_c
 .text.startup.initialize_psoc
                0x00001d20       0x64 .\CortexM3\ARM_GCC_541\Debug\Cm3Start.o
                0x00001d20                initialize_psoc
 .text.CyDelay  0x00001d84       0x48 .\CortexM3\ARM_GCC_541\Debug\Design01.a(CyLib.o)
                0x00001d84                CyDelay
 .text.CyDelayUs
                0x00001dcc       0x10 .\CortexM3\ARM_GCC_541\Debug\Design01.a(CyLib.o)
                0x00001dcc                CyDelayUs
 .text.CyIntSetVector
                0x00001ddc       0x20 .\CortexM3\ARM_GCC_541\Debug\Design01.a(CyLib.o)
                0x00001ddc                CyIntSetVector
 .text.CyIntSetPriority
                0x00001dfc       0x20 .\CortexM3\ARM_GCC_541\Debug\Design01.a(CyLib.o)
                0x00001dfc                CyIntSetPriority
 .text.SS_Write
                0x00001e1c       0x18 .\CortexM3\ARM_GCC_541\Debug\Design01.a(SS.o)
                0x00001e1c                SS_Write
 .text.SS_Read  0x00001e34       0x10 .\CortexM3\ARM_GCC_541\Debug\Design01.a(SS.o)
                0x00001e34                SS_Read
 .text.D_C_Write
                0x00001e44       0x18 .\CortexM3\ARM_GCC_541\Debug\Design01.a(D_C.o)
                0x00001e44                D_C_Write
 .text.Reset_Write
                0x00001e5c       0x18 .\CortexM3\ARM_GCC_541\Debug\Design01.a(Reset.o)
                0x00001e5c                Reset_Write
 .text.Clock_Start
                0x00001e74       0x20 .\CortexM3\ARM_GCC_541\Debug\Design01.a(Clock.o)
                0x00001e74                Clock_Start
 .text.SPIM_Start
                0x00001e94       0xa4 .\CortexM3\ARM_GCC_541\Debug\Design01.a(SPIM.o)
                0x00001e94                SPIM_Start
 .text.SPIM_WriteTxData
                0x00001f38       0x18 .\CortexM3\ARM_GCC_541\Debug\Design01.a(SPIM.o)
                0x00001f38                SPIM_WriteTxData
 .text.VDAC8_DS_Start
                0x00001f50       0x84 .\CortexM3\ARM_GCC_541\Debug\Design01.a(VDAC8_DS.o)
                0x00001f50                VDAC8_DS_Start
 .text.VDAC8_DS_SetValue
                0x00001fd4        0xc .\CortexM3\ARM_GCC_541\Debug\Design01.a(VDAC8_DS.o)
                0x00001fd4                VDAC8_DS_SetValue
 .text.VDAC8_GS_Start
                0x00001fe0       0x84 .\CortexM3\ARM_GCC_541\Debug\Design01.a(VDAC8_GS.o)
                0x00001fe0                VDAC8_GS_Start
 .text.VDAC8_GS_SetValue
                0x00002064        0xc .\CortexM3\ARM_GCC_541\Debug\Design01.a(VDAC8_GS.o)
                0x00002064                VDAC8_GS_SetValue
 .text.ADC_SAR_1_Start
                0x00002070      0x108 .\CortexM3\ARM_GCC_541\Debug\Design01.a(ADC_SAR_1.o)
                0x00002070                ADC_SAR_1_Start
 .text.ADC_SAR_1_Enable
                0x00002178       0xa4 .\CortexM3\ARM_GCC_541\Debug\Design01.a(ADC_SAR_1.o)
                0x00002178                ADC_SAR_1_Enable
 .text.ADC_SAR_1_Stop
                0x0000221c       0x50 .\CortexM3\ARM_GCC_541\Debug\Design01.a(ADC_SAR_1.o)
                0x0000221c                ADC_SAR_1_Stop
 .text.ADC_SAR_1_StartConvert
                0x0000226c       0x18 .\CortexM3\ARM_GCC_541\Debug\Design01.a(ADC_SAR_1.o)
                0x0000226c                ADC_SAR_1_StartConvert
 .text.ADC_SAR_1_StopConvert
                0x00002284       0x18 .\CortexM3\ARM_GCC_541\Debug\Design01.a(ADC_SAR_1.o)
                0x00002284                ADC_SAR_1_StopConvert
 .text.ADC_SAR_1_IsEndConversion
                0x0000229c       0x2c .\CortexM3\ARM_GCC_541\Debug\Design01.a(ADC_SAR_1.o)
                0x0000229c                ADC_SAR_1_IsEndConversion
 .text.ADC_SAR_1_GetResult16
                0x000022c8       0x18 .\CortexM3\ARM_GCC_541\Debug\Design01.a(ADC_SAR_1.o)
                0x000022c8                ADC_SAR_1_GetResult16
 .text.ADC_SAR_1_CountsTo_mVolts
                0x000022e0       0x4c .\CortexM3\ARM_GCC_541\Debug\Design01.a(ADC_SAR_1.o)
                0x000022e0                ADC_SAR_1_CountsTo_mVolts
 .text.ADC_SAR_1_ISR
                0x0000232c        0x4 .\CortexM3\ARM_GCC_541\Debug\Design01.a(ADC_SAR_1_INT.o)
                0x0000232c                ADC_SAR_1_ISR
 .text.ADC_SAR_1_Sleep
                0x00002330       0x38 .\CortexM3\ARM_GCC_541\Debug\Design01.a(ADC_SAR_1_PM.o)
                0x00002330                ADC_SAR_1_Sleep
 .text.ADC_SAR_1_Wakeup
                0x00002368       0x20 .\CortexM3\ARM_GCC_541\Debug\Design01.a(ADC_SAR_1_PM.o)
                0x00002368                ADC_SAR_1_Wakeup
 .text.ADC_SAR_1_theACLK_SetModeRegister
                0x00002388       0x14 .\CortexM3\ARM_GCC_541\Debug\Design01.a(ADC_SAR_1_theACLK.o)
                0x00002388                ADC_SAR_1_theACLK_SetModeRegister
 *fill*         0x0000239c        0x4 
 .text          0x000023a0       0x20 .\CortexM3\ARM_GCC_541\Debug\Design01.a(CyBootAsmGnu.o)
                0x000023a0                CyDelayCycles
                0x000023b0                CyEnterCriticalSection
                0x000023b8                CyExitCriticalSection
 .text          0x000023c0      0x370 c:/program files (x86)/cypress/psoc creator/4.2/psoc creator/import/gnu/arm/5.4.1/bin/../lib/gcc/arm-none-eabi/5.4.1/armv7-m\libgcc.a(_arm_addsubdf3.o)
                0x000023c0                __aeabi_drsub
                0x000023c8                __aeabi_dsub
                0x000023c8                __subdf3
                0x000023cc                __aeabi_dadd
                0x000023cc                __adddf3
                0x00002644                __floatunsidf
                0x00002644                __aeabi_ui2d
                0x00002664                __floatsidf
                0x00002664                __aeabi_i2d
                0x00002688                __aeabi_f2d
                0x00002688                __extendsfdf2
                0x000026c4                __floatundidf
                0x000026c4                __aeabi_ul2d
                0x000026d4                __floatdidf
                0x000026d4                __aeabi_l2d
 .text          0x00002730      0x424 c:/program files (x86)/cypress/psoc creator/4.2/psoc creator/import/gnu/arm/5.4.1/bin/../lib/gcc/arm-none-eabi/5.4.1/armv7-m\libgcc.a(_arm_muldivdf3.o)
                0x00002730                __aeabi_dmul
                0x00002730                __muldf3
                0x00002984                __divdf3
                0x00002984                __aeabi_ddiv
 .text          0x00002b54      0x110 c:/program files (x86)/cypress/psoc creator/4.2/psoc creator/import/gnu/arm/5.4.1/bin/../lib/gcc/arm-none-eabi/5.4.1/armv7-m\libgcc.a(_arm_cmpdf2.o)
                0x00002b54                __gtdf2
                0x00002b54                __gedf2
                0x00002b5c                __ltdf2
                0x00002b5c                __ledf2
                0x00002b64                __nedf2
                0x00002b64                __eqdf2
                0x00002b64                __cmpdf2
                0x00002be0                __aeabi_cdrcmple
                0x00002bf0                __aeabi_cdcmpeq
                0x00002bf0                __aeabi_cdcmple
                0x00002c00                __aeabi_dcmpeq
                0x00002c14                __aeabi_dcmplt
                0x00002c28                __aeabi_dcmple
                0x00002c3c                __aeabi_dcmpge
                0x00002c50                __aeabi_dcmpgt
 .text          0x00002c64       0x50 c:/program files (x86)/cypress/psoc creator/4.2/psoc creator/import/gnu/arm/5.4.1/bin/../lib/gcc/arm-none-eabi/5.4.1/armv7-m\libgcc.a(_arm_fixdfsi.o)
                0x00002c64                __aeabi_d2iz
                0x00002c64                __fixdfsi
 .text.__errno  0x00002cb4        0xc c:/program files (x86)/cypress/psoc creator/4.2/psoc creator/import/gnu/arm/5.4.1/bin/../lib/gcc/arm-none-eabi/5.4.1/../../../../arm-none-eabi/lib/armv7-m\libg_nano.a(lib_a-errno.o)
                0x00002cb4                __errno
 .text.__libc_init_array
                0x00002cc0       0x4c c:/program files (x86)/cypress/psoc creator/4.2/psoc creator/import/gnu/arm/5.4.1/bin/../lib/gcc/arm-none-eabi/5.4.1/../../../../arm-none-eabi/lib/armv7-m\libg_nano.a(lib_a-init.o)
                0x00002cc0                __libc_init_array
 .text.memcpy   0x00002d0c       0x16 c:/program files (x86)/cypress/psoc creator/4.2/psoc creator/import/gnu/arm/5.4.1/bin/../lib/gcc/arm-none-eabi/5.4.1/../../../../arm-none-eabi/lib/armv7-m\libg_nano.a(lib_a-memcpy-stub.o)
                0x00002d0c                memcpy
 .text.memset   0x00002d22       0x10 c:/program files (x86)/cypress/psoc creator/4.2/psoc creator/import/gnu/arm/5.4.1/bin/../lib/gcc/arm-none-eabi/5.4.1/../../../../arm-none-eabi/lib/armv7-m\libg_nano.a(lib_a-memset.o)
                0x00002d22                memset
 .text.__cvt    0x00002d32       0xc0 c:/program files (x86)/cypress/psoc creator/4.2/psoc creator/import/gnu/arm/5.4.1/bin/../lib/gcc/arm-none-eabi/5.4.1/../../../../arm-none-eabi/lib/armv7-m\libg_nano.a(lib_a-nano-vfprintf_float.o)
                0x00002d32                __cvt
 .text.__exponent
                0x00002df2       0x62 c:/program files (x86)/cypress/psoc creator/4.2/psoc creator/import/gnu/arm/5.4.1/bin/../lib/gcc/arm-none-eabi/5.4.1/../../../../arm-none-eabi/lib/armv7-m\libg_nano.a(lib_a-nano-vfprintf_float.o)
                0x00002df2                __exponent
 .text._printf_float
                0x00002e54      0x488 c:/program files (x86)/cypress/psoc creator/4.2/psoc creator/import/gnu/arm/5.4.1/bin/../lib/gcc/arm-none-eabi/5.4.1/../../../../arm-none-eabi/lib/armv7-m\libg_nano.a(lib_a-nano-vfprintf_float.o)
                0x00002e54                _printf_float
 .text._printf_common
                0x000032dc       0xec c:/program files (x86)/cypress/psoc creator/4.2/psoc creator/import/gnu/arm/5.4.1/bin/../lib/gcc/arm-none-eabi/5.4.1/../../../../arm-none-eabi/lib/armv7-m\libg_nano.a(lib_a-nano-vfprintf_i.o)
                0x000032dc                _printf_common
 .text._printf_i
                0x000033c8      0x24c c:/program files (x86)/cypress/psoc creator/4.2/psoc creator/import/gnu/arm/5.4.1/bin/../lib/gcc/arm-none-eabi/5.4.1/../../../../arm-none-eabi/lib/armv7-m\libg_nano.a(lib_a-nano-vfprintf_i.o)
                0x000033c8                _printf_i
 .text.sprintf  0x00003614       0x48 c:/program files (x86)/cypress/psoc creator/4.2/psoc creator/import/gnu/arm/5.4.1/bin/../lib/gcc/arm-none-eabi/5.4.1/../../../../arm-none-eabi/lib/armv7-m\libg_nano.a(lib_a-sprintf.o)
                0x00003614                siprintf
                0x00003614                sprintf
 .text          0x0000365c       0x10 c:/program files (x86)/cypress/psoc creator/4.2/psoc creator/import/gnu/arm/5.4.1/bin/../lib/gcc/arm-none-eabi/5.4.1/../../../../arm-none-eabi/lib/armv7-m\libg_nano.a(lib_a-strlen.o)
                0x0000365c                strlen
 .text.quorem   0x0000366c      0x116 c:/program files (x86)/cypress/psoc creator/4.2/psoc creator/import/gnu/arm/5.4.1/bin/../lib/gcc/arm-none-eabi/5.4.1/../../../../arm-none-eabi/lib/armv7-m\libg_nano.a(lib_a-dtoa.o)
 *fill*         0x00003782        0x6 
 .text._dtoa_r  0x00003788      0xb30 c:/program files (x86)/cypress/psoc creator/4.2/psoc creator/import/gnu/arm/5.4.1/bin/../lib/gcc/arm-none-eabi/5.4.1/../../../../arm-none-eabi/lib/armv7-m\libg_nano.a(lib_a-dtoa.o)
                0x00003788                _dtoa_r
 .text._localeconv_r
                0x000042b8        0x8 c:/program files (x86)/cypress/psoc creator/4.2/psoc creator/import/gnu/arm/5.4.1/bin/../lib/gcc/arm-none-eabi/5.4.1/../../../../arm-none-eabi/lib/armv7-m\libg_nano.a(lib_a-locale.o)
                0x000042b8                _localeconv_r
 .text.malloc   0x000042c0       0x10 c:/program files (x86)/cypress/psoc creator/4.2/psoc creator/import/gnu/arm/5.4.1/bin/../lib/gcc/arm-none-eabi/5.4.1/../../../../arm-none-eabi/lib/armv7-m\libg_nano.a(lib_a-malloc.o)
                0x000042c0                malloc
 .text.memchr   0x000042d0       0x1c c:/program files (x86)/cypress/psoc creator/4.2/psoc creator/import/gnu/arm/5.4.1/bin/../lib/gcc/arm-none-eabi/5.4.1/../../../../arm-none-eabi/lib/armv7-m\libg_nano.a(lib_a-memchr-stub.o)
                0x000042d0                memchr
 .text._Balloc  0x000042ec       0x6a c:/program files (x86)/cypress/psoc creator/4.2/psoc creator/import/gnu/arm/5.4.1/bin/../lib/gcc/arm-none-eabi/5.4.1/../../../../arm-none-eabi/lib/armv7-m\libg_nano.a(lib_a-mprec.o)
                0x000042ec                _Balloc
 .text._Bfree   0x00004356       0x2e c:/program files (x86)/cypress/psoc creator/4.2/psoc creator/import/gnu/arm/5.4.1/bin/../lib/gcc/arm-none-eabi/5.4.1/../../../../arm-none-eabi/lib/armv7-m\libg_nano.a(lib_a-mprec.o)
                0x00004356                _Bfree
 .text.__multadd
                0x00004384       0x76 c:/program files (x86)/cypress/psoc creator/4.2/psoc creator/import/gnu/arm/5.4.1/bin/../lib/gcc/arm-none-eabi/5.4.1/../../../../arm-none-eabi/lib/armv7-m\libg_nano.a(lib_a-mprec.o)
                0x00004384                __multadd
 .text.__hi0bits
                0x000043fa       0x40 c:/program files (x86)/cypress/psoc creator/4.2/psoc creator/import/gnu/arm/5.4.1/bin/../lib/gcc/arm-none-eabi/5.4.1/../../../../arm-none-eabi/lib/armv7-m\libg_nano.a(lib_a-mprec.o)
                0x000043fa                __hi0bits
 .text.__lo0bits
                0x0000443a       0x5a c:/program files (x86)/cypress/psoc creator/4.2/psoc creator/import/gnu/arm/5.4.1/bin/../lib/gcc/arm-none-eabi/5.4.1/../../../../arm-none-eabi/lib/armv7-m\libg_nano.a(lib_a-mprec.o)
                0x0000443a                __lo0bits
 .text.__i2b    0x00004494       0x12 c:/program files (x86)/cypress/psoc creator/4.2/psoc creator/import/gnu/arm/5.4.1/bin/../lib/gcc/arm-none-eabi/5.4.1/../../../../arm-none-eabi/lib/armv7-m\libg_nano.a(lib_a-mprec.o)
                0x00004494                __i2b
 .text.__multiply
                0x000044a6      0x120 c:/program files (x86)/cypress/psoc creator/4.2/psoc creator/import/gnu/arm/5.4.1/bin/../lib/gcc/arm-none-eabi/5.4.1/../../../../arm-none-eabi/lib/armv7-m\libg_nano.a(lib_a-mprec.o)
                0x000044a6                __multiply
 *fill*         0x000045c6        0x2 
 .text.__pow5mult
                0x000045c8       0x9c c:/program files (x86)/cypress/psoc creator/4.2/psoc creator/import/gnu/arm/5.4.1/bin/../lib/gcc/arm-none-eabi/5.4.1/../../../../arm-none-eabi/lib/armv7-m\libg_nano.a(lib_a-mprec.o)
                0x000045c8                __pow5mult
 .text.__lshift
                0x00004664       0xa2 c:/program files (x86)/cypress/psoc creator/4.2/psoc creator/import/gnu/arm/5.4.1/bin/../lib/gcc/arm-none-eabi/5.4.1/../../../../arm-none-eabi/lib/armv7-m\libg_nano.a(lib_a-mprec.o)
                0x00004664                __lshift
 .text.__mcmp   0x00004706       0x38 c:/program files (x86)/cypress/psoc creator/4.2/psoc creator/import/gnu/arm/5.4.1/bin/../lib/gcc/arm-none-eabi/5.4.1/../../../../arm-none-eabi/lib/armv7-m\libg_nano.a(lib_a-mprec.o)
                0x00004706                __mcmp
 .text.__mdiff  0x0000473e       0xbe c:/program files (x86)/cypress/psoc creator/4.2/psoc creator/import/gnu/arm/5.4.1/bin/../lib/gcc/arm-none-eabi/5.4.1/../../../../arm-none-eabi/lib/armv7-m\libg_nano.a(lib_a-mprec.o)
                0x0000473e                __mdiff
 .text.__d2b    0x000047fc       0x9c c:/program files (x86)/cypress/psoc creator/4.2/psoc creator/import/gnu/arm/5.4.1/bin/../lib/gcc/arm-none-eabi/5.4.1/../../../../arm-none-eabi/lib/armv7-m\libg_nano.a(lib_a-mprec.o)
                0x000047fc                __d2b
 .text._calloc_r
                0x00004898       0x1c c:/program files (x86)/cypress/psoc creator/4.2/psoc creator/import/gnu/arm/5.4.1/bin/../lib/gcc/arm-none-eabi/5.4.1/../../../../arm-none-eabi/lib/armv7-m\libg_nano.a(lib_a-nano-callocr.o)
                0x00004898                _calloc_r
 .text._free_r  0x000048b4       0x98 c:/program files (x86)/cypress/psoc creator/4.2/psoc creator/import/gnu/arm/5.4.1/bin/../lib/gcc/arm-none-eabi/5.4.1/../../../../arm-none-eabi/lib/armv7-m\libg_nano.a(lib_a-nano-freer.o)
                0x000048b4                _free_r
 .text._malloc_r
                0x0000494c       0xbc c:/program files (x86)/cypress/psoc creator/4.2/psoc creator/import/gnu/arm/5.4.1/bin/../lib/gcc/arm-none-eabi/5.4.1/../../../../arm-none-eabi/lib/armv7-m\libg_nano.a(lib_a-nano-mallocr.o)
                0x0000494c                _malloc_r
 .text.__ssputs_r
                0x00004a08       0xb2 c:/program files (x86)/cypress/psoc creator/4.2/psoc creator/import/gnu/arm/5.4.1/bin/../lib/gcc/arm-none-eabi/5.4.1/../../../../arm-none-eabi/lib/armv7-m\libg_nano.a(lib_a-nano-svfprintf.o)
                0x00004a08                __ssputs_r
 *fill*         0x00004aba        0x2 
 .text._svfprintf_r
                0x00004abc      0x1e8 c:/program files (x86)/cypress/psoc creator/4.2/psoc creator/import/gnu/arm/5.4.1/bin/../lib/gcc/arm-none-eabi/5.4.1/../../../../arm-none-eabi/lib/armv7-m\libg_nano.a(lib_a-nano-svfprintf.o)
                0x00004abc                _svfiprintf_r
                0x00004abc                _svfprintf_r
 .text._sbrk_r  0x00004ca4       0x20 c:/program files (x86)/cypress/psoc creator/4.2/psoc creator/import/gnu/arm/5.4.1/bin/../lib/gcc/arm-none-eabi/5.4.1/../../../../arm-none-eabi/lib/armv7-m\libg_nano.a(lib_a-sbrkr.o)
                0x00004ca4                _sbrk_r
 .text.memmove  0x00004cc4       0x36 c:/program files (x86)/cypress/psoc creator/4.2/psoc creator/import/gnu/arm/5.4.1/bin/../lib/gcc/arm-none-eabi/5.4.1/../../../../arm-none-eabi/lib/armv7-m\libg_nano.a(lib_a-memmove.o)
                0x00004cc4                memmove
 .text.__malloc_lock
                0x00004cfa        0x2 c:/program files (x86)/cypress/psoc creator/4.2/psoc creator/import/gnu/arm/5.4.1/bin/../lib/gcc/arm-none-eabi/5.4.1/../../../../arm-none-eabi/lib/armv7-m\libg_nano.a(lib_a-mlock.o)
                0x00004cfa                __malloc_lock
 .text.__malloc_unlock
                0x00004cfc        0x2 c:/program files (x86)/cypress/psoc creator/4.2/psoc creator/import/gnu/arm/5.4.1/bin/../lib/gcc/arm-none-eabi/5.4.1/../../../../arm-none-eabi/lib/armv7-m\libg_nano.a(lib_a-mlock.o)
                0x00004cfc                __malloc_unlock
 .text._realloc_r
                0x00004cfe       0x4c c:/program files (x86)/cypress/psoc creator/4.2/psoc creator/import/gnu/arm/5.4.1/bin/../lib/gcc/arm-none-eabi/5.4.1/../../../../arm-none-eabi/lib/armv7-m\libg_nano.a(lib_a-nano-reallocr.o)
                0x00004cfe                _realloc_r
 .text._malloc_usable_size_r
                0x00004d4a       0x14 c:/program files (x86)/cypress/psoc creator/4.2/psoc creator/import/gnu/arm/5.4.1/bin/../lib/gcc/arm-none-eabi/5.4.1/../../../../arm-none-eabi/lib/armv7-m\libg_nano.a(lib_a-nano-msizer.o)
                0x00004d4a                _malloc_usable_size_r
 *fill*         0x00004d5e        0x2 
 .text          0x00004d60       0x2c c:/program files (x86)/cypress/psoc creator/4.2/psoc creator/import/gnu/arm/5.4.1/bin/../lib/gcc/arm-none-eabi/5.4.1/armv7-m\libgcc.a(_arm_unorddf2.o)
                0x00004d60                __unorddf2
                0x00004d60                __aeabi_dcmpun
 *(.plt)
 *(.gnu.warning)
 *(.glue_7t)
 .glue_7t       0x00004d8c        0x0 linker stubs
 *(.glue_7)
 .glue_7        0x00004d8c        0x0 linker stubs
 *(.vfp11_veneer)
 .vfp11_veneer  0x00004d8c        0x0 linker stubs
 *(.bootloader)
 *(.ARM.extab* .gnu.linkonce.armextab.*)
 *(.gcc_except_table)

.v4_bx          0x00004d8c        0x0
 .v4_bx         0x00004d8c        0x0 linker stubs

.iplt           0x00004d8c        0x0
 .iplt          0x00004d8c        0x0 c:/program files (x86)/cypress/psoc creator/4.2/psoc creator/import/gnu/arm/5.4.1/bin/../lib/gcc/arm-none-eabi/5.4.1/armv7-m/crtbegin.o

.eh_frame_hdr
 *(.eh_frame_hdr)

.eh_frame       0x00004d8c        0x4
 *(.eh_frame)
 .eh_frame      0x00004d8c        0x0 c:/program files (x86)/cypress/psoc creator/4.2/psoc creator/import/gnu/arm/5.4.1/bin/../lib/gcc/arm-none-eabi/5.4.1/armv7-m/crtbegin.o
 .eh_frame      0x00004d8c        0x4 c:/program files (x86)/cypress/psoc creator/4.2/psoc creator/import/gnu/arm/5.4.1/bin/../lib/gcc/arm-none-eabi/5.4.1/armv7-m/crtend.o
                [!provide]                PROVIDE (__exidx_start, .)

.ARM.exidx
 *(.ARM.exidx* .gnu.linkonce.armexidx.*)
                0x00004d90                __exidx_end = .

.rodata         0x00004d90      0x5e8
 *(.rodata .rodata.* .gnu.linkonce.r.*)
 .rodata        0x00004d90       0x28 .\CortexM3\ARM_GCC_541\Debug\main.o
 .rodata.str1.4
                0x00004db8       0x21 .\CortexM3\ARM_GCC_541\Debug\main.o
 *fill*         0x00004dd9        0x3 
 .rodata        0x00004ddc       0x6f .\CortexM3\ARM_GCC_541\Debug\screen.o
 *fill*         0x00004e4b        0x1 
 .rodata        0x00004e4c      0x34d .\CortexM3\ARM_GCC_541\Debug\font.o
 *fill*         0x00005199        0x3 
 .rodata.str1.4
                0x0000519c        0xc .\CortexM3\ARM_GCC_541\Debug\font.o
                                  0xb (size before relaxing)
 .rodata        0x000051a8       0x3c .\CortexM3\ARM_GCC_541\Debug\cyfitter_cfg.o
 .rodata.str1.1
                0x000051e4        0x2 c:/program files (x86)/cypress/psoc creator/4.2/psoc creator/import/gnu/arm/5.4.1/bin/../lib/gcc/arm-none-eabi/5.4.1/../../../../arm-none-eabi/lib/armv7-m\libg_nano.a(lib_a-impure.o)
 .rodata.str1.1
                0x000051e6       0x12 c:/program files (x86)/cypress/psoc creator/4.2/psoc creator/import/gnu/arm/5.4.1/bin/../lib/gcc/arm-none-eabi/5.4.1/../../../../arm-none-eabi/lib/armv7-m\libg_nano.a(lib_a-nano-vfprintf_float.o)
 .rodata.str1.1
                0x000051f8       0x22 c:/program files (x86)/cypress/psoc creator/4.2/psoc creator/import/gnu/arm/5.4.1/bin/../lib/gcc/arm-none-eabi/5.4.1/../../../../arm-none-eabi/lib/armv7-m\libg_nano.a(lib_a-nano-vfprintf_i.o)
 .rodata.str1.1
                0x0000521a        0xd c:/program files (x86)/cypress/psoc creator/4.2/psoc creator/import/gnu/arm/5.4.1/bin/../lib/gcc/arm-none-eabi/5.4.1/../../../../arm-none-eabi/lib/armv7-m\libg_nano.a(lib_a-dtoa.o)
                                  0xf (size before relaxing)
 .rodata.str1.1
                0x00005227        0x8 c:/program files (x86)/cypress/psoc creator/4.2/psoc creator/import/gnu/arm/5.4.1/bin/../lib/gcc/arm-none-eabi/5.4.1/../../../../arm-none-eabi/lib/armv7-m\libg_nano.a(lib_a-locale.o)
                                  0xb (size before relaxing)
 *fill*         0x0000522f        0x1 
 .rodata.__mprec_tens
                0x00005230       0xc8 c:/program files (x86)/cypress/psoc creator/4.2/psoc creator/import/gnu/arm/5.4.1/bin/../lib/gcc/arm-none-eabi/5.4.1/../../../../arm-none-eabi/lib/armv7-m\libg_nano.a(lib_a-mprec.o)
                0x00005230                __mprec_tens
 .rodata.p05.5408
                0x000052f8        0xc c:/program files (x86)/cypress/psoc creator/4.2/psoc creator/import/gnu/arm/5.4.1/bin/../lib/gcc/arm-none-eabi/5.4.1/../../../../arm-none-eabi/lib/armv7-m\libg_nano.a(lib_a-mprec.o)
 *fill*         0x00005304        0x4 
 .rodata.__mprec_bigtens
                0x00005308       0x28 c:/program files (x86)/cypress/psoc creator/4.2/psoc creator/import/gnu/arm/5.4.1/bin/../lib/gcc/arm-none-eabi/5.4.1/../../../../arm-none-eabi/lib/armv7-m\libg_nano.a(lib_a-mprec.o)
                0x00005308                __mprec_bigtens
 .rodata.str1.1
                0x00005330       0x11 c:/program files (x86)/cypress/psoc creator/4.2/psoc creator/import/gnu/arm/5.4.1/bin/../lib/gcc/arm-none-eabi/5.4.1/../../../../arm-none-eabi/lib/armv7-m\libg_nano.a(lib_a-nano-svfprintf.o)
                0x00005344                . = ALIGN (0x4)
 *fill*         0x00005341        0x3 
 *(.init)
 .init          0x00005344        0x4 c:/program files (x86)/cypress/psoc creator/4.2/psoc creator/import/gnu/arm/5.4.1/bin/../lib/gcc/arm-none-eabi/5.4.1/armv7-m/crti.o
                0x00005344                _init
 .init          0x00005348        0x8 c:/program files (x86)/cypress/psoc creator/4.2/psoc creator/import/gnu/arm/5.4.1/bin/../lib/gcc/arm-none-eabi/5.4.1/armv7-m/crtn.o
                0x00005350                . = ALIGN (0x4)
                0x00005350                __preinit_array_start = .
 *(.preinit_array)
                0x00005350                __preinit_array_end = .
                0x00005350                . = ALIGN (0x4)
                0x00005350                __init_array_start = .
 *(SORT(.init_array.*))
 *(.init_array)
 .init_array    0x00005350        0x4 c:/program files (x86)/cypress/psoc creator/4.2/psoc creator/import/gnu/arm/5.4.1/bin/../lib/gcc/arm-none-eabi/5.4.1/armv7-m/crtbegin.o
 .init_array    0x00005354        0x4 .\CortexM3\ARM_GCC_541\Debug\Cm3Start.o
                0x00005358                __init_array_end = .
                0x00005358                . = ALIGN (0x4)
 *(.fini)
 .fini          0x00005358        0x4 c:/program files (x86)/cypress/psoc creator/4.2/psoc creator/import/gnu/arm/5.4.1/bin/../lib/gcc/arm-none-eabi/5.4.1/armv7-m/crti.o
                0x00005358                _fini
 .fini          0x0000535c        0x8 c:/program files (x86)/cypress/psoc creator/4.2/psoc creator/import/gnu/arm/5.4.1/bin/../lib/gcc/arm-none-eabi/5.4.1/armv7-m/crtn.o
                0x00005364                . = ALIGN (0x4)
                0x00005364                __fini_array_start = .
 *(.fini_array)
 .fini_array    0x00005364        0x4 c:/program files (x86)/cypress/psoc creator/4.2/psoc creator/import/gnu/arm/5.4.1/bin/../lib/gcc/arm-none-eabi/5.4.1/armv7-m/crtbegin.o
 *(SORT(.fini_array.*))
                0x00005368                __fini_array_end = .
                0x00005368                . = ALIGN (0x4)
 *crtbegin.o(.ctors)
 *(EXCLUDE_FILE(*crtend.o) .ctors)
 *(SORT(.ctors.*))
 *crtend.o(.ctors)
                0x00005368                . = ALIGN (0x4)
 *crtbegin.o(.dtors)
 *(EXCLUDE_FILE(*crtend.o) .dtors)
 *(SORT(.dtors.*))
 *crtend.o(.dtors)
                0x00005368                . = ALIGN (0x4)
                0x00005368                __cy_regions = .
                0x00005368        0x4 LONG 0x5378 __cy_region_init_ram
                0x0000536c        0x4 LONG 0x1fff80c8 __cy_region_start_data
                0x00005370        0x4 LONG 0xb8 __cy_region_init_size_ram
                0x00005374        0x4 LONG 0x40 __cy_region_zero_size_ram
                0x00005378                __cy_regions_end = .
                0x00005378                . = ALIGN (0x8)
                0x00005378                _etext = .

.cy_checksum_exclude
                0x00005378        0x0
 *(.cy_checksum_exclude)

.ramvectors     0x1fff8000       0xc0
                0x1fff8000                __cy_region_start_ram = .
 *(.ramvectors)
 .ramvectors    0x1fff8000       0xc0 .\CortexM3\ARM_GCC_541\Debug\Cm3Start.o
                0x1fff8000                CyRamVectors

.noinit         0x1fff80c0        0x1
 *(.noinit)
 .noinit        0x1fff80c0        0x1 .\CortexM3\ARM_GCC_541\Debug\Design01.a(CyLib.o)
                0x1fff80c0                CyResetStatus

.data           0x1fff80c8       0xb8 load address 0x00005378
                0x1fff80c8                __cy_region_start_data = .
 *(.jcr)
 .jcr           0x1fff80c8        0x0 c:/program files (x86)/cypress/psoc creator/4.2/psoc creator/import/gnu/arm/5.4.1/bin/../lib/gcc/arm-none-eabi/5.4.1/armv7-m/crtbegin.o
 .jcr           0x1fff80c8        0x4 c:/program files (x86)/cypress/psoc creator/4.2/psoc creator/import/gnu/arm/5.4.1/bin/../lib/gcc/arm-none-eabi/5.4.1/armv7-m/crtend.o
 *(.got.plt)
 *(.got)
 *(.shdata)
 *(.data .data.* .gnu.linkonce.d.*)
 .data          0x1fff80cc        0x4 .\CortexM3\ARM_GCC_541\Debug\Cm3Start.o
 .data          0x1fff80d0       0x10 .\CortexM3\ARM_GCC_541\Debug\Design01.a(CyLib.o)
                0x1fff80d0                cydelay_freq_mhz
                0x1fff80d4                cydelay_32k_ms
                0x1fff80d8                cydelay_freq_khz
                0x1fff80dc                cydelay_freq_hz
 .data.impure_data
                0x1fff80e0       0x60 c:/program files (x86)/cypress/psoc creator/4.2/psoc creator/import/gnu/arm/5.4.1/bin/../lib/gcc/arm-none-eabi/5.4.1/../../../../arm-none-eabi/lib/armv7-m\libg_nano.a(lib_a-impure.o)
 .data._impure_ptr
                0x1fff8140        0x4 c:/program files (x86)/cypress/psoc creator/4.2/psoc creator/import/gnu/arm/5.4.1/bin/../lib/gcc/arm-none-eabi/5.4.1/../../../../arm-none-eabi/lib/armv7-m\libg_nano.a(lib_a-impure.o)
                0x1fff8140                _impure_ptr
 .data.lconv    0x1fff8144       0x38 c:/program files (x86)/cypress/psoc creator/4.2/psoc creator/import/gnu/arm/5.4.1/bin/../lib/gcc/arm-none-eabi/5.4.1/../../../../arm-none-eabi/lib/armv7-m\libg_nano.a(lib_a-locale.o)
                0x1fff8180                . = ALIGN (0x8)
 *fill*         0x1fff817c        0x4 
 *(.ram)
                0x1fff8180                _edata = .

.igot.plt       0x1fff8180        0x0 load address 0x00005430
 .igot.plt      0x1fff8180        0x0 c:/program files (x86)/cypress/psoc creator/4.2/psoc creator/import/gnu/arm/5.4.1/bin/../lib/gcc/arm-none-eabi/5.4.1/armv7-m/crtbegin.o

.bss            0x1fff8180       0x40 load address 0x00005430
                0x1fff8180                PROVIDE (__bss_start__, .)
 *(.shbss)
 *(.bss .bss.* .gnu.linkonce.b.*)
 .bss           0x1fff8180       0x1c c:/program files (x86)/cypress/psoc creator/4.2/psoc creator/import/gnu/arm/5.4.1/bin/../lib/gcc/arm-none-eabi/5.4.1/armv7-m/crtbegin.o
 .bss           0x1fff819c        0x1 .\CortexM3\ARM_GCC_541\Debug\Design01.a(SPIM.o)
                0x1fff819c                SPIM_initVar
 .bss           0x1fff819d        0x1 .\CortexM3\ARM_GCC_541\Debug\Design01.a(VDAC8_DS.o)
                0x1fff819d                VDAC8_DS_initVar
 .bss           0x1fff819e        0x1 .\CortexM3\ARM_GCC_541\Debug\Design01.a(VDAC8_GS.o)
                0x1fff819e                VDAC8_GS_initVar
 .bss           0x1fff819f        0x1 .\CortexM3\ARM_GCC_541\Debug\Design01.a(ADC_SAR_1.o)
                0x1fff819f                ADC_SAR_1_initVar
 .bss           0x1fff81a0        0x1 .\CortexM3\ARM_GCC_541\Debug\Design01.a(ADC_SAR_1_PM.o)
 *fill*         0x1fff81a1        0x3 
 .bss.__malloc_sbrk_start
                0x1fff81a4        0x4 c:/program files (x86)/cypress/psoc creator/4.2/psoc creator/import/gnu/arm/5.4.1/bin/../lib/gcc/arm-none-eabi/5.4.1/../../../../arm-none-eabi/lib/armv7-m\libg_nano.a(lib_a-nano-mallocr.o)
                0x1fff81a4                __malloc_sbrk_start
 .bss.__malloc_free_list
                0x1fff81a8        0x4 c:/program files (x86)/cypress/psoc creator/4.2/psoc creator/import/gnu/arm/5.4.1/bin/../lib/gcc/arm-none-eabi/5.4.1/../../../../arm-none-eabi/lib/armv7-m\libg_nano.a(lib_a-nano-mallocr.o)
                0x1fff81a8                __malloc_free_list
 *(COMMON)
 COMMON         0x1fff81ac        0xa .\CortexM3\ARM_GCC_541\Debug\Design01.a(ADC_SAR_1.o)
                0x1fff81ac                ADC_SAR_1_countsPerVolt
                0x1fff81ae                ADC_SAR_1_shift
                0x1fff81b0                ADC_SAR_1_countsPer10Volt
                0x1fff81b4                ADC_SAR_1_offset
 *fill*         0x1fff81b6        0x2 
 COMMON         0x1fff81b8        0x4 c:/program files (x86)/cypress/psoc creator/4.2/psoc creator/import/gnu/arm/5.4.1/bin/../lib/gcc/arm-none-eabi/5.4.1/../../../../arm-none-eabi/lib/armv7-m\libg_nano.a(lib_a-reent.o)
                0x1fff81b8                errno
                0x1fff81c0                . = ALIGN (0x8)
 *fill*         0x1fff81bc        0x4 
 *(.ram.b)
                0x1fff81c0                _end = .
                0x1fff81c0                __end = .
                0x1fff81c0                PROVIDE (end, .)
                0x1fff81c0                PROVIDE (__bss_end__, .)
                0x00005378                __cy_region_init_ram = LOADADDR (.data)
                0x000000b8                __cy_region_init_size_ram = (_edata - ADDR (.data))
                0x00000040                __cy_region_zero_size_ram = (_end - _edata)

.heap           0x1fff81c0     0x1000 load address 0x00005430
                0x1fff81c0                . = _end
                0x1fff91c0                . = (. + 0x1000)
 *fill*         0x1fff81c0     0x1000 
                0x1fff91c0                __cy_heap_limit = .

.stack          0x20007800      0x800
                0x20007800                __cy_stack_limit = .
                0x20008000                . = (. + 0x800)
 *fill*         0x20007800      0x800 
                0x00000001                ASSERT ((__cy_stack_limit >= __cy_heap_limit), region RAM overflowed with stack)
                0x00000000                cy_checksum_exclude_size = (CY_APPL_LOADABLE == 0x1)?SIZEOF (.cy_checksum_exclude):0x0
                0x00000001                ASSERT ((cy_checksum_exclude_size <= CY_CHECKSUM_EXCLUDE_SIZE), CY_BOOT: Section .cy_checksum_exclude size exceedes specified limit.)

.cyloadermeta
 *(.cyloadermeta)

.cyloadablemeta
 *(.cyloadablemeta)

.cyconfigecc    0x80000000      0x2f4
 *(.cyconfigecc)
 .cyconfigecc   0x80000000      0x2f4 .\CortexM3\ARM_GCC_541\Debug\cymetadata.o
                0x80000000                cy_meta_configecc

.cycustnvl      0x90000000        0x4
 *(.cycustnvl)
 .cycustnvl     0x90000000        0x4 .\CortexM3\ARM_GCC_541\Debug\cymetadata.o
                0x90000000                cy_meta_custnvl

.cywolatch      0x90100000        0x4
 *(.cywolatch)
 .cywolatch     0x90100000        0x4 .\CortexM3\ARM_GCC_541\Debug\cymetadata.o
                0x90100000                cy_meta_wonvl

.cyeeprom       0x90200000        0x0
 *(.cyeeprom)
                0x00000001                ASSERT ((. <= ((0x90200000 + ee_offset) + ee_size)), .cyeeprom data will not fit in EEPROM)

.cyflashprotect
                0x90400000      0x100
 *(.cyflashprotect)
 .cyflashprotect
                0x90400000      0x100 .\CortexM3\ARM_GCC_541\Debug\cymetadata.o
                0x90400000                cy_meta_flashprotect

.cymeta         0x90500000        0xc
 *(.cymeta)
 .cymeta        0x90500000        0xc .\CortexM3\ARM_GCC_541\Debug\cymetadata.o
                0x90500000                cy_metadata

.rel.dyn        0x00005430        0x0 load address 0x9050000c
 .rel.iplt      0x00005430        0x0 c:/program files (x86)/cypress/psoc creator/4.2/psoc creator/import/gnu/arm/5.4.1/bin/../lib/gcc/arm-none-eabi/5.4.1/armv7-m/crtbegin.o

.stab
 *(.stab)

.stabstr
 *(.stabstr)

.debug
 *(.debug)

.line
 *(.line)

.debug_srcinfo
 *(.debug_srcinfo)

.debug_sfnames
 *(.debug_sfnames)

.debug_aranges  0x00000000      0x988
 *(.debug_aranges)
 .debug_aranges
                0x00000000       0x48 .\CortexM3\ARM_GCC_541\Debug\main.o
 .debug_aranges
                0x00000048       0x78 .\CortexM3\ARM_GCC_541\Debug\screen.o
 .debug_aranges
                0x000000c0       0x38 .\CortexM3\ARM_GCC_541\Debug\font.o
 .debug_aranges
                0x000000f8       0x28 .\CortexM3\ARM_GCC_541\Debug\cyfitter_cfg.o
 .debug_aranges
                0x00000120       0x18 .\CortexM3\ARM_GCC_541\Debug\cymetadata.o
 .debug_aranges
                0x00000138       0x48 .\CortexM3\ARM_GCC_541\Debug\Cm3Start.o
 .debug_aranges
                0x00000180      0x288 .\CortexM3\ARM_GCC_541\Debug\Design01.a(CyLib.o)
 .debug_aranges
                0x00000408       0x78 .\CortexM3\ARM_GCC_541\Debug\Design01.a(cyPm.o)
 .debug_aranges
                0x00000480       0x38 .\CortexM3\ARM_GCC_541\Debug\Design01.a(SS.o)
 .debug_aranges
                0x000004b8       0x38 .\CortexM3\ARM_GCC_541\Debug\Design01.a(D_C.o)
 .debug_aranges
                0x000004f0       0x38 .\CortexM3\ARM_GCC_541\Debug\Design01.a(Reset.o)
 .debug_aranges
                0x00000528       0x70 .\CortexM3\ARM_GCC_541\Debug\Design01.a(Clock.o)
 .debug_aranges
                0x00000598       0xb0 .\CortexM3\ARM_GCC_541\Debug\Design01.a(SPIM.o)
 .debug_aranges
                0x00000648       0x58 .\CortexM3\ARM_GCC_541\Debug\Design01.a(VDAC8_DS.o)
 .debug_aranges
                0x000006a0       0x58 .\CortexM3\ARM_GCC_541\Debug\Design01.a(VDAC8_GS.o)
 .debug_aranges
                0x000006f8       0xa0 .\CortexM3\ARM_GCC_541\Debug\Design01.a(ADC_SAR_1.o)
 .debug_aranges
                0x00000798       0x20 .\CortexM3\ARM_GCC_541\Debug\Design01.a(ADC_SAR_1_INT.o)
 .debug_aranges
                0x000007b8       0x30 .\CortexM3\ARM_GCC_541\Debug\Design01.a(ADC_SAR_1_PM.o)
 .debug_aranges
                0x000007e8       0x80 .\CortexM3\ARM_GCC_541\Debug\Design01.a(ADC_SAR_1_theACLK.o)
 .debug_aranges
                0x00000868       0x20 .\CortexM3\ARM_GCC_541\Debug\Design01.a(CyBootAsmGnu.o)
 .debug_aranges
                0x00000888       0x80 .\CortexM3\ARM_GCC_541\Debug\Design01.a(CyFlash.o)
 .debug_aranges
                0x00000908       0x80 .\CortexM3\ARM_GCC_541\Debug\Design01.a(CySpc.o)

.debug_pubnames
 *(.debug_pubnames)

.debug_info     0x00000000     0xa0c2
 *(.debug_info .gnu.linkonce.wi.*)
 .debug_info    0x00000000     0x10c3 .\CortexM3\ARM_GCC_541\Debug\main.o
 .debug_info    0x000010c3      0xfcb .\CortexM3\ARM_GCC_541\Debug\screen.o
 .debug_info    0x0000208e     0x25dc .\CortexM3\ARM_GCC_541\Debug\font.o
 .debug_info    0x0000466a      0x678 .\CortexM3\ARM_GCC_541\Debug\cyfitter_cfg.o
 .debug_info    0x00004ce2      0x135 .\CortexM3\ARM_GCC_541\Debug\cymetadata.o
 .debug_info    0x00004e17      0x3bb .\CortexM3\ARM_GCC_541\Debug\Cm3Start.o
 .debug_info    0x000051d2     0x1964 .\CortexM3\ARM_GCC_541\Debug\Design01.a(CyLib.o)
 .debug_info    0x00006b36      0x9e2 .\CortexM3\ARM_GCC_541\Debug\Design01.a(cyPm.o)
 .debug_info    0x00007518      0x121 .\CortexM3\ARM_GCC_541\Debug\Design01.a(SS.o)
 .debug_info    0x00007639      0x121 .\CortexM3\ARM_GCC_541\Debug\Design01.a(D_C.o)
 .debug_info    0x0000775a      0x121 .\CortexM3\ARM_GCC_541\Debug\Design01.a(Reset.o)
 .debug_info    0x0000787b      0x29b .\CortexM3\ARM_GCC_541\Debug\Design01.a(Clock.o)
 .debug_info    0x00007b16      0x5c0 .\CortexM3\ARM_GCC_541\Debug\Design01.a(SPIM.o)
 .debug_info    0x000080d6      0x2e2 .\CortexM3\ARM_GCC_541\Debug\Design01.a(VDAC8_DS.o)
 .debug_info    0x000083b8      0x2e2 .\CortexM3\ARM_GCC_541\Debug\Design01.a(VDAC8_GS.o)
 .debug_info    0x0000869a      0x719 .\CortexM3\ARM_GCC_541\Debug\Design01.a(ADC_SAR_1.o)
 .debug_info    0x00008db3       0x92 .\CortexM3\ARM_GCC_541\Debug\Design01.a(ADC_SAR_1_INT.o)
 .debug_info    0x00008e45      0x14e .\CortexM3\ARM_GCC_541\Debug\Design01.a(ADC_SAR_1_PM.o)
 .debug_info    0x00008f93      0x2d8 .\CortexM3\ARM_GCC_541\Debug\Design01.a(ADC_SAR_1_theACLK.o)
 .debug_info    0x0000926b       0xc0 .\CortexM3\ARM_GCC_541\Debug\Design01.a(CyBootAsmGnu.o)
 .debug_info    0x0000932b      0x836 .\CortexM3\ARM_GCC_541\Debug\Design01.a(CyFlash.o)
 .debug_info    0x00009b61      0x561 .\CortexM3\ARM_GCC_541\Debug\Design01.a(CySpc.o)

.debug_abbrev   0x00000000     0x2297
 *(.debug_abbrev)
 .debug_abbrev  0x00000000      0x254 .\CortexM3\ARM_GCC_541\Debug\main.o
 .debug_abbrev  0x00000254      0x291 .\CortexM3\ARM_GCC_541\Debug\screen.o
 .debug_abbrev  0x000004e5      0x2b3 .\CortexM3\ARM_GCC_541\Debug\font.o
 .debug_abbrev  0x00000798      0x277 .\CortexM3\ARM_GCC_541\Debug\cyfitter_cfg.o
 .debug_abbrev  0x00000a0f       0x66 .\CortexM3\ARM_GCC_541\Debug\cymetadata.o
 .debug_abbrev  0x00000a75      0x1f6 .\CortexM3\ARM_GCC_541\Debug\Cm3Start.o
 .debug_abbrev  0x00000c6b      0x3bb .\CortexM3\ARM_GCC_541\Debug\Design01.a(CyLib.o)
 .debug_abbrev  0x00001026      0x1cf .\CortexM3\ARM_GCC_541\Debug\Design01.a(cyPm.o)
 .debug_abbrev  0x000011f5       0x90 .\CortexM3\ARM_GCC_541\Debug\Design01.a(SS.o)
 .debug_abbrev  0x00001285       0x90 .\CortexM3\ARM_GCC_541\Debug\Design01.a(D_C.o)
 .debug_abbrev  0x00001315       0x90 .\CortexM3\ARM_GCC_541\Debug\Design01.a(Reset.o)
 .debug_abbrev  0x000013a5      0x142 .\CortexM3\ARM_GCC_541\Debug\Design01.a(Clock.o)
 .debug_abbrev  0x000014e7      0x243 .\CortexM3\ARM_GCC_541\Debug\Design01.a(SPIM.o)
 .debug_abbrev  0x0000172a      0x165 .\CortexM3\ARM_GCC_541\Debug\Design01.a(VDAC8_DS.o)
 .debug_abbrev  0x0000188f      0x165 .\CortexM3\ARM_GCC_541\Debug\Design01.a(VDAC8_GS.o)
 .debug_abbrev  0x000019f4      0x260 .\CortexM3\ARM_GCC_541\Debug\Design01.a(ADC_SAR_1.o)
 .debug_abbrev  0x00001c54       0x42 .\CortexM3\ARM_GCC_541\Debug\Design01.a(ADC_SAR_1_INT.o)
 .debug_abbrev  0x00001c96       0xdb .\CortexM3\ARM_GCC_541\Debug\Design01.a(ADC_SAR_1_PM.o)
 .debug_abbrev  0x00001d71      0x142 .\CortexM3\ARM_GCC_541\Debug\Design01.a(ADC_SAR_1_theACLK.o)
 .debug_abbrev  0x00001eb3       0x14 .\CortexM3\ARM_GCC_541\Debug\Design01.a(CyBootAsmGnu.o)
 .debug_abbrev  0x00001ec7      0x23d .\CortexM3\ARM_GCC_541\Debug\Design01.a(CyFlash.o)
 .debug_abbrev  0x00002104      0x193 .\CortexM3\ARM_GCC_541\Debug\Design01.a(CySpc.o)

.debug_line     0x00000000     0x3902
 *(.debug_line)
 .debug_line    0x00000000      0x391 .\CortexM3\ARM_GCC_541\Debug\main.o
 .debug_line    0x00000391      0x3df .\CortexM3\ARM_GCC_541\Debug\screen.o
 .debug_line    0x00000770      0x706 .\CortexM3\ARM_GCC_541\Debug\font.o
 .debug_line    0x00000e76      0x242 .\CortexM3\ARM_GCC_541\Debug\cyfitter_cfg.o
 .debug_line    0x000010b8      0x141 .\CortexM3\ARM_GCC_541\Debug\cymetadata.o
 .debug_line    0x000011f9      0x219 .\CortexM3\ARM_GCC_541\Debug\Cm3Start.o
 .debug_line    0x00001412      0xb0c .\CortexM3\ARM_GCC_541\Debug\Design01.a(CyLib.o)
 .debug_line    0x00001f1e      0x52a .\CortexM3\ARM_GCC_541\Debug\Design01.a(cyPm.o)
 .debug_line    0x00002448       0x91 .\CortexM3\ARM_GCC_541\Debug\Design01.a(SS.o)
 .debug_line    0x000024d9       0x92 .\CortexM3\ARM_GCC_541\Debug\Design01.a(D_C.o)
 .debug_line    0x0000256b       0x94 .\CortexM3\ARM_GCC_541\Debug\Design01.a(Reset.o)
 .debug_line    0x000025ff      0x1d6 .\CortexM3\ARM_GCC_541\Debug\Design01.a(Clock.o)
 .debug_line    0x000027d5      0x287 .\CortexM3\ARM_GCC_541\Debug\Design01.a(SPIM.o)
 .debug_line    0x00002a5c      0x157 .\CortexM3\ARM_GCC_541\Debug\Design01.a(VDAC8_DS.o)
 .debug_line    0x00002bb3      0x157 .\CortexM3\ARM_GCC_541\Debug\Design01.a(VDAC8_GS.o)
 .debug_line    0x00002d0a      0x31d .\CortexM3\ARM_GCC_541\Debug\Design01.a(ADC_SAR_1.o)
 .debug_line    0x00003027       0x56 .\CortexM3\ARM_GCC_541\Debug\Design01.a(ADC_SAR_1_INT.o)
 .debug_line    0x0000307d       0x9c .\CortexM3\ARM_GCC_541\Debug\Design01.a(ADC_SAR_1_PM.o)
 .debug_line    0x00003119      0x203 .\CortexM3\ARM_GCC_541\Debug\Design01.a(ADC_SAR_1_theACLK.o)
 .debug_line    0x0000331c       0x66 .\CortexM3\ARM_GCC_541\Debug\Design01.a(CyBootAsmGnu.o)
 .debug_line    0x00003382      0x2c7 .\CortexM3\ARM_GCC_541\Debug\Design01.a(CyFlash.o)
 .debug_line    0x00003649      0x2b9 .\CortexM3\ARM_GCC_541\Debug\Design01.a(CySpc.o)

.debug_frame    0x00000000     0x2460
 *(.debug_frame)
 .debug_frame   0x00000000       0xf0 .\CortexM3\ARM_GCC_541\Debug\main.o
 .debug_frame   0x000000f0      0x220 .\CortexM3\ARM_GCC_541\Debug\screen.o
 .debug_frame   0x00000310       0xf0 .\CortexM3\ARM_GCC_541\Debug\font.o
 .debug_frame   0x00000400       0x48 .\CortexM3\ARM_GCC_541\Debug\cyfitter_cfg.o
 .debug_frame   0x00000448       0xac .\CortexM3\ARM_GCC_541\Debug\Cm3Start.o
 .debug_frame   0x000004f4      0x740 .\CortexM3\ARM_GCC_541\Debug\Design01.a(CyLib.o)
 .debug_frame   0x00000c34      0x1f4 .\CortexM3\ARM_GCC_541\Debug\Design01.a(cyPm.o)
 .debug_frame   0x00000e28       0x50 .\CortexM3\ARM_GCC_541\Debug\Design01.a(SS.o)
 .debug_frame   0x00000e78       0x50 .\CortexM3\ARM_GCC_541\Debug\Design01.a(D_C.o)
 .debug_frame   0x00000ec8       0x50 .\CortexM3\ARM_GCC_541\Debug\Design01.a(Reset.o)
 .debug_frame   0x00000f18      0x120 .\CortexM3\ARM_GCC_541\Debug\Design01.a(Clock.o)
 .debug_frame   0x00001038      0x214 .\CortexM3\ARM_GCC_541\Debug\Design01.a(SPIM.o)
 .debug_frame   0x0000124c       0x9c .\CortexM3\ARM_GCC_541\Debug\Design01.a(VDAC8_DS.o)
 .debug_frame   0x000012e8       0x9c .\CortexM3\ARM_GCC_541\Debug\Design01.a(VDAC8_GS.o)
 .debug_frame   0x00001384      0x1d0 .\CortexM3\ARM_GCC_541\Debug\Design01.a(ADC_SAR_1.o)
 .debug_frame   0x00001554       0x20 .\CortexM3\ARM_GCC_541\Debug\Design01.a(ADC_SAR_1_INT.o)
 .debug_frame   0x00001574       0x60 .\CortexM3\ARM_GCC_541\Debug\Design01.a(ADC_SAR_1_PM.o)
 .debug_frame   0x000015d4      0x140 .\CortexM3\ARM_GCC_541\Debug\Design01.a(ADC_SAR_1_theACLK.o)
 .debug_frame   0x00001714      0x214 .\CortexM3\ARM_GCC_541\Debug\Design01.a(CyFlash.o)
 .debug_frame   0x00001928      0x298 .\CortexM3\ARM_GCC_541\Debug\Design01.a(CySpc.o)
 .debug_frame   0x00001bc0       0x44 c:/program files (x86)/cypress/psoc creator/4.2/psoc creator/import/gnu/arm/5.4.1/bin/../lib/gcc/arm-none-eabi/5.4.1/armv7-m\libgcc.a(_aeabi_ldivmod.o)
 .debug_frame   0x00001c04       0x38 c:/program files (x86)/cypress/psoc creator/4.2/psoc creator/import/gnu/arm/5.4.1/bin/../lib/gcc/arm-none-eabi/5.4.1/armv7-m\libgcc.a(_udivmoddi4.o)
 .debug_frame   0x00001c3c       0x20 c:/program files (x86)/cypress/psoc creator/4.2/psoc creator/import/gnu/arm/5.4.1/bin/../lib/gcc/arm-none-eabi/5.4.1/../../../../arm-none-eabi/lib/armv7-m\libg_nano.a(lib_a-errno.o)
 .debug_frame   0x00001c5c       0x28 c:/program files (x86)/cypress/psoc creator/4.2/psoc creator/import/gnu/arm/5.4.1/bin/../lib/gcc/arm-none-eabi/5.4.1/../../../../arm-none-eabi/lib/armv7-m\libg_nano.a(lib_a-exit.o)
 .debug_frame   0x00001c84       0x2c c:/program files (x86)/cypress/psoc creator/4.2/psoc creator/import/gnu/arm/5.4.1/bin/../lib/gcc/arm-none-eabi/5.4.1/../../../../arm-none-eabi/lib/armv7-m\libg_nano.a(lib_a-init.o)
 .debug_frame   0x00001cb0       0x28 c:/program files (x86)/cypress/psoc creator/4.2/psoc creator/import/gnu/arm/5.4.1/bin/../lib/gcc/arm-none-eabi/5.4.1/../../../../arm-none-eabi/lib/armv7-m\libg_nano.a(lib_a-memcpy-stub.o)
 .debug_frame   0x00001cd8       0x20 c:/program files (x86)/cypress/psoc creator/4.2/psoc creator/import/gnu/arm/5.4.1/bin/../lib/gcc/arm-none-eabi/5.4.1/../../../../arm-none-eabi/lib/armv7-m\libg_nano.a(lib_a-memset.o)
 .debug_frame   0x00001cf8       0x8c c:/program files (x86)/cypress/psoc creator/4.2/psoc creator/import/gnu/arm/5.4.1/bin/../lib/gcc/arm-none-eabi/5.4.1/../../../../arm-none-eabi/lib/armv7-m\libg_nano.a(lib_a-nano-vfprintf_float.o)
 .debug_frame   0x00001d84       0x60 c:/program files (x86)/cypress/psoc creator/4.2/psoc creator/import/gnu/arm/5.4.1/bin/../lib/gcc/arm-none-eabi/5.4.1/../../../../arm-none-eabi/lib/armv7-m\libg_nano.a(lib_a-nano-vfprintf_i.o)
 .debug_frame   0x00001de4       0x70 c:/program files (x86)/cypress/psoc creator/4.2/psoc creator/import/gnu/arm/5.4.1/bin/../lib/gcc/arm-none-eabi/5.4.1/../../../../arm-none-eabi/lib/armv7-m\libg_nano.a(lib_a-sprintf.o)
 .debug_frame   0x00001e54       0x6c c:/program files (x86)/cypress/psoc creator/4.2/psoc creator/import/gnu/arm/5.4.1/bin/../lib/gcc/arm-none-eabi/5.4.1/../../../../arm-none-eabi/lib/armv7-m\libg_nano.a(lib_a-dtoa.o)
 .debug_frame   0x00001ec0       0x98 c:/program files (x86)/cypress/psoc creator/4.2/psoc creator/import/gnu/arm/5.4.1/bin/../lib/gcc/arm-none-eabi/5.4.1/../../../../arm-none-eabi/lib/armv7-m\libg_nano.a(lib_a-locale.o)
 .debug_frame   0x00001f58       0x30 c:/program files (x86)/cypress/psoc creator/4.2/psoc creator/import/gnu/arm/5.4.1/bin/../lib/gcc/arm-none-eabi/5.4.1/../../../../arm-none-eabi/lib/armv7-m\libg_nano.a(lib_a-malloc.o)
 .debug_frame   0x00001f88       0x28 c:/program files (x86)/cypress/psoc creator/4.2/psoc creator/import/gnu/arm/5.4.1/bin/../lib/gcc/arm-none-eabi/5.4.1/../../../../arm-none-eabi/lib/armv7-m\libg_nano.a(lib_a-memchr-stub.o)
 .debug_frame   0x00001fb0      0x234 c:/program files (x86)/cypress/psoc creator/4.2/psoc creator/import/gnu/arm/5.4.1/bin/../lib/gcc/arm-none-eabi/5.4.1/../../../../arm-none-eabi/lib/armv7-m\libg_nano.a(lib_a-mprec.o)
 .debug_frame   0x000021e4       0x2c c:/program files (x86)/cypress/psoc creator/4.2/psoc creator/import/gnu/arm/5.4.1/bin/../lib/gcc/arm-none-eabi/5.4.1/../../../../arm-none-eabi/lib/armv7-m\libg_nano.a(lib_a-nano-callocr.o)
 .debug_frame   0x00002210       0x38 c:/program files (x86)/cypress/psoc creator/4.2/psoc creator/import/gnu/arm/5.4.1/bin/../lib/gcc/arm-none-eabi/5.4.1/../../../../arm-none-eabi/lib/armv7-m\libg_nano.a(lib_a-nano-freer.o)
 .debug_frame   0x00002248       0x2c c:/program files (x86)/cypress/psoc creator/4.2/psoc creator/import/gnu/arm/5.4.1/bin/../lib/gcc/arm-none-eabi/5.4.1/../../../../arm-none-eabi/lib/armv7-m\libg_nano.a(lib_a-nano-mallocr.o)
 .debug_frame   0x00002274       0x90 c:/program files (x86)/cypress/psoc creator/4.2/psoc creator/import/gnu/arm/5.4.1/bin/../lib/gcc/arm-none-eabi/5.4.1/../../../../arm-none-eabi/lib/armv7-m\libg_nano.a(lib_a-nano-svfprintf.o)
 .debug_frame   0x00002304       0x2c c:/program files (x86)/cypress/psoc creator/4.2/psoc creator/import/gnu/arm/5.4.1/bin/../lib/gcc/arm-none-eabi/5.4.1/../../../../arm-none-eabi/lib/armv7-m\libg_nano.a(lib_a-sbrkr.o)
 .debug_frame   0x00002330       0x20 c:/program files (x86)/cypress/psoc creator/4.2/psoc creator/import/gnu/arm/5.4.1/bin/../lib/gcc/arm-none-eabi/5.4.1/../../../../arm-none-eabi/lib/armv7-m\libg_nano.a(lib_a-strcmp.o)
 .debug_frame   0x00002350       0x28 c:/program files (x86)/cypress/psoc creator/4.2/psoc creator/import/gnu/arm/5.4.1/bin/../lib/gcc/arm-none-eabi/5.4.1/../../../../arm-none-eabi/lib/armv7-m\libg_nano.a(lib_a-memmove.o)
 .debug_frame   0x00002378       0x30 c:/program files (x86)/cypress/psoc creator/4.2/psoc creator/import/gnu/arm/5.4.1/bin/../lib/gcc/arm-none-eabi/5.4.1/../../../../arm-none-eabi/lib/armv7-m\libg_nano.a(lib_a-mlock.o)
 .debug_frame   0x000023a8       0x3c c:/program files (x86)/cypress/psoc creator/4.2/psoc creator/import/gnu/arm/5.4.1/bin/../lib/gcc/arm-none-eabi/5.4.1/../../../../arm-none-eabi/lib/armv7-m\libg_nano.a(lib_a-nano-reallocr.o)
 .debug_frame   0x000023e4       0x5c c:/program files (x86)/cypress/psoc creator/4.2/psoc creator/import/gnu/arm/5.4.1/bin/../lib/gcc/arm-none-eabi/5.4.1/../../../../arm-none-eabi/lib/armv7-m\libg_nano.a(lib_a-reent.o)
 .debug_frame   0x00002440       0x20 c:/program files (x86)/cypress/psoc creator/4.2/psoc creator/import/gnu/arm/5.4.1/bin/../lib/gcc/arm-none-eabi/5.4.1/../../../../arm-none-eabi/lib/armv7-m\libg_nano.a(lib_a-nano-msizer.o)

.debug_str      0x00000000     0x21ba
 *(.debug_str)
 .debug_str     0x00000000      0x4fd .\CortexM3\ARM_GCC_541\Debug\main.o
                                0x55e (size before relaxing)
 .debug_str     0x000004fd       0xe3 .\CortexM3\ARM_GCC_541\Debug\screen.o
                                0x316 (size before relaxing)
 .debug_str     0x000005e0       0xce .\CortexM3\ARM_GCC_541\Debug\font.o
                                0x401 (size before relaxing)
 .debug_str     0x000006ae      0x1bf .\CortexM3\ARM_GCC_541\Debug\cyfitter_cfg.o
                                0x37e (size before relaxing)
 .debug_str     0x0000086d       0x75 .\CortexM3\ARM_GCC_541\Debug\cymetadata.o
                                0x214 (size before relaxing)
 .debug_str     0x000008e2      0x144 .\CortexM3\ARM_GCC_541\Debug\Cm3Start.o
                                0x33a (size before relaxing)
 .debug_str     0x00000a26      0x83b .\CortexM3\ARM_GCC_541\Debug\Design01.a(CyLib.o)
                                0xa77 (size before relaxing)
 .debug_str     0x00001261      0x365 .\CortexM3\ARM_GCC_541\Debug\Design01.a(cyPm.o)
                                0x763 (size before relaxing)
 .debug_str     0x000015c6       0x46 .\CortexM3\ARM_GCC_541\Debug\Design01.a(SS.o)
                                0x203 (size before relaxing)
 .debug_str     0x0000160c       0x47 .\CortexM3\ARM_GCC_541\Debug\Design01.a(D_C.o)
                                0x208 (size before relaxing)
 .debug_str     0x00001653       0x4f .\CortexM3\ARM_GCC_541\Debug\Design01.a(Reset.o)
                                0x212 (size before relaxing)
 .debug_str     0x000016a2      0x13e .\CortexM3\ARM_GCC_541\Debug\Design01.a(Clock.o)
                                0x306 (size before relaxing)
 .debug_str     0x000017e0      0x1f8 .\CortexM3\ARM_GCC_541\Debug\Design01.a(SPIM.o)
                                0x406 (size before relaxing)
 .debug_str     0x000019d8       0xa0 .\CortexM3\ARM_GCC_541\Debug\Design01.a(VDAC8_DS.o)
                                0x26d (size before relaxing)
 .debug_str     0x00001a78       0x94 .\CortexM3\ARM_GCC_541\Debug\Design01.a(VDAC8_GS.o)
                                0x26d (size before relaxing)
 .debug_str     0x00001b0c      0x1ea .\CortexM3\ARM_GCC_541\Debug\Design01.a(ADC_SAR_1.o)
                                0x4ed (size before relaxing)
 .debug_str     0x00001cf6       0x35 .\CortexM3\ARM_GCC_541\Debug\Design01.a(ADC_SAR_1_INT.o)
                                0x1cb (size before relaxing)
 .debug_str     0x00001d2b       0x73 .\CortexM3\ARM_GCC_541\Debug\Design01.a(ADC_SAR_1_PM.o)
                                0x26c (size before relaxing)
 .debug_str     0x00001d9e      0x1bc .\CortexM3\ARM_GCC_541\Debug\Design01.a(ADC_SAR_1_theACLK.o)
                                0x3e5 (size before relaxing)
 .debug_str     0x00001f5a      0x1b4 .\CortexM3\ARM_GCC_541\Debug\Design01.a(CyFlash.o)
                                0x3f0 (size before relaxing)
 .debug_str     0x0000210e       0xac .\CortexM3\ARM_GCC_541\Debug\Design01.a(CySpc.o)
                                0x368 (size before relaxing)

.debug_loc      0x00000000     0x697b
 *(.debug_loc)
 .debug_loc     0x00000000      0x465 .\CortexM3\ARM_GCC_541\Debug\main.o
 .debug_loc     0x00000465      0xc0e .\CortexM3\ARM_GCC_541\Debug\screen.o
 .debug_loc     0x00001073     0x2717 .\CortexM3\ARM_GCC_541\Debug\font.o
 .debug_loc     0x0000378a      0x382 .\CortexM3\ARM_GCC_541\Debug\cyfitter_cfg.o
 .debug_loc     0x00003b0c      0x19b .\CortexM3\ARM_GCC_541\Debug\Cm3Start.o
 .debug_loc     0x00003ca7      0xf17 .\CortexM3\ARM_GCC_541\Debug\Design01.a(CyLib.o)
 .debug_loc     0x00004bbe      0x1a3 .\CortexM3\ARM_GCC_541\Debug\Design01.a(cyPm.o)
 .debug_loc     0x00004d61       0x5a .\CortexM3\ARM_GCC_541\Debug\Design01.a(SS.o)
 .debug_loc     0x00004dbb       0x5a .\CortexM3\ARM_GCC_541\Debug\Design01.a(D_C.o)
 .debug_loc     0x00004e15       0x5a .\CortexM3\ARM_GCC_541\Debug\Design01.a(Reset.o)
 .debug_loc     0x00004e6f       0xfb .\CortexM3\ARM_GCC_541\Debug\Design01.a(Clock.o)
 .debug_loc     0x00004f6a      0x142 .\CortexM3\ARM_GCC_541\Debug\Design01.a(SPIM.o)
 .debug_loc     0x000050ac      0x113 .\CortexM3\ARM_GCC_541\Debug\Design01.a(VDAC8_DS.o)
 .debug_loc     0x000051bf      0x113 .\CortexM3\ARM_GCC_541\Debug\Design01.a(VDAC8_GS.o)
 .debug_loc     0x000052d2      0x441 .\CortexM3\ARM_GCC_541\Debug\Design01.a(ADC_SAR_1.o)
 .debug_loc     0x00005713      0x11c .\CortexM3\ARM_GCC_541\Debug\Design01.a(ADC_SAR_1_theACLK.o)
 .debug_loc     0x0000582f      0x851 .\CortexM3\ARM_GCC_541\Debug\Design01.a(CyFlash.o)
 .debug_loc     0x00006080      0x8fb .\CortexM3\ARM_GCC_541\Debug\Design01.a(CySpc.o)

.debug_macinfo
 *(.debug_macinfo)

.debug_ranges   0x00000000     0x1660
 *(.debug_ranges)
 .debug_ranges  0x00000000       0x78 .\CortexM3\ARM_GCC_541\Debug\main.o
 .debug_ranges  0x00000078      0x230 .\CortexM3\ARM_GCC_541\Debug\screen.o
 .debug_ranges  0x000002a8      0x168 .\CortexM3\ARM_GCC_541\Debug\font.o
 .debug_ranges  0x00000410      0x180 .\CortexM3\ARM_GCC_541\Debug\cyfitter_cfg.o
 .debug_ranges  0x00000590       0x38 .\CortexM3\ARM_GCC_541\Debug\Cm3Start.o
 .debug_ranges  0x000005c8      0x620 .\CortexM3\ARM_GCC_541\Debug\Design01.a(CyLib.o)
 .debug_ranges  0x00000be8      0x130 .\CortexM3\ARM_GCC_541\Debug\Design01.a(cyPm.o)
 .debug_ranges  0x00000d18       0x28 .\CortexM3\ARM_GCC_541\Debug\Design01.a(SS.o)
 .debug_ranges  0x00000d40       0x28 .\CortexM3\ARM_GCC_541\Debug\Design01.a(D_C.o)
 .debug_ranges  0x00000d68       0x28 .\CortexM3\ARM_GCC_541\Debug\Design01.a(Reset.o)
 .debug_ranges  0x00000d90       0xe0 .\CortexM3\ARM_GCC_541\Debug\Design01.a(Clock.o)
 .debug_ranges  0x00000e70      0x198 .\CortexM3\ARM_GCC_541\Debug\Design01.a(SPIM.o)
 .debug_ranges  0x00001008      0x108 .\CortexM3\ARM_GCC_541\Debug\Design01.a(VDAC8_DS.o)
 .debug_ranges  0x00001110      0x108 .\CortexM3\ARM_GCC_541\Debug\Design01.a(VDAC8_GS.o)
 .debug_ranges  0x00001218      0x1b0 .\CortexM3\ARM_GCC_541\Debug\Design01.a(ADC_SAR_1.o)
 .debug_ranges  0x000013c8       0x10 .\CortexM3\ARM_GCC_541\Debug\Design01.a(ADC_SAR_1_INT.o)
 .debug_ranges  0x000013d8       0x20 .\CortexM3\ARM_GCC_541\Debug\Design01.a(ADC_SAR_1_PM.o)
 .debug_ranges  0x000013f8       0xf0 .\CortexM3\ARM_GCC_541\Debug\Design01.a(ADC_SAR_1_theACLK.o)
 .debug_ranges  0x000014e8      0x108 .\CortexM3\ARM_GCC_541\Debug\Design01.a(CyFlash.o)
 .debug_ranges  0x000015f0       0x70 .\CortexM3\ARM_GCC_541\Debug\Design01.a(CySpc.o)

.comment        0x00000000       0x6e
 .comment       0x00000000       0x6e .\CortexM3\ARM_GCC_541\Debug\main.o
                                 0x6f (size before relaxing)
 .comment       0x0000006e       0x6f .\CortexM3\ARM_GCC_541\Debug\screen.o
 .comment       0x0000006e       0x6f .\CortexM3\ARM_GCC_541\Debug\font.o
 .comment       0x0000006e       0x6f .\CortexM3\ARM_GCC_541\Debug\cyfitter_cfg.o
 .comment       0x0000006e       0x6f .\CortexM3\ARM_GCC_541\Debug\cymetadata.o
 .comment       0x0000006e       0x6f .\CortexM3\ARM_GCC_541\Debug\Cm3Start.o
 .comment       0x0000006e       0x6f .\CortexM3\ARM_GCC_541\Debug\Design01.a(CyLib.o)
 .comment       0x0000006e       0x6f .\CortexM3\ARM_GCC_541\Debug\Design01.a(cyPm.o)
 .comment       0x0000006e       0x6f .\CortexM3\ARM_GCC_541\Debug\Design01.a(SS.o)
 .comment       0x0000006e       0x6f .\CortexM3\ARM_GCC_541\Debug\Design01.a(D_C.o)
 .comment       0x0000006e       0x6f .\CortexM3\ARM_GCC_541\Debug\Design01.a(Reset.o)
 .comment       0x0000006e       0x6f .\CortexM3\ARM_GCC_541\Debug\Design01.a(Clock.o)
 .comment       0x0000006e       0x6f .\CortexM3\ARM_GCC_541\Debug\Design01.a(SPIM.o)
 .comment       0x0000006e       0x6f .\CortexM3\ARM_GCC_541\Debug\Design01.a(VDAC8_DS.o)
 .comment       0x0000006e       0x6f .\CortexM3\ARM_GCC_541\Debug\Design01.a(VDAC8_GS.o)
 .comment       0x0000006e       0x6f .\CortexM3\ARM_GCC_541\Debug\Design01.a(ADC_SAR_1.o)
 .comment       0x0000006e       0x6f .\CortexM3\ARM_GCC_541\Debug\Design01.a(ADC_SAR_1_INT.o)
 .comment       0x0000006e       0x6f .\CortexM3\ARM_GCC_541\Debug\Design01.a(ADC_SAR_1_PM.o)
 .comment       0x0000006e       0x6f .\CortexM3\ARM_GCC_541\Debug\Design01.a(ADC_SAR_1_theACLK.o)
 .comment       0x0000006e       0x6f .\CortexM3\ARM_GCC_541\Debug\Design01.a(CyFlash.o)
 .comment       0x0000006e       0x6f .\CortexM3\ARM_GCC_541\Debug\Design01.a(CySpc.o)

.debug_weaknames
 *(.debug_weaknames)

.debug_funcnames
 *(.debug_funcnames)

.debug_typenames
 *(.debug_typenames)

.debug_varnames
 *(.debug_varnames)

.note.gnu.arm.ident
 *(.note.gnu.arm.ident)

.ARM.attributes
                0x00000000       0x29
 *(.ARM.attributes)
 .ARM.attributes
                0x00000000       0x1d c:/program files (x86)/cypress/psoc creator/4.2/psoc creator/import/gnu/arm/5.4.1/bin/../lib/gcc/arm-none-eabi/5.4.1/armv7-m/crti.o
 .ARM.attributes
                0x0000001d       0x2d c:/program files (x86)/cypress/psoc creator/4.2/psoc creator/import/gnu/arm/5.4.1/bin/../lib/gcc/arm-none-eabi/5.4.1/armv7-m/crtbegin.o
 .ARM.attributes
                0x0000004a       0x1b c:/program files (x86)/cypress/psoc creator/4.2/psoc creator/import/gnu/arm/5.4.1/bin/../lib/gcc/arm-none-eabi/5.4.1/../../../../arm-none-eabi/lib/armv7-m/crt0.o
 .ARM.attributes
                0x00000065       0x33 .\CortexM3\ARM_GCC_541\Debug\main.o
 .ARM.attributes
                0x00000098       0x33 .\CortexM3\ARM_GCC_541\Debug\screen.o
 .ARM.attributes
                0x000000cb       0x33 .\CortexM3\ARM_GCC_541\Debug\font.o
 .ARM.attributes
                0x000000fe       0x33 .\CortexM3\ARM_GCC_541\Debug\cyfitter_cfg.o
 .ARM.attributes
                0x00000131       0x33 .\CortexM3\ARM_GCC_541\Debug\cymetadata.o
 .ARM.attributes
                0x00000164       0x33 .\CortexM3\ARM_GCC_541\Debug\Cm3Start.o
 .ARM.attributes
                0x00000197       0x33 .\CortexM3\ARM_GCC_541\Debug\Design01.a(CyLib.o)
 .ARM.attributes
                0x000001ca       0x33 .\CortexM3\ARM_GCC_541\Debug\Design01.a(cyPm.o)
 .ARM.attributes
                0x000001fd       0x33 .\CortexM3\ARM_GCC_541\Debug\Design01.a(SS.o)
 .ARM.attributes
                0x00000230       0x33 .\CortexM3\ARM_GCC_541\Debug\Design01.a(D_C.o)
 .ARM.attributes
                0x00000263       0x33 .\CortexM3\ARM_GCC_541\Debug\Design01.a(Reset.o)
 .ARM.attributes
                0x00000296       0x33 .\CortexM3\ARM_GCC_541\Debug\Design01.a(Clock.o)
 .ARM.attributes
                0x000002c9       0x33 .\CortexM3\ARM_GCC_541\Debug\Design01.a(SPIM.o)
 .ARM.attributes
                0x000002fc       0x33 .\CortexM3\ARM_GCC_541\Debug\Design01.a(VDAC8_DS.o)
 .ARM.attributes
                0x0000032f       0x33 .\CortexM3\ARM_GCC_541\Debug\Design01.a(VDAC8_GS.o)
 .ARM.attributes
                0x00000362       0x33 .\CortexM3\ARM_GCC_541\Debug\Design01.a(ADC_SAR_1.o)
 .ARM.attributes
                0x00000395       0x33 .\CortexM3\ARM_GCC_541\Debug\Design01.a(ADC_SAR_1_INT.o)
 .ARM.attributes
                0x000003c8       0x33 .\CortexM3\ARM_GCC_541\Debug\Design01.a(ADC_SAR_1_PM.o)
 .ARM.attributes
                0x000003fb       0x33 .\CortexM3\ARM_GCC_541\Debug\Design01.a(ADC_SAR_1_theACLK.o)
 .ARM.attributes
                0x0000042e       0x21 .\CortexM3\ARM_GCC_541\Debug\Design01.a(CyBootAsmGnu.o)
 .ARM.attributes
                0x0000044f       0x33 .\CortexM3\ARM_GCC_541\Debug\Design01.a(CyFlash.o)
 .ARM.attributes
                0x00000482       0x33 .\CortexM3\ARM_GCC_541\Debug\Design01.a(CySpc.o)
 .ARM.attributes
                0x000004b5       0x1d c:/program files (x86)/cypress/psoc creator/4.2/psoc creator/import/gnu/arm/5.4.1/bin/../lib/gcc/arm-none-eabi/5.4.1/armv7-m\libgcc.a(_arm_addsubdf3.o)
 .ARM.attributes
                0x000004d2       0x1d c:/program files (x86)/cypress/psoc creator/4.2/psoc creator/import/gnu/arm/5.4.1/bin/../lib/gcc/arm-none-eabi/5.4.1/armv7-m\libgcc.a(_arm_muldivdf3.o)
 .ARM.attributes
                0x000004ef       0x1d c:/program files (x86)/cypress/psoc creator/4.2/psoc creator/import/gnu/arm/5.4.1/bin/../lib/gcc/arm-none-eabi/5.4.1/armv7-m\libgcc.a(_arm_cmpdf2.o)
 .ARM.attributes
                0x0000050c       0x1d c:/program files (x86)/cypress/psoc creator/4.2/psoc creator/import/gnu/arm/5.4.1/bin/../lib/gcc/arm-none-eabi/5.4.1/armv7-m\libgcc.a(_arm_fixdfsi.o)
 .ARM.attributes
                0x00000529       0x1d c:/program files (x86)/cypress/psoc creator/4.2/psoc creator/import/gnu/arm/5.4.1/bin/../lib/gcc/arm-none-eabi/5.4.1/armv7-m\libgcc.a(_arm_addsubsf3.o)
 .ARM.attributes
                0x00000546       0x1d c:/program files (x86)/cypress/psoc creator/4.2/psoc creator/import/gnu/arm/5.4.1/bin/../lib/gcc/arm-none-eabi/5.4.1/armv7-m\libgcc.a(_arm_muldivsf3.o)
 .ARM.attributes
                0x00000563       0x1d c:/program files (x86)/cypress/psoc creator/4.2/psoc creator/import/gnu/arm/5.4.1/bin/../lib/gcc/arm-none-eabi/5.4.1/armv7-m\libgcc.a(_aeabi_ldivmod.o)
 .ARM.attributes
                0x00000580       0x2d c:/program files (x86)/cypress/psoc creator/4.2/psoc creator/import/gnu/arm/5.4.1/bin/../lib/gcc/arm-none-eabi/5.4.1/armv7-m\libgcc.a(_udivmoddi4.o)
 .ARM.attributes
                0x000005ad       0x1d c:/program files (x86)/cypress/psoc creator/4.2/psoc creator/import/gnu/arm/5.4.1/bin/../lib/gcc/arm-none-eabi/5.4.1/armv7-m\libgcc.a(_dvmd_tls.o)
 .ARM.attributes
                0x000005ca       0x2d c:/program files (x86)/cypress/psoc creator/4.2/psoc creator/import/gnu/arm/5.4.1/bin/../lib/gcc/arm-none-eabi/5.4.1/../../../../arm-none-eabi/lib/armv7-m\libg_nano.a(lib_a-errno.o)
 .ARM.attributes
                0x000005f7       0x2d c:/program files (x86)/cypress/psoc creator/4.2/psoc creator/import/gnu/arm/5.4.1/bin/../lib/gcc/arm-none-eabi/5.4.1/../../../../arm-none-eabi/lib/armv7-m\libg_nano.a(lib_a-exit.o)
 .ARM.attributes
                0x00000624       0x2d c:/program files (x86)/cypress/psoc creator/4.2/psoc creator/import/gnu/arm/5.4.1/bin/../lib/gcc/arm-none-eabi/5.4.1/../../../../arm-none-eabi/lib/armv7-m\libg_nano.a(lib_a-impure.o)
 .ARM.attributes
                0x00000651       0x2d c:/program files (x86)/cypress/psoc creator/4.2/psoc creator/import/gnu/arm/5.4.1/bin/../lib/gcc/arm-none-eabi/5.4.1/../../../../arm-none-eabi/lib/armv7-m\libg_nano.a(lib_a-init.o)
 .ARM.attributes
                0x0000067e       0x2d c:/program files (x86)/cypress/psoc creator/4.2/psoc creator/import/gnu/arm/5.4.1/bin/../lib/gcc/arm-none-eabi/5.4.1/../../../../arm-none-eabi/lib/armv7-m\libg_nano.a(lib_a-memcpy-stub.o)
 .ARM.attributes
                0x000006ab       0x2d c:/program files (x86)/cypress/psoc creator/4.2/psoc creator/import/gnu/arm/5.4.1/bin/../lib/gcc/arm-none-eabi/5.4.1/../../../../arm-none-eabi/lib/armv7-m\libg_nano.a(lib_a-memset.o)
 .ARM.attributes
                0x000006d8       0x2d c:/program files (x86)/cypress/psoc creator/4.2/psoc creator/import/gnu/arm/5.4.1/bin/../lib/gcc/arm-none-eabi/5.4.1/../../../../arm-none-eabi/lib/armv7-m\libg_nano.a(lib_a-nano-vfprintf_float.o)
 .ARM.attributes
                0x00000705       0x2d c:/program files (x86)/cypress/psoc creator/4.2/psoc creator/import/gnu/arm/5.4.1/bin/../lib/gcc/arm-none-eabi/5.4.1/../../../../arm-none-eabi/lib/armv7-m\libg_nano.a(lib_a-nano-vfprintf_i.o)
 .ARM.attributes
                0x00000732       0x2d c:/program files (x86)/cypress/psoc creator/4.2/psoc creator/import/gnu/arm/5.4.1/bin/../lib/gcc/arm-none-eabi/5.4.1/../../../../arm-none-eabi/lib/armv7-m\libg_nano.a(lib_a-sprintf.o)
 .ARM.attributes
                0x0000075f       0x17 c:/program files (x86)/cypress/psoc creator/4.2/psoc creator/import/gnu/arm/5.4.1/bin/../lib/gcc/arm-none-eabi/5.4.1/../../../../arm-none-eabi/lib/armv7-m\libg_nano.a(lib_a-strlen.o)
 .ARM.attributes
                0x00000776       0x2d c:/program files (x86)/cypress/psoc creator/4.2/psoc creator/import/gnu/arm/5.4.1/bin/../lib/gcc/arm-none-eabi/5.4.1/../../../../arm-none-eabi/lib/armv7-m\libg_nano.a(lib_a-dtoa.o)
 .ARM.attributes
                0x000007a3       0x2d c:/program files (x86)/cypress/psoc creator/4.2/psoc creator/import/gnu/arm/5.4.1/bin/../lib/gcc/arm-none-eabi/5.4.1/../../../../arm-none-eabi/lib/armv7-m\libg_nano.a(lib_a-locale.o)
 .ARM.attributes
                0x000007d0       0x2d c:/program files (x86)/cypress/psoc creator/4.2/psoc creator/import/gnu/arm/5.4.1/bin/../lib/gcc/arm-none-eabi/5.4.1/../../../../arm-none-eabi/lib/armv7-m\libg_nano.a(lib_a-malloc.o)
 .ARM.attributes
                0x000007fd       0x2d c:/program files (x86)/cypress/psoc creator/4.2/psoc creator/import/gnu/arm/5.4.1/bin/../lib/gcc/arm-none-eabi/5.4.1/../../../../arm-none-eabi/lib/armv7-m\libg_nano.a(lib_a-memchr-stub.o)
 .ARM.attributes
                0x0000082a       0x2d c:/program files (x86)/cypress/psoc creator/4.2/psoc creator/import/gnu/arm/5.4.1/bin/../lib/gcc/arm-none-eabi/5.4.1/../../../../arm-none-eabi/lib/armv7-m\libg_nano.a(lib_a-mprec.o)
 .ARM.attributes
                0x00000857       0x2d c:/program files (x86)/cypress/psoc creator/4.2/psoc creator/import/gnu/arm/5.4.1/bin/../lib/gcc/arm-none-eabi/5.4.1/../../../../arm-none-eabi/lib/armv7-m\libg_nano.a(lib_a-nano-callocr.o)
 .ARM.attributes
                0x00000884       0x2d c:/program files (x86)/cypress/psoc creator/4.2/psoc creator/import/gnu/arm/5.4.1/bin/../lib/gcc/arm-none-eabi/5.4.1/../../../../arm-none-eabi/lib/armv7-m\libg_nano.a(lib_a-nano-freer.o)
 .ARM.attributes
                0x000008b1       0x2d c:/program files (x86)/cypress/psoc creator/4.2/psoc creator/import/gnu/arm/5.4.1/bin/../lib/gcc/arm-none-eabi/5.4.1/../../../../arm-none-eabi/lib/armv7-m\libg_nano.a(lib_a-nano-mallocr.o)
 .ARM.attributes
                0x000008de       0x2d c:/program files (x86)/cypress/psoc creator/4.2/psoc creator/import/gnu/arm/5.4.1/bin/../lib/gcc/arm-none-eabi/5.4.1/../../../../arm-none-eabi/lib/armv7-m\libg_nano.a(lib_a-nano-svfprintf.o)
 .ARM.attributes
                0x0000090b       0x2d c:/program files (x86)/cypress/psoc creator/4.2/psoc creator/import/gnu/arm/5.4.1/bin/../lib/gcc/arm-none-eabi/5.4.1/../../../../arm-none-eabi/lib/armv7-m\libg_nano.a(lib_a-sbrkr.o)
 .ARM.attributes
                0x00000938       0x1b c:/program files (x86)/cypress/psoc creator/4.2/psoc creator/import/gnu/arm/5.4.1/bin/../lib/gcc/arm-none-eabi/5.4.1/../../../../arm-none-eabi/lib/armv7-m\libg_nano.a(lib_a-strcmp.o)
 .ARM.attributes
                0x00000953       0x2d c:/program files (x86)/cypress/psoc creator/4.2/psoc creator/import/gnu/arm/5.4.1/bin/../lib/gcc/arm-none-eabi/5.4.1/../../../../arm-none-eabi/lib/armv7-m\libg_nano.a(lib_a-memmove.o)
 .ARM.attributes
                0x00000980       0x2d c:/program files (x86)/cypress/psoc creator/4.2/psoc creator/import/gnu/arm/5.4.1/bin/../lib/gcc/arm-none-eabi/5.4.1/../../../../arm-none-eabi/lib/armv7-m\libg_nano.a(lib_a-mlock.o)
 .ARM.attributes
                0x000009ad       0x2d c:/program files (x86)/cypress/psoc creator/4.2/psoc creator/import/gnu/arm/5.4.1/bin/../lib/gcc/arm-none-eabi/5.4.1/../../../../arm-none-eabi/lib/armv7-m\libg_nano.a(lib_a-nano-reallocr.o)
 .ARM.attributes
                0x000009da       0x2d c:/program files (x86)/cypress/psoc creator/4.2/psoc creator/import/gnu/arm/5.4.1/bin/../lib/gcc/arm-none-eabi/5.4.1/../../../../arm-none-eabi/lib/armv7-m\libg_nano.a(lib_a-reent.o)
 .ARM.attributes
                0x00000a07       0x2d c:/program files (x86)/cypress/psoc creator/4.2/psoc creator/import/gnu/arm/5.4.1/bin/../lib/gcc/arm-none-eabi/5.4.1/../../../../arm-none-eabi/lib/armv7-m\libg_nano.a(lib_a-nano-msizer.o)
 .ARM.attributes
                0x00000a34       0x1d c:/program files (x86)/cypress/psoc creator/4.2/psoc creator/import/gnu/arm/5.4.1/bin/../lib/gcc/arm-none-eabi/5.4.1/armv7-m\libgcc.a(_arm_unorddf2.o)
 .ARM.attributes
                0x00000a51       0x2d c:/program files (x86)/cypress/psoc creator/4.2/psoc creator/import/gnu/arm/5.4.1/bin/../lib/gcc/arm-none-eabi/5.4.1/armv7-m/crtend.o
 .ARM.attributes
                0x00000a7e       0x1d c:/program files (x86)/cypress/psoc creator/4.2/psoc creator/import/gnu/arm/5.4.1/bin/../lib/gcc/arm-none-eabi/5.4.1/armv7-m/crtn.o

/DISCARD/
 *(.note.GNU-stack)
OUTPUT(C:\Users\Jacob-Laptop\Documents\PSoC Creator\Senior Project Stuff Backup\Senior Project Integrated\Design01.cydsn\CortexM3\ARM_GCC_541\Debug\Design01.elf elf32-littlearm)
