Archive member included to satisfy reference by file (symbol)

.\CortexM3\ARM_GCC_541\Debug\Design01.a(CyLib.o)
                              .\CortexM3\ARM_GCC_541\Debug\Cm3Start.o (CyHalt)
.\CortexM3\ARM_GCC_541\Debug\Design01.a(cyPm.o)
                              .\CortexM3\ARM_GCC_541\Debug\Design01.a(CyLib.o) (CyPmReadStatus)
.\CortexM3\ARM_GCC_541\Debug\Design01.a(SS.o)
                              .\CortexM3\ARM_GCC_541\Debug\screen.o (SS_Write)
.\CortexM3\ARM_GCC_541\Debug\Design01.a(D_C.o)
                              .\CortexM3\ARM_GCC_541\Debug\screen.o (D_C_Write)
.\CortexM3\ARM_GCC_541\Debug\Design01.a(Reset.o)
                              .\CortexM3\ARM_GCC_541\Debug\main.o (Reset_Write)
.\CortexM3\ARM_GCC_541\Debug\Design01.a(Clock.o)
                              .\CortexM3\ARM_GCC_541\Debug\main.o (Clock_Start)
.\CortexM3\ARM_GCC_541\Debug\Design01.a(SPIM.o)
                              .\CortexM3\ARM_GCC_541\Debug\screen.o (SPIM_WriteTxData)
.\CortexM3\ARM_GCC_541\Debug\Design01.a(VDAC8_DS.o)
                              .\CortexM3\ARM_GCC_541\Debug\main.o (VDAC8_DS_SetValue)
.\CortexM3\ARM_GCC_541\Debug\Design01.a(VDAC8_GS.o)
                              .\CortexM3\ARM_GCC_541\Debug\main.o (VDAC8_GS_SetValue)
.\CortexM3\ARM_GCC_541\Debug\Design01.a(ADC_SAR_1.o)
                              .\CortexM3\ARM_GCC_541\Debug\main.o (ADC_SAR_1_Start)
.\CortexM3\ARM_GCC_541\Debug\Design01.a(ADC_SAR_1_INT.o)
                              .\CortexM3\ARM_GCC_541\Debug\Design01.a(ADC_SAR_1.o) (ADC_SAR_1_ISR)
.\CortexM3\ARM_GCC_541\Debug\Design01.a(ADC_SAR_1_PM.o)
                              .\CortexM3\ARM_GCC_541\Debug\main.o (ADC_SAR_1_Sleep)
.\CortexM3\ARM_GCC_541\Debug\Design01.a(ADC_SAR_1_theACLK.o)
                              .\CortexM3\ARM_GCC_541\Debug\Design01.a(ADC_SAR_1.o) (ADC_SAR_1_theACLK_SetModeRegister)
.\CortexM3\ARM_GCC_541\Debug\Design01.a(CyBootAsmGnu.o)
                              .\CortexM3\ARM_GCC_541\Debug\cyfitter_cfg.o (CyDelayCycles)
.\CortexM3\ARM_GCC_541\Debug\Design01.a(CyFlash.o)
                              .\CortexM3\ARM_GCC_541\Debug\Design01.a(cyPm.o) (CyFlash_SetWaitCycles)
.\CortexM3\ARM_GCC_541\Debug\Design01.a(CySpc.o)
                              .\CortexM3\ARM_GCC_541\Debug\Design01.a(CyFlash.o) (CySpcStart)
d:/psoc/psoc creator/4.2/psoc creator/import/gnu/arm/5.4.1/bin/../lib/gcc/arm-none-eabi/5.4.1/armv7-m\libgcc.a(_arm_addsubdf3.o)
                              .\CortexM3\ARM_GCC_541\Debug\font.o (__aeabi_dsub)
d:/psoc/psoc creator/4.2/psoc creator/import/gnu/arm/5.4.1/bin/../lib/gcc/arm-none-eabi/5.4.1/armv7-m\libgcc.a(_arm_muldivdf3.o)
                              .\CortexM3\ARM_GCC_541\Debug\main.o (__aeabi_dmul)
d:/psoc/psoc creator/4.2/psoc creator/import/gnu/arm/5.4.1/bin/../lib/gcc/arm-none-eabi/5.4.1/armv7-m\libgcc.a(_arm_cmpdf2.o)
                              .\CortexM3\ARM_GCC_541\Debug\main.o (__aeabi_dcmpge)
d:/psoc/psoc creator/4.2/psoc creator/import/gnu/arm/5.4.1/bin/../lib/gcc/arm-none-eabi/5.4.1/armv7-m\libgcc.a(_arm_fixdfsi.o)
                              .\CortexM3\ARM_GCC_541\Debug\main.o (__aeabi_d2iz)
d:/psoc/psoc creator/4.2/psoc creator/import/gnu/arm/5.4.1/bin/../lib/gcc/arm-none-eabi/5.4.1/armv7-m\libgcc.a(_arm_addsubsf3.o)
                              .\CortexM3\ARM_GCC_541\Debug\Design01.a(ADC_SAR_1.o) (__aeabi_i2f)
d:/psoc/psoc creator/4.2/psoc creator/import/gnu/arm/5.4.1/bin/../lib/gcc/arm-none-eabi/5.4.1/armv7-m\libgcc.a(_arm_muldivsf3.o)
                              .\CortexM3\ARM_GCC_541\Debug\Design01.a(ADC_SAR_1.o) (__aeabi_fmul)
d:/psoc/psoc creator/4.2/psoc creator/import/gnu/arm/5.4.1/bin/../lib/gcc/arm-none-eabi/5.4.1/armv7-m\libgcc.a(_aeabi_ldivmod.o)
                              .\CortexM3\ARM_GCC_541\Debug\Design01.a(ADC_SAR_1.o) (__aeabi_ldivmod)
d:/psoc/psoc creator/4.2/psoc creator/import/gnu/arm/5.4.1/bin/../lib/gcc/arm-none-eabi/5.4.1/armv7-m\libgcc.a(_udivmoddi4.o)
                              d:/psoc/psoc creator/4.2/psoc creator/import/gnu/arm/5.4.1/bin/../lib/gcc/arm-none-eabi/5.4.1/armv7-m\libgcc.a(_aeabi_ldivmod.o) (__udivmoddi4)
d:/psoc/psoc creator/4.2/psoc creator/import/gnu/arm/5.4.1/bin/../lib/gcc/arm-none-eabi/5.4.1/armv7-m\libgcc.a(_dvmd_tls.o)
                              d:/psoc/psoc creator/4.2/psoc creator/import/gnu/arm/5.4.1/bin/../lib/gcc/arm-none-eabi/5.4.1/armv7-m\libgcc.a(_aeabi_ldivmod.o) (__aeabi_ldiv0)
d:/psoc/psoc creator/4.2/psoc creator/import/gnu/arm/5.4.1/bin/../lib/gcc/arm-none-eabi/5.4.1/../../../../arm-none-eabi/lib/armv7-m\libg_nano.a(lib_a-errno.o)
                              .\CortexM3\ARM_GCC_541\Debug\Cm3Start.o (__errno)
d:/psoc/psoc creator/4.2/psoc creator/import/gnu/arm/5.4.1/bin/../lib/gcc/arm-none-eabi/5.4.1/../../../../arm-none-eabi/lib/armv7-m\libg_nano.a(lib_a-exit.o)
[...]
Memory Configuration

Name             Origin             Length             Attributes
rom              0x00000000         0x00040000         xr
ram              0x1fff8000         0x00010000         xrw
*default*        0x00000000         0xffffffff

Linker script and memory map

LOAD d:/psoc/psoc creator/4.2/psoc creator/import/gnu/arm/5.4.1/bin/../lib/gcc/arm-none-eabi/5.4.1/armv7-m/crti.o
LOAD d:/psoc/psoc creator/4.2/psoc creator/import/gnu/arm/5.4.1/bin/../lib/gcc/arm-none-eabi/5.4.1/armv7-m/crtbegin.o
LOAD d:/psoc/psoc creator/4.2/psoc creator/import/gnu/arm/5.4.1/bin/../lib/gcc/arm-none-eabi/5.4.1/../../../../arm-none-eabi/lib/armv7-m/crt0.o
START GROUP
LOAD .\CortexM3\ARM_GCC_541\Debug\main.o
LOAD .\CortexM3\ARM_GCC_541\Debug\screen.o
LOAD .\CortexM3\ARM_GCC_541\Debug\font.o
LOAD .\CortexM3\ARM_GCC_541\Debug\cyfitter_cfg.o
LOAD .\CortexM3\ARM_GCC_541\Debug\cymetadata.o
LOAD .\CortexM3\ARM_GCC_541\Debug\Cm3Start.o
LOAD .\CortexM3\ARM_GCC_541\Debug\Design01.a
LOAD D:\PSoC\PSoC Creator\4.2\PSoC Creator\psoc\content\cycomponentlibrary\CyComponentLibrary.cylib\CortexM3\ARM_GCC_541\Debug\CyComponentLibrary.a
END GROUP
START GROUP
LOAD d:/psoc/psoc creator/4.2/psoc creator/import/gnu/arm/5.4.1/bin/../lib/gcc/arm-none-eabi/5.4.1/armv7-m\libgcc.a
LOAD d:/psoc/psoc creator/4.2/psoc creator/import/gnu/arm/5.4.1/bin/../lib/gcc/arm-none-eabi/5.4.1/../../../../arm-none-eabi/lib/armv7-m\libg_nano.a
LOAD d:/psoc/psoc creator/4.2/psoc creator/import/gnu/arm/5.4.1/bin/../lib/gcc/arm-none-eabi/5.4.1/../../../../arm-none-eabi/lib/armv7-m\libc_nano.a
END GROUP
START GROUP
LOAD d:/psoc/psoc creator/4.2/psoc creator/import/gnu/arm/5.4.1/bin/../lib/gcc/arm-none-eabi/5.4.1/armv7-m\libgcc.a
LOAD d:/psoc/psoc creator/4.2/psoc creator/import/gnu/arm/5.4.1/bin/../lib/gcc/arm-none-eabi/5.4.1/../../../../arm-none-eabi/lib/armv7-m\libc_nano.a
END GROUP
LOAD d:/psoc/psoc creator/4.2/psoc creator/import/gnu/arm/5.4.1/bin/../lib/gcc/arm-none-eabi/5.4.1/armv7-m/crtend.o
LOAD d:/psoc/psoc creator/4.2/psoc creator/import/gnu/arm/5.4.1/bin/../lib/gcc/arm-none-eabi/5.4.1/armv7-m/crtn.o
START GROUP
LOAD d:/psoc/psoc creator/4.2/psoc creator/import/gnu/arm/5.4.1/bin/../lib/gcc/arm-none-eabi/5.4.1/armv7-m\libgcc.a
LOAD d:/psoc/psoc creator/4.2/psoc creator/import/gnu/arm/5.4.1/bin/../lib/gcc/arm-none-eabi/5.4.1/../../../../arm-none-eabi/lib/armv7-m\libc.a
LOAD d:/psoc/psoc creator/4.2/psoc creator/import/gnu/arm/5.4.1/bin/../lib/gcc/arm-none-eabi/5.4.1/../../../../arm-none-eabi/lib/armv7-m\libnosys.a
END GROUP
                0x00000000                CY_APPL_ORIGIN = 0x0
                0x00000100                CY_FLASH_ROW_SIZE = 0x100
                0x00000020                CY_ECC_ROW_SIZE = 0x20
                0x00000000                CY_EE_IN_BTLDR = 0x0
                0x00000000                CY_APPL_LOADABLE = 0x0
                0x00000800                CY_EE_SIZE = 0x800
                0x00000001                CY_APPL_NUM = 0x1
                0x00000001                CY_APPL_MAX = 0x1
                0x00000040                CY_METADATA_SIZE = 0x40
                0x00000000                CY_APPL_LOADABLE = 0x0
                0x00000000                CY_CHECKSUM_EXCLUDE_SIZE = ALIGN (0x0, CY_FLASH_ROW_SIZE)
                [!provide]                PROVIDE (__cy_heap_start, _end)
                0x00000001                PROVIDE (__cy_region_num, ((__cy_regions_end - __cy_regions) / 0x10))
                0x20008000                PROVIDE (__cy_stack, (ORIGIN (ram) + LENGTH (ram)))
                [!provide]                PROVIDE (__cy_heap_end, (__cy_stack - 0x800))

.cybootloader   0x00000000        0x0
 *(.cybootloader)
                0x00000000                appl1_start = CY_APPL_ORIGIN?CY_APPL_ORIGIN:ALIGN (CY_FLASH_ROW_SIZE)
                0x0001ff00                appl2_start = (appl1_start + ALIGN ((((LENGTH (rom) - appl1_start) - (0x2 * CY_FLASH_ROW_SIZE)) / 0x2), CY_FLASH_ROW_SIZE))
                0x00000000                appl_start = (CY_APPL_NUM == 0x1)?appl1_start:appl2_start
                0x00000000                ecc_offset = ((appl_start / CY_FLASH_ROW_SIZE) * CY_ECC_ROW_SIZE)
                0x00000000                ee_offset = (CY_APPL_LOADABLE && ! (CY_EE_IN_BTLDR))?((CY_EE_SIZE / CY_APPL_MAX) * (CY_APPL_NUM - 0x1)):0x0
                0x00000800                ee_size = (CY_APPL_LOADABLE && ! (CY_EE_IN_BTLDR))?(CY_EE_SIZE / CY_APPL_MAX):CY_EE_SIZE
                [!provide]                PROVIDE (CY_ECC_OFFSET, ecc_offset)

.text           0x00000000     0x1fca
 CREATE_OBJECT_SYMBOLS
                0x00000000                PROVIDE (__cy_interrupt_vector, RomVectors)
 *(.romvectors)
 .romvectors    0x00000000       0x10 .\CortexM3\ARM_GCC_541\Debug\Cm3Start.o
                0x00000000                RomVectors
                0x00000001                ASSERT ((. != __cy_interrupt_vector), No interrupt vector)
                0x00000001                ASSERT (CY_APPL_ORIGIN?(SIZEOF (.cybootloader) <= CY_APPL_ORIGIN):0x1, Wrong image location)
                0x00000010                PROVIDE (__cy_reset, Reset)
 *(.text.Reset)
 .text.Reset    0x00000010       0x18 .\CortexM3\ARM_GCC_541\Debug\Cm3Start.o
                0x00000010                Reset
                0x00000001                ASSERT ((. != __cy_reset), No reset code)
 *(.dma_init)
                0x00000001                ASSERT ((((appl_start + .) <= 0x10000) || 0x1), DMA Init must be within the first 64k of flash)
 *(.text .text.* .gnu.linkonce.t.*)
 .text          0x00000028       0x5c d:/psoc/psoc creator/4.2/psoc creator/import/gnu/arm/5.4.1/bin/../lib/gcc/arm-none-eabi/5.4.1/armv7-m/crtbegin.o
 *fill*         0x00000084        0x4 
 .text.single_test
                0x00000088       0x48 .\CortexM3\ARM_GCC_541\Debug\main.o
                0x00000088                single_test
 .text.single_test_preset_vds
                0x000000d0       0x40 .\CortexM3\ARM_GCC_541\Debug\main.o
                0x000000d0                single_test_preset_vds
 .text.vgs_th_find
                0x00000110       0x38 .\CortexM3\ARM_GCC_541\Debug\main.o
                0x00000110                vgs_th_find
 .text.vgs_max_id_find
                0x00000148       0x34 .\CortexM3\ARM_GCC_541\Debug\main.o
                0x00000148                vgs_max_id_find
 .text.run_test
                0x0000017c       0xf4 .\CortexM3\ARM_GCC_541\Debug\main.o
                0x0000017c                run_test
 .text.main     0x00000270      0x158 .\CortexM3\ARM_GCC_541\Debug\main.o
                0x00000270                main
 .text.writecommand
                0x000003c8       0x24 .\CortexM3\ARM_GCC_541\Debug\screen.o
                0x000003c8                writecommand
 .text.writedata
                0x000003ec       0x24 .\CortexM3\ARM_GCC_541\Debug\screen.o
                0x000003ec                writedata
 .text.setAddrWindow
                0x00000410       0xc0 .\CortexM3\ARM_GCC_541\Debug\screen.o
                0x00000410                setAddrWindow
 .text.fillRect
                0x000004d0       0x90 .\CortexM3\ARM_GCC_541\Debug\screen.o
                0x000004d0                fillRect
 .text.fillScreen
                0x00000560       0x1c .\CortexM3\ARM_GCC_541\Debug\screen.o
                0x00000560                fillScreen
 .text.StartScreen
                0x0000057c       0x40 .\CortexM3\ARM_GCC_541\Debug\screen.o
                0x0000057c                StartScreen
 .text.change_pixel
                0x000005bc       0x50 .\CortexM3\ARM_GCC_541\Debug\screen.o
                0x000005bc                change_pixel
 .text.draw_pixel
                0x0000060c       0x18 .\CortexM3\ARM_GCC_541\Debug\screen.o
                0x0000060c                draw_pixel
 .text.write_line
                0x00000624       0xc0 .\CortexM3\ARM_GCC_541\Debug\screen.o
                0x00000624                write_line
 .text.drawFastHLine
                0x000006e4       0x18 .\CortexM3\ARM_GCC_541\Debug\screen.o
                0x000006e4                drawFastHLine
 .text.drawFastVLine
                0x000006fc       0x18 .\CortexM3\ARM_GCC_541\Debug\screen.o
                0x000006fc                drawFastVLine
 .text.draw_line
                0x00000714       0x4c .\CortexM3\ARM_GCC_541\Debug\screen.o
                0x00000714                draw_line
 .text.draw_character
                0x00000760       0x70 .\CortexM3\ARM_GCC_541\Debug\font.o
                0x00000760                draw_character
 .text.draw_string
                0x000007d0      0x2c8 .\CortexM3\ARM_GCC_541\Debug\font.o
                0x000007d0                draw_string
 .text.draw_number
                0x00000a98      0x17c .\CortexM3\ARM_GCC_541\Debug\font.o
                0x00000a98                draw_number
 .text.CyClockStartupError
                0x00000c14        0x4 .\CortexM3\ARM_GCC_541\Debug\cyfitter_cfg.o
 .text.cfg_write_bytes32
                0x00000c18       0x34 .\CortexM3\ARM_GCC_541\Debug\cyfitter_cfg.o
 .text.CYMEMZERO
                0x00000c4c        0xc .\CortexM3\ARM_GCC_541\Debug\cyfitter_cfg.o
 .text.AnalogSetDefault
                0x00000c58       0x90 .\CortexM3\ARM_GCC_541\Debug\cyfitter_cfg.o
 .text.CYCONFIGCPY
                0x00000ce8        0x8 .\CortexM3\ARM_GCC_541\Debug\cyfitter_cfg.o
 .text.ClockSetup
                0x00000cf0       0xe4 .\CortexM3\ARM_GCC_541\Debug\cyfitter_cfg.o
 .text.cyfitter_cfg
                0x00000dd4      0x120 .\CortexM3\ARM_GCC_541\Debug\cyfitter_cfg.o
                0x00000dd4                cyfitter_cfg
 .text.IntDefaultHandler
                0x00000ef4       0x10 .\CortexM3\ARM_GCC_541\Debug\Cm3Start.o
                0x00000ef4                IntDefaultHandler
 .text.Start_c  0x00000f04       0x4c .\CortexM3\ARM_GCC_541\Debug\Cm3Start.o
                0x00000f04                Start_c
 .text.initialize_psoc
                0x00000f50       0x68 .\CortexM3\ARM_GCC_541\Debug\Cm3Start.o
                0x00000f50                initialize_psoc
 .text.CyHalt   0x00000fb8        0x4 .\CortexM3\ARM_GCC_541\Debug\Design01.a(CyLib.o)
                0x00000fb8                CyHalt
 .text.CyDelay  0x00000fbc       0x2c .\CortexM3\ARM_GCC_541\Debug\Design01.a(CyLib.o)
                0x00000fbc                CyDelay
 .text.CyDelayUs
                0x00000fe8       0x14 .\CortexM3\ARM_GCC_541\Debug\Design01.a(CyLib.o)
                0x00000fe8                CyDelayUs
 .text.CyIntSetVector
                0x00000ffc       0x28 .\CortexM3\ARM_GCC_541\Debug\Design01.a(CyLib.o)
                0x00000ffc                CyIntSetVector
 .text.CyIntSetPriority
                0x00001024       0x30 .\CortexM3\ARM_GCC_541\Debug\Design01.a(CyLib.o)
                0x00001024                CyIntSetPriority
 .text.SS_Write
                0x00001054       0x18 .\CortexM3\ARM_GCC_541\Debug\Design01.a(SS.o)
                0x00001054                SS_Write
 .text.SS_Read  0x0000106c       0x10 .\CortexM3\ARM_GCC_541\Debug\Design01.a(SS.o)
                0x0000106c                SS_Read
 .text.D_C_Write
                0x0000107c       0x18 .\CortexM3\ARM_GCC_541\Debug\Design01.a(D_C.o)
                0x0000107c                D_C_Write
 .text.Reset_Write
                0x00001094       0x18 .\CortexM3\ARM_GCC_541\Debug\Design01.a(Reset.o)
                0x00001094                Reset_Write
 .text.Clock_Start
                0x000010ac       0x1c .\CortexM3\ARM_GCC_541\Debug\Design01.a(Clock.o)
                0x000010ac                Clock_Start
 .text.SPIM_Enable
                0x000010c8       0x30 .\CortexM3\ARM_GCC_541\Debug\Design01.a(SPIM.o)
                0x000010c8                SPIM_Enable
 .text.SPIM_ReadTxStatus
                0x000010f8        0xc .\CortexM3\ARM_GCC_541\Debug\Design01.a(SPIM.o)
                0x000010f8                SPIM_ReadTxStatus
 .text.SPIM_ReadRxStatus
                0x00001104        0xc .\CortexM3\ARM_GCC_541\Debug\Design01.a(SPIM.o)
                0x00001104                SPIM_ReadRxStatus
 .text.SPIM_WriteTxData
                0x00001110       0x18 .\CortexM3\ARM_GCC_541\Debug\Design01.a(SPIM.o)
                0x00001110                SPIM_WriteTxData
 .text.SPIM_ClearFIFO
                0x00001128       0x3c .\CortexM3\ARM_GCC_541\Debug\Design01.a(SPIM.o)
                0x00001128                SPIM_ClearFIFO
 .text.SPIM_Init
                0x00001164       0x28 .\CortexM3\ARM_GCC_541\Debug\Design01.a(SPIM.o)
                0x00001164                SPIM_Init
 .text.SPIM_Start
                0x0000118c       0x1c .\CortexM3\ARM_GCC_541\Debug\Design01.a(SPIM.o)
                0x0000118c                SPIM_Start
 .text.VDAC8_DS_Enable
                0x000011a8       0x1c .\CortexM3\ARM_GCC_541\Debug\Design01.a(VDAC8_DS.o)
                0x000011a8                VDAC8_DS_Enable
 .text.VDAC8_DS_SetSpeed
                0x000011c4       0x1c .\CortexM3\ARM_GCC_541\Debug\Design01.a(VDAC8_DS.o)
                0x000011c4                VDAC8_DS_SetSpeed
 .text.VDAC8_DS_SetValue
                0x000011e0        0xc .\CortexM3\ARM_GCC_541\Debug\Design01.a(VDAC8_DS.o)
                0x000011e0                VDAC8_DS_SetValue
 .text.VDAC8_DS_DacTrim
                0x000011ec       0x24 .\CortexM3\ARM_GCC_541\Debug\Design01.a(VDAC8_DS.o)
                0x000011ec                VDAC8_DS_DacTrim
 .text.VDAC8_DS_SetRange
                0x00001210       0x20 .\CortexM3\ARM_GCC_541\Debug\Design01.a(VDAC8_DS.o)
                0x00001210                VDAC8_DS_SetRange
 .text.VDAC8_DS_Init
                0x00001230       0x20 .\CortexM3\ARM_GCC_541\Debug\Design01.a(VDAC8_DS.o)
                0x00001230                VDAC8_DS_Init
 .text.VDAC8_DS_Start
                0x00001250       0x24 .\CortexM3\ARM_GCC_541\Debug\Design01.a(VDAC8_DS.o)
                0x00001250                VDAC8_DS_Start
 .text.VDAC8_GS_Enable
                0x00001274       0x1c .\CortexM3\ARM_GCC_541\Debug\Design01.a(VDAC8_GS.o)
                0x00001274                VDAC8_GS_Enable
 .text.VDAC8_GS_SetSpeed
                0x00001290       0x1c .\CortexM3\ARM_GCC_541\Debug\Design01.a(VDAC8_GS.o)
                0x00001290                VDAC8_GS_SetSpeed
 .text.VDAC8_GS_SetValue
                0x000012ac        0xc .\CortexM3\ARM_GCC_541\Debug\Design01.a(VDAC8_GS.o)
                0x000012ac                VDAC8_GS_SetValue
 .text.VDAC8_GS_DacTrim
                0x000012b8       0x24 .\CortexM3\ARM_GCC_541\Debug\Design01.a(VDAC8_GS.o)
                0x000012b8                VDAC8_GS_DacTrim
 .text.VDAC8_GS_SetRange
                0x000012dc       0x20 .\CortexM3\ARM_GCC_541\Debug\Design01.a(VDAC8_GS.o)
                0x000012dc                VDAC8_GS_SetRange
 .text.VDAC8_GS_Init
                0x000012fc       0x20 .\CortexM3\ARM_GCC_541\Debug\Design01.a(VDAC8_GS.o)
                0x000012fc                VDAC8_GS_Init
 .text.VDAC8_GS_Start
                0x0000131c       0x24 .\CortexM3\ARM_GCC_541\Debug\Design01.a(VDAC8_GS.o)
                0x0000131c                VDAC8_GS_Start
 .text.ADC_SAR_1_CalcGain
                0x00001340       0x5c .\CortexM3\ARM_GCC_541\Debug\Design01.a(ADC_SAR_1.o)
 .text.ADC_SAR_1_Enable
                0x0000139c       0x94 .\CortexM3\ARM_GCC_541\Debug\Design01.a(ADC_SAR_1.o)
                0x0000139c                ADC_SAR_1_Enable
 .text.ADC_SAR_1_Stop
                0x00001430       0x48 .\CortexM3\ARM_GCC_541\Debug\Design01.a(ADC_SAR_1.o)
                0x00001430                ADC_SAR_1_Stop
 .text.ADC_SAR_1_SetResolution
                0x00001478       0x38 .\CortexM3\ARM_GCC_541\Debug\Design01.a(ADC_SAR_1.o)
                0x00001478                ADC_SAR_1_SetResolution
 .text.ADC_SAR_1_Init
                0x000014b0       0x3c .\CortexM3\ARM_GCC_541\Debug\Design01.a(ADC_SAR_1.o)
                0x000014b0                ADC_SAR_1_Init
 .text.ADC_SAR_1_Start
                0x000014ec       0x1c .\CortexM3\ARM_GCC_541\Debug\Design01.a(ADC_SAR_1.o)
                0x000014ec                ADC_SAR_1_Start
 .text.ADC_SAR_1_StartConvert
                0x00001508       0x10 .\CortexM3\ARM_GCC_541\Debug\Design01.a(ADC_SAR_1.o)
                0x00001508                ADC_SAR_1_StartConvert
 .text.ADC_SAR_1_StopConvert
                0x00001518       0x10 .\CortexM3\ARM_GCC_541\Debug\Design01.a(ADC_SAR_1.o)
                0x00001518                ADC_SAR_1_StopConvert
 .text.ADC_SAR_1_IsEndConversion
                0x00001528       0x24 .\CortexM3\ARM_GCC_541\Debug\Design01.a(ADC_SAR_1.o)
                0x00001528                ADC_SAR_1_IsEndConversion
 .text.ADC_SAR_1_GetResult16
                0x0000154c       0x18 .\CortexM3\ARM_GCC_541\Debug\Design01.a(ADC_SAR_1.o)
                0x0000154c                ADC_SAR_1_GetResult16
 .text.ADC_SAR_1_CountsTo_mVolts
                0x00001564       0x58 .\CortexM3\ARM_GCC_541\Debug\Design01.a(ADC_SAR_1.o)
                0x00001564                ADC_SAR_1_CountsTo_mVolts
 .text.ADC_SAR_1_ISR
                0x000015bc        0x4 .\CortexM3\ARM_GCC_541\Debug\Design01.a(ADC_SAR_1_INT.o)
                0x000015bc                ADC_SAR_1_ISR
 .text.ADC_SAR_1_Sleep
                0x000015c0       0x40 .\CortexM3\ARM_GCC_541\Debug\Design01.a(ADC_SAR_1_PM.o)
                0x000015c0                ADC_SAR_1_Sleep
 .text.ADC_SAR_1_Wakeup
                0x00001600       0x20 .\CortexM3\ARM_GCC_541\Debug\Design01.a(ADC_SAR_1_PM.o)
                0x00001600                ADC_SAR_1_Wakeup
 .text.ADC_SAR_1_theACLK_SetModeRegister
                0x00001620       0x14 .\CortexM3\ARM_GCC_541\Debug\Design01.a(ADC_SAR_1_theACLK.o)
                0x00001620                ADC_SAR_1_theACLK_SetModeRegister
 *fill*         0x00001634        0x4 
 .text          0x00001638       0x20 .\CortexM3\ARM_GCC_541\Debug\Design01.a(CyBootAsmGnu.o)
                0x00001638                CyDelayCycles
                0x00001648                CyEnterCriticalSection
                0x00001650                CyExitCriticalSection
 .text          0x00001658      0x370 d:/psoc/psoc creator/4.2/psoc creator/import/gnu/arm/5.4.1/bin/../lib/gcc/arm-none-eabi/5.4.1/armv7-m\libgcc.a(_arm_addsubdf3.o)
                0x00001658                __aeabi_drsub
                0x00001660                __aeabi_dsub
                0x00001660                __subdf3
                0x00001664                __aeabi_dadd
                0x00001664                __adddf3
                0x000018dc                __floatunsidf
                0x000018dc                __aeabi_ui2d
                0x000018fc                __floatsidf
                0x000018fc                __aeabi_i2d
                0x00001920                __aeabi_f2d
                0x00001920                __extendsfdf2
                0x0000195c                __floatundidf
                0x0000195c                __aeabi_ul2d
                0x0000196c                __floatdidf
                0x0000196c                __aeabi_l2d
 .text          0x000019c8      0x424 d:/psoc/psoc creator/4.2/psoc creator/import/gnu/arm/5.4.1/bin/../lib/gcc/arm-none-eabi/5.4.1/armv7-m\libgcc.a(_arm_muldivdf3.o)
                0x000019c8                __aeabi_dmul
                0x000019c8                __muldf3
                0x00001c1c                __divdf3
                0x00001c1c                __aeabi_ddiv
 .text          0x00001dec      0x110 d:/psoc/psoc creator/4.2/psoc creator/import/gnu/arm/5.4.1/bin/../lib/gcc/arm-none-eabi/5.4.1/armv7-m\libgcc.a(_arm_cmpdf2.o)
                0x00001dec                __gtdf2
                0x00001dec                __gedf2
                0x00001df4                __ltdf2
                0x00001df4                __ledf2
                0x00001dfc                __nedf2
                0x00001dfc                __eqdf2
                0x00001dfc                __cmpdf2
                0x00001e78                __aeabi_cdrcmple
                0x00001e88                __aeabi_cdcmpeq
                0x00001e88                __aeabi_cdcmple
                0x00001e98                __aeabi_dcmpeq
                0x00001eac                __aeabi_dcmplt
                0x00001ec0                __aeabi_dcmple
                0x00001ed4                __aeabi_dcmpge
                0x00001ee8                __aeabi_dcmpgt
 .text          0x00001efc       0x50 d:/psoc/psoc creator/4.2/psoc creator/import/gnu/arm/5.4.1/bin/../lib/gcc/arm-none-eabi/5.4.1/armv7-m\libgcc.a(_arm_fixdfsi.o)
                0x00001efc                __aeabi_d2iz
                0x00001efc                __fixdfsi
 .text.__errno  0x00001f4c        0xc d:/psoc/psoc creator/4.2/psoc creator/import/gnu/arm/5.4.1/bin/../lib/gcc/arm-none-eabi/5.4.1/../../../../arm-none-eabi/lib/armv7-m\libg_nano.a(lib_a-errno.o)
                0x00001f4c                __errno
 .text.__libc_init_array
                0x00001f58       0x4c d:/psoc/psoc creator/4.2/psoc creator/import/gnu/arm/5.4.1/bin/../lib/gcc/arm-none-eabi/5.4.1/../../../../arm-none-eabi/lib/armv7-m\libg_nano.a(lib_a-init.o)
                0x00001f58                __libc_init_array
 .text.memcpy   0x00001fa4       0x16 d:/psoc/psoc creator/4.2/psoc creator/import/gnu/arm/5.4.1/bin/../lib/gcc/arm-none-eabi/5.4.1/../../../../arm-none-eabi/lib/armv7-m\libg_nano.a(lib_a-memcpy-stub.o)
                0x00001fa4                memcpy
 .text.memset   0x00001fba       0x10 d:/psoc/psoc creator/4.2/psoc creator/import/gnu/arm/5.4.1/bin/../lib/gcc/arm-none-eabi/5.4.1/../../../../arm-none-eabi/lib/armv7-m\libg_nano.a(lib_a-memset.o)
                0x00001fba                memset
 *(.plt)
 *(.gnu.warning)
 *(.glue_7t)
 .glue_7t       0x00001fca        0x0 linker stubs
 *(.glue_7)
 .glue_7        0x00001fca        0x0 linker stubs
 *(.vfp11_veneer)
 .vfp11_veneer  0x00001fca        0x0 linker stubs
 *(.bootloader)
 *(.ARM.extab* .gnu.linkonce.armextab.*)
 *(.gcc_except_table)

.v4_bx          0x00001fcc        0x0
 .v4_bx         0x00001fcc        0x0 linker stubs

.iplt           0x00001fcc        0x0
 .iplt          0x00001fcc        0x0 d:/psoc/psoc creator/4.2/psoc creator/import/gnu/arm/5.4.1/bin/../lib/gcc/arm-none-eabi/5.4.1/armv7-m/crtbegin.o

.eh_frame_hdr
 *(.eh_frame_hdr)

.eh_frame       0x00001fcc        0x4
 *(.eh_frame)
 .eh_frame      0x00001fcc        0x0 d:/psoc/psoc creator/4.2/psoc creator/import/gnu/arm/5.4.1/bin/../lib/gcc/arm-none-eabi/5.4.1/armv7-m/crtbegin.o
 .eh_frame      0x00001fcc        0x4 d:/psoc/psoc creator/4.2/psoc creator/import/gnu/arm/5.4.1/bin/../lib/gcc/arm-none-eabi/5.4.1/armv7-m/crtend.o
                [!provide]                PROVIDE (__exidx_start, .)

.ARM.exidx
 *(.ARM.exidx* .gnu.linkonce.armexidx.*)
                0x00001fd0                __exidx_end = .

.rodata         0x00001fd0      0x480
 *(.rodata .rodata.* .gnu.linkonce.r.*)
 .rodata        0x00001fd0       0x28 .\CortexM3\ARM_GCC_541\Debug\main.o
 .rodata.str1.4
                0x00001ff8       0x1c .\CortexM3\ARM_GCC_541\Debug\main.o
                                 0x19 (size before relaxing)
 .rodata        0x00002014       0x6f .\CortexM3\ARM_GCC_541\Debug\screen.o
 *fill*         0x00002083        0x1 
 .rodata        0x00002084      0x34d .\CortexM3\ARM_GCC_541\Debug\font.o
 *fill*         0x000023d1        0x3 
 .rodata        0x000023d4       0x42 .\CortexM3\ARM_GCC_541\Debug\cyfitter_cfg.o
 .rodata.str1.1
                0x00002416        0x2 d:/psoc/psoc creator/4.2/psoc creator/import/gnu/arm/5.4.1/bin/../lib/gcc/arm-none-eabi/5.4.1/../../../../arm-none-eabi/lib/armv7-m\libg_nano.a(lib_a-impure.o)
                0x00002418                . = ALIGN (0x4)
 *(.init)
 .init          0x00002418        0x4 d:/psoc/psoc creator/4.2/psoc creator/import/gnu/arm/5.4.1/bin/../lib/gcc/arm-none-eabi/5.4.1/armv7-m/crti.o
                0x00002418                _init
 .init          0x0000241c        0x8 d:/psoc/psoc creator/4.2/psoc creator/import/gnu/arm/5.4.1/bin/../lib/gcc/arm-none-eabi/5.4.1/armv7-m/crtn.o
                0x00002424                . = ALIGN (0x4)
                0x00002424                __preinit_array_start = .
 *(.preinit_array)
                0x00002424                __preinit_array_end = .
                0x00002424                . = ALIGN (0x4)
                0x00002424                __init_array_start = .
 *(SORT(.init_array.*))
 *(.init_array)
 .init_array    0x00002424        0x4 d:/psoc/psoc creator/4.2/psoc creator/import/gnu/arm/5.4.1/bin/../lib/gcc/arm-none-eabi/5.4.1/armv7-m/crtbegin.o
 .init_array    0x00002428        0x4 .\CortexM3\ARM_GCC_541\Debug\Cm3Start.o
                0x0000242c                __init_array_end = .
                0x0000242c                . = ALIGN (0x4)
 *(.fini)
 .fini          0x0000242c        0x4 d:/psoc/psoc creator/4.2/psoc creator/import/gnu/arm/5.4.1/bin/../lib/gcc/arm-none-eabi/5.4.1/armv7-m/crti.o
                0x0000242c                _fini
 .fini          0x00002430        0x8 d:/psoc/psoc creator/4.2/psoc creator/import/gnu/arm/5.4.1/bin/../lib/gcc/arm-none-eabi/5.4.1/armv7-m/crtn.o
                0x00002438                . = ALIGN (0x4)
                0x00002438                __fini_array_start = .
 *(.fini_array)
 .fini_array    0x00002438        0x4 d:/psoc/psoc creator/4.2/psoc creator/import/gnu/arm/5.4.1/bin/../lib/gcc/arm-none-eabi/5.4.1/armv7-m/crtbegin.o
 *(SORT(.fini_array.*))
                0x0000243c                __fini_array_end = .
                0x0000243c                . = ALIGN (0x4)
 *crtbegin.o(.ctors)
 *(EXCLUDE_FILE(*crtend.o) .ctors)
 *(SORT(.ctors.*))
 *crtend.o(.ctors)
                0x0000243c                . = ALIGN (0x4)
 *crtbegin.o(.dtors)
 *(EXCLUDE_FILE(*crtend.o) .dtors)
 *(SORT(.dtors.*))
 *crtend.o(.dtors)
                0x0000243c                . = ALIGN (0x4)
                0x0000243c                __cy_regions = .
                0x0000243c        0x4 LONG 0x2450 __cy_region_init_ram
                0x00002440        0x4 LONG 0x1fff80c8 __cy_region_start_data
                0x00002444        0x4 LONG 0x78 __cy_region_init_size_ram
                0x00002448        0x4 LONG 0x30 __cy_region_zero_size_ram
                0x0000244c                __cy_regions_end = .
                0x00002450                . = ALIGN (0x8)
 *fill*         0x0000244c        0x4 
                0x00002450                _etext = .

.cy_checksum_exclude
                0x00002450        0x0
 *(.cy_checksum_exclude)

.ramvectors     0x1fff8000       0xc0
                0x1fff8000                __cy_region_start_ram = .
 *(.ramvectors)
 .ramvectors    0x1fff8000       0xc0 .\CortexM3\ARM_GCC_541\Debug\Cm3Start.o
                0x1fff8000                CyRamVectors

.noinit         0x1fff80c0        0x1
 *(.noinit)
 .noinit        0x1fff80c0        0x1 .\CortexM3\ARM_GCC_541\Debug\Design01.a(CyLib.o)
                0x1fff80c0                CyResetStatus

.data           0x1fff80c8       0x78 load address 0x00002450
                0x1fff80c8                __cy_region_start_data = .
 *(.jcr)
 .jcr           0x1fff80c8        0x0 d:/psoc/psoc creator/4.2/psoc creator/import/gnu/arm/5.4.1/bin/../lib/gcc/arm-none-eabi/5.4.1/armv7-m/crtbegin.o
 .jcr           0x1fff80c8        0x4 d:/psoc/psoc creator/4.2/psoc creator/import/gnu/arm/5.4.1/bin/../lib/gcc/arm-none-eabi/5.4.1/armv7-m/crtend.o
 *(.got.plt)
 *(.got)
 *(.shdata)
 *(.data .data.* .gnu.linkonce.d.*)
 .data          0x1fff80cc       0x10 .\CortexM3\ARM_GCC_541\Debug\Design01.a(CyLib.o)
                0x1fff80cc                cydelay_32k_ms
                0x1fff80d0                cydelay_freq_khz
                0x1fff80d4                cydelay_freq_mhz
                0x1fff80d8                cydelay_freq_hz
 .data.impure_data
                0x1fff80dc       0x60 d:/psoc/psoc creator/4.2/psoc creator/import/gnu/arm/5.4.1/bin/../lib/gcc/arm-none-eabi/5.4.1/../../../../arm-none-eabi/lib/armv7-m\libg_nano.a(lib_a-impure.o)
 .data._impure_ptr
                0x1fff813c        0x4 d:/psoc/psoc creator/4.2/psoc creator/import/gnu/arm/5.4.1/bin/../lib/gcc/arm-none-eabi/5.4.1/../../../../arm-none-eabi/lib/armv7-m\libg_nano.a(lib_a-impure.o)
                0x1fff813c                _impure_ptr
                0x1fff8140                . = ALIGN (0x8)
 *(.ram)
                0x1fff8140                _edata = .

.igot.plt       0x1fff8140        0x0 load address 0x000024c8
 .igot.plt      0x1fff8140        0x0 d:/psoc/psoc creator/4.2/psoc creator/import/gnu/arm/5.4.1/bin/../lib/gcc/arm-none-eabi/5.4.1/armv7-m/crtbegin.o

.bss            0x1fff8140       0x30 load address 0x000024c8
                0x1fff8140                PROVIDE (__bss_start__, .)
 *(.shbss)
 *(.bss .bss.* .gnu.linkonce.b.*)
 .bss           0x1fff8140       0x1c d:/psoc/psoc creator/4.2/psoc creator/import/gnu/arm/5.4.1/bin/../lib/gcc/arm-none-eabi/5.4.1/armv7-m/crtbegin.o
 .bss           0x1fff815c        0x1 .\CortexM3\ARM_GCC_541\Debug\Design01.a(SPIM.o)
                0x1fff815c                SPIM_initVar
 .bss           0x1fff815d        0x1 .\CortexM3\ARM_GCC_541\Debug\Design01.a(VDAC8_DS.o)
                0x1fff815d                VDAC8_DS_initVar
 .bss           0x1fff815e        0x1 .\CortexM3\ARM_GCC_541\Debug\Design01.a(VDAC8_GS.o)
                0x1fff815e                VDAC8_GS_initVar
 .bss           0x1fff815f        0x1 .\CortexM3\ARM_GCC_541\Debug\Design01.a(ADC_SAR_1.o)
                0x1fff815f                ADC_SAR_1_initVar
 .bss           0x1fff8160        0x1 .\CortexM3\ARM_GCC_541\Debug\Design01.a(ADC_SAR_1_PM.o)
 *(COMMON)
 *fill*         0x1fff8161        0x3 
 COMMON         0x1fff8164        0xa .\CortexM3\ARM_GCC_541\Debug\Design01.a(ADC_SAR_1.o)
                0x1fff8164                ADC_SAR_1_countsPerVolt
                0x1fff8166                ADC_SAR_1_shift
                0x1fff8168                ADC_SAR_1_countsPer10Volt
                0x1fff816c                ADC_SAR_1_offset
                0x1fff8170                . = ALIGN (0x8)
 *fill*         0x1fff816e        0x2 
 *(.ram.b)
                0x1fff8170                _end = .
                0x1fff8170                __end = .
                0x1fff8170                PROVIDE (end, .)
                0x1fff8170                PROVIDE (__bss_end__, .)
                0x00002450                __cy_region_init_ram = LOADADDR (.data)
                0x00000078                __cy_region_init_size_ram = (_edata - ADDR (.data))
                0x00000030                __cy_region_zero_size_ram = (_end - _edata)

.heap           0x1fff8170       0x80 load address 0x000024c8
                0x1fff8170                . = _end
                0x1fff81f0                . = (. + 0x80)
 *fill*         0x1fff8170       0x80 
                0x1fff81f0                __cy_heap_limit = .

.stack          0x20007800      0x800
                0x20007800                __cy_stack_limit = .
                0x20008000                . = (. + 0x800)
 *fill*         0x20007800      0x800 
                0x00000001                ASSERT ((__cy_stack_limit >= __cy_heap_limit), region RAM overflowed with stack)
                0x00000000                cy_checksum_exclude_size = (CY_APPL_LOADABLE == 0x1)?SIZEOF (.cy_checksum_exclude):0x0
                0x00000001                ASSERT ((cy_checksum_exclude_size <= CY_CHECKSUM_EXCLUDE_SIZE), CY_BOOT: Section .cy_checksum_exclude size exceedes specified limit.)

.cyloadermeta
 *(.cyloadermeta)

.cyloadablemeta
 *(.cyloadablemeta)

.cyconfigecc    0x80000000      0x284
 *(.cyconfigecc)
 .cyconfigecc   0x80000000      0x284 .\CortexM3\ARM_GCC_541\Debug\cymetadata.o
                0x80000000                cy_meta_configecc

.cycustnvl      0x90000000        0x4
 *(.cycustnvl)
 .cycustnvl     0x90000000        0x4 .\CortexM3\ARM_GCC_541\Debug\cymetadata.o
                0x90000000                cy_meta_custnvl

.cywolatch      0x90100000        0x4
 *(.cywolatch)
 .cywolatch     0x90100000        0x4 .\CortexM3\ARM_GCC_541\Debug\cymetadata.o
                0x90100000                cy_meta_wonvl

.cyeeprom       0x90200000        0x0
 *(.cyeeprom)
                0x00000001                ASSERT ((. <= ((0x90200000 + ee_offset) + ee_size)), .cyeeprom data will not fit in EEPROM)

.cyflashprotect
                0x90400000      0x100
 *(.cyflashprotect)
 .cyflashprotect
                0x90400000      0x100 .\CortexM3\ARM_GCC_541\Debug\cymetadata.o
                0x90400000                cy_meta_flashprotect

.cymeta         0x90500000        0xc
 *(.cymeta)
 .cymeta        0x90500000        0xc .\CortexM3\ARM_GCC_541\Debug\cymetadata.o
                0x90500000                cy_metadata

.rel.dyn        0x000024c8        0x0 load address 0x9050000c
 .rel.iplt      0x000024c8        0x0 d:/psoc/psoc creator/4.2/psoc creator/import/gnu/arm/5.4.1/bin/../lib/gcc/arm-none-eabi/5.4.1/armv7-m/crtbegin.o

.stab
 *(.stab)

.stabstr
 *(.stabstr)

.debug
 *(.debug)

.line
 *(.line)

.debug_srcinfo
 *(.debug_srcinfo)

.debug_sfnames
 *(.debug_sfnames)

.debug_aranges  0x00000000      0xa28
 *(.debug_aranges)
 .debug_aranges
                0x00000000       0x48 .\CortexM3\ARM_GCC_541\Debug\main.o
 .debug_aranges
                0x00000048       0x78 .\CortexM3\ARM_GCC_541\Debug\screen.o
 .debug_aranges
                0x000000c0       0x30 .\CortexM3\ARM_GCC_541\Debug\font.o
 .debug_aranges
                0x000000f0       0x58 .\CortexM3\ARM_GCC_541\Debug\cyfitter_cfg.o
 .debug_aranges
                0x00000148       0x18 .\CortexM3\ARM_GCC_541\Debug\cymetadata.o
 .debug_aranges
                0x00000160       0x48 .\CortexM3\ARM_GCC_541\Debug\Cm3Start.o
 .debug_aranges
                0x000001a8      0x2a0 .\CortexM3\ARM_GCC_541\Debug\Design01.a(CyLib.o)
 .debug_aranges
                0x00000448       0x98 .\CortexM3\ARM_GCC_541\Debug\Design01.a(cyPm.o)
 .debug_aranges
                0x000004e0       0x38 .\CortexM3\ARM_GCC_541\Debug\Design01.a(SS.o)
 .debug_aranges
                0x00000518       0x38 .\CortexM3\ARM_GCC_541\Debug\Design01.a(D_C.o)
 .debug_aranges
                0x00000550       0x38 .\CortexM3\ARM_GCC_541\Debug\Design01.a(Reset.o)
 .debug_aranges
                0x00000588       0x70 .\CortexM3\ARM_GCC_541\Debug\Design01.a(Clock.o)
 .debug_aranges
                0x000005f8       0xd8 .\CortexM3\ARM_GCC_541\Debug\Design01.a(SPIM.o)
 .debug_aranges
                0x000006d0       0x58 .\CortexM3\ARM_GCC_541\Debug\Design01.a(VDAC8_DS.o)
 .debug_aranges
                0x00000728       0x58 .\CortexM3\ARM_GCC_541\Debug\Design01.a(VDAC8_GS.o)
 .debug_aranges
                0x00000780       0xa8 .\CortexM3\ARM_GCC_541\Debug\Design01.a(ADC_SAR_1.o)
 .debug_aranges
                0x00000828       0x20 .\CortexM3\ARM_GCC_541\Debug\Design01.a(ADC_SAR_1_INT.o)
 .debug_aranges
                0x00000848       0x38 .\CortexM3\ARM_GCC_541\Debug\Design01.a(ADC_SAR_1_PM.o)
 .debug_aranges
                0x00000880       0x80 .\CortexM3\ARM_GCC_541\Debug\Design01.a(ADC_SAR_1_theACLK.o)
 .debug_aranges
                0x00000900       0x20 .\CortexM3\ARM_GCC_541\Debug\Design01.a(CyBootAsmGnu.o)
 .debug_aranges
                0x00000920       0x88 .\CortexM3\ARM_GCC_541\Debug\Design01.a(CyFlash.o)
 .debug_aranges
                0x000009a8       0x80 .\CortexM3\ARM_GCC_541\Debug\Design01.a(CySpc.o)

.debug_pubnames
 *(.debug_pubnames)

.debug_info     0x00000000     0x7468
 *(.debug_info .gnu.linkonce.wi.*)
 .debug_info    0x00000000      0xe06 .\CortexM3\ARM_GCC_541\Debug\main.o
 .debug_info    0x00000e06      0x9d3 .\CortexM3\ARM_GCC_541\Debug\screen.o
 .debug_info    0x000017d9      0xedf .\CortexM3\ARM_GCC_541\Debug\font.o
 .debug_info    0x000026b8      0x619 .\CortexM3\ARM_GCC_541\Debug\cyfitter_cfg.o
 .debug_info    0x00002cd1      0x135 .\CortexM3\ARM_GCC_541\Debug\cymetadata.o
 .debug_info    0x00002e06      0x3bb .\CortexM3\ARM_GCC_541\Debug\Cm3Start.o
 .debug_info    0x000031c1     0x1374 .\CortexM3\ARM_GCC_541\Debug\Design01.a(CyLib.o)
 .debug_info    0x00004535      0xa2a .\CortexM3\ARM_GCC_541\Debug\Design01.a(cyPm.o)
 .debug_info    0x00004f5f      0x11f .\CortexM3\ARM_GCC_541\Debug\Design01.a(SS.o)
 .debug_info    0x0000507e      0x11f .\CortexM3\ARM_GCC_541\Debug\Design01.a(D_C.o)
 .debug_info    0x0000519d      0x11f .\CortexM3\ARM_GCC_541\Debug\Design01.a(Reset.o)
 .debug_info    0x000052bc      0x283 .\CortexM3\ARM_GCC_541\Debug\Design01.a(Clock.o)
 .debug_info    0x0000553f      0x493 .\CortexM3\ARM_GCC_541\Debug\Design01.a(SPIM.o)
 .debug_info    0x000059d2      0x1df .\CortexM3\ARM_GCC_541\Debug\Design01.a(VDAC8_DS.o)
 .debug_info    0x00005bb1      0x1df .\CortexM3\ARM_GCC_541\Debug\Design01.a(VDAC8_GS.o)
 .debug_info    0x00005d90      0x5c0 .\CortexM3\ARM_GCC_541\Debug\Design01.a(ADC_SAR_1.o)
 .debug_info    0x00006350       0x92 .\CortexM3\ARM_GCC_541\Debug\Design01.a(ADC_SAR_1_INT.o)
 .debug_info    0x000063e2      0x159 .\CortexM3\ARM_GCC_541\Debug\Design01.a(ADC_SAR_1_PM.o)
 .debug_info    0x0000653b      0x2c4 .\CortexM3\ARM_GCC_541\Debug\Design01.a(ADC_SAR_1_theACLK.o)
 .debug_info    0x000067ff       0xcc .\CortexM3\ARM_GCC_541\Debug\Design01.a(CyBootAsmGnu.o)
 .debug_info    0x000068cb      0x64d .\CortexM3\ARM_GCC_541\Debug\Design01.a(CyFlash.o)
 .debug_info    0x00006f18      0x550 .\CortexM3\ARM_GCC_541\Debug\Design01.a(CySpc.o)

.debug_abbrev   0x00000000     0x1ac6
 *(.debug_abbrev)
 .debug_abbrev  0x00000000      0x1ca .\CortexM3\ARM_GCC_541\Debug\main.o
 .debug_abbrev  0x000001ca      0x1c1 .\CortexM3\ARM_GCC_541\Debug\screen.o
 .debug_abbrev  0x0000038b      0x1a2 .\CortexM3\ARM_GCC_541\Debug\font.o
 .debug_abbrev  0x0000052d      0x20d .\CortexM3\ARM_GCC_541\Debug\cyfitter_cfg.o
 .debug_abbrev  0x0000073a       0x66 .\CortexM3\ARM_GCC_541\Debug\cymetadata.o
 .debug_abbrev  0x000007a0      0x1e8 .\CortexM3\ARM_GCC_541\Debug\Cm3Start.o
 .debug_abbrev  0x00000988      0x254 .\CortexM3\ARM_GCC_541\Debug\Design01.a(CyLib.o)
 .debug_abbrev  0x00000bdc      0x1ab .\CortexM3\ARM_GCC_541\Debug\Design01.a(cyPm.o)
 .debug_abbrev  0x00000d87       0x90 .\CortexM3\ARM_GCC_541\Debug\Design01.a(SS.o)
 .debug_abbrev  0x00000e17       0x90 .\CortexM3\ARM_GCC_541\Debug\Design01.a(D_C.o)
 .debug_abbrev  0x00000ea7       0x90 .\CortexM3\ARM_GCC_541\Debug\Design01.a(Reset.o)
 .debug_abbrev  0x00000f37      0x139 .\CortexM3\ARM_GCC_541\Debug\Design01.a(Clock.o)
 .debug_abbrev  0x00001070      0x146 .\CortexM3\ARM_GCC_541\Debug\Design01.a(SPIM.o)
 .debug_abbrev  0x000011b6       0xf7 .\CortexM3\ARM_GCC_541\Debug\Design01.a(VDAC8_DS.o)
 .debug_abbrev  0x000012ad       0xf7 .\CortexM3\ARM_GCC_541\Debug\Design01.a(VDAC8_GS.o)
 .debug_abbrev  0x000013a4      0x1ac .\CortexM3\ARM_GCC_541\Debug\Design01.a(ADC_SAR_1.o)
 .debug_abbrev  0x00001550       0x42 .\CortexM3\ARM_GCC_541\Debug\Design01.a(ADC_SAR_1_INT.o)
 .debug_abbrev  0x00001592       0xc4 .\CortexM3\ARM_GCC_541\Debug\Design01.a(ADC_SAR_1_PM.o)
 .debug_abbrev  0x00001656      0x121 .\CortexM3\ARM_GCC_541\Debug\Design01.a(ADC_SAR_1_theACLK.o)
 .debug_abbrev  0x00001777       0x14 .\CortexM3\ARM_GCC_541\Debug\Design01.a(CyBootAsmGnu.o)
 .debug_abbrev  0x0000178b      0x1a7 .\CortexM3\ARM_GCC_541\Debug\Design01.a(CyFlash.o)
 .debug_abbrev  0x00001932      0x194 .\CortexM3\ARM_GCC_541\Debug\Design01.a(CySpc.o)

.debug_line     0x00000000     0x2905
 *(.debug_line)
 .debug_line    0x00000000      0x2a6 .\CortexM3\ARM_GCC_541\Debug\main.o
 .debug_line    0x000002a6      0x30e .\CortexM3\ARM_GCC_541\Debug\screen.o
 .debug_line    0x000005b4      0x20a .\CortexM3\ARM_GCC_541\Debug\font.o
 .debug_line    0x000007be      0x1ef .\CortexM3\ARM_GCC_541\Debug\cyfitter_cfg.o
 .debug_line    0x000009ad      0x113 .\CortexM3\ARM_GCC_541\Debug\cymetadata.o
 .debug_line    0x00000ac0      0x206 .\CortexM3\ARM_GCC_541\Debug\Cm3Start.o
 .debug_line    0x00000cc6      0x816 .\CortexM3\ARM_GCC_541\Debug\Design01.a(CyLib.o)
 .debug_line    0x000014dc      0x367 .\CortexM3\ARM_GCC_541\Debug\Design01.a(cyPm.o)
 .debug_line    0x00001843       0x8f .\CortexM3\ARM_GCC_541\Debug\Design01.a(SS.o)
 .debug_line    0x000018d2       0x90 .\CortexM3\ARM_GCC_541\Debug\Design01.a(D_C.o)
 .debug_line    0x00001962       0x92 .\CortexM3\ARM_GCC_541\Debug\Design01.a(Reset.o)
 .debug_line    0x000019f4      0x174 .\CortexM3\ARM_GCC_541\Debug\Design01.a(Clock.o)
 .debug_line    0x00001b68      0x22e .\CortexM3\ARM_GCC_541\Debug\Design01.a(SPIM.o)
 .debug_line    0x00001d96       0xe5 .\CortexM3\ARM_GCC_541\Debug\Design01.a(VDAC8_DS.o)
 .debug_line    0x00001e7b       0xe5 .\CortexM3\ARM_GCC_541\Debug\Design01.a(VDAC8_GS.o)
 .debug_line    0x00001f60      0x220 .\CortexM3\ARM_GCC_541\Debug\Design01.a(ADC_SAR_1.o)
 .debug_line    0x00002180       0x56 .\CortexM3\ARM_GCC_541\Debug\Design01.a(ADC_SAR_1_INT.o)
 .debug_line    0x000021d6       0xac .\CortexM3\ARM_GCC_541\Debug\Design01.a(ADC_SAR_1_PM.o)
 .debug_line    0x00002282      0x1a3 .\CortexM3\ARM_GCC_541\Debug\Design01.a(ADC_SAR_1_theACLK.o)
 .debug_line    0x00002425       0x66 .\CortexM3\ARM_GCC_541\Debug\Design01.a(CyBootAsmGnu.o)
 .debug_line    0x0000248b      0x21a .\CortexM3\ARM_GCC_541\Debug\Design01.a(CyFlash.o)
 .debug_line    0x000026a5      0x260 .\CortexM3\ARM_GCC_541\Debug\Design01.a(CySpc.o)

.debug_frame    0x00000000     0x1ab0
 *(.debug_frame)
 .debug_frame   0x00000000       0xec .\CortexM3\ARM_GCC_541\Debug\main.o
 .debug_frame   0x000000ec      0x1a0 .\CortexM3\ARM_GCC_541\Debug\screen.o
 .debug_frame   0x0000028c       0x9c .\CortexM3\ARM_GCC_541\Debug\font.o
 .debug_frame   0x00000328       0xfc .\CortexM3\ARM_GCC_541\Debug\cyfitter_cfg.o
 .debug_frame   0x00000424       0xb8 .\CortexM3\ARM_GCC_541\Debug\Cm3Start.o
 .debug_frame   0x000004dc      0x738 .\CortexM3\ARM_GCC_541\Debug\Design01.a(CyLib.o)
 .debug_frame   0x00000c14      0x1f8 .\CortexM3\ARM_GCC_541\Debug\Design01.a(cyPm.o)
 .debug_frame   0x00000e0c       0x50 .\CortexM3\ARM_GCC_541\Debug\Design01.a(SS.o)
 .debug_frame   0x00000e5c       0x50 .\CortexM3\ARM_GCC_541\Debug\Design01.a(D_C.o)
 .debug_frame   0x00000eac       0x50 .\CortexM3\ARM_GCC_541\Debug\Design01.a(Reset.o)
 .debug_frame   0x00000efc       0xe0 .\CortexM3\ARM_GCC_541\Debug\Design01.a(Clock.o)
 .debug_frame   0x00000fdc      0x1e8 .\CortexM3\ARM_GCC_541\Debug\Design01.a(SPIM.o)
 .debug_frame   0x000011c4       0xb4 .\CortexM3\ARM_GCC_541\Debug\Design01.a(VDAC8_DS.o)
 .debug_frame   0x00001278       0xb4 .\CortexM3\ARM_GCC_541\Debug\Design01.a(VDAC8_GS.o)
 .debug_frame   0x0000132c      0x1b0 .\CortexM3\ARM_GCC_541\Debug\Design01.a(ADC_SAR_1.o)
 .debug_frame   0x000014dc       0x20 .\CortexM3\ARM_GCC_541\Debug\Design01.a(ADC_SAR_1_INT.o)
 .debug_frame   0x000014fc       0x68 .\CortexM3\ARM_GCC_541\Debug\Design01.a(ADC_SAR_1_PM.o)
 .debug_frame   0x00001564      0x100 .\CortexM3\ARM_GCC_541\Debug\Design01.a(ADC_SAR_1_theACLK.o)
 .debug_frame   0x00001664      0x194 .\CortexM3\ARM_GCC_541\Debug\Design01.a(CyFlash.o)
 .debug_frame   0x000017f8      0x180 .\CortexM3\ARM_GCC_541\Debug\Design01.a(CySpc.o)
 .debug_frame   0x00001978       0x44 d:/psoc/psoc creator/4.2/psoc creator/import/gnu/arm/5.4.1/bin/../lib/gcc/arm-none-eabi/5.4.1/armv7-m\libgcc.a(_aeabi_ldivmod.o)
 .debug_frame   0x000019bc       0x38 d:/psoc/psoc creator/4.2/psoc creator/import/gnu/arm/5.4.1/bin/../lib/gcc/arm-none-eabi/5.4.1/armv7-m\libgcc.a(_udivmoddi4.o)
 .debug_frame   0x000019f4       0x20 d:/psoc/psoc creator/4.2/psoc creator/import/gnu/arm/5.4.1/bin/../lib/gcc/arm-none-eabi/5.4.1/../../../../arm-none-eabi/lib/armv7-m\libg_nano.a(lib_a-errno.o)
 .debug_frame   0x00001a14       0x28 d:/psoc/psoc creator/4.2/psoc creator/import/gnu/arm/5.4.1/bin/../lib/gcc/arm-none-eabi/5.4.1/../../../../arm-none-eabi/lib/armv7-m\libg_nano.a(lib_a-exit.o)
 .debug_frame   0x00001a3c       0x2c d:/psoc/psoc creator/4.2/psoc creator/import/gnu/arm/5.4.1/bin/../lib/gcc/arm-none-eabi/5.4.1/../../../../arm-none-eabi/lib/armv7-m\libg_nano.a(lib_a-init.o)
 .debug_frame   0x00001a68       0x28 d:/psoc/psoc creator/4.2/psoc creator/import/gnu/arm/5.4.1/bin/../lib/gcc/arm-none-eabi/5.4.1/../../../../arm-none-eabi/lib/armv7-m\libg_nano.a(lib_a-memcpy-stub.o)
 .debug_frame   0x00001a90       0x20 d:/psoc/psoc creator/4.2/psoc creator/import/gnu/arm/5.4.1/bin/../lib/gcc/arm-none-eabi/5.4.1/../../../../arm-none-eabi/lib/armv7-m\libg_nano.a(lib_a-memset.o)

.debug_str      0x00000000     0x2169
 *(.debug_str)
 .debug_str     0x00000000      0x4f6 .\CortexM3\ARM_GCC_541\Debug\main.o
                                0x54f (size before relaxing)
 .debug_str     0x000004f6       0xe3 .\CortexM3\ARM_GCC_541\Debug\screen.o
                                0x321 (size before relaxing)
 .debug_str     0x000005d9       0x60 .\CortexM3\ARM_GCC_541\Debug\font.o
                                0x382 (size before relaxing)
 .debug_str     0x00000639      0x1bf .\CortexM3\ARM_GCC_541\Debug\cyfitter_cfg.o
                                0x38a (size before relaxing)
 .debug_str     0x000007f8       0x75 .\CortexM3\ARM_GCC_541\Debug\cymetadata.o
                                0x220 (size before relaxing)
 .debug_str     0x0000086d      0x144 .\CortexM3\ARM_GCC_541\Debug\Cm3Start.o
                                0x346 (size before relaxing)
 .debug_str     0x000009b1      0x83b .\CortexM3\ARM_GCC_541\Debug\Design01.a(CyLib.o)
                                0xa83 (size before relaxing)
 .debug_str     0x000011ec      0x365 .\CortexM3\ARM_GCC_541\Debug\Design01.a(cyPm.o)
                                0x76f (size before relaxing)
 .debug_str     0x00001551       0x46 .\CortexM3\ARM_GCC_541\Debug\Design01.a(SS.o)
                                0x20f (size before relaxing)
 .debug_str     0x00001597       0x47 .\CortexM3\ARM_GCC_541\Debug\Design01.a(D_C.o)
                                0x214 (size before relaxing)
 .debug_str     0x000015de       0x4f .\CortexM3\ARM_GCC_541\Debug\Design01.a(Reset.o)
                                0x21e (size before relaxing)
 .debug_str     0x0000162d      0x13e .\CortexM3\ARM_GCC_541\Debug\Design01.a(Clock.o)
                                0x312 (size before relaxing)
 .debug_str     0x0000176b      0x207 .\CortexM3\ARM_GCC_541\Debug\Design01.a(SPIM.o)
                                0x421 (size before relaxing)
 .debug_str     0x00001972       0xa0 .\CortexM3\ARM_GCC_541\Debug\Design01.a(VDAC8_DS.o)
                                0x279 (size before relaxing)
 .debug_str     0x00001a12       0x94 .\CortexM3\ARM_GCC_541\Debug\Design01.a(VDAC8_GS.o)
                                0x279 (size before relaxing)
 .debug_str     0x00001aa6      0x1ea .\CortexM3\ARM_GCC_541\Debug\Design01.a(ADC_SAR_1.o)
                                0x4f9 (size before relaxing)
 .debug_str     0x00001c90       0x35 .\CortexM3\ARM_GCC_541\Debug\Design01.a(ADC_SAR_1_INT.o)
                                0x1d7 (size before relaxing)
 .debug_str     0x00001cc5       0x88 .\CortexM3\ARM_GCC_541\Debug\Design01.a(ADC_SAR_1_PM.o)
                                0x28d (size before relaxing)
 .debug_str     0x00001d4d      0x1bc .\CortexM3\ARM_GCC_541\Debug\Design01.a(ADC_SAR_1_theACLK.o)
                                0x3f1 (size before relaxing)
 .debug_str     0x00001f09      0x1b4 .\CortexM3\ARM_GCC_541\Debug\Design01.a(CyFlash.o)
                                0x3fc (size before relaxing)
 .debug_str     0x000020bd       0xac .\CortexM3\ARM_GCC_541\Debug\Design01.a(CySpc.o)
                                0x374 (size before relaxing)

.debug_loc      0x00000000     0x310f
 *(.debug_loc)
 .debug_loc     0x00000000      0x460 .\CortexM3\ARM_GCC_541\Debug\main.o
 .debug_loc     0x00000460      0x6f2 .\CortexM3\ARM_GCC_541\Debug\screen.o
 .debug_loc     0x00000b52      0x389 .\CortexM3\ARM_GCC_541\Debug\font.o
 .debug_loc     0x00000edb      0x280 .\CortexM3\ARM_GCC_541\Debug\cyfitter_cfg.o
 .debug_loc     0x0000115b      0x144 .\CortexM3\ARM_GCC_541\Debug\Cm3Start.o
 .debug_loc     0x0000129f      0xa11 .\CortexM3\ARM_GCC_541\Debug\Design01.a(CyLib.o)
 .debug_loc     0x00001cb0      0x1e4 .\CortexM3\ARM_GCC_541\Debug\Design01.a(cyPm.o)
 .debug_loc     0x00001e94       0x42 .\CortexM3\ARM_GCC_541\Debug\Design01.a(SS.o)
 .debug_loc     0x00001ed6       0x42 .\CortexM3\ARM_GCC_541\Debug\Design01.a(D_C.o)
 .debug_loc     0x00001f18       0x42 .\CortexM3\ARM_GCC_541\Debug\Design01.a(Reset.o)
 .debug_loc     0x00001f5a      0x12c .\CortexM3\ARM_GCC_541\Debug\Design01.a(Clock.o)
 .debug_loc     0x00002086       0xfe .\CortexM3\ARM_GCC_541\Debug\Design01.a(SPIM.o)
 .debug_loc     0x00002184       0x79 .\CortexM3\ARM_GCC_541\Debug\Design01.a(VDAC8_DS.o)
 .debug_loc     0x000021fd       0x79 .\CortexM3\ARM_GCC_541\Debug\Design01.a(VDAC8_GS.o)
 .debug_loc     0x00002276      0x295 .\CortexM3\ARM_GCC_541\Debug\Design01.a(ADC_SAR_1.o)
 .debug_loc     0x0000250b      0x14d .\CortexM3\ARM_GCC_541\Debug\Design01.a(ADC_SAR_1_theACLK.o)
 .debug_loc     0x00002658      0x3b2 .\CortexM3\ARM_GCC_541\Debug\Design01.a(CyFlash.o)
 .debug_loc     0x00002a0a      0x705 .\CortexM3\ARM_GCC_541\Debug\Design01.a(CySpc.o)

.debug_macinfo
 *(.debug_macinfo)

.debug_ranges   0x00000000      0x8e0
 *(.debug_ranges)
 .debug_ranges  0x00000000       0x38 .\CortexM3\ARM_GCC_541\Debug\main.o
 .debug_ranges  0x00000038       0x68 .\CortexM3\ARM_GCC_541\Debug\screen.o
 .debug_ranges  0x000000a0       0x50 .\CortexM3\ARM_GCC_541\Debug\font.o
 .debug_ranges  0x000000f0       0x48 .\CortexM3\ARM_GCC_541\Debug\cyfitter_cfg.o
 .debug_ranges  0x00000138       0x38 .\CortexM3\ARM_GCC_541\Debug\Cm3Start.o
 .debug_ranges  0x00000170      0x290 .\CortexM3\ARM_GCC_541\Debug\Design01.a(CyLib.o)
 .debug_ranges  0x00000400       0x88 .\CortexM3\ARM_GCC_541\Debug\Design01.a(cyPm.o)
 .debug_ranges  0x00000488       0x28 .\CortexM3\ARM_GCC_541\Debug\Design01.a(SS.o)
 .debug_ranges  0x000004b0       0x28 .\CortexM3\ARM_GCC_541\Debug\Design01.a(D_C.o)
 .debug_ranges  0x000004d8       0x28 .\CortexM3\ARM_GCC_541\Debug\Design01.a(Reset.o)
 .debug_ranges  0x00000500       0x60 .\CortexM3\ARM_GCC_541\Debug\Design01.a(Clock.o)
 .debug_ranges  0x00000560       0xc8 .\CortexM3\ARM_GCC_541\Debug\Design01.a(SPIM.o)
 .debug_ranges  0x00000628       0x48 .\CortexM3\ARM_GCC_541\Debug\Design01.a(VDAC8_DS.o)
 .debug_ranges  0x00000670       0x48 .\CortexM3\ARM_GCC_541\Debug\Design01.a(VDAC8_GS.o)
 .debug_ranges  0x000006b8       0x98 .\CortexM3\ARM_GCC_541\Debug\Design01.a(ADC_SAR_1.o)
 .debug_ranges  0x00000750       0x10 .\CortexM3\ARM_GCC_541\Debug\Design01.a(ADC_SAR_1_INT.o)
 .debug_ranges  0x00000760       0x28 .\CortexM3\ARM_GCC_541\Debug\Design01.a(ADC_SAR_1_PM.o)
 .debug_ranges  0x00000788       0x70 .\CortexM3\ARM_GCC_541\Debug\Design01.a(ADC_SAR_1_theACLK.o)
 .debug_ranges  0x000007f8       0x78 .\CortexM3\ARM_GCC_541\Debug\Design01.a(CyFlash.o)
 .debug_ranges  0x00000870       0x70 .\CortexM3\ARM_GCC_541\Debug\Design01.a(CySpc.o)

.comment        0x00000000       0x6e
 .comment       0x00000000       0x6e .\CortexM3\ARM_GCC_541\Debug\main.o
                                 0x6f (size before relaxing)
 .comment       0x0000006e       0x6f .\CortexM3\ARM_GCC_541\Debug\screen.o
 .comment       0x0000006e       0x6f .\CortexM3\ARM_GCC_541\Debug\font.o
 .comment       0x0000006e       0x6f .\CortexM3\ARM_GCC_541\Debug\cyfitter_cfg.o
 .comment       0x0000006e       0x6f .\CortexM3\ARM_GCC_541\Debug\cymetadata.o
 .comment       0x0000006e       0x6f .\CortexM3\ARM_GCC_541\Debug\Cm3Start.o
 .comment       0x0000006e       0x6f .\CortexM3\ARM_GCC_541\Debug\Design01.a(CyLib.o)
 .comment       0x0000006e       0x6f .\CortexM3\ARM_GCC_541\Debug\Design01.a(cyPm.o)
 .comment       0x0000006e       0x6f .\CortexM3\ARM_GCC_541\Debug\Design01.a(SS.o)
 .comment       0x0000006e       0x6f .\CortexM3\ARM_GCC_541\Debug\Design01.a(D_C.o)
 .comment       0x0000006e       0x6f .\CortexM3\ARM_GCC_541\Debug\Design01.a(Reset.o)
 .comment       0x0000006e       0x6f .\CortexM3\ARM_GCC_541\Debug\Design01.a(Clock.o)
 .comment       0x0000006e       0x6f .\CortexM3\ARM_GCC_541\Debug\Design01.a(SPIM.o)
 .comment       0x0000006e       0x6f .\CortexM3\ARM_GCC_541\Debug\Design01.a(VDAC8_DS.o)
 .comment       0x0000006e       0x6f .\CortexM3\ARM_GCC_541\Debug\Design01.a(VDAC8_GS.o)
 .comment       0x0000006e       0x6f .\CortexM3\ARM_GCC_541\Debug\Design01.a(ADC_SAR_1.o)
 .comment       0x0000006e       0x6f .\CortexM3\ARM_GCC_541\Debug\Design01.a(ADC_SAR_1_INT.o)
 .comment       0x0000006e       0x6f .\CortexM3\ARM_GCC_541\Debug\Design01.a(ADC_SAR_1_PM.o)
 .comment       0x0000006e       0x6f .\CortexM3\ARM_GCC_541\Debug\Design01.a(ADC_SAR_1_theACLK.o)
 .comment       0x0000006e       0x6f .\CortexM3\ARM_GCC_541\Debug\Design01.a(CyFlash.o)
 .comment       0x0000006e       0x6f .\CortexM3\ARM_GCC_541\Debug\Design01.a(CySpc.o)

.debug_weaknames
 *(.debug_weaknames)

.debug_funcnames
 *(.debug_funcnames)

.debug_typenames
 *(.debug_typenames)

.debug_varnames
 *(.debug_varnames)

.note.gnu.arm.ident
 *(.note.gnu.arm.ident)

.ARM.attributes
                0x00000000       0x29
 *(.ARM.attributes)
 .ARM.attributes
                0x00000000       0x1d d:/psoc/psoc creator/4.2/psoc creator/import/gnu/arm/5.4.1/bin/../lib/gcc/arm-none-eabi/5.4.1/armv7-m/crti.o
 .ARM.attributes
                0x0000001d       0x2d d:/psoc/psoc creator/4.2/psoc creator/import/gnu/arm/5.4.1/bin/../lib/gcc/arm-none-eabi/5.4.1/armv7-m/crtbegin.o
 .ARM.attributes
                0x0000004a       0x1b d:/psoc/psoc creator/4.2/psoc creator/import/gnu/arm/5.4.1/bin/../lib/gcc/arm-none-eabi/5.4.1/../../../../arm-none-eabi/lib/armv7-m/crt0.o
 .ARM.attributes
                0x00000065       0x33 .\CortexM3\ARM_GCC_541\Debug\main.o
 .ARM.attributes
                0x00000098       0x33 .\CortexM3\ARM_GCC_541\Debug\screen.o
 .ARM.attributes
                0x000000cb       0x33 .\CortexM3\ARM_GCC_541\Debug\font.o
 .ARM.attributes
                0x000000fe       0x33 .\CortexM3\ARM_GCC_541\Debug\cyfitter_cfg.o
 .ARM.attributes
                0x00000131       0x33 .\CortexM3\ARM_GCC_541\Debug\cymetadata.o
 .ARM.attributes
                0x00000164       0x33 .\CortexM3\ARM_GCC_541\Debug\Cm3Start.o
 .ARM.attributes
                0x00000197       0x33 .\CortexM3\ARM_GCC_541\Debug\Design01.a(CyLib.o)
 .ARM.attributes
                0x000001ca       0x33 .\CortexM3\ARM_GCC_541\Debug\Design01.a(cyPm.o)
 .ARM.attributes
                0x000001fd       0x33 .\CortexM3\ARM_GCC_541\Debug\Design01.a(SS.o)
 .ARM.attributes
                0x00000230       0x33 .\CortexM3\ARM_GCC_541\Debug\Design01.a(D_C.o)
 .ARM.attributes
                0x00000263       0x33 .\CortexM3\ARM_GCC_541\Debug\Design01.a(Reset.o)
 .ARM.attributes
                0x00000296       0x33 .\CortexM3\ARM_GCC_541\Debug\Design01.a(Clock.o)
 .ARM.attributes
                0x000002c9       0x33 .\CortexM3\ARM_GCC_541\Debug\Design01.a(SPIM.o)
 .ARM.attributes
                0x000002fc       0x33 .\CortexM3\ARM_GCC_541\Debug\Design01.a(VDAC8_DS.o)
 .ARM.attributes
                0x0000032f       0x33 .\CortexM3\ARM_GCC_541\Debug\Design01.a(VDAC8_GS.o)
 .ARM.attributes
                0x00000362       0x33 .\CortexM3\ARM_GCC_541\Debug\Design01.a(ADC_SAR_1.o)
 .ARM.attributes
                0x00000395       0x33 .\CortexM3\ARM_GCC_541\Debug\Design01.a(ADC_SAR_1_INT.o)
 .ARM.attributes
                0x000003c8       0x33 .\CortexM3\ARM_GCC_541\Debug\Design01.a(ADC_SAR_1_PM.o)
 .ARM.attributes
                0x000003fb       0x33 .\CortexM3\ARM_GCC_541\Debug\Design01.a(ADC_SAR_1_theACLK.o)
 .ARM.attributes
                0x0000042e       0x21 .\CortexM3\ARM_GCC_541\Debug\Design01.a(CyBootAsmGnu.o)
 .ARM.attributes
                0x0000044f       0x33 .\CortexM3\ARM_GCC_541\Debug\Design01.a(CyFlash.o)
 .ARM.attributes
                0x00000482       0x33 .\CortexM3\ARM_GCC_541\Debug\Design01.a(CySpc.o)
 .ARM.attributes
                0x000004b5       0x1d d:/psoc/psoc creator/4.2/psoc creator/import/gnu/arm/5.4.1/bin/../lib/gcc/arm-none-eabi/5.4.1/armv7-m\libgcc.a(_arm_addsubdf3.o)
 .ARM.attributes
                0x000004d2       0x1d d:/psoc/psoc creator/4.2/psoc creator/import/gnu/arm/5.4.1/bin/../lib/gcc/arm-none-eabi/5.4.1/armv7-m\libgcc.a(_arm_muldivdf3.o)
 .ARM.attributes
                0x000004ef       0x1d d:/psoc/psoc creator/4.2/psoc creator/import/gnu/arm/5.4.1/bin/../lib/gcc/arm-none-eabi/5.4.1/armv7-m\libgcc.a(_arm_cmpdf2.o)
 .ARM.attributes
                0x0000050c       0x1d d:/psoc/psoc creator/4.2/psoc creator/import/gnu/arm/5.4.1/bin/../lib/gcc/arm-none-eabi/5.4.1/armv7-m\libgcc.a(_arm_fixdfsi.o)
 .ARM.attributes
                0x00000529       0x1d d:/psoc/psoc creator/4.2/psoc creator/import/gnu/arm/5.4.1/bin/../lib/gcc/arm-none-eabi/5.4.1/armv7-m\libgcc.a(_arm_addsubsf3.o)
 .ARM.attributes
                0x00000546       0x1d d:/psoc/psoc creator/4.2/psoc creator/import/gnu/arm/5.4.1/bin/../lib/gcc/arm-none-eabi/5.4.1/armv7-m\libgcc.a(_arm_muldivsf3.o)
 .ARM.attributes
                0x00000563       0x1d d:/psoc/psoc creator/4.2/psoc creator/import/gnu/arm/5.4.1/bin/../lib/gcc/arm-none-eabi/5.4.1/armv7-m\libgcc.a(_aeabi_ldivmod.o)
 .ARM.attributes
                0x00000580       0x2d d:/psoc/psoc creator/4.2/psoc creator/import/gnu/arm/5.4.1/bin/../lib/gcc/arm-none-eabi/5.4.1/armv7-m\libgcc.a(_udivmoddi4.o)
 .ARM.attributes
                0x000005ad       0x1d d:/psoc/psoc creator/4.2/psoc creator/import/gnu/arm/5.4.1/bin/../lib/gcc/arm-none-eabi/5.4.1/armv7-m\libgcc.a(_dvmd_tls.o)
 .ARM.attributes
                0x000005ca       0x2d d:/psoc/psoc creator/4.2/psoc creator/import/gnu/arm/5.4.1/bin/../lib/gcc/arm-none-eabi/5.4.1/../../../../arm-none-eabi/lib/armv7-m\libg_nano.a(lib_a-errno.o)
 .ARM.attributes
                0x000005f7       0x2d d:/psoc/psoc creator/4.2/psoc creator/import/gnu/arm/5.4.1/bin/../lib/gcc/arm-none-eabi/5.4.1/../../../../arm-none-eabi/lib/armv7-m\libg_nano.a(lib_a-exit.o)
 .ARM.attributes
                0x00000624       0x2d d:/psoc/psoc creator/4.2/psoc creator/import/gnu/arm/5.4.1/bin/../lib/gcc/arm-none-eabi/5.4.1/../../../../arm-none-eabi/lib/armv7-m\libg_nano.a(lib_a-impure.o)
 .ARM.attributes
                0x00000651       0x2d d:/psoc/psoc creator/4.2/psoc creator/import/gnu/arm/5.4.1/bin/../lib/gcc/arm-none-eabi/5.4.1/../../../../arm-none-eabi/lib/armv7-m\libg_nano.a(lib_a-init.o)
 .ARM.attributes
                0x0000067e       0x2d d:/psoc/psoc creator/4.2/psoc creator/import/gnu/arm/5.4.1/bin/../lib/gcc/arm-none-eabi/5.4.1/../../../../arm-none-eabi/lib/armv7-m\libg_nano.a(lib_a-memcpy-stub.o)
 .ARM.attributes
                0x000006ab       0x2d d:/psoc/psoc creator/4.2/psoc creator/import/gnu/arm/5.4.1/bin/../lib/gcc/arm-none-eabi/5.4.1/../../../../arm-none-eabi/lib/armv7-m\libg_nano.a(lib_a-memset.o)
 .ARM.attributes
                0x000006d8       0x2d d:/psoc/psoc creator/4.2/psoc creator/import/gnu/arm/5.4.1/bin/../lib/gcc/arm-none-eabi/5.4.1/armv7-m/crtend.o
 .ARM.attributes
                0x00000705       0x1d d:/psoc/psoc creator/4.2/psoc creator/import/gnu/arm/5.4.1/bin/../lib/gcc/arm-none-eabi/5.4.1/armv7-m/crtn.o

/DISCARD/
 *(.note.GNU-stack)
OUTPUT(C:\Users\legoc\Documents\School\Senior Year\Senior Project\Senior Project Integrated\Senior Project Integrated\Design01.cydsn\CortexM3\ARM_GCC_541\Debug\Design01.elf elf32-littlearm)
