Archive member included to satisfy reference by file (symbol)

.\CortexM3\ARM_GCC_541\Debug\Design01.a(CyLib.o)
                              .\CortexM3\ARM_GCC_541\Debug\Cm3Start.o (CyHalt)
.\CortexM3\ARM_GCC_541\Debug\Design01.a(cyPm.o)
                              .\CortexM3\ARM_GCC_541\Debug\Design01.a(CyLib.o) (CyPmReadStatus)
.\CortexM3\ARM_GCC_541\Debug\Design01.a(MOSI.o)
                              .\CortexM3\ARM_GCC_541\Debug\sd.o (MOSI_SetDriveMode)
.\CortexM3\ARM_GCC_541\Debug\Design01.a(CLK.o)
                              .\CortexM3\ARM_GCC_541\Debug\sd.o (CLK_SetDriveMode)
.\CortexM3\ARM_GCC_541\Debug\Design01.a(SS.o)
                              .\CortexM3\ARM_GCC_541\Debug\screen.o (SS_Write)
.\CortexM3\ARM_GCC_541\Debug\Design01.a(MISO.o)
                              .\CortexM3\ARM_GCC_541\Debug\sd.o (MISO_SetDriveMode)
.\CortexM3\ARM_GCC_541\Debug\Design01.a(D_C.o)
                              .\CortexM3\ARM_GCC_541\Debug\screen.o (D_C_Write)
.\CortexM3\ARM_GCC_541\Debug\Design01.a(Reset.o)
                              .\CortexM3\ARM_GCC_541\Debug\main.o (Reset_Write)
.\CortexM3\ARM_GCC_541\Debug\Design01.a(Clock.o)
                              .\CortexM3\ARM_GCC_541\Debug\main.o (Clock_Start)
.\CortexM3\ARM_GCC_541\Debug\Design01.a(SPIM.o)
                              .\CortexM3\ARM_GCC_541\Debug\screen.o (SPIM_WriteTxData)
.\CortexM3\ARM_GCC_541\Debug\Design01.a(VDAC8_DS.o)
                              .\CortexM3\ARM_GCC_541\Debug\main.o (VDAC8_DS_SetValue)
.\CortexM3\ARM_GCC_541\Debug\Design01.a(VDAC8_GS.o)
                              .\CortexM3\ARM_GCC_541\Debug\main.o (VDAC8_GS_SetValue)
.\CortexM3\ARM_GCC_541\Debug\Design01.a(ADC_SAR_1.o)
                              .\CortexM3\ARM_GCC_541\Debug\main.o (ADC_SAR_1_Start)
.\CortexM3\ARM_GCC_541\Debug\Design01.a(ADC_SAR_1_INT.o)
                              .\CortexM3\ARM_GCC_541\Debug\Design01.a(ADC_SAR_1.o) (ADC_SAR_1_ISR)
.\CortexM3\ARM_GCC_541\Debug\Design01.a(ADC_SAR_1_PM.o)
                              .\CortexM3\ARM_GCC_541\Debug\main.o (ADC_SAR_1_Sleep)
.\CortexM3\ARM_GCC_541\Debug\Design01.a(ADC_SAR_1_theACLK.o)
                              .\CortexM3\ARM_GCC_541\Debug\Design01.a(ADC_SAR_1.o) (ADC_SAR_1_theACLK_SetModeRegister)
.\CortexM3\ARM_GCC_541\Debug\Design01.a(I2C.o)
                              .\CortexM3\ARM_GCC_541\Debug\main.o (I2C_Start)
.\CortexM3\ARM_GCC_541\Debug\Design01.a(I2C_INT.o)
                              .\CortexM3\ARM_GCC_541\Debug\Design01.a(I2C.o) (I2C_ISR)
.\CortexM3\ARM_GCC_541\Debug\Design01.a(I2C_PM.o)
                              .\CortexM3\ARM_GCC_541\Debug\Design01.a(I2C.o) (I2C_backup)
.\CortexM3\ARM_GCC_541\Debug\Design01.a(I2C_MASTER.o)
                              .\CortexM3\ARM_GCC_541\Debug\Design01.a(I2C.o) (I2C_mstrStatus)
.\CortexM3\ARM_GCC_541\Debug\Design01.a(isr.o)
                              .\CortexM3\ARM_GCC_541\Debug\main.o (isr_SetPriority)
.\CortexM3\ARM_GCC_541\Debug\Design01.a(AMux_1.o)
                              .\CortexM3\ARM_GCC_541\Debug\main.o (AMux_1_Select)
.\CortexM3\ARM_GCC_541\Debug\Design01.a(AMux_2.o)
                              .\CortexM3\ARM_GCC_541\Debug\main.o (AMux_2_Select)
.\CortexM3\ARM_GCC_541\Debug\Design01.a(AMux_3.o)
                              .\CortexM3\ARM_GCC_541\Debug\main.o (AMux_3_Select)
.\CortexM3\ARM_GCC_541\Debug\Design01.a(emFile_1_mosi0.o)
                              .\CortexM3\ARM_GCC_541\Debug\sd.o (emFile_1_mosi0_SetDriveMode)
.\CortexM3\ARM_GCC_541\Debug\Design01.a(emFile_1_sclk0.o)
                              .\CortexM3\ARM_GCC_541\Debug\sd.o (emFile_1_sclk0_SetDriveMode)
.\CortexM3\ARM_GCC_541\Debug\Design01.a(CyBootAsmGnu.o)
                              .\CortexM3\ARM_GCC_541\Debug\cyfitter_cfg.o (CyDelayCycles)
.\CortexM3\ARM_GCC_541\Debug\Design01.a(CyFlash.o)
                              .\CortexM3\ARM_GCC_541\Debug\Design01.a(cyPm.o) (CyFlash_SetWaitCycles)
.\CortexM3\ARM_GCC_541\Debug\Design01.a(CySpc.o)
                              .\CortexM3\ARM_GCC_541\Debug\Design01.a(CyFlash.o) (CySpcStart)
.\emFile_V322c\LinkLibrary\PSoC5\GCC\libemf16nosnlfn.a(FS_Misc.o)
                              .\CortexM3\ARM_GCC_541\Debug\main.o (FS_Init)
.\emFile_V322c\LinkLibrary\PSoC5\GCC\libemf16nosnlfn.a(FS_Storage.o)
                              .\emFile_V322c\LinkLibrary\PSoC5\GCC\libemf16nosnlfn.a(FS_Misc.o) (FS__FindVolume)
.\emFile_V322c\LinkLibrary\PSoC5\GCC\libemf16nosnlfn.a(FS_Unmount.o)
                              .\emFile_V322c\LinkLibrary\PSoC5\GCC\libemf16nosnlfn.a(FS_Misc.o) (FS__UnmountForcedNL)
.\emFile_V322c\LinkLibrary\PSoC5\GCC\libemf16nosnlfn.a(FS_Volume.o)
                              .\emFile_V322c\LinkLibrary\PSoC5\GCC\libemf16nosnlfn.a(FS_Misc.o) (FS__AutoMount)
.\emFile_V322c\LinkLibrary\PSoC5\GCC\libemf16nosnlfn.a(FS_Write.o)
                              .\CortexM3\ARM_GCC_541\Debug\main.o (FS_Write)
.\emFile_V322c\LinkLibrary\PSoC5\GCC\libemf16nosnlfn.a(FAT_CheckDisk.o)
[...]
Memory Configuration

Name             Origin             Length             Attributes
rom              0x00000000         0x00040000         xr
ram              0x1fff8000         0x00010000         xrw
*default*        0x00000000         0xffffffff

Linker script and memory map

LOAD c:/program files (x86)/cypress/psoc creator/4.2/psoc creator/import/gnu/arm/5.4.1/bin/../lib/gcc/arm-none-eabi/5.4.1/armv7-m/crti.o
LOAD c:/program files (x86)/cypress/psoc creator/4.2/psoc creator/import/gnu/arm/5.4.1/bin/../lib/gcc/arm-none-eabi/5.4.1/armv7-m/crtbegin.o
LOAD c:/program files (x86)/cypress/psoc creator/4.2/psoc creator/import/gnu/arm/5.4.1/bin/../lib/gcc/arm-none-eabi/5.4.1/../../../../arm-none-eabi/lib/armv7-m/crt0.o
START GROUP
LOAD .\CortexM3\ARM_GCC_541\Debug\main.o
LOAD .\CortexM3\ARM_GCC_541\Debug\screen.o
LOAD .\CortexM3\ARM_GCC_541\Debug\font.o
LOAD .\CortexM3\ARM_GCC_541\Debug\sd.o
LOAD .\CortexM3\ARM_GCC_541\Debug\uifunctions.o
LOAD .\CortexM3\ARM_GCC_541\Debug\cyfitter_cfg.o
LOAD .\CortexM3\ARM_GCC_541\Debug\cymetadata.o
LOAD .\CortexM3\ARM_GCC_541\Debug\Cm3Start.o
LOAD .\CortexM3\ARM_GCC_541\Debug\Design01.a
LOAD C:\Program Files (x86)\Cypress\PSoC Creator\4.2\PSoC Creator\psoc\content\cycomponentlibrary\CyComponentLibrary.cylib\CortexM3\ARM_GCC_541\Debug\CyComponentLibrary.a
LOAD .\emFile_V322c\LinkLibrary\PSoC5\GCC\libemf16nosnlfn.a
END GROUP
START GROUP
LOAD c:/program files (x86)/cypress/psoc creator/4.2/psoc creator/import/gnu/arm/5.4.1/bin/../lib/gcc/arm-none-eabi/5.4.1/armv7-m\libgcc.a
LOAD c:/program files (x86)/cypress/psoc creator/4.2/psoc creator/import/gnu/arm/5.4.1/bin/../lib/gcc/arm-none-eabi/5.4.1/../../../../arm-none-eabi/lib/armv7-m\libg_nano.a
LOAD c:/program files (x86)/cypress/psoc creator/4.2/psoc creator/import/gnu/arm/5.4.1/bin/../lib/gcc/arm-none-eabi/5.4.1/../../../../arm-none-eabi/lib/armv7-m\libc_nano.a
END GROUP
START GROUP
LOAD c:/program files (x86)/cypress/psoc creator/4.2/psoc creator/import/gnu/arm/5.4.1/bin/../lib/gcc/arm-none-eabi/5.4.1/armv7-m\libgcc.a
LOAD c:/program files (x86)/cypress/psoc creator/4.2/psoc creator/import/gnu/arm/5.4.1/bin/../lib/gcc/arm-none-eabi/5.4.1/../../../../arm-none-eabi/lib/armv7-m\libc_nano.a
END GROUP
LOAD c:/program files (x86)/cypress/psoc creator/4.2/psoc creator/import/gnu/arm/5.4.1/bin/../lib/gcc/arm-none-eabi/5.4.1/armv7-m/crtend.o
LOAD c:/program files (x86)/cypress/psoc creator/4.2/psoc creator/import/gnu/arm/5.4.1/bin/../lib/gcc/arm-none-eabi/5.4.1/armv7-m/crtn.o
START GROUP
LOAD c:/program files (x86)/cypress/psoc creator/4.2/psoc creator/import/gnu/arm/5.4.1/bin/../lib/gcc/arm-none-eabi/5.4.1/armv7-m\libgcc.a
LOAD c:/program files (x86)/cypress/psoc creator/4.2/psoc creator/import/gnu/arm/5.4.1/bin/../lib/gcc/arm-none-eabi/5.4.1/../../../../arm-none-eabi/lib/armv7-m\libc.a
LOAD c:/program files (x86)/cypress/psoc creator/4.2/psoc creator/import/gnu/arm/5.4.1/bin/../lib/gcc/arm-none-eabi/5.4.1/../../../../arm-none-eabi/lib/armv7-m\libnosys.a
END GROUP
                0x00000000                CY_APPL_ORIGIN = 0x0
                0x00000100                CY_FLASH_ROW_SIZE = 0x100
                0x00000020                CY_ECC_ROW_SIZE = 0x20
                0x00000000                CY_EE_IN_BTLDR = 0x0
                0x00000000                CY_APPL_LOADABLE = 0x0
                0x00000800                CY_EE_SIZE = 0x800
                0x00000001                CY_APPL_NUM = 0x1
                0x00000001                CY_APPL_MAX = 0x1
                0x00000040                CY_METADATA_SIZE = 0x40
                0x00000000                CY_APPL_LOADABLE = 0x0
                0x00000000                CY_CHECKSUM_EXCLUDE_SIZE = ALIGN (0x0, CY_FLASH_ROW_SIZE)
                [!provide]                PROVIDE (__cy_heap_start, _end)
                0x00000001                PROVIDE (__cy_region_num, ((__cy_regions_end - __cy_regions) / 0x10))
                0x20008000                PROVIDE (__cy_stack, (ORIGIN (ram) + LENGTH (ram)))
                [!provide]                PROVIDE (__cy_heap_end, (__cy_stack - 0x800))

.cybootloader   0x00000000        0x0
 *(.cybootloader)
                0x00000000                appl1_start = CY_APPL_ORIGIN?CY_APPL_ORIGIN:ALIGN (CY_FLASH_ROW_SIZE)
                0x0001ff00                appl2_start = (appl1_start + ALIGN ((((LENGTH (rom) - appl1_start) - (0x2 * CY_FLASH_ROW_SIZE)) / 0x2), CY_FLASH_ROW_SIZE))
                0x00000000                appl_start = (CY_APPL_NUM == 0x1)?appl1_start:appl2_start
                0x00000000                ecc_offset = ((appl_start / CY_FLASH_ROW_SIZE) * CY_ECC_ROW_SIZE)
                0x00000000                ee_offset = (CY_APPL_LOADABLE && ! (CY_EE_IN_BTLDR))?((CY_EE_SIZE / CY_APPL_MAX) * (CY_APPL_NUM - 0x1)):0x0
                0x00000800                ee_size = (CY_APPL_LOADABLE && ! (CY_EE_IN_BTLDR))?(CY_EE_SIZE / CY_APPL_MAX):CY_EE_SIZE
                [!provide]                PROVIDE (CY_ECC_OFFSET, ecc_offset)

.text           0x00000000     0x9844
 CREATE_OBJECT_SYMBOLS
                0x00000000                PROVIDE (__cy_interrupt_vector, RomVectors)
 *(.romvectors)
 .romvectors    0x00000000       0x10 .\CortexM3\ARM_GCC_541\Debug\Cm3Start.o
                0x00000000                RomVectors
                0x00000001                ASSERT ((. != __cy_interrupt_vector), No interrupt vector)
                0x00000001                ASSERT (CY_APPL_ORIGIN?(SIZEOF (.cybootloader) <= CY_APPL_ORIGIN):0x1, Wrong image location)
                0x00000010                PROVIDE (__cy_reset, Reset)
 *(.text.Reset)
 .text.Reset    0x00000010       0x18 .\CortexM3\ARM_GCC_541\Debug\Cm3Start.o
                0x00000010                Reset
                0x00000001                ASSERT ((. != __cy_reset), No reset code)
 *(.dma_init)
                0x00000001                ASSERT ((((appl_start + .) <= 0x10000) || 0x1), DMA Init must be within the first 64k of flash)
 *(.text .text.* .gnu.linkonce.t.*)
 .text          0x00000028       0x5c c:/program files (x86)/cypress/psoc creator/4.2/psoc creator/import/gnu/arm/5.4.1/bin/../lib/gcc/arm-none-eabi/5.4.1/armv7-m/crtbegin.o
 .text.set_transistor_test_type
                0x00000084       0x38 .\CortexM3\ARM_GCC_541\Debug\main.o
                0x00000084                set_transistor_test_type
 .text.single_test
                0x000000bc       0x70 .\CortexM3\ARM_GCC_541\Debug\main.o
                0x000000bc                single_test
 .text.single_test_preset_vds
                0x0000012c       0x48 .\CortexM3\ARM_GCC_541\Debug\main.o
                0x0000012c                single_test_preset_vds
 .text.vgs_th_find
                0x00000174       0x38 .\CortexM3\ARM_GCC_541\Debug\main.o
                0x00000174                vgs_th_find
 .text.vgs_max_id_find
                0x000001ac       0x40 .\CortexM3\ARM_GCC_541\Debug\main.o
                0x000001ac                vgs_max_id_find
 *fill*         0x000001ec        0x4 
 .text.run_test
                0x000001f0      0x244 .\CortexM3\ARM_GCC_541\Debug\main.o
                0x000001f0                run_test
 *fill*         0x00000434        0x4 
 .text.main     0x00000438      0x3d8 .\CortexM3\ARM_GCC_541\Debug\main.o
                0x00000438                main
 .text.writecommand
                0x00000810       0x24 .\CortexM3\ARM_GCC_541\Debug\screen.o
                0x00000810                writecommand
 .text.writedata
                0x00000834       0x24 .\CortexM3\ARM_GCC_541\Debug\screen.o
                0x00000834                writedata
 .text.setAddrWindow
                0x00000858       0xc0 .\CortexM3\ARM_GCC_541\Debug\screen.o
                0x00000858                setAddrWindow
 .text.draw_rect
                0x00000918       0x90 .\CortexM3\ARM_GCC_541\Debug\screen.o
                0x00000918                draw_rect
 .text.fill_rect
                0x000009a8       0x2c .\CortexM3\ARM_GCC_541\Debug\screen.o
                0x000009a8                fill_rect
 .text.fill_screen
                0x000009d4       0x1c .\CortexM3\ARM_GCC_541\Debug\screen.o
                0x000009d4                fill_screen
 .text.StartScreen
                0x000009f0       0x40 .\CortexM3\ARM_GCC_541\Debug\screen.o
                0x000009f0                StartScreen
 .text.change_pixel
                0x00000a30       0x50 .\CortexM3\ARM_GCC_541\Debug\screen.o
                0x00000a30                change_pixel
 .text.draw_pixel
                0x00000a80       0x18 .\CortexM3\ARM_GCC_541\Debug\screen.o
                0x00000a80                draw_pixel
 .text.write_line
                0x00000a98       0xc0 .\CortexM3\ARM_GCC_541\Debug\screen.o
                0x00000a98                write_line
 .text.drawFastHLine
                0x00000b58       0x18 .\CortexM3\ARM_GCC_541\Debug\screen.o
                0x00000b58                drawFastHLine
 .text.drawFastVLine
                0x00000b70       0x18 .\CortexM3\ARM_GCC_541\Debug\screen.o
                0x00000b70                drawFastVLine
 .text.draw_line
                0x00000b88       0x4c .\CortexM3\ARM_GCC_541\Debug\screen.o
                0x00000b88                draw_line
 .text.fill_circle_helper
                0x00000bd4      0x110 .\CortexM3\ARM_GCC_541\Debug\screen.o
                0x00000bd4                fill_circle_helper
 .text.fill_circle
                0x00000ce4       0x34 .\CortexM3\ARM_GCC_541\Debug\screen.o
                0x00000ce4                fill_circle
 .text.draw_button
                0x00000d18      0x150 .\CortexM3\ARM_GCC_541\Debug\screen.o
                0x00000d18                draw_button
 .text.draw_coordinates
                0x00000e68      0x1b8 .\CortexM3\ARM_GCC_541\Debug\screen.o
                0x00000e68                draw_coordinates
 .text.draw_choose_screen
                0x00001020       0xe4 .\CortexM3\ARM_GCC_541\Debug\screen.o
                0x00001020                draw_choose_screen
 .text.draw_options_screen
                0x00001104      0x128 .\CortexM3\ARM_GCC_541\Debug\screen.o
                0x00001104                draw_options_screen
 .text.draw_more_options_screen
                0x0000122c      0x11c .\CortexM3\ARM_GCC_541\Debug\screen.o
                0x0000122c                draw_more_options_screen
 .text.draw_options_averages_screen
                0x00001348      0x10c .\CortexM3\ARM_GCC_541\Debug\screen.o
                0x00001348                draw_options_averages_screen
 .text.draw_options_sd_screen
                0x00001454      0x130 .\CortexM3\ARM_GCC_541\Debug\screen.o
                0x00001454                draw_options_sd_screen
 .text.draw_options_curves_screen
                0x00001584       0xac .\CortexM3\ARM_GCC_541\Debug\screen.o
                0x00001584                draw_options_curves_screen
 .text.draw_options_grid_screen
                0x00001630      0x130 .\CortexM3\ARM_GCC_541\Debug\screen.o
                0x00001630                draw_options_grid_screen
 .text.draw_options_cooldown_screen
                0x00001760      0x180 .\CortexM3\ARM_GCC_541\Debug\screen.o
                0x00001760                draw_options_cooldown_screen
 .text.draw_vds_options_screen
                0x000018e0       0xac .\CortexM3\ARM_GCC_541\Debug\screen.o
                0x000018e0                draw_vds_options_screen
 .text.draw_warning_screen
                0x0000198c       0x4c .\CortexM3\ARM_GCC_541\Debug\screen.o
                0x0000198c                draw_warning_screen
 .text.draw_debug_screen
                0x000019d8      0x2b0 .\CortexM3\ARM_GCC_541\Debug\screen.o
                0x000019d8                draw_debug_screen
 .text.draw_character
                0x00001c88       0x8c .\CortexM3\ARM_GCC_541\Debug\font.o
                0x00001c88                draw_character
 .text.draw_string
                0x00001d14      0x324 .\CortexM3\ARM_GCC_541\Debug\font.o
                0x00001d14                draw_string
 .text.spi_device_select
                0x00002038       0x4c .\CortexM3\ARM_GCC_541\Debug\sd.o
                0x00002038                spi_device_select
 .text.create_file_with_text
                0x00002084       0x28 .\CortexM3\ARM_GCC_541\Debug\sd.o
                0x00002084                create_file_with_text
 .text.append_file
                0x000020ac       0x28 .\CortexM3\ARM_GCC_541\Debug\sd.o
                0x000020ac                append_file
 .text.write_header_info
                0x000020d4      0x17c .\CortexM3\ARM_GCC_541\Debug\sd.o
                0x000020d4                write_header_info
 .text.write_data
                0x00002250       0xd8 .\CortexM3\ARM_GCC_541\Debug\sd.o
                0x00002250                write_data
 .text.ui_control
                0x00002328      0xa70 .\CortexM3\ARM_GCC_541\Debug\uifunctions.o
                0x00002328                ui_control
 .text.CyClockStartupError
                0x00002d98        0x4 .\CortexM3\ARM_GCC_541\Debug\cyfitter_cfg.o
 .text.cfg_write_bytes32
                0x00002d9c       0x34 .\CortexM3\ARM_GCC_541\Debug\cyfitter_cfg.o
 .text.CYMEMZERO
                0x00002dd0        0xc .\CortexM3\ARM_GCC_541\Debug\cyfitter_cfg.o
 .text.AnalogSetDefault
                0x00002ddc       0x88 .\CortexM3\ARM_GCC_541\Debug\cyfitter_cfg.o
 .text.CYCONFIGCPY
                0x00002e64        0x8 .\CortexM3\ARM_GCC_541\Debug\cyfitter_cfg.o
 .text.ClockSetup
                0x00002e6c       0xf0 .\CortexM3\ARM_GCC_541\Debug\cyfitter_cfg.o
 .text.AMux_1_Set
                0x00002f5c       0x1c .\CortexM3\ARM_GCC_541\Debug\cyfitter_cfg.o
                0x00002f5c                AMux_1_Set
 .text.AMux_1_Unset
                0x00002f78       0x1c .\CortexM3\ARM_GCC_541\Debug\cyfitter_cfg.o
                0x00002f78                AMux_1_Unset
 .text.AMux_2_Set
                0x00002f94       0x1c .\CortexM3\ARM_GCC_541\Debug\cyfitter_cfg.o
                0x00002f94                AMux_2_Set
 .text.AMux_2_Unset
                0x00002fb0       0x20 .\CortexM3\ARM_GCC_541\Debug\cyfitter_cfg.o
                0x00002fb0                AMux_2_Unset
 .text.AMux_3_Set
                0x00002fd0       0x20 .\CortexM3\ARM_GCC_541\Debug\cyfitter_cfg.o
                0x00002fd0                AMux_3_Set
 .text.AMux_3_Unset
                0x00002ff0       0x20 .\CortexM3\ARM_GCC_541\Debug\cyfitter_cfg.o
                0x00002ff0                AMux_3_Unset
 .text.cyfitter_cfg
                0x00003010      0x130 .\CortexM3\ARM_GCC_541\Debug\cyfitter_cfg.o
                0x00003010                cyfitter_cfg
 .text.IntDefaultHandler
                0x00003140       0x10 .\CortexM3\ARM_GCC_541\Debug\Cm3Start.o
                0x00003140                IntDefaultHandler
 .text._sbrk    0x00003150       0x30 .\CortexM3\ARM_GCC_541\Debug\Cm3Start.o
                0x00003150                _sbrk
 .text.Start_c  0x00003180       0x4c .\CortexM3\ARM_GCC_541\Debug\Cm3Start.o
                0x00003180                Start_c
 .text.initialize_psoc
                0x000031cc       0x68 .\CortexM3\ARM_GCC_541\Debug\Cm3Start.o
                0x000031cc                initialize_psoc
 .text.CyHalt   0x00003234        0x4 .\CortexM3\ARM_GCC_541\Debug\Design01.a(CyLib.o)
                0x00003234                CyHalt
 .text.CyDelay  0x00003238       0x2c .\CortexM3\ARM_GCC_541\Debug\Design01.a(CyLib.o)
                0x00003238                CyDelay
 .text.CyDelayUs
                0x00003264       0x14 .\CortexM3\ARM_GCC_541\Debug\Design01.a(CyLib.o)
                0x00003264                CyDelayUs
 .text.CyIntSetVector
                0x00003278       0x28 .\CortexM3\ARM_GCC_541\Debug\Design01.a(CyLib.o)
                0x00003278                CyIntSetVector
 .text.CyIntSetPriority
                0x000032a0       0x30 .\CortexM3\ARM_GCC_541\Debug\Design01.a(CyLib.o)
                0x000032a0                CyIntSetPriority
 .text.MOSI_SetDriveMode
                0x000032d0       0x18 .\CortexM3\ARM_GCC_541\Debug\Design01.a(MOSI.o)
                0x000032d0                MOSI_SetDriveMode
 .text.CLK_SetDriveMode
                0x000032e8       0x18 .\CortexM3\ARM_GCC_541\Debug\Design01.a(CLK.o)
                0x000032e8                CLK_SetDriveMode
 .text.SS_Write
                0x00003300       0x18 .\CortexM3\ARM_GCC_541\Debug\Design01.a(SS.o)
                0x00003300                SS_Write
 .text.SS_Read  0x00003318       0x10 .\CortexM3\ARM_GCC_541\Debug\Design01.a(SS.o)
                0x00003318                SS_Read
 .text.MISO_SetDriveMode
                0x00003328       0x18 .\CortexM3\ARM_GCC_541\Debug\Design01.a(MISO.o)
                0x00003328                MISO_SetDriveMode
 .text.D_C_Write
                0x00003340       0x18 .\CortexM3\ARM_GCC_541\Debug\Design01.a(D_C.o)
                0x00003340                D_C_Write
 .text.Reset_Write
                0x00003358       0x18 .\CortexM3\ARM_GCC_541\Debug\Design01.a(Reset.o)
                0x00003358                Reset_Write
 .text.Clock_Start
                0x00003370       0x1c .\CortexM3\ARM_GCC_541\Debug\Design01.a(Clock.o)
                0x00003370                Clock_Start
 .text.SPIM_Enable
                0x0000338c       0x30 .\CortexM3\ARM_GCC_541\Debug\Design01.a(SPIM.o)
                0x0000338c                SPIM_Enable
 .text.SPIM_ReadTxStatus
                0x000033bc        0xc .\CortexM3\ARM_GCC_541\Debug\Design01.a(SPIM.o)
                0x000033bc                SPIM_ReadTxStatus
 .text.SPIM_ReadRxStatus
                0x000033c8        0xc .\CortexM3\ARM_GCC_541\Debug\Design01.a(SPIM.o)
                0x000033c8                SPIM_ReadRxStatus
 .text.SPIM_WriteTxData
                0x000033d4       0x18 .\CortexM3\ARM_GCC_541\Debug\Design01.a(SPIM.o)
                0x000033d4                SPIM_WriteTxData
 .text.SPIM_ClearFIFO
                0x000033ec       0x3c .\CortexM3\ARM_GCC_541\Debug\Design01.a(SPIM.o)
                0x000033ec                SPIM_ClearFIFO
 .text.SPIM_Init
                0x00003428       0x28 .\CortexM3\ARM_GCC_541\Debug\Design01.a(SPIM.o)
                0x00003428                SPIM_Init
 .text.SPIM_Start
                0x00003450       0x1c .\CortexM3\ARM_GCC_541\Debug\Design01.a(SPIM.o)
                0x00003450                SPIM_Start
 .text.VDAC8_DS_Enable
                0x0000346c       0x1c .\CortexM3\ARM_GCC_541\Debug\Design01.a(VDAC8_DS.o)
                0x0000346c                VDAC8_DS_Enable
 .text.VDAC8_DS_SetSpeed
                0x00003488       0x1c .\CortexM3\ARM_GCC_541\Debug\Design01.a(VDAC8_DS.o)
                0x00003488                VDAC8_DS_SetSpeed
 .text.VDAC8_DS_SetValue
                0x000034a4        0xc .\CortexM3\ARM_GCC_541\Debug\Design01.a(VDAC8_DS.o)
                0x000034a4                VDAC8_DS_SetValue
 .text.VDAC8_DS_DacTrim
                0x000034b0       0x24 .\CortexM3\ARM_GCC_541\Debug\Design01.a(VDAC8_DS.o)
                0x000034b0                VDAC8_DS_DacTrim
 .text.VDAC8_DS_SetRange
                0x000034d4       0x20 .\CortexM3\ARM_GCC_541\Debug\Design01.a(VDAC8_DS.o)
                0x000034d4                VDAC8_DS_SetRange
 .text.VDAC8_DS_Init
                0x000034f4       0x20 .\CortexM3\ARM_GCC_541\Debug\Design01.a(VDAC8_DS.o)
                0x000034f4                VDAC8_DS_Init
 .text.VDAC8_DS_Start
                0x00003514       0x24 .\CortexM3\ARM_GCC_541\Debug\Design01.a(VDAC8_DS.o)
                0x00003514                VDAC8_DS_Start
 .text.VDAC8_GS_Enable
                0x00003538       0x1c .\CortexM3\ARM_GCC_541\Debug\Design01.a(VDAC8_GS.o)
                0x00003538                VDAC8_GS_Enable
 .text.VDAC8_GS_SetSpeed
                0x00003554       0x1c .\CortexM3\ARM_GCC_541\Debug\Design01.a(VDAC8_GS.o)
                0x00003554                VDAC8_GS_SetSpeed
 .text.VDAC8_GS_SetValue
                0x00003570        0xc .\CortexM3\ARM_GCC_541\Debug\Design01.a(VDAC8_GS.o)
                0x00003570                VDAC8_GS_SetValue
 .text.VDAC8_GS_DacTrim
                0x0000357c       0x24 .\CortexM3\ARM_GCC_541\Debug\Design01.a(VDAC8_GS.o)
                0x0000357c                VDAC8_GS_DacTrim
 .text.VDAC8_GS_SetRange
                0x000035a0       0x20 .\CortexM3\ARM_GCC_541\Debug\Design01.a(VDAC8_GS.o)
                0x000035a0                VDAC8_GS_SetRange
 .text.VDAC8_GS_Init
                0x000035c0       0x20 .\CortexM3\ARM_GCC_541\Debug\Design01.a(VDAC8_GS.o)
                0x000035c0                VDAC8_GS_Init
 .text.VDAC8_GS_Start
                0x000035e0       0x24 .\CortexM3\ARM_GCC_541\Debug\Design01.a(VDAC8_GS.o)
                0x000035e0                VDAC8_GS_Start
 .text.ADC_SAR_1_CalcGain
                0x00003604       0x5c .\CortexM3\ARM_GCC_541\Debug\Design01.a(ADC_SAR_1.o)
 .text.ADC_SAR_1_Enable
                0x00003660       0x94 .\CortexM3\ARM_GCC_541\Debug\Design01.a(ADC_SAR_1.o)
                0x00003660                ADC_SAR_1_Enable
 .text.ADC_SAR_1_Stop
                0x000036f4       0x48 .\CortexM3\ARM_GCC_541\Debug\Design01.a(ADC_SAR_1.o)
                0x000036f4                ADC_SAR_1_Stop
 .text.ADC_SAR_1_SetResolution
                0x0000373c       0x38 .\CortexM3\ARM_GCC_541\Debug\Design01.a(ADC_SAR_1.o)
                0x0000373c                ADC_SAR_1_SetResolution
 .text.ADC_SAR_1_Init
                0x00003774       0x3c .\CortexM3\ARM_GCC_541\Debug\Design01.a(ADC_SAR_1.o)
                0x00003774                ADC_SAR_1_Init
 .text.ADC_SAR_1_Start
                0x000037b0       0x1c .\CortexM3\ARM_GCC_541\Debug\Design01.a(ADC_SAR_1.o)
                0x000037b0                ADC_SAR_1_Start
 .text.ADC_SAR_1_StartConvert
                0x000037cc       0x18 .\CortexM3\ARM_GCC_541\Debug\Design01.a(ADC_SAR_1.o)
                0x000037cc                ADC_SAR_1_StartConvert
 .text.ADC_SAR_1_StopConvert
                0x000037e4       0x18 .\CortexM3\ARM_GCC_541\Debug\Design01.a(ADC_SAR_1.o)
                0x000037e4                ADC_SAR_1_StopConvert
 .text.ADC_SAR_1_IsEndConversion
                0x000037fc       0x24 .\CortexM3\ARM_GCC_541\Debug\Design01.a(ADC_SAR_1.o)
                0x000037fc                ADC_SAR_1_IsEndConversion
 .text.ADC_SAR_1_GetResult16
                0x00003820       0x18 .\CortexM3\ARM_GCC_541\Debug\Design01.a(ADC_SAR_1.o)
                0x00003820                ADC_SAR_1_GetResult16
 .text.ADC_SAR_1_CountsTo_mVolts
                0x00003838       0x58 .\CortexM3\ARM_GCC_541\Debug\Design01.a(ADC_SAR_1.o)
                0x00003838                ADC_SAR_1_CountsTo_mVolts
 .text.ADC_SAR_1_ISR
                0x00003890        0x4 .\CortexM3\ARM_GCC_541\Debug\Design01.a(ADC_SAR_1_INT.o)
                0x00003890                ADC_SAR_1_ISR
 .text.ADC_SAR_1_Sleep
                0x00003894       0x40 .\CortexM3\ARM_GCC_541\Debug\Design01.a(ADC_SAR_1_PM.o)
                0x00003894                ADC_SAR_1_Sleep
 .text.ADC_SAR_1_Wakeup
                0x000038d4       0x20 .\CortexM3\ARM_GCC_541\Debug\Design01.a(ADC_SAR_1_PM.o)
                0x000038d4                ADC_SAR_1_Wakeup
 .text.ADC_SAR_1_theACLK_SetModeRegister
                0x000038f4       0x14 .\CortexM3\ARM_GCC_541\Debug\Design01.a(ADC_SAR_1_theACLK.o)
                0x000038f4                ADC_SAR_1_theACLK_SetModeRegister
 .text.I2C_Init
                0x00003908       0x68 .\CortexM3\ARM_GCC_541\Debug\Design01.a(I2C.o)
                0x00003908                I2C_Init
 .text.I2C_Enable
                0x00003970       0x24 .\CortexM3\ARM_GCC_541\Debug\Design01.a(I2C.o)
                0x00003970                I2C_Enable
 .text.I2C_Start
                0x00003994       0x28 .\CortexM3\ARM_GCC_541\Debug\Design01.a(I2C.o)
                0x00003994                I2C_Start
 .text.I2C_Stop
                0x000039bc       0xb4 .\CortexM3\ARM_GCC_541\Debug\Design01.a(I2C.o)
                0x000039bc                I2C_Stop
 .text.I2C_ISR  0x00003a70      0x2d0 .\CortexM3\ARM_GCC_541\Debug\Design01.a(I2C_INT.o)
                0x00003a70                I2C_ISR
 .text.I2C_MasterSendStart
                0x00003d40       0x80 .\CortexM3\ARM_GCC_541\Debug\Design01.a(I2C_MASTER.o)
                0x00003d40                I2C_MasterSendStart
 .text.I2C_MasterSendRestart
                0x00003dc0       0x6c .\CortexM3\ARM_GCC_541\Debug\Design01.a(I2C_MASTER.o)
                0x00003dc0                I2C_MasterSendRestart
 .text.I2C_MasterSendStop
                0x00003e2c       0x38 .\CortexM3\ARM_GCC_541\Debug\Design01.a(I2C_MASTER.o)
                0x00003e2c                I2C_MasterSendStop
 .text.I2C_MasterWriteByte
                0x00003e64       0x58 .\CortexM3\ARM_GCC_541\Debug\Design01.a(I2C_MASTER.o)
                0x00003e64                I2C_MasterWriteByte
 .text.I2C_MasterReadByte
                0x00003ebc       0x58 .\CortexM3\ARM_GCC_541\Debug\Design01.a(I2C_MASTER.o)
                0x00003ebc                I2C_MasterReadByte
 .text.get_touch
                0x00003f14       0x6c .\CortexM3\ARM_GCC_541\Debug\Design01.a(isr.o)
                0x00003f14                get_touch
 .text.isr_SetVector
                0x00003f80        0xc .\CortexM3\ARM_GCC_541\Debug\Design01.a(isr.o)
                0x00003f80                isr_SetVector
 .text.isr_SetPriority
                0x00003f8c       0x10 .\CortexM3\ARM_GCC_541\Debug\Design01.a(isr.o)
                0x00003f8c                isr_SetPriority
 .text.isr_Enable
                0x00003f9c        0xc .\CortexM3\ARM_GCC_541\Debug\Design01.a(isr.o)
                0x00003f9c                isr_Enable
 .text.isr_Disable
                0x00003fa8        0xc .\CortexM3\ARM_GCC_541\Debug\Design01.a(isr.o)
                0x00003fa8                isr_Disable
 .text.isr_Start
                0x00003fb4       0x1c .\CortexM3\ARM_GCC_541\Debug\Design01.a(isr.o)
                0x00003fb4                isr_Start
 .text.isr_ClearPending
                0x00003fd0        0xc .\CortexM3\ARM_GCC_541\Debug\Design01.a(isr.o)
                0x00003fd0                isr_ClearPending
 .text.isr_Interrupt
                0x00003fdc       0x20 .\CortexM3\ARM_GCC_541\Debug\Design01.a(isr.o)
                0x00003fdc                isr_Interrupt
 .text.AMux_1_Start
                0x00003ffc       0x20 .\CortexM3\ARM_GCC_541\Debug\Design01.a(AMux_1.o)
                0x00003ffc                AMux_1_Start
 .text.AMux_1_Select
                0x0000401c       0x18 .\CortexM3\ARM_GCC_541\Debug\Design01.a(AMux_1.o)
                0x0000401c                AMux_1_Select
 .text.AMux_2_Start
                0x00004034       0x20 .\CortexM3\ARM_GCC_541\Debug\Design01.a(AMux_2.o)
                0x00004034                AMux_2_Start
 .text.AMux_2_Select
                0x00004054       0x18 .\CortexM3\ARM_GCC_541\Debug\Design01.a(AMux_2.o)
                0x00004054                AMux_2_Select
 .text.AMux_3_Start
                0x0000406c       0x20 .\CortexM3\ARM_GCC_541\Debug\Design01.a(AMux_3.o)
                0x0000406c                AMux_3_Start
 .text.AMux_3_Select
                0x0000408c       0x18 .\CortexM3\ARM_GCC_541\Debug\Design01.a(AMux_3.o)
                0x0000408c                AMux_3_Select
 .text.emFile_1_mosi0_SetDriveMode
                0x000040a4       0x18 .\CortexM3\ARM_GCC_541\Debug\Design01.a(emFile_1_mosi0.o)
                0x000040a4                emFile_1_mosi0_SetDriveMode
 .text.emFile_1_sclk0_SetDriveMode
                0x000040bc       0x18 .\CortexM3\ARM_GCC_541\Debug\Design01.a(emFile_1_sclk0.o)
                0x000040bc                emFile_1_sclk0_SetDriveMode
 *fill*         0x000040d4        0x4 
 .text          0x000040d8       0x20 .\CortexM3\ARM_GCC_541\Debug\Design01.a(CyBootAsmGnu.o)
                0x000040d8                CyDelayCycles
                0x000040e8                CyEnterCriticalSection
                0x000040f0                CyExitCriticalSection
 .text.FS__AllocSectorBuffer
                0x000040f8       0x2c .\emFile_V322c\LinkLibrary\PSoC5\GCC\libemf16nosnlfn.a(FS_Misc.o)
                0x000040f8                FS__AllocSectorBuffer
 .text.FS__FreeSectorBuffer
                0x00004124       0x28 .\emFile_V322c\LinkLibrary\PSoC5\GCC\libemf16nosnlfn.a(FS_Misc.o)
                0x00004124                FS__FreeSectorBuffer
 .text.FS__SB_MarkDirty
                0x0000414c        0x6 .\emFile_V322c\LinkLibrary\PSoC5\GCC\libemf16nosnlfn.a(FS_Misc.o)
                0x0000414c                FS__SB_MarkDirty
 .text.FS__SB_MarkNotDirty
                0x00004152        0x6 .\emFile_V322c\LinkLibrary\PSoC5\GCC\libemf16nosnlfn.a(FS_Misc.o)
                0x00004152                FS__SB_MarkNotDirty
 .text.FS__FreeFileHandle
                0x00004158        0xa .\emFile_V322c\LinkLibrary\PSoC5\GCC\libemf16nosnlfn.a(FS_Misc.o)
                0x00004158                FS__FreeFileHandle
 .text.FS__FreeFileObj
                0x00004162        0xc .\emFile_V322c\LinkLibrary\PSoC5\GCC\libemf16nosnlfn.a(FS_Misc.o)
                0x00004162                FS__FreeFileObj
 *fill*         0x0000416e        0x2 
 .text.FS_Init  0x00004170       0x58 .\emFile_V322c\LinkLibrary\PSoC5\GCC\libemf16nosnlfn.a(FS_Misc.o)
                0x00004170                FS_Init
 .text.FS__SB_Create
                0x000041c8       0x28 .\emFile_V322c\LinkLibrary\PSoC5\GCC\libemf16nosnlfn.a(FS_Misc.o)
                0x000041c8                FS__SB_Create
 .text.FS__FCloseNL
                0x000041f0       0x1e .\emFile_V322c\LinkLibrary\PSoC5\GCC\libemf16nosnlfn.a(FS_Misc.o)
                0x000041f0                FS__FCloseNL
 .text.FS__FClose
                0x0000420e       0x1a .\emFile_V322c\LinkLibrary\PSoC5\GCC\libemf16nosnlfn.a(FS_Misc.o)
                0x0000420e                FS__FClose
 .text.FS_FClose
                0x00004228        0xa .\emFile_V322c\LinkLibrary\PSoC5\GCC\libemf16nosnlfn.a(FS_Misc.o)
                0x00004228                FS_FClose
 *fill*         0x00004232        0x2 
 .text.FS__AllocFileObj
                0x00004234       0x48 .\emFile_V322c\LinkLibrary\PSoC5\GCC\libemf16nosnlfn.a(FS_Misc.o)
                0x00004234                FS__AllocFileObj
 .text.FS__AllocFileHandle
                0x0000427c       0x40 .\emFile_V322c\LinkLibrary\PSoC5\GCC\libemf16nosnlfn.a(FS_Misc.o)
                0x0000427c                FS__AllocFileHandle
 .text.FS__OpenEx
                0x000042bc       0x58 .\emFile_V322c\LinkLibrary\PSoC5\GCC\libemf16nosnlfn.a(FS_Misc.o)
                0x000042bc                FS__OpenEx
 .text.FS__FOpenEx
                0x00004314       0x56 .\emFile_V322c\LinkLibrary\PSoC5\GCC\libemf16nosnlfn.a(FS_Misc.o)
                0x00004314                FS__FOpenEx
 *fill*         0x0000436a        0x2 
 .text.FS__FOpen
                0x0000436c       0x48 .\emFile_V322c\LinkLibrary\PSoC5\GCC\libemf16nosnlfn.a(FS_Misc.o)
                0x0000436c                FS__FOpen
 .text.FS_FOpen
                0x000043b4        0x4 .\emFile_V322c\LinkLibrary\PSoC5\GCC\libemf16nosnlfn.a(FS_Misc.o)
                0x000043b4                FS_FOpen
 .text.FS__SB_Write
                0x000043b8       0x24 .\emFile_V322c\LinkLibrary\PSoC5\GCC\libemf16nosnlfn.a(FS_Misc.o)
                0x000043b8                FS__SB_Write
 .text._SB_Clean
                0x000043dc       0x24 .\emFile_V322c\LinkLibrary\PSoC5\GCC\libemf16nosnlfn.a(FS_Misc.o)
 .text.FS__SB_SetSector
                0x00004400       0x20 .\emFile_V322c\LinkLibrary\PSoC5\GCC\libemf16nosnlfn.a(FS_Misc.o)
                0x00004400                FS__SB_SetSector
 .text.FS__SB_Clean
                0x00004420        0x4 .\emFile_V322c\LinkLibrary\PSoC5\GCC\libemf16nosnlfn.a(FS_Misc.o)
                0x00004420                FS__SB_Clean
 .text.FS__SB_Delete
                0x00004424       0x12 .\emFile_V322c\LinkLibrary\PSoC5\GCC\libemf16nosnlfn.a(FS_Misc.o)
                0x00004424                FS__SB_Delete
 .text.FS__SB_Flush
                0x00004436        0x8 .\emFile_V322c\LinkLibrary\PSoC5\GCC\libemf16nosnlfn.a(FS_Misc.o)
                0x00004436                FS__SB_Flush
 .text.FS__SB_Read
                0x0000443e       0x2a .\emFile_V322c\LinkLibrary\PSoC5\GCC\libemf16nosnlfn.a(FS_Misc.o)
                0x0000443e                FS__SB_Read
 .text.FS__AddPhysDevice
                0x00004468       0x10 .\emFile_V322c\LinkLibrary\PSoC5\GCC\libemf16nosnlfn.a(FS_Storage.o)
                0x00004468                FS__AddPhysDevice
 .text.FS__FindVolume
                0x00004478       0x78 .\emFile_V322c\LinkLibrary\PSoC5\GCC\libemf16nosnlfn.a(FS_Storage.o)
                0x00004478                FS__FindVolume
 .text.FS__AddDevice
                0x000044f0       0x68 .\emFile_V322c\LinkLibrary\PSoC5\GCC\libemf16nosnlfn.a(FS_Storage.o)
                0x000044f0                FS__AddDevice
 .text.FS_AddDevice
                0x00004558        0x4 .\emFile_V322c\LinkLibrary\PSoC5\GCC\libemf16nosnlfn.a(FS_Storage.o)
                0x00004558                FS_AddDevice
 .text._Mount   0x0000455c       0x2e .\emFile_V322c\LinkLibrary\PSoC5\GCC\libemf16nosnlfn.a(FS_Volume.o)
 .text.FS__AutoMount
                0x0000458a       0x14 .\emFile_V322c\LinkLibrary\PSoC5\GCC\libemf16nosnlfn.a(FS_Volume.o)
                0x0000458a                FS__AutoMount
 .text.FS__MountNL
                0x0000459e       0x20 .\emFile_V322c\LinkLibrary\PSoC5\GCC\libemf16nosnlfn.a(FS_Volume.o)
                0x0000459e                FS__MountNL
 .text.FS__Mount
                0x000045be        0x4 .\emFile_V322c\LinkLibrary\PSoC5\GCC\libemf16nosnlfn.a(FS_Volume.o)
                0x000045be                FS__Mount
 .text.FS_MountEx
                0x000045c2       0x1a .\emFile_V322c\LinkLibrary\PSoC5\GCC\libemf16nosnlfn.a(FS_Volume.o)
                0x000045c2                FS_MountEx
 .text.FS__Write
                0x000045dc       0x3a .\emFile_V322c\LinkLibrary\PSoC5\GCC\libemf16nosnlfn.a(FS_Write.o)
                0x000045dc                FS__Write
 .text.FS_Write
                0x00004616        0x4 .\emFile_V322c\LinkLibrary\PSoC5\GCC\libemf16nosnlfn.a(FS_Write.o)
                0x00004616                FS_Write
 .text._ClusterId2FATOff
                0x0000461a       0x18 .\emFile_V322c\LinkLibrary\PSoC5\GCC\libemf16nosnlfn.a(FAT_Misc.o)
 .text._CalcLogClusterPos
                0x00004632        0xe .\emFile_V322c\LinkLibrary\PSoC5\GCC\libemf16nosnlfn.a(FAT_Misc.o)
 .text._ReadFromFreeClusterCache
                0x00004640       0x46 .\emFile_V322c\LinkLibrary\PSoC5\GCC\libemf16nosnlfn.a(FAT_Misc.o)
 .text.FS_FAT_GetFATType
                0x00004686       0x1a .\emFile_V322c\LinkLibrary\PSoC5\GCC\libemf16nosnlfn.a(FAT_Misc.o)
                0x00004686                FS_FAT_GetFATType
 .text.FS_FAT_ClusterId2SectorNo
                0x000046a0        0xc .\emFile_V322c\LinkLibrary\PSoC5\GCC\libemf16nosnlfn.a(FAT_Misc.o)
                0x000046a0                FS_FAT_ClusterId2SectorNo
 .text.FS_FAT_IsValidShortNameChar
                0x000046ac       0x34 .\emFile_V322c\LinkLibrary\PSoC5\GCC\libemf16nosnlfn.a(FAT_Misc.o)
                0x000046ac                FS_FAT_IsValidShortNameChar
 .text.FS_FAT_CopyShortName
                0x000046e0       0x56 .\emFile_V322c\LinkLibrary\PSoC5\GCC\libemf16nosnlfn.a(FAT_Misc.o)
                0x000046e0                FS_FAT_CopyShortName
 .text._SFN_CreateDirEntry
                0x00004736       0x5a .\emFile_V322c\LinkLibrary\PSoC5\GCC\libemf16nosnlfn.a(FAT_Misc.o)
 .text._SFN_FindDirEntry
                0x00004790       0x10 .\emFile_V322c\LinkLibrary\PSoC5\GCC\libemf16nosnlfn.a(FAT_Misc.o)
 .text.FS_FAT_FindDirEntry
                0x000047a0       0x60 .\emFile_V322c\LinkLibrary\PSoC5\GCC\libemf16nosnlfn.a(FAT_Misc.o)
                0x000047a0                FS_FAT_FindDirEntry
 .text.FS_FAT_CopyDirEntryInfo
                0x00004800       0x50 .\emFile_V322c\LinkLibrary\PSoC5\GCC\libemf16nosnlfn.a(FAT_Misc.o)
                0x00004800                FS_FAT_CopyDirEntryInfo
 .text._SFN_ReadDirEntryInfo
                0x00004850       0x6e .\emFile_V322c\LinkLibrary\PSoC5\GCC\libemf16nosnlfn.a(FAT_Misc.o)
 .text._SetFATSector
                0x000048be        0x6 .\emFile_V322c\LinkLibrary\PSoC5\GCC\libemf16nosnlfn.a(FAT_Misc.o)
 .text._WriteFATEntry
                0x000048c4      0x152 .\emFile_V322c\LinkLibrary\PSoC5\GCC\libemf16nosnlfn.a(FAT_Misc.o)
 .text.FS_FAT_MarkClusterEOC
                0x00004a16        0x8 .\emFile_V322c\LinkLibrary\PSoC5\GCC\libemf16nosnlfn.a(FAT_Misc.o)
                0x00004a16                FS_FAT_MarkClusterEOC
 .text.FS_FAT_SyncFAT
                0x00004a1e       0x3c .\emFile_V322c\LinkLibrary\PSoC5\GCC\libemf16nosnlfn.a(FAT_Misc.o)
                0x00004a1e                FS_FAT_SyncFAT
 .text.FS_FAT_LinkCluster
                0x00004a5a       0x1c .\emFile_V322c\LinkLibrary\PSoC5\GCC\libemf16nosnlfn.a(FAT_Misc.o)
                0x00004a5a                FS_FAT_LinkCluster
 .text.FS_FAT_ReadFATEntry
                0x00004a76       0xb2 .\emFile_V322c\LinkLibrary\PSoC5\GCC\libemf16nosnlfn.a(FAT_Misc.o)
                0x00004a76                FS_FAT_ReadFATEntry
 .text.FS_FAT_GetNumAdjClustersInChain
                0x00004b28       0x64 .\emFile_V322c\LinkLibrary\PSoC5\GCC\libemf16nosnlfn.a(FAT_Misc.o)
                0x00004b28                FS_FAT_GetNumAdjClustersInChain
 .text.FS_FAT_WalkClusterEx
                0x00004b8c       0x5c .\emFile_V322c\LinkLibrary\PSoC5\GCC\libemf16nosnlfn.a(FAT_Misc.o)
                0x00004b8c                FS_FAT_WalkClusterEx
 .text.FS_FAT_GotoCluster
                0x00004be8       0x88 .\emFile_V322c\LinkLibrary\PSoC5\GCC\libemf16nosnlfn.a(FAT_Misc.o)
                0x00004be8                FS_FAT_GotoCluster
 .text.FS_FAT_WalkCluster
                0x00004c70       0x18 .\emFile_V322c\LinkLibrary\PSoC5\GCC\libemf16nosnlfn.a(FAT_Misc.o)
                0x00004c70                FS_FAT_WalkCluster
 .text.FS_FAT_FindLastCluster
                0x00004c88       0x34 .\emFile_V322c\LinkLibrary\PSoC5\GCC\libemf16nosnlfn.a(FAT_Misc.o)
                0x00004c88                FS_FAT_FindLastCluster
 .text._CalcFreeClusterCnt
                0x00004cbc       0x88 .\emFile_V322c\LinkLibrary\PSoC5\GCC\libemf16nosnlfn.a(FAT_Misc.o)
 .text.FS_FAT_FindFreeCluster
                0x00004d44       0xa8 .\emFile_V322c\LinkLibrary\PSoC5\GCC\libemf16nosnlfn.a(FAT_Misc.o)
                0x00004d44                FS_FAT_FindFreeCluster
 .text.FS_FAT_AllocCluster
                0x00004dec       0x20 .\emFile_V322c\LinkLibrary\PSoC5\GCC\libemf16nosnlfn.a(FAT_Misc.o)
                0x00004dec                FS_FAT_AllocCluster
 .text._WriteEmptyFATSectors
                0x00004e0c       0x3c .\emFile_V322c\LinkLibrary\PSoC5\GCC\libemf16nosnlfn.a(FAT_Misc.o)
 .text.FS_FAT_FreeClusterChain
                0x00004e48       0xe0 .\emFile_V322c\LinkLibrary\PSoC5\GCC\libemf16nosnlfn.a(FAT_Misc.o)
                0x00004e48                FS_FAT_FreeClusterChain
 .text.FS_FAT_CheckBPB
                0x00004f28      0x14c .\emFile_V322c\LinkLibrary\PSoC5\GCC\libemf16nosnlfn.a(FAT_Misc.o)
                0x00004f28                FS_FAT_CheckBPB
 .text.FS_FAT_InitDirEntryScan
                0x00005074       0x14 .\emFile_V322c\LinkLibrary\PSoC5\GCC\libemf16nosnlfn.a(FAT_Open.o)
                0x00005074                FS_FAT_InitDirEntryScan
 .text.FS_FAT_IncDirPos
                0x00005088        0x8 .\emFile_V322c\LinkLibrary\PSoC5\GCC\libemf16nosnlfn.a(FAT_Open.o)
                0x00005088                FS_FAT_IncDirPos
 .text._CopyDirText
                0x00005090       0x44 .\emFile_V322c\LinkLibrary\PSoC5\GCC\libemf16nosnlfn.a(FAT_Open.o)
 .text.FS_FAT_Make83Name
                0x000050d4       0xb0 .\emFile_V322c\LinkLibrary\PSoC5\GCC\libemf16nosnlfn.a(FAT_Open.o)
                0x000050d4                FS_FAT_Make83Name
 .text.FS_FAT_GetDirEntry
                0x00005184       0xb2 .\emFile_V322c\LinkLibrary\PSoC5\GCC\libemf16nosnlfn.a(FAT_Open.o)
                0x00005184                FS_FAT_GetDirEntry
 .text.FS_FAT_FindDirEntryShortEx
                0x00005236       0x5a .\emFile_V322c\LinkLibrary\PSoC5\GCC\libemf16nosnlfn.a(FAT_Open.o)
                0x00005236                FS_FAT_FindDirEntryShortEx
 .text.FS_FAT_FindDirEntryShort
                0x00005290       0x36 .\emFile_V322c\LinkLibrary\PSoC5\GCC\libemf16nosnlfn.a(FAT_Open.o)
                0x00005290                FS_FAT_FindDirEntryShort
 .text.FS_FAT_FindEmptyDirEntry
                0x000052c6       0xb0 .\emFile_V322c\LinkLibrary\PSoC5\GCC\libemf16nosnlfn.a(FAT_Open.o)
                0x000052c6                FS_FAT_FindEmptyDirEntry
 .text.FS_FAT_GetFirstCluster
                0x00005376       0x1a .\emFile_V322c\LinkLibrary\PSoC5\GCC\libemf16nosnlfn.a(FAT_Open.o)
                0x00005376                FS_FAT_GetFirstCluster
 .text.FS_FAT_FindPath
                0x00005390       0x7a .\emFile_V322c\LinkLibrary\PSoC5\GCC\libemf16nosnlfn.a(FAT_Open.o)
                0x00005390                FS_FAT_FindPath
 .text.FS_FAT_DeleteFileOrDir
                0x0000540a       0x48 .\emFile_V322c\LinkLibrary\PSoC5\GCC\libemf16nosnlfn.a(FAT_Open.o)
                0x0000540a                FS_FAT_DeleteFileOrDir
 *fill*         0x00005452        0x2 
 .text.FS_FAT_Open
                0x00005454      0x1dc .\emFile_V322c\LinkLibrary\PSoC5\GCC\libemf16nosnlfn.a(FAT_Open.o)
                0x00005454                FS_FAT_Open
 .text.FS_FAT_WriteDirEntryCluster
                0x00005630       0x1c .\emFile_V322c\LinkLibrary\PSoC5\GCC\libemf16nosnlfn.a(FAT_Open.o)
                0x00005630                FS_FAT_WriteDirEntryCluster
 .text.FS_FAT_WriteDirEntry83
                0x0000564c       0x6c .\emFile_V322c\LinkLibrary\PSoC5\GCC\libemf16nosnlfn.a(FAT_Open.o)
                0x0000564c                FS_FAT_WriteDirEntry83
 .text._WriteBurst
                0x000056b8       0x24 .\emFile_V322c\LinkLibrary\PSoC5\GCC\libemf16nosnlfn.a(FAT_Write.o)
 .text.FS_FAT_GotoClusterAllocIfReq
                0x000056dc       0xa8 .\emFile_V322c\LinkLibrary\PSoC5\GCC\libemf16nosnlfn.a(FAT_Write.o)
                0x000056dc                FS_FAT_GotoClusterAllocIfReq
 .text.FS_FAT_UpdateDirEntry
                0x00005784       0x68 .\emFile_V322c\LinkLibrary\PSoC5\GCC\libemf16nosnlfn.a(FAT_Write.o)
                0x00005784                FS_FAT_UpdateDirEntry
 .text.FS_FAT_Close
                0x000057ec       0x44 .\emFile_V322c\LinkLibrary\PSoC5\GCC\libemf16nosnlfn.a(FAT_Write.o)
                0x000057ec                FS_FAT_Close
 .text.FS_FAT_Write
                0x00005830      0x1c8 .\emFile_V322c\LinkLibrary\PSoC5\GCC\libemf16nosnlfn.a(FAT_Write.o)
                0x00005830                FS_FAT_Write
 .text.FS__CLIB_memcmp
                0x000059f8       0x20 .\emFile_V322c\LinkLibrary\PSoC5\GCC\libemf16nosnlfn.a(FS_CLib.o)
                0x000059f8                FS__CLIB_memcmp
 .text.FS__CLIB_memset
                0x00005a18       0x6c .\emFile_V322c\LinkLibrary\PSoC5\GCC\libemf16nosnlfn.a(FS_CLib.o)
                0x00005a18                FS__CLIB_memset
 .text.FS__CLIB_strcmp
                0x00005a84       0x1a .\emFile_V322c\LinkLibrary\PSoC5\GCC\libemf16nosnlfn.a(FS_CLib.o)
                0x00005a84                FS__CLIB_strcmp
 .text.FS__CLIB_strlen
                0x00005a9e       0x10 .\emFile_V322c\LinkLibrary\PSoC5\GCC\libemf16nosnlfn.a(FS_CLib.o)
                0x00005a9e                FS__CLIB_strlen
 .text.FS__CLIB_strncmp
                0x00005aae       0x26 .\emFile_V322c\LinkLibrary\PSoC5\GCC\libemf16nosnlfn.a(FS_CLib.o)
                0x00005aae                FS__CLIB_strncmp
 .text.FS__CLIB_toupper
                0x00005ad4        0xe .\emFile_V322c\LinkLibrary\PSoC5\GCC\libemf16nosnlfn.a(FS_CLib.o)
                0x00005ad4                FS__CLIB_toupper
 .text.FS__strchr
                0x00005ae2       0x14 .\emFile_V322c\LinkLibrary\PSoC5\GCC\libemf16nosnlfn.a(FS_Core.o)
                0x00005ae2                FS__strchr
 .text.FS_LoadU32BE
                0x00005af6       0x18 .\emFile_V322c\LinkLibrary\PSoC5\GCC\libemf16nosnlfn.a(FS_Core.o)
                0x00005af6                FS_LoadU32BE
 .text.FS_LoadU32LE
                0x00005b0e       0x16 .\emFile_V322c\LinkLibrary\PSoC5\GCC\libemf16nosnlfn.a(FS_Core.o)
                0x00005b0e                FS_LoadU32LE
 .text.FS_StoreU32LE
                0x00005b24       0x14 .\emFile_V322c\LinkLibrary\PSoC5\GCC\libemf16nosnlfn.a(FS_Core.o)
                0x00005b24                FS_StoreU32LE
 .text.FS_StoreU16LE
                0x00005b38        0x8 .\emFile_V322c\LinkLibrary\PSoC5\GCC\libemf16nosnlfn.a(FS_Core.o)
                0x00005b38                FS_StoreU16LE
 .text.FS_LoadU16LE
                0x00005b40        0xa .\emFile_V322c\LinkLibrary\PSoC5\GCC\libemf16nosnlfn.a(FS_Core.o)
                0x00005b40                FS_LoadU16LE
 *fill*         0x00005b4a        0x2 
 .text._Alloc   0x00005b4c       0x30 .\emFile_V322c\LinkLibrary\PSoC5\GCC\libemf16nosnlfn.a(FS_Core.o)
 .text.FS_Alloc
                0x00005b7c        0xc .\emFile_V322c\LinkLibrary\PSoC5\GCC\libemf16nosnlfn.a(FS_Core.o)
                0x00005b7c                FS_Alloc
 .text.FS_TryAlloc
                0x00005b88        0x4 .\emFile_V322c\LinkLibrary\PSoC5\GCC\libemf16nosnlfn.a(FS_Core.o)
                0x00005b88                FS_TryAlloc
 .text.FS_Free  0x00005b8c       0x1c .\emFile_V322c\LinkLibrary\PSoC5\GCC\libemf16nosnlfn.a(FS_Core.o)
                0x00005b8c                FS_Free
 .text.FS_AssignMemory
                0x00005ba8        0xc .\emFile_V322c\LinkLibrary\PSoC5\GCC\libemf16nosnlfn.a(FS_Core.o)
                0x00005ba8                FS_AssignMemory
 .text.FS_AllocZeroed
                0x00005bb4       0x16 .\emFile_V322c\LinkLibrary\PSoC5\GCC\libemf16nosnlfn.a(FS_Core.o)
                0x00005bb4                FS_AllocZeroed
 *fill*         0x00005bca        0x2 
 .text.FS_STORAGE_Init
                0x00005bcc       0x28 .\emFile_V322c\LinkLibrary\PSoC5\GCC\libemf16nosnlfn.a(FS_Core.o)
                0x00005bcc                FS_STORAGE_Init
 .text._ClrBusyLED
                0x00005bf4        0xc .\emFile_V322c\LinkLibrary\PSoC5\GCC\libemf16nosnlfn.a(FS_LogBlock.o)
 .text._SetBusyLED
                0x00005c00        0xc .\emFile_V322c\LinkLibrary\PSoC5\GCC\libemf16nosnlfn.a(FS_LogBlock.o)
 .text._Read    0x00005c0c        0xc .\emFile_V322c\LinkLibrary\PSoC5\GCC\libemf16nosnlfn.a(FS_LogBlock.o)
 .text._Write   0x00005c18       0x12 .\emFile_V322c\LinkLibrary\PSoC5\GCC\libemf16nosnlfn.a(FS_LogBlock.o)
 .text.FS_LB_GetStatus
                0x00005c2a        0xc .\emFile_V322c\LinkLibrary\PSoC5\GCC\libemf16nosnlfn.a(FS_LogBlock.o)
                0x00005c2a                FS_LB_GetStatus
 .text.FS_LB_InitMedium
                0x00005c36       0x1a .\emFile_V322c\LinkLibrary\PSoC5\GCC\libemf16nosnlfn.a(FS_LogBlock.o)
                0x00005c36                FS_LB_InitMedium
 .text.FS_LB_InitMediumIfRequired
                0x00005c50       0x10 .\emFile_V322c\LinkLibrary\PSoC5\GCC\libemf16nosnlfn.a(FS_LogBlock.o)
                0x00005c50                FS_LB_InitMediumIfRequired
 .text.FS_LB_ReadDevice
                0x00005c60       0x2e .\emFile_V322c\LinkLibrary\PSoC5\GCC\libemf16nosnlfn.a(FS_LogBlock.o)
                0x00005c60                FS_LB_ReadDevice
 .text.FS_LB_ReadPart
                0x00005c8e        0xe .\emFile_V322c\LinkLibrary\PSoC5\GCC\libemf16nosnlfn.a(FS_LogBlock.o)
                0x00005c8e                FS_LB_ReadPart
 .text.FS_LB_WriteBurst
                0x00005c9c       0x30 .\emFile_V322c\LinkLibrary\PSoC5\GCC\libemf16nosnlfn.a(FS_LogBlock.o)
                0x00005c9c                FS_LB_WriteBurst
 .text.FS_LB_WriteBurstPart
                0x00005ccc       0x14 .\emFile_V322c\LinkLibrary\PSoC5\GCC\libemf16nosnlfn.a(FS_LogBlock.o)
                0x00005ccc                FS_LB_WriteBurstPart
 .text.FS_LB_WriteMultiple
                0x00005ce0       0x30 .\emFile_V322c\LinkLibrary\PSoC5\GCC\libemf16nosnlfn.a(FS_LogBlock.o)
                0x00005ce0                FS_LB_WriteMultiple
 .text.FS_LB_WriteMultiplePart
                0x00005d10       0x14 .\emFile_V322c\LinkLibrary\PSoC5\GCC\libemf16nosnlfn.a(FS_LogBlock.o)
                0x00005d10                FS_LB_WriteMultiplePart
 .text.FS_LB_WriteDevice
                0x00005d24       0x36 .\emFile_V322c\LinkLibrary\PSoC5\GCC\libemf16nosnlfn.a(FS_LogBlock.o)
                0x00005d24                FS_LB_WriteDevice
 .text.FS_LB_WritePart
                0x00005d5a        0xe .\emFile_V322c\LinkLibrary\PSoC5\GCC\libemf16nosnlfn.a(FS_LogBlock.o)
                0x00005d5a                FS_LB_WritePart
 .text.FS_GetSectorSize
                0x00005d68       0x28 .\emFile_V322c\LinkLibrary\PSoC5\GCC\libemf16nosnlfn.a(FS_LogBlock.o)
                0x00005d68                FS_GetSectorSize
 .text.FS_LB_GetDeviceInfo
                0x00005d90       0x26 .\emFile_V322c\LinkLibrary\PSoC5\GCC\libemf16nosnlfn.a(FS_LogBlock.o)
                0x00005d90                FS_LB_GetDeviceInfo
 .text.FS_memcpy
                0x00005db6      0x120 .\emFile_V322c\LinkLibrary\PSoC5\GCC\libemf16nosnlfn.a(FS_memcpy.o)
                0x00005db6                FS_memcpy
 .text._IsBPB   0x00005ed6       0x1e .\emFile_V322c\LinkLibrary\PSoC5\GCC\libemf16nosnlfn.a(FS_Partition.o)
 .text._HasSignature
                0x00005ef4       0x18 .\emFile_V322c\LinkLibrary\PSoC5\GCC\libemf16nosnlfn.a(FS_Partition.o)
 .text._GetPartitionStartSector
                0x00005f0c        0xc .\emFile_V322c\LinkLibrary\PSoC5\GCC\libemf16nosnlfn.a(FS_Partition.o)
 .text.FS__GetMediaStartSecEx
                0x00005f18       0x6e .\emFile_V322c\LinkLibrary\PSoC5\GCC\libemf16nosnlfn.a(FS_Partition.o)
                0x00005f18                FS__GetMediaStartSecEx
 *fill*         0x00005f86        0x2 
 .text.FS__LocatePartition
                0x00005f88       0x44 .\emFile_V322c\LinkLibrary\PSoC5\GCC\libemf16nosnlfn.a(FS_Partition.o)
                0x00005f88                FS__LocatePartition
 .text.FS_X_AddDevices
                0x00005fcc       0x1c .\CortexM3\ARM_GCC_541\Debug\Design01.a(emFile_1_ConfigMMC_SPI.o)
                0x00005fcc                FS_X_AddDevices
 .text.FS_X_GetTimeDate
                0x00005fe8        0x8 .\CortexM3\ARM_GCC_541\Debug\Design01.a(emFile_1_ConfigMMC_SPI.o)
                0x00005fe8                FS_X_GetTimeDate
 .text._CalcDataCRC16Dummy
                0x00005ff0        0x6 .\emFile_V322c\LinkLibrary\PSoC5\GCC\libemf16nosnlfn.a(MMC_Drv.o)
 *fill*         0x00005ff6        0x2 
 .text._MMC_GetNumUnits
                0x00005ff8        0xc .\emFile_V322c\LinkLibrary\PSoC5\GCC\libemf16nosnlfn.a(MMC_Drv.o)
 .text._MMC_GetDriverName
                0x00006004        0x8 .\emFile_V322c\LinkLibrary\PSoC5\GCC\libemf16nosnlfn.a(MMC_Drv.o)
 .text._MMC_GetStatus
                0x0000600c        0x4 .\emFile_V322c\LinkLibrary\PSoC5\GCC\libemf16nosnlfn.a(MMC_Drv.o)
 .text._CheckR1
                0x00006010       0x38 .\emFile_V322c\LinkLibrary\PSoC5\GCC\libemf16nosnlfn.a(MMC_Drv.o)
 .text._WaitToGetReady
                0x00006048       0x26 .\emFile_V322c\LinkLibrary\PSoC5\GCC\libemf16nosnlfn.a(MMC_Drv.o)
 .text._SendEmptyCycles
                0x0000606e       0x24 .\emFile_V322c\LinkLibrary\PSoC5\GCC\libemf16nosnlfn.a(MMC_Drv.o)
 *fill*         0x00006092        0x2 
 .text._MMC_AddDevice
                0x00006094       0x2c .\emFile_V322c\LinkLibrary\PSoC5\GCC\libemf16nosnlfn.a(MMC_Drv.o)
 .text.T.53     0x000060c0       0x14 .\emFile_V322c\LinkLibrary\PSoC5\GCC\libemf16nosnlfn.a(MMC_Drv.o)
 .text._GetFromCSD
                0x000060d4       0x34 .\emFile_V322c\LinkLibrary\PSoC5\GCC\libemf16nosnlfn.a(MMC_Drv.o)
 .text._ExecCmdR1
                0x00006108       0x98 .\emFile_V322c\LinkLibrary\PSoC5\GCC\libemf16nosnlfn.a(MMC_Drv.o)
 .text._ReadCSD
                0x000061a0       0x86 .\emFile_V322c\LinkLibrary\PSoC5\GCC\libemf16nosnlfn.a(MMC_Drv.o)
 *fill*         0x00006226        0x2 
 .text._MMC_Read
                0x00006228      0x130 .\emFile_V322c\LinkLibrary\PSoC5\GCC\libemf16nosnlfn.a(MMC_Drv.o)
 .text._MMC_Write
                0x00006358      0x13c .\emFile_V322c\LinkLibrary\PSoC5\GCC\libemf16nosnlfn.a(MMC_Drv.o)
 .text._ApplyCSD
                0x00006494      0x228 .\emFile_V322c\LinkLibrary\PSoC5\GCC\libemf16nosnlfn.a(MMC_Drv.o)
 .text._MMC_Init
                0x000066bc      0x1c0 .\emFile_V322c\LinkLibrary\PSoC5\GCC\libemf16nosnlfn.a(MMC_Drv.o)
 .text._MMC_InitMedium
                0x0000687c       0x28 .\emFile_V322c\LinkLibrary\PSoC5\GCC\libemf16nosnlfn.a(MMC_Drv.o)
 .text._MMC_IoCtl
                0x000068a4       0x60 .\emFile_V322c\LinkLibrary\PSoC5\GCC\libemf16nosnlfn.a(MMC_Drv.o)
 .text.emFile_1_Init
                0x00006904       0x4c .\CortexM3\ARM_GCC_541\Debug\Design01.a(emFile_1_MMC_HW_SPI.o)
 .text.emFile_1_ReadWriteSPI
                0x00006950       0x30 .\CortexM3\ARM_GCC_541\Debug\Design01.a(emFile_1_MMC_HW_SPI.o)
 .text.FS_MMC_HW_X_EnableCS
                0x00006980       0x14 .\CortexM3\ARM_GCC_541\Debug\Design01.a(emFile_1_MMC_HW_SPI.o)
                0x00006980                FS_MMC_HW_X_EnableCS
 .text.FS_MMC_HW_X_DisableCS
                0x00006994       0x14 .\CortexM3\ARM_GCC_541\Debug\Design01.a(emFile_1_MMC_HW_SPI.o)
                0x00006994                FS_MMC_HW_X_DisableCS
 .text.FS_MMC_HW_X_IsWriteProtected
                0x000069a8        0x4 .\CortexM3\ARM_GCC_541\Debug\Design01.a(emFile_1_MMC_HW_SPI.o)
                0x000069a8                FS_MMC_HW_X_IsWriteProtected
 .text.FS_MMC_HW_X_SetMaxSpeed
                0x000069ac       0x54 .\CortexM3\ARM_GCC_541\Debug\Design01.a(emFile_1_MMC_HW_SPI.o)
                0x000069ac                FS_MMC_HW_X_SetMaxSpeed
 .text.FS_MMC_HW_X_SetVoltage
                0x00006a00       0x3c .\CortexM3\ARM_GCC_541\Debug\Design01.a(emFile_1_MMC_HW_SPI.o)
                0x00006a00                FS_MMC_HW_X_SetVoltage
 .text.FS_MMC_HW_X_IsPresent
                0x00006a3c        0xc .\CortexM3\ARM_GCC_541\Debug\Design01.a(emFile_1_MMC_HW_SPI.o)
                0x00006a3c                FS_MMC_HW_X_IsPresent
 .text.FS_MMC_HW_X_Read
                0x00006a48       0x1c .\CortexM3\ARM_GCC_541\Debug\Design01.a(emFile_1_MMC_HW_SPI.o)
                0x00006a48                FS_MMC_HW_X_Read
 .text.FS_MMC_HW_X_Write
                0x00006a64       0x18 .\CortexM3\ARM_GCC_541\Debug\Design01.a(emFile_1_MMC_HW_SPI.o)
                0x00006a64                FS_MMC_HW_X_Write
 .text.emFile_1_SPI0_Enable
                0x00006a7c       0x30 .\CortexM3\ARM_GCC_541\Debug\Design01.a(emFile_1_SPI0.o)
                0x00006a7c                emFile_1_SPI0_Enable
 .text.emFile_1_SPI0_ReadTxStatus
                0x00006aac        0xc .\CortexM3\ARM_GCC_541\Debug\Design01.a(emFile_1_SPI0.o)
                0x00006aac                emFile_1_SPI0_ReadTxStatus
 .text.emFile_1_SPI0_ReadRxStatus
                0x00006ab8        0xc .\CortexM3\ARM_GCC_541\Debug\Design01.a(emFile_1_SPI0.o)
                0x00006ab8                emFile_1_SPI0_ReadRxStatus
 .text.emFile_1_SPI0_WriteTxData
                0x00006ac4       0x18 .\CortexM3\ARM_GCC_541\Debug\Design01.a(emFile_1_SPI0.o)
                0x00006ac4                emFile_1_SPI0_WriteTxData
 .text.emFile_1_SPI0_ReadRxData
                0x00006adc        0xc .\CortexM3\ARM_GCC_541\Debug\Design01.a(emFile_1_SPI0.o)
                0x00006adc                emFile_1_SPI0_ReadRxData
 .text.emFile_1_SPI0_ClearFIFO
                0x00006ae8       0x3c .\CortexM3\ARM_GCC_541\Debug\Design01.a(emFile_1_SPI0.o)
                0x00006ae8                emFile_1_SPI0_ClearFIFO
 .text.emFile_1_SPI0_Init
                0x00006b24       0x28 .\CortexM3\ARM_GCC_541\Debug\Design01.a(emFile_1_SPI0.o)
                0x00006b24                emFile_1_SPI0_Init
 .text.emFile_1_SPI0_Start
                0x00006b4c       0x1c .\CortexM3\ARM_GCC_541\Debug\Design01.a(emFile_1_SPI0.o)
                0x00006b4c                emFile_1_SPI0_Start
 .text.emFile_1_Clock_1_Start
                0x00006b68       0x1c .\CortexM3\ARM_GCC_541\Debug\Design01.a(emFile_1_Clock_1.o)
                0x00006b68                emFile_1_Clock_1_Start
 .text.emFile_1_Clock_1_Stop
                0x00006b84       0x1c .\CortexM3\ARM_GCC_541\Debug\Design01.a(emFile_1_Clock_1.o)
                0x00006b84                emFile_1_Clock_1_Stop
 .text.emFile_1_Clock_1_GetDividerRegister
                0x00006ba0        0xc .\CortexM3\ARM_GCC_541\Debug\Design01.a(emFile_1_Clock_1.o)
                0x00006ba0                emFile_1_Clock_1_GetDividerRegister
 .text.emFile_1_Clock_1_GetSourceRegister
                0x00006bac       0x10 .\CortexM3\ARM_GCC_541\Debug\Design01.a(emFile_1_Clock_1.o)
                0x00006bac                emFile_1_Clock_1_GetSourceRegister
 .text.emFile_1_Clock_1_SetDividerRegister
                0x00006bbc       0xd8 .\CortexM3\ARM_GCC_541\Debug\Design01.a(emFile_1_Clock_1.o)
                0x00006bbc                emFile_1_Clock_1_SetDividerRegister
 .text.emFile_1_SPI0_CS_Write
                0x00006c94       0x18 .\CortexM3\ARM_GCC_541\Debug\Design01.a(emFile_1_SPI0_CS.o)
                0x00006c94                emFile_1_SPI0_CS_Write
 .text          0x00006cac      0x370 c:/program files (x86)/cypress/psoc creator/4.2/psoc creator/import/gnu/arm/5.4.1/bin/../lib/gcc/arm-none-eabi/5.4.1/armv7-m\libgcc.a(_arm_addsubdf3.o)
                0x00006cac                __aeabi_drsub
                0x00006cb4                __aeabi_dsub
                0x00006cb4                __subdf3
                0x00006cb8                __aeabi_dadd
                0x00006cb8                __adddf3
                0x00006f30                __floatunsidf
                0x00006f30                __aeabi_ui2d
                0x00006f50                __floatsidf
                0x00006f50                __aeabi_i2d
                0x00006f74                __aeabi_f2d
                0x00006f74                __extendsfdf2
                0x00006fb0                __floatundidf
                0x00006fb0                __aeabi_ul2d
                0x00006fc0                __floatdidf
                0x00006fc0                __aeabi_l2d
 .text          0x0000701c      0x424 c:/program files (x86)/cypress/psoc creator/4.2/psoc creator/import/gnu/arm/5.4.1/bin/../lib/gcc/arm-none-eabi/5.4.1/armv7-m\libgcc.a(_arm_muldivdf3.o)
                0x0000701c                __aeabi_dmul
                0x0000701c                __muldf3
                0x00007270                __divdf3
                0x00007270                __aeabi_ddiv
 .text          0x00007440      0x110 c:/program files (x86)/cypress/psoc creator/4.2/psoc creator/import/gnu/arm/5.4.1/bin/../lib/gcc/arm-none-eabi/5.4.1/armv7-m\libgcc.a(_arm_cmpdf2.o)
                0x00007440                __gtdf2
                0x00007440                __gedf2
                0x00007448                __ltdf2
                0x00007448                __ledf2
                0x00007450                __nedf2
                0x00007450                __eqdf2
                0x00007450                __cmpdf2
                0x000074cc                __aeabi_cdrcmple
                0x000074dc                __aeabi_cdcmpeq
                0x000074dc                __aeabi_cdcmple
                0x000074ec                __aeabi_dcmpeq
                0x00007500                __aeabi_dcmplt
                0x00007514                __aeabi_dcmple
                0x00007528                __aeabi_dcmpge
                0x0000753c                __aeabi_dcmpgt
 .text          0x00007550       0x50 c:/program files (x86)/cypress/psoc creator/4.2/psoc creator/import/gnu/arm/5.4.1/bin/../lib/gcc/arm-none-eabi/5.4.1/armv7-m\libgcc.a(_arm_fixdfsi.o)
                0x00007550                __aeabi_d2iz
                0x00007550                __fixdfsi
 .text          0x000075a0       0x40 c:/program files (x86)/cypress/psoc creator/4.2/psoc creator/import/gnu/arm/5.4.1/bin/../lib/gcc/arm-none-eabi/5.4.1/armv7-m\libgcc.a(_arm_fixunsdfsi.o)
                0x000075a0                __aeabi_d2uiz
                0x000075a0                __fixunsdfsi
 .text.__errno  0x000075e0        0xc c:/program files (x86)/cypress/psoc creator/4.2/psoc creator/import/gnu/arm/5.4.1/bin/../lib/gcc/arm-none-eabi/5.4.1/../../../../arm-none-eabi/lib/armv7-m\libg_nano.a(lib_a-errno.o)
                0x000075e0                __errno
 .text.__libc_init_array
                0x000075ec       0x4c c:/program files (x86)/cypress/psoc creator/4.2/psoc creator/import/gnu/arm/5.4.1/bin/../lib/gcc/arm-none-eabi/5.4.1/../../../../arm-none-eabi/lib/armv7-m\libg_nano.a(lib_a-init.o)
                0x000075ec                __libc_init_array
 .text.__itoa   0x00007638       0x2e c:/program files (x86)/cypress/psoc creator/4.2/psoc creator/import/gnu/arm/5.4.1/bin/../lib/gcc/arm-none-eabi/5.4.1/../../../../arm-none-eabi/lib/armv7-m\libg_nano.a(lib_a-itoa.o)
                0x00007638                __itoa
 .text.itoa     0x00007666        0x4 c:/program files (x86)/cypress/psoc creator/4.2/psoc creator/import/gnu/arm/5.4.1/bin/../lib/gcc/arm-none-eabi/5.4.1/../../../../arm-none-eabi/lib/armv7-m\libg_nano.a(lib_a-itoa.o)
                0x00007666                itoa
 .text.memcpy   0x0000766a       0x16 c:/program files (x86)/cypress/psoc creator/4.2/psoc creator/import/gnu/arm/5.4.1/bin/../lib/gcc/arm-none-eabi/5.4.1/../../../../arm-none-eabi/lib/armv7-m\libg_nano.a(lib_a-memcpy-stub.o)
                0x0000766a                memcpy
 .text.memset   0x00007680       0x10 c:/program files (x86)/cypress/psoc creator/4.2/psoc creator/import/gnu/arm/5.4.1/bin/../lib/gcc/arm-none-eabi/5.4.1/../../../../arm-none-eabi/lib/armv7-m\libg_nano.a(lib_a-memset.o)
                0x00007680                memset
 .text.__cvt    0x00007690       0xc0 c:/program files (x86)/cypress/psoc creator/4.2/psoc creator/import/gnu/arm/5.4.1/bin/../lib/gcc/arm-none-eabi/5.4.1/../../../../arm-none-eabi/lib/armv7-m\libg_nano.a(lib_a-nano-vfprintf_float.o)
                0x00007690                __cvt
 .text.__exponent
                0x00007750       0x62 c:/program files (x86)/cypress/psoc creator/4.2/psoc creator/import/gnu/arm/5.4.1/bin/../lib/gcc/arm-none-eabi/5.4.1/../../../../arm-none-eabi/lib/armv7-m\libg_nano.a(lib_a-nano-vfprintf_float.o)
                0x00007750                __exponent
 *fill*         0x000077b2        0x2 
 .text._printf_float
                0x000077b4      0x488 c:/program files (x86)/cypress/psoc creator/4.2/psoc creator/import/gnu/arm/5.4.1/bin/../lib/gcc/arm-none-eabi/5.4.1/../../../../arm-none-eabi/lib/armv7-m\libg_nano.a(lib_a-nano-vfprintf_float.o)
                0x000077b4                _printf_float
 .text._printf_common
                0x00007c3c       0xec c:/program files (x86)/cypress/psoc creator/4.2/psoc creator/import/gnu/arm/5.4.1/bin/../lib/gcc/arm-none-eabi/5.4.1/../../../../arm-none-eabi/lib/armv7-m\libg_nano.a(lib_a-nano-vfprintf_i.o)
                0x00007c3c                _printf_common
 .text._printf_i
                0x00007d28      0x24c c:/program files (x86)/cypress/psoc creator/4.2/psoc creator/import/gnu/arm/5.4.1/bin/../lib/gcc/arm-none-eabi/5.4.1/../../../../arm-none-eabi/lib/armv7-m\libg_nano.a(lib_a-nano-vfprintf_i.o)
                0x00007d28                _printf_i
 .text.srand    0x00007f74       0x50 c:/program files (x86)/cypress/psoc creator/4.2/psoc creator/import/gnu/arm/5.4.1/bin/../lib/gcc/arm-none-eabi/5.4.1/../../../../arm-none-eabi/lib/armv7-m\libg_nano.a(lib_a-rand.o)
                0x00007f74                srand
 .text.rand     0x00007fc4       0x74 c:/program files (x86)/cypress/psoc creator/4.2/psoc creator/import/gnu/arm/5.4.1/bin/../lib/gcc/arm-none-eabi/5.4.1/../../../../arm-none-eabi/lib/armv7-m\libg_nano.a(lib_a-rand.o)
                0x00007fc4                rand
 .text.sprintf  0x00008038       0x48 c:/program files (x86)/cypress/psoc creator/4.2/psoc creator/import/gnu/arm/5.4.1/bin/../lib/gcc/arm-none-eabi/5.4.1/../../../../arm-none-eabi/lib/armv7-m\libg_nano.a(lib_a-sprintf.o)
                0x00008038                siprintf
                0x00008038                sprintf
 .text.strcat   0x00008080       0x1e c:/program files (x86)/cypress/psoc creator/4.2/psoc creator/import/gnu/arm/5.4.1/bin/../lib/gcc/arm-none-eabi/5.4.1/../../../../arm-none-eabi/lib/armv7-m\libg_nano.a(lib_a-strcat.o)
                0x00008080                strcat
 .text          0x0000809e       0x10 c:/program files (x86)/cypress/psoc creator/4.2/psoc creator/import/gnu/arm/5.4.1/bin/../lib/gcc/arm-none-eabi/5.4.1/../../../../arm-none-eabi/lib/armv7-m\libg_nano.a(lib_a-strlen.o)
                0x0000809e                strlen
 *fill*         0x000080ae        0x2 
 .text.__utoa   0x000080b0       0x78 c:/program files (x86)/cypress/psoc creator/4.2/psoc creator/import/gnu/arm/5.4.1/bin/../lib/gcc/arm-none-eabi/5.4.1/../../../../arm-none-eabi/lib/armv7-m\libg_nano.a(lib_a-utoa.o)
                0x000080b0                __utoa
 .text.quorem   0x00008128      0x116 c:/program files (x86)/cypress/psoc creator/4.2/psoc creator/import/gnu/arm/5.4.1/bin/../lib/gcc/arm-none-eabi/5.4.1/../../../../arm-none-eabi/lib/armv7-m\libg_nano.a(lib_a-dtoa.o)
 *fill*         0x0000823e        0x2 
 .text._dtoa_r  0x00008240      0xb30 c:/program files (x86)/cypress/psoc creator/4.2/psoc creator/import/gnu/arm/5.4.1/bin/../lib/gcc/arm-none-eabi/5.4.1/../../../../arm-none-eabi/lib/armv7-m\libg_nano.a(lib_a-dtoa.o)
                0x00008240                _dtoa_r
 .text._localeconv_r
                0x00008d70        0x8 c:/program files (x86)/cypress/psoc creator/4.2/psoc creator/import/gnu/arm/5.4.1/bin/../lib/gcc/arm-none-eabi/5.4.1/../../../../arm-none-eabi/lib/armv7-m\libg_nano.a(lib_a-locale.o)
                0x00008d70                _localeconv_r
 .text.malloc   0x00008d78       0x10 c:/program files (x86)/cypress/psoc creator/4.2/psoc creator/import/gnu/arm/5.4.1/bin/../lib/gcc/arm-none-eabi/5.4.1/../../../../arm-none-eabi/lib/armv7-m\libg_nano.a(lib_a-malloc.o)
                0x00008d78                malloc
 .text.memchr   0x00008d88       0x1c c:/program files (x86)/cypress/psoc creator/4.2/psoc creator/import/gnu/arm/5.4.1/bin/../lib/gcc/arm-none-eabi/5.4.1/../../../../arm-none-eabi/lib/armv7-m\libg_nano.a(lib_a-memchr-stub.o)
                0x00008d88                memchr
 .text._Balloc  0x00008da4       0x6a c:/program files (x86)/cypress/psoc creator/4.2/psoc creator/import/gnu/arm/5.4.1/bin/../lib/gcc/arm-none-eabi/5.4.1/../../../../arm-none-eabi/lib/armv7-m\libg_nano.a(lib_a-mprec.o)
                0x00008da4                _Balloc
 .text._Bfree   0x00008e0e       0x2e c:/program files (x86)/cypress/psoc creator/4.2/psoc creator/import/gnu/arm/5.4.1/bin/../lib/gcc/arm-none-eabi/5.4.1/../../../../arm-none-eabi/lib/armv7-m\libg_nano.a(lib_a-mprec.o)
                0x00008e0e                _Bfree
 .text.__multadd
                0x00008e3c       0x76 c:/program files (x86)/cypress/psoc creator/4.2/psoc creator/import/gnu/arm/5.4.1/bin/../lib/gcc/arm-none-eabi/5.4.1/../../../../arm-none-eabi/lib/armv7-m\libg_nano.a(lib_a-mprec.o)
                0x00008e3c                __multadd
 .text.__hi0bits
                0x00008eb2       0x40 c:/program files (x86)/cypress/psoc creator/4.2/psoc creator/import/gnu/arm/5.4.1/bin/../lib/gcc/arm-none-eabi/5.4.1/../../../../arm-none-eabi/lib/armv7-m\libg_nano.a(lib_a-mprec.o)
                0x00008eb2                __hi0bits
 .text.__lo0bits
                0x00008ef2       0x5a c:/program files (x86)/cypress/psoc creator/4.2/psoc creator/import/gnu/arm/5.4.1/bin/../lib/gcc/arm-none-eabi/5.4.1/../../../../arm-none-eabi/lib/armv7-m\libg_nano.a(lib_a-mprec.o)
                0x00008ef2                __lo0bits
 .text.__i2b    0x00008f4c       0x12 c:/program files (x86)/cypress/psoc creator/4.2/psoc creator/import/gnu/arm/5.4.1/bin/../lib/gcc/arm-none-eabi/5.4.1/../../../../arm-none-eabi/lib/armv7-m\libg_nano.a(lib_a-mprec.o)
                0x00008f4c                __i2b
 .text.__multiply
                0x00008f5e      0x120 c:/program files (x86)/cypress/psoc creator/4.2/psoc creator/import/gnu/arm/5.4.1/bin/../lib/gcc/arm-none-eabi/5.4.1/../../../../arm-none-eabi/lib/armv7-m\libg_nano.a(lib_a-mprec.o)
                0x00008f5e                __multiply
 *fill*         0x0000907e        0x2 
 .text.__pow5mult
                0x00009080       0x9c c:/program files (x86)/cypress/psoc creator/4.2/psoc creator/import/gnu/arm/5.4.1/bin/../lib/gcc/arm-none-eabi/5.4.1/../../../../arm-none-eabi/lib/armv7-m\libg_nano.a(lib_a-mprec.o)
                0x00009080                __pow5mult
 .text.__lshift
                0x0000911c       0xa2 c:/program files (x86)/cypress/psoc creator/4.2/psoc creator/import/gnu/arm/5.4.1/bin/../lib/gcc/arm-none-eabi/5.4.1/../../../../arm-none-eabi/lib/armv7-m\libg_nano.a(lib_a-mprec.o)
                0x0000911c                __lshift
 .text.__mcmp   0x000091be       0x38 c:/program files (x86)/cypress/psoc creator/4.2/psoc creator/import/gnu/arm/5.4.1/bin/../lib/gcc/arm-none-eabi/5.4.1/../../../../arm-none-eabi/lib/armv7-m\libg_nano.a(lib_a-mprec.o)
                0x000091be                __mcmp
 .text.__mdiff  0x000091f6       0xbe c:/program files (x86)/cypress/psoc creator/4.2/psoc creator/import/gnu/arm/5.4.1/bin/../lib/gcc/arm-none-eabi/5.4.1/../../../../arm-none-eabi/lib/armv7-m\libg_nano.a(lib_a-mprec.o)
                0x000091f6                __mdiff
 .text.__d2b    0x000092b4       0x9c c:/program files (x86)/cypress/psoc creator/4.2/psoc creator/import/gnu/arm/5.4.1/bin/../lib/gcc/arm-none-eabi/5.4.1/../../../../arm-none-eabi/lib/armv7-m\libg_nano.a(lib_a-mprec.o)
                0x000092b4                __d2b
 .text._calloc_r
                0x00009350       0x1c c:/program files (x86)/cypress/psoc creator/4.2/psoc creator/import/gnu/arm/5.4.1/bin/../lib/gcc/arm-none-eabi/5.4.1/../../../../arm-none-eabi/lib/armv7-m\libg_nano.a(lib_a-nano-callocr.o)
                0x00009350                _calloc_r
 .text._free_r  0x0000936c       0x98 c:/program files (x86)/cypress/psoc creator/4.2/psoc creator/import/gnu/arm/5.4.1/bin/../lib/gcc/arm-none-eabi/5.4.1/../../../../arm-none-eabi/lib/armv7-m\libg_nano.a(lib_a-nano-freer.o)
                0x0000936c                _free_r
 .text._malloc_r
                0x00009404       0xbc c:/program files (x86)/cypress/psoc creator/4.2/psoc creator/import/gnu/arm/5.4.1/bin/../lib/gcc/arm-none-eabi/5.4.1/../../../../arm-none-eabi/lib/armv7-m\libg_nano.a(lib_a-nano-mallocr.o)
                0x00009404                _malloc_r
 .text.__ssputs_r
                0x000094c0       0xb2 c:/program files (x86)/cypress/psoc creator/4.2/psoc creator/import/gnu/arm/5.4.1/bin/../lib/gcc/arm-none-eabi/5.4.1/../../../../arm-none-eabi/lib/armv7-m\libg_nano.a(lib_a-nano-svfprintf.o)
                0x000094c0                __ssputs_r
 *fill*         0x00009572        0x2 
 .text._svfprintf_r
                0x00009574      0x1e8 c:/program files (x86)/cypress/psoc creator/4.2/psoc creator/import/gnu/arm/5.4.1/bin/../lib/gcc/arm-none-eabi/5.4.1/../../../../arm-none-eabi/lib/armv7-m\libg_nano.a(lib_a-nano-svfprintf.o)
                0x00009574                _svfiprintf_r
                0x00009574                _svfprintf_r
 .text._sbrk_r  0x0000975c       0x20 c:/program files (x86)/cypress/psoc creator/4.2/psoc creator/import/gnu/arm/5.4.1/bin/../lib/gcc/arm-none-eabi/5.4.1/../../../../arm-none-eabi/lib/armv7-m\libg_nano.a(lib_a-sbrkr.o)
                0x0000975c                _sbrk_r
 .text.memmove  0x0000977c       0x36 c:/program files (x86)/cypress/psoc creator/4.2/psoc creator/import/gnu/arm/5.4.1/bin/../lib/gcc/arm-none-eabi/5.4.1/../../../../arm-none-eabi/lib/armv7-m\libg_nano.a(lib_a-memmove.o)
                0x0000977c                memmove
 .text.__malloc_lock
                0x000097b2        0x2 c:/program files (x86)/cypress/psoc creator/4.2/psoc creator/import/gnu/arm/5.4.1/bin/../lib/gcc/arm-none-eabi/5.4.1/../../../../arm-none-eabi/lib/armv7-m\libg_nano.a(lib_a-mlock.o)
                0x000097b2                __malloc_lock
 .text.__malloc_unlock
                0x000097b4        0x2 c:/program files (x86)/cypress/psoc creator/4.2/psoc creator/import/gnu/arm/5.4.1/bin/../lib/gcc/arm-none-eabi/5.4.1/../../../../arm-none-eabi/lib/armv7-m\libg_nano.a(lib_a-mlock.o)
                0x000097b4                __malloc_unlock
 .text._realloc_r
                0x000097b6       0x4c c:/program files (x86)/cypress/psoc creator/4.2/psoc creator/import/gnu/arm/5.4.1/bin/../lib/gcc/arm-none-eabi/5.4.1/../../../../arm-none-eabi/lib/armv7-m\libg_nano.a(lib_a-nano-reallocr.o)
                0x000097b6                _realloc_r
 .text._malloc_usable_size_r
                0x00009802       0x14 c:/program files (x86)/cypress/psoc creator/4.2/psoc creator/import/gnu/arm/5.4.1/bin/../lib/gcc/arm-none-eabi/5.4.1/../../../../arm-none-eabi/lib/armv7-m\libg_nano.a(lib_a-nano-msizer.o)
                0x00009802                _malloc_usable_size_r
 *fill*         0x00009816        0x2 
 .text          0x00009818       0x2c c:/program files (x86)/cypress/psoc creator/4.2/psoc creator/import/gnu/arm/5.4.1/bin/../lib/gcc/arm-none-eabi/5.4.1/armv7-m\libgcc.a(_arm_unorddf2.o)
                0x00009818                __unorddf2
                0x00009818                __aeabi_dcmpun
 *(.plt)
 *(.gnu.warning)
 *(.glue_7t)
 .glue_7t       0x00009844        0x0 linker stubs
 *(.glue_7)
 .glue_7        0x00009844        0x0 linker stubs
 *(.vfp11_veneer)
 .vfp11_veneer  0x00009844        0x0 linker stubs
 *(.bootloader)
 *(.ARM.extab* .gnu.linkonce.armextab.*)
 *(.gcc_except_table)

.v4_bx          0x00009844        0x0
 .v4_bx         0x00009844        0x0 linker stubs

.iplt           0x00009844        0x0
 .iplt          0x00009844        0x0 c:/program files (x86)/cypress/psoc creator/4.2/psoc creator/import/gnu/arm/5.4.1/bin/../lib/gcc/arm-none-eabi/5.4.1/armv7-m/crtbegin.o

.eh_frame_hdr
 *(.eh_frame_hdr)

.eh_frame       0x00009844        0x4
 *(.eh_frame)
 .eh_frame      0x00009844        0x0 c:/program files (x86)/cypress/psoc creator/4.2/psoc creator/import/gnu/arm/5.4.1/bin/../lib/gcc/arm-none-eabi/5.4.1/armv7-m/crtbegin.o
 .eh_frame      0x00009844        0x4 c:/program files (x86)/cypress/psoc creator/4.2/psoc creator/import/gnu/arm/5.4.1/bin/../lib/gcc/arm-none-eabi/5.4.1/armv7-m/crtend.o
                [!provide]                PROVIDE (__exidx_start, .)

.ARM.exidx
 *(.ARM.exidx* .gnu.linkonce.armexidx.*)
                0x00009848                __exidx_end = .

.rodata         0x00009848      0xb78
 *(.rodata .rodata.* .gnu.linkonce.r.*)
 .rodata        0x00009848       0x24 .\CortexM3\ARM_GCC_541\Debug\main.o
 .rodata.str1.4
                0x0000986c       0x5a .\CortexM3\ARM_GCC_541\Debug\main.o
                                 0x62 (size before relaxing)
 *fill*         0x000098c6        0x2 
 .rodata        0x000098c8       0xa0 .\CortexM3\ARM_GCC_541\Debug\screen.o
 .rodata.str1.4
                0x00009968      0x323 .\CortexM3\ARM_GCC_541\Debug\screen.o
                                0x327 (size before relaxing)
 *fill*         0x00009c8b        0x1 
 .rodata        0x00009c8c      0x34d .\CortexM3\ARM_GCC_541\Debug\font.o
 *fill*         0x00009fd9        0x3 
 .rodata.str1.4
                0x00009fdc       0x9c .\CortexM3\ARM_GCC_541\Debug\sd.o
 .rodata.str1.4
                0x0000a078       0x24 .\CortexM3\ARM_GCC_541\Debug\uifunctions.o
 .rodata        0x0000a078       0x66 .\CortexM3\ARM_GCC_541\Debug\cyfitter_cfg.o
                0x0000a078                AMux_1__addrTable
                0x0000a080                AMux_1__maskTable
                0x0000a084                AMux_2__addrTable
                0x0000a08c                AMux_2__maskTable
                0x0000a090                AMux_3__addrTable
                0x0000a098                AMux_3__maskTable
 *fill*         0x0000a0de        0x2 
 .rodata        0x0000a0e0       0x78 .\emFile_V322c\LinkLibrary\PSoC5\GCC\libemf16nosnlfn.a(FS_Misc.o)
 .rodata.str1.1
                0x0000a158       0x30 .\emFile_V322c\LinkLibrary\PSoC5\GCC\libemf16nosnlfn.a(FS_Misc.o)
 .rodata        0x0000a188       0x10 .\emFile_V322c\LinkLibrary\PSoC5\GCC\libemf16nosnlfn.a(FAT_Misc.o)
                0x0000a188                FAT_SFN_API
 .rodata.str1.1
                0x0000a198        0x3 .\emFile_V322c\LinkLibrary\PSoC5\GCC\libemf16nosnlfn.a(FAT_Open.o)
 *fill*         0x0000a19b        0x1 
 .rodata        0x0000a19c       0x68 .\emFile_V322c\LinkLibrary\PSoC5\GCC\libemf16nosnlfn.a(MMC_Drv.o)
                0x0000a1e4                FS_MMC_SPI_Driver
 .rodata.str1.1
                0x0000a204        0x4 .\emFile_V322c\LinkLibrary\PSoC5\GCC\libemf16nosnlfn.a(MMC_Drv.o)
 .rodata.str1.1
                0x0000a208        0x2 c:/program files (x86)/cypress/psoc creator/4.2/psoc creator/import/gnu/arm/5.4.1/bin/../lib/gcc/arm-none-eabi/5.4.1/../../../../arm-none-eabi/lib/armv7-m\libg_nano.a(lib_a-impure.o)
 .rodata.str1.1
                0x0000a20a       0x12 c:/program files (x86)/cypress/psoc creator/4.2/psoc creator/import/gnu/arm/5.4.1/bin/../lib/gcc/arm-none-eabi/5.4.1/../../../../arm-none-eabi/lib/armv7-m\libg_nano.a(lib_a-nano-vfprintf_float.o)
 .rodata.str1.1
                0x0000a21c       0x22 c:/program files (x86)/cypress/psoc creator/4.2/psoc creator/import/gnu/arm/5.4.1/bin/../lib/gcc/arm-none-eabi/5.4.1/../../../../arm-none-eabi/lib/armv7-m\libg_nano.a(lib_a-nano-vfprintf_i.o)
 .rodata.str1.1
                0x0000a23e       0x25 c:/program files (x86)/cypress/psoc creator/4.2/psoc creator/import/gnu/arm/5.4.1/bin/../lib/gcc/arm-none-eabi/5.4.1/../../../../arm-none-eabi/lib/armv7-m\libg_nano.a(lib_a-utoa.o)
 .rodata.str1.1
                0x0000a263        0xd c:/program files (x86)/cypress/psoc creator/4.2/psoc creator/import/gnu/arm/5.4.1/bin/../lib/gcc/arm-none-eabi/5.4.1/../../../../arm-none-eabi/lib/armv7-m\libg_nano.a(lib_a-dtoa.o)
                                  0xf (size before relaxing)
 .rodata.str1.1
                0x0000a270        0x6 c:/program files (x86)/cypress/psoc creator/4.2/psoc creator/import/gnu/arm/5.4.1/bin/../lib/gcc/arm-none-eabi/5.4.1/../../../../arm-none-eabi/lib/armv7-m\libg_nano.a(lib_a-locale.o)
                                  0xb (size before relaxing)
 *fill*         0x0000a276        0x2 
 .rodata.__mprec_tens
                0x0000a278       0xc8 c:/program files (x86)/cypress/psoc creator/4.2/psoc creator/import/gnu/arm/5.4.1/bin/../lib/gcc/arm-none-eabi/5.4.1/../../../../arm-none-eabi/lib/armv7-m\libg_nano.a(lib_a-mprec.o)
                0x0000a278                __mprec_tens
 .rodata.p05.5408
                0x0000a340        0xc c:/program files (x86)/cypress/psoc creator/4.2/psoc creator/import/gnu/arm/5.4.1/bin/../lib/gcc/arm-none-eabi/5.4.1/../../../../arm-none-eabi/lib/armv7-m\libg_nano.a(lib_a-mprec.o)
 *fill*         0x0000a34c        0x4 
 .rodata.__mprec_bigtens
                0x0000a350       0x28 c:/program files (x86)/cypress/psoc creator/4.2/psoc creator/import/gnu/arm/5.4.1/bin/../lib/gcc/arm-none-eabi/5.4.1/../../../../arm-none-eabi/lib/armv7-m\libg_nano.a(lib_a-mprec.o)
                0x0000a350                __mprec_bigtens
 .rodata.str1.1
                0x0000a378       0x11 c:/program files (x86)/cypress/psoc creator/4.2/psoc creator/import/gnu/arm/5.4.1/bin/../lib/gcc/arm-none-eabi/5.4.1/../../../../arm-none-eabi/lib/armv7-m\libg_nano.a(lib_a-nano-svfprintf.o)
                0x0000a38c                . = ALIGN (0x4)
 *fill*         0x0000a389        0x3 
 *(.init)
 .init          0x0000a38c        0x4 c:/program files (x86)/cypress/psoc creator/4.2/psoc creator/import/gnu/arm/5.4.1/bin/../lib/gcc/arm-none-eabi/5.4.1/armv7-m/crti.o
                0x0000a38c                _init
 .init          0x0000a390        0x8 c:/program files (x86)/cypress/psoc creator/4.2/psoc creator/import/gnu/arm/5.4.1/bin/../lib/gcc/arm-none-eabi/5.4.1/armv7-m/crtn.o
                0x0000a398                . = ALIGN (0x4)
                0x0000a398                __preinit_array_start = .
 *(.preinit_array)
                0x0000a398                __preinit_array_end = .
                0x0000a398                . = ALIGN (0x4)
                0x0000a398                __init_array_start = .
 *(SORT(.init_array.*))
 *(.init_array)
 .init_array    0x0000a398        0x4 c:/program files (x86)/cypress/psoc creator/4.2/psoc creator/import/gnu/arm/5.4.1/bin/../lib/gcc/arm-none-eabi/5.4.1/armv7-m/crtbegin.o
 .init_array    0x0000a39c        0x4 .\CortexM3\ARM_GCC_541\Debug\Cm3Start.o
                0x0000a3a0                __init_array_end = .
                0x0000a3a0                . = ALIGN (0x4)
 *(.fini)
 .fini          0x0000a3a0        0x4 c:/program files (x86)/cypress/psoc creator/4.2/psoc creator/import/gnu/arm/5.4.1/bin/../lib/gcc/arm-none-eabi/5.4.1/armv7-m/crti.o
                0x0000a3a0                _fini
 .fini          0x0000a3a4        0x8 c:/program files (x86)/cypress/psoc creator/4.2/psoc creator/import/gnu/arm/5.4.1/bin/../lib/gcc/arm-none-eabi/5.4.1/armv7-m/crtn.o
                0x0000a3ac                . = ALIGN (0x4)
                0x0000a3ac                __fini_array_start = .
 *(.fini_array)
 .fini_array    0x0000a3ac        0x4 c:/program files (x86)/cypress/psoc creator/4.2/psoc creator/import/gnu/arm/5.4.1/bin/../lib/gcc/arm-none-eabi/5.4.1/armv7-m/crtbegin.o
 *(SORT(.fini_array.*))
                0x0000a3b0                __fini_array_end = .
                0x0000a3b0                . = ALIGN (0x4)
 *crtbegin.o(.ctors)
 *(EXCLUDE_FILE(*crtend.o) .ctors)
 *(SORT(.ctors.*))
 *crtend.o(.ctors)
                0x0000a3b0                . = ALIGN (0x4)
 *crtbegin.o(.dtors)
 *(EXCLUDE_FILE(*crtend.o) .dtors)
 *(SORT(.dtors.*))
 *crtend.o(.dtors)
                0x0000a3b0                . = ALIGN (0x4)
                0x0000a3b0                __cy_regions = .
                0x0000a3b0        0x4 LONG 0xa3c0 __cy_region_init_ram
                0x0000a3b4        0x4 LONG 0x1fff80c8 __cy_region_start_data
                0x0000a3b8        0x4 LONG 0xe8 __cy_region_init_size_ram
                0x0000a3bc        0x4 LONG 0x1108 __cy_region_zero_size_ram
                0x0000a3c0                __cy_regions_end = .
                0x0000a3c0                . = ALIGN (0x8)
                0x0000a3c0                _etext = .

.cy_checksum_exclude
                0x0000a3c0        0x0
 *(.cy_checksum_exclude)

.ramvectors     0x1fff8000       0xc0
                0x1fff8000                __cy_region_start_ram = .
 *(.ramvectors)
 .ramvectors    0x1fff8000       0xc0 .\CortexM3\ARM_GCC_541\Debug\Cm3Start.o
                0x1fff8000                CyRamVectors

.noinit         0x1fff80c0        0x1
 *(.noinit)
 .noinit        0x1fff80c0        0x1 .\CortexM3\ARM_GCC_541\Debug\Design01.a(CyLib.o)
                0x1fff80c0                CyResetStatus

.data           0x1fff80c8       0xe8 load address 0x0000a3c0
                0x1fff80c8                __cy_region_start_data = .
 *(.jcr)
 .jcr           0x1fff80c8        0x0 c:/program files (x86)/cypress/psoc creator/4.2/psoc creator/import/gnu/arm/5.4.1/bin/../lib/gcc/arm-none-eabi/5.4.1/armv7-m/crtbegin.o
 .jcr           0x1fff80c8        0x4 c:/program files (x86)/cypress/psoc creator/4.2/psoc creator/import/gnu/arm/5.4.1/bin/../lib/gcc/arm-none-eabi/5.4.1/armv7-m/crtend.o
 *(.got.plt)
 *(.got)
 *(.shdata)
 *(.data .data.* .gnu.linkonce.d.*)
 .data          0x1fff80cc       0x1c .\CortexM3\ARM_GCC_541\Debug\uifunctions.o
                0x1fff80cc                vds_high
                0x1fff80d0                device_selection
                0x1fff80d4                vds_high_vdac_code
                0x1fff80d8                num_avg
                0x1fff80dc                write_sd
                0x1fff80e0                curve_nums
                0x1fff80e4                draw_grid
 .data          0x1fff80e8        0x4 .\CortexM3\ARM_GCC_541\Debug\Cm3Start.o
 .data          0x1fff80ec       0x10 .\CortexM3\ARM_GCC_541\Debug\Design01.a(CyLib.o)
                0x1fff80ec                cydelay_32k_ms
                0x1fff80f0                cydelay_freq_khz
                0x1fff80f4                cydelay_freq_mhz
                0x1fff80f8                cydelay_freq_hz
 .data          0x1fff80fc        0x6 .\CortexM3\ARM_GCC_541\Debug\Design01.a(I2C_PM.o)
                0x1fff80fc                I2C_backup
 .data          0x1fff8102        0x1 .\CortexM3\ARM_GCC_541\Debug\Design01.a(AMux_1.o)
 .data          0x1fff8103        0x1 .\CortexM3\ARM_GCC_541\Debug\Design01.a(AMux_2.o)
 .data          0x1fff8104        0x1 .\CortexM3\ARM_GCC_541\Debug\Design01.a(AMux_3.o)
 *fill*         0x1fff8105        0x3 
 .data          0x1fff8108        0x4 .\emFile_V322c\LinkLibrary\PSoC5\GCC\libemf16nosnlfn.a(FAT_Misc.o)
                0x1fff8108                FAT_pDirEntryAPI
 .data          0x1fff810c        0x4 .\emFile_V322c\LinkLibrary\PSoC5\GCC\libemf16nosnlfn.a(MMC_Drv.o)
 .data.impure_data
                0x1fff8110       0x60 c:/program files (x86)/cypress/psoc creator/4.2/psoc creator/import/gnu/arm/5.4.1/bin/../lib/gcc/arm-none-eabi/5.4.1/../../../../arm-none-eabi/lib/armv7-m\libg_nano.a(lib_a-impure.o)
 .data._impure_ptr
                0x1fff8170        0x4 c:/program files (x86)/cypress/psoc creator/4.2/psoc creator/import/gnu/arm/5.4.1/bin/../lib/gcc/arm-none-eabi/5.4.1/../../../../arm-none-eabi/lib/armv7-m\libg_nano.a(lib_a-impure.o)
                0x1fff8170                _impure_ptr
 .data.lconv    0x1fff8174       0x38 c:/program files (x86)/cypress/psoc creator/4.2/psoc creator/import/gnu/arm/5.4.1/bin/../lib/gcc/arm-none-eabi/5.4.1/../../../../arm-none-eabi/lib/armv7-m\libg_nano.a(lib_a-locale.o)
                0x1fff81b0                . = ALIGN (0x8)
 *fill*         0x1fff81ac        0x4 
 *(.ram)
                0x1fff81b0                _edata = .

.igot.plt       0x1fff81b0        0x0 load address 0x0000a4a8
 .igot.plt      0x1fff81b0        0x0 c:/program files (x86)/cypress/psoc creator/4.2/psoc creator/import/gnu/arm/5.4.1/bin/../lib/gcc/arm-none-eabi/5.4.1/armv7-m/crtbegin.o

.bss            0x1fff81b0     0x1108 load address 0x0000a4a8
                0x1fff81b0                PROVIDE (__bss_start__, .)
 *(.shbss)
 *(.bss .bss.* .gnu.linkonce.b.*)
 .bss           0x1fff81b0       0x1c c:/program files (x86)/cypress/psoc creator/4.2/psoc creator/import/gnu/arm/5.4.1/bin/../lib/gcc/arm-none-eabi/5.4.1/armv7-m/crtbegin.o
 .bss           0x1fff81cc       0x10 .\CortexM3\ARM_GCC_541\Debug\uifunctions.o
                0x1fff81cc                screen_state
                0x1fff81d0                rand_num_1
                0x1fff81d4                rand_num_2
                0x1fff81d8                cooldown_time
 .bss           0x1fff81dc        0x1 .\CortexM3\ARM_GCC_541\Debug\Design01.a(SPIM.o)
                0x1fff81dc                SPIM_initVar
 .bss           0x1fff81dd        0x1 .\CortexM3\ARM_GCC_541\Debug\Design01.a(VDAC8_DS.o)
                0x1fff81dd                VDAC8_DS_initVar
 .bss           0x1fff81de        0x1 .\CortexM3\ARM_GCC_541\Debug\Design01.a(VDAC8_GS.o)
                0x1fff81de                VDAC8_GS_initVar
 .bss           0x1fff81df        0x1 .\CortexM3\ARM_GCC_541\Debug\Design01.a(ADC_SAR_1.o)
                0x1fff81df                ADC_SAR_1_initVar
 .bss           0x1fff81e0        0x1 .\CortexM3\ARM_GCC_541\Debug\Design01.a(ADC_SAR_1_PM.o)
 .bss           0x1fff81e1        0x1 .\CortexM3\ARM_GCC_541\Debug\Design01.a(I2C.o)
                0x1fff81e1                I2C_initVar
 *fill*         0x1fff81e2        0x2 
 .bss           0x1fff81e4        0xc .\emFile_V322c\LinkLibrary\PSoC5\GCC\libemf16nosnlfn.a(FS_Core.o)
 .bss           0x1fff81f0     0x1000 .\CortexM3\ARM_GCC_541\Debug\Design01.a(emFile_1_ConfigMMC_SPI.o)
 .bss           0x1fff91f0       0x14 .\emFile_V322c\LinkLibrary\PSoC5\GCC\libemf16nosnlfn.a(MMC_Drv.o)
 .bss           0x1fff9204        0x1 .\CortexM3\ARM_GCC_541\Debug\Design01.a(emFile_1_MMC_HW_SPI.o)
 .bss           0x1fff9205        0x1 .\CortexM3\ARM_GCC_541\Debug\Design01.a(emFile_1_SPI0.o)
                0x1fff9205                emFile_1_SPI0_initVar
 *fill*         0x1fff9206        0x2 
 .bss.__malloc_sbrk_start
                0x1fff9208        0x4 c:/program files (x86)/cypress/psoc creator/4.2/psoc creator/import/gnu/arm/5.4.1/bin/../lib/gcc/arm-none-eabi/5.4.1/../../../../arm-none-eabi/lib/armv7-m\libg_nano.a(lib_a-nano-mallocr.o)
                0x1fff9208                __malloc_sbrk_start
 .bss.__malloc_free_list
                0x1fff920c        0x4 c:/program files (x86)/cypress/psoc creator/4.2/psoc creator/import/gnu/arm/5.4.1/bin/../lib/gcc/arm-none-eabi/5.4.1/../../../../arm-none-eabi/lib/armv7-m\libg_nano.a(lib_a-nano-mallocr.o)
                0x1fff920c                __malloc_free_list
 *(COMMON)
 COMMON         0x1fff9210        0xa .\CortexM3\ARM_GCC_541\Debug\Design01.a(ADC_SAR_1.o)
                0x1fff9210                ADC_SAR_1_countsPerVolt
                0x1fff9212                ADC_SAR_1_shift
                0x1fff9214                ADC_SAR_1_countsPer10Volt
                0x1fff9218                ADC_SAR_1_offset
 COMMON         0x1fff921a        0x1 .\CortexM3\ARM_GCC_541\Debug\Design01.a(I2C.o)
                0x1fff921a                I2C_state
 *fill*         0x1fff921b        0x1 
 COMMON         0x1fff921c       0x10 .\CortexM3\ARM_GCC_541\Debug\Design01.a(I2C_MASTER.o)
                0x1fff921c                I2C_mstrWrBufIndex
                0x1fff921d                I2C_mstrWrBufSize
                0x1fff921e                I2C_mstrStatus
                0x1fff9220                I2C_mstrRdBufPtr
                0x1fff9224                I2C_mstrControl
                0x1fff9225                I2C_mstrRdBufSize
                0x1fff9226                I2C_mstrRdBufIndex
                0x1fff9228                I2C_mstrWrBufPtr
 COMMON         0x1fff922c       0x84 .\emFile_V322c\LinkLibrary\PSoC5\GCC\libemf16nosnlfn.a(FS_Core.o)
                0x1fff922c                FS_Global
                0x1fff92ac                FS_NumBytesAllocated
 COMMON         0x1fff92b0        0x4 c:/program files (x86)/cypress/psoc creator/4.2/psoc creator/import/gnu/arm/5.4.1/bin/../lib/gcc/arm-none-eabi/5.4.1/../../../../arm-none-eabi/lib/armv7-m\libg_nano.a(lib_a-reent.o)
                0x1fff92b0                errno
                0x1fff92b8                . = ALIGN (0x8)
 *fill*         0x1fff92b4        0x4 
 *(.ram.b)
                0x1fff92b8                _end = .
                0x1fff92b8                __end = .
                0x1fff92b8                PROVIDE (end, .)
                0x1fff92b8                PROVIDE (__bss_end__, .)
                0x0000a3c0                __cy_region_init_ram = LOADADDR (.data)
                0x000000e8                __cy_region_init_size_ram = (_edata - ADDR (.data))
                0x00001108                __cy_region_zero_size_ram = (_end - _edata)

.heap           0x1fff92b8     0x1000 load address 0x0000a4a8
                0x1fff92b8                . = _end
                0x1fffa2b8                . = (. + 0x1000)
 *fill*         0x1fff92b8     0x1000 
                0x1fffa2b8                __cy_heap_limit = .

.stack          0x20007800      0x800
                0x20007800                __cy_stack_limit = .
                0x20008000                . = (. + 0x800)
 *fill*         0x20007800      0x800 
                0x00000001                ASSERT ((__cy_stack_limit >= __cy_heap_limit), region RAM overflowed with stack)
                0x00000000                cy_checksum_exclude_size = (CY_APPL_LOADABLE == 0x1)?SIZEOF (.cy_checksum_exclude):0x0
                0x00000001                ASSERT ((cy_checksum_exclude_size <= CY_CHECKSUM_EXCLUDE_SIZE), CY_BOOT: Section .cy_checksum_exclude size exceedes specified limit.)

.cyloadermeta
 *(.cyloadermeta)

.cyloadablemeta
 *(.cyloadablemeta)

.cyconfigecc    0x80000000      0x5d8
 *(.cyconfigecc)
 .cyconfigecc   0x80000000      0x5d8 .\CortexM3\ARM_GCC_541\Debug\cymetadata.o
                0x80000000                cy_meta_configecc

.cycustnvl      0x90000000        0x4
 *(.cycustnvl)
 .cycustnvl     0x90000000        0x4 .\CortexM3\ARM_GCC_541\Debug\cymetadata.o
                0x90000000                cy_meta_custnvl

.cywolatch      0x90100000        0x4
 *(.cywolatch)
 .cywolatch     0x90100000        0x4 .\CortexM3\ARM_GCC_541\Debug\cymetadata.o
                0x90100000                cy_meta_wonvl

.cyeeprom       0x90200000        0x0
 *(.cyeeprom)
                0x00000001                ASSERT ((. <= ((0x90200000 + ee_offset) + ee_size)), .cyeeprom data will not fit in EEPROM)

.cyflashprotect
                0x90400000      0x100
 *(.cyflashprotect)
 .cyflashprotect
                0x90400000      0x100 .\CortexM3\ARM_GCC_541\Debug\cymetadata.o
                0x90400000                cy_meta_flashprotect

.cymeta         0x90500000        0xc
 *(.cymeta)
 .cymeta        0x90500000        0xc .\CortexM3\ARM_GCC_541\Debug\cymetadata.o
                0x90500000                cy_metadata

.rel.dyn        0x0000a4a8        0x0 load address 0x9050000c
 .rel.iplt      0x0000a4a8        0x0 c:/program files (x86)/cypress/psoc creator/4.2/psoc creator/import/gnu/arm/5.4.1/bin/../lib/gcc/arm-none-eabi/5.4.1/armv7-m/crtbegin.o

.stab
 *(.stab)

.stabstr
 *(.stabstr)

.debug
 *(.debug)

.line
 *(.line)

.debug_srcinfo
 *(.debug_srcinfo)

.debug_sfnames
 *(.debug_sfnames)

.debug_aranges  0x00000000     0x1088
 *(.debug_aranges)
 .debug_aranges
                0x00000000       0x50 .\CortexM3\ARM_GCC_541\Debug\main.o
 .debug_aranges
                0x00000050       0xf8 .\CortexM3\ARM_GCC_541\Debug\screen.o
 .debug_aranges
                0x00000148       0x28 .\CortexM3\ARM_GCC_541\Debug\font.o
 .debug_aranges
                0x00000170       0x40 .\CortexM3\ARM_GCC_541\Debug\sd.o
 .debug_aranges