Archive member included to satisfy reference by file (symbol)

.\CortexM3\ARM_GCC_541\Debug\Design01.a(CyLib.o)
                              .\CortexM3\ARM_GCC_541\Debug\Cm3Start.o (CyHalt)
.\CortexM3\ARM_GCC_541\Debug\Design01.a(cyPm.o)
                              .\CortexM3\ARM_GCC_541\Debug\Design01.a(CyLib.o) (CyPmReadStatus)
.\CortexM3\ARM_GCC_541\Debug\Design01.a(SS.o)
                              .\CortexM3\ARM_GCC_541\Debug\screen.o (SS_Write)
.\CortexM3\ARM_GCC_541\Debug\Design01.a(D_C.o)
                              .\CortexM3\ARM_GCC_541\Debug\screen.o (D_C_Write)
.\CortexM3\ARM_GCC_541\Debug\Design01.a(Reset.o)
                              .\CortexM3\ARM_GCC_541\Debug\main.o (Reset_Write)
.\CortexM3\ARM_GCC_541\Debug\Design01.a(Clock.o)
                              .\CortexM3\ARM_GCC_541\Debug\main.o (Clock_Start)
.\CortexM3\ARM_GCC_541\Debug\Design01.a(SPIM.o)
                              .\CortexM3\ARM_GCC_541\Debug\main.o (SPIM_Start)
.\CortexM3\ARM_GCC_541\Debug\Design01.a(VDAC8_DS.o)
                              .\CortexM3\ARM_GCC_541\Debug\main.o (VDAC8_DS_Start)
.\CortexM3\ARM_GCC_541\Debug\Design01.a(VDAC8_GS.o)
                              .\CortexM3\ARM_GCC_541\Debug\main.o (VDAC8_GS_Start)
.\CortexM3\ARM_GCC_541\Debug\Design01.a(ADC_SAR_1.o)
                              .\CortexM3\ARM_GCC_541\Debug\main.o (ADC_SAR_1_Start)
.\CortexM3\ARM_GCC_541\Debug\Design01.a(ADC_SAR_1_INT.o)
                              .\CortexM3\ARM_GCC_541\Debug\Design01.a(ADC_SAR_1.o) (ADC_SAR_1_ISR)
.\CortexM3\ARM_GCC_541\Debug\Design01.a(ADC_SAR_1_PM.o)
                              .\CortexM3\ARM_GCC_541\Debug\main.o (ADC_SAR_1_Sleep)
.\CortexM3\ARM_GCC_541\Debug\Design01.a(ADC_SAR_1_theACLK.o)
                              .\CortexM3\ARM_GCC_541\Debug\Design01.a(ADC_SAR_1.o) (ADC_SAR_1_theACLK_SetModeRegister)
.\CortexM3\ARM_GCC_541\Debug\Design01.a(AMux_1.o)
                              .\CortexM3\ARM_GCC_541\Debug\main.o (AMux_1_Select)
.\CortexM3\ARM_GCC_541\Debug\Design01.a(AMux_2.o)
                              .\CortexM3\ARM_GCC_541\Debug\main.o (AMux_2_Select)
.\CortexM3\ARM_GCC_541\Debug\Design01.a(AMux_3.o)
                              .\CortexM3\ARM_GCC_541\Debug\main.o (AMux_3_Select)
.\CortexM3\ARM_GCC_541\Debug\Design01.a(CyBootAsmGnu.o)
                              .\CortexM3\ARM_GCC_541\Debug\cyfitter_cfg.o (CyDelayCycles)
.\CortexM3\ARM_GCC_541\Debug\Design01.a(CyFlash.o)
                              .\CortexM3\ARM_GCC_541\Debug\Design01.a(cyPm.o) (CyFlash_SetWaitCycles)
.\CortexM3\ARM_GCC_541\Debug\Design01.a(CySpc.o)
                              .\CortexM3\ARM_GCC_541\Debug\Design01.a(CyFlash.o) (CySpcStart)
.\emFile_V322c\LinkLibrary\PSoC5\GCC\libemf16nosnlfn.a(FS_Misc.o)
                              .\CortexM3\ARM_GCC_541\Debug\main.o (FS_Init)
.\emFile_V322c\LinkLibrary\PSoC5\GCC\libemf16nosnlfn.a(FS_Storage.o)
                              .\emFile_V322c\LinkLibrary\PSoC5\GCC\libemf16nosnlfn.a(FS_Misc.o) (FS__FindVolume)
.\emFile_V322c\LinkLibrary\PSoC5\GCC\libemf16nosnlfn.a(FS_Unmount.o)
                              .\emFile_V322c\LinkLibrary\PSoC5\GCC\libemf16nosnlfn.a(FS_Misc.o) (FS__UnmountForcedNL)
.\emFile_V322c\LinkLibrary\PSoC5\GCC\libemf16nosnlfn.a(FS_Volume.o)
                              .\emFile_V322c\LinkLibrary\PSoC5\GCC\libemf16nosnlfn.a(FS_Misc.o) (FS__AutoMount)
.\emFile_V322c\LinkLibrary\PSoC5\GCC\libemf16nosnlfn.a(FS_Write.o)
                              .\CortexM3\ARM_GCC_541\Debug\main.o (FS_Write)
.\emFile_V322c\LinkLibrary\PSoC5\GCC\libemf16nosnlfn.a(FAT_CheckDisk.o)
                              .\emFile_V322c\LinkLibrary\PSoC5\GCC\libemf16nosnlfn.a(FS_Volume.o) (FS_FAT__CheckDisk)
.\emFile_V322c\LinkLibrary\PSoC5\GCC\libemf16nosnlfn.a(FAT_Dir.o)
                              .\emFile_V322c\LinkLibrary\PSoC5\GCC\libemf16nosnlfn.a(FAT_CheckDisk.o) (FS_FAT_CreateDirEx)
.\emFile_V322c\LinkLibrary\PSoC5\GCC\libemf16nosnlfn.a(FAT_DiskInfo.o)
                              .\emFile_V322c\LinkLibrary\PSoC5\GCC\libemf16nosnlfn.a(FS_Volume.o) (FS_FAT_GetDiskInfo)
.\emFile_V322c\LinkLibrary\PSoC5\GCC\libemf16nosnlfn.a(FAT_Misc.o)
                              .\emFile_V322c\LinkLibrary\PSoC5\GCC\libemf16nosnlfn.a(FAT_Dir.o) (FS_FAT_ClusterId2SectorNo)
.\emFile_V322c\LinkLibrary\PSoC5\GCC\libemf16nosnlfn.a(FAT_Open.o)
                              .\emFile_V322c\LinkLibrary\PSoC5\GCC\libemf16nosnlfn.a(FAT_CheckDisk.o) (FS_FAT_InitDirEntryScan)
.\emFile_V322c\LinkLibrary\PSoC5\GCC\libemf16nosnlfn.a(FAT_VolumeLabel.o)
                              .\emFile_V322c\LinkLibrary\PSoC5\GCC\libemf16nosnlfn.a(FS_Volume.o) (FS_FAT_SetVolumeLabel)
.\emFile_V322c\LinkLibrary\PSoC5\GCC\libemf16nosnlfn.a(FAT_Write.o)
                              .\emFile_V322c\LinkLibrary\PSoC5\GCC\libemf16nosnlfn.a(FS_Unmount.o) (FS_FAT_Clean)
.\emFile_V322c\LinkLibrary\PSoC5\GCC\libemf16nosnlfn.a(FS_CLib.o)
[...]
Memory Configuration

Name             Origin             Length             Attributes
rom              0x00000000         0x00040000         xr
ram              0x1fff8000         0x00010000         xrw
*default*        0x00000000         0xffffffff

Linker script and memory map

LOAD c:/program files (x86)/cypress/psoc creator/4.2/psoc creator/import/gnu/arm/5.4.1/bin/../lib/gcc/arm-none-eabi/5.4.1/armv7-m/crti.o
LOAD c:/program files (x86)/cypress/psoc creator/4.2/psoc creator/import/gnu/arm/5.4.1/bin/../lib/gcc/arm-none-eabi/5.4.1/armv7-m/crtbegin.o
LOAD c:/program files (x86)/cypress/psoc creator/4.2/psoc creator/import/gnu/arm/5.4.1/bin/../lib/gcc/arm-none-eabi/5.4.1/../../../../arm-none-eabi/lib/armv7-m/crt0.o
START GROUP
LOAD .\CortexM3\ARM_GCC_541\Debug\main.o
LOAD .\CortexM3\ARM_GCC_541\Debug\screen.o
LOAD .\CortexM3\ARM_GCC_541\Debug\font.o
LOAD .\CortexM3\ARM_GCC_541\Debug\sd.o
LOAD .\CortexM3\ARM_GCC_541\Debug\cyfitter_cfg.o
LOAD .\CortexM3\ARM_GCC_541\Debug\cymetadata.o
LOAD .\CortexM3\ARM_GCC_541\Debug\Cm3Start.o
LOAD .\CortexM3\ARM_GCC_541\Debug\Design01.a
LOAD C:\Program Files (x86)\Cypress\PSoC Creator\4.2\PSoC Creator\psoc\content\cycomponentlibrary\CyComponentLibrary.cylib\CortexM3\ARM_GCC_541\Debug\CyComponentLibrary.a
LOAD .\emFile_V322c\LinkLibrary\PSoC5\GCC\libemf16nosnlfn.a
END GROUP
START GROUP
LOAD c:/program files (x86)/cypress/psoc creator/4.2/psoc creator/import/gnu/arm/5.4.1/bin/../lib/gcc/arm-none-eabi/5.4.1/armv7-m\libgcc.a
LOAD c:/program files (x86)/cypress/psoc creator/4.2/psoc creator/import/gnu/arm/5.4.1/bin/../lib/gcc/arm-none-eabi/5.4.1/../../../../arm-none-eabi/lib/armv7-m\libg_nano.a
LOAD c:/program files (x86)/cypress/psoc creator/4.2/psoc creator/import/gnu/arm/5.4.1/bin/../lib/gcc/arm-none-eabi/5.4.1/../../../../arm-none-eabi/lib/armv7-m\libc_nano.a
END GROUP
START GROUP
LOAD c:/program files (x86)/cypress/psoc creator/4.2/psoc creator/import/gnu/arm/5.4.1/bin/../lib/gcc/arm-none-eabi/5.4.1/armv7-m\libgcc.a
LOAD c:/program files (x86)/cypress/psoc creator/4.2/psoc creator/import/gnu/arm/5.4.1/bin/../lib/gcc/arm-none-eabi/5.4.1/../../../../arm-none-eabi/lib/armv7-m\libc_nano.a
END GROUP
LOAD c:/program files (x86)/cypress/psoc creator/4.2/psoc creator/import/gnu/arm/5.4.1/bin/../lib/gcc/arm-none-eabi/5.4.1/armv7-m/crtend.o
LOAD c:/program files (x86)/cypress/psoc creator/4.2/psoc creator/import/gnu/arm/5.4.1/bin/../lib/gcc/arm-none-eabi/5.4.1/armv7-m/crtn.o
START GROUP
LOAD c:/program files (x86)/cypress/psoc creator/4.2/psoc creator/import/gnu/arm/5.4.1/bin/../lib/gcc/arm-none-eabi/5.4.1/armv7-m\libgcc.a
LOAD c:/program files (x86)/cypress/psoc creator/4.2/psoc creator/import/gnu/arm/5.4.1/bin/../lib/gcc/arm-none-eabi/5.4.1/../../../../arm-none-eabi/lib/armv7-m\libc.a
LOAD c:/program files (x86)/cypress/psoc creator/4.2/psoc creator/import/gnu/arm/5.4.1/bin/../lib/gcc/arm-none-eabi/5.4.1/../../../../arm-none-eabi/lib/armv7-m\libnosys.a
END GROUP
                0x00000000                CY_APPL_ORIGIN = 0x0
                0x00000100                CY_FLASH_ROW_SIZE = 0x100
                0x00000020                CY_ECC_ROW_SIZE = 0x20
                0x00000000                CY_EE_IN_BTLDR = 0x0
                0x00000000                CY_APPL_LOADABLE = 0x0
                0x00000800                CY_EE_SIZE = 0x800
                0x00000001                CY_APPL_NUM = 0x1
                0x00000001                CY_APPL_MAX = 0x1
                0x00000040                CY_METADATA_SIZE = 0x40
                0x00000000                CY_APPL_LOADABLE = 0x0
                0x00000000                CY_CHECKSUM_EXCLUDE_SIZE = ALIGN (0x0, CY_FLASH_ROW_SIZE)
                [!provide]                PROVIDE (__cy_heap_start, _end)
                0x00000001                PROVIDE (__cy_region_num, ((__cy_regions_end - __cy_regions) / 0x10))
                0x20008000                PROVIDE (__cy_stack, (ORIGIN (ram) + LENGTH (ram)))
                [!provide]                PROVIDE (__cy_heap_end, (__cy_stack - 0x800))

.cybootloader   0x00000000        0x0
 *(.cybootloader)
                0x00000000                appl1_start = CY_APPL_ORIGIN?CY_APPL_ORIGIN:ALIGN (CY_FLASH_ROW_SIZE)
                0x0001ff00                appl2_start = (appl1_start + ALIGN ((((LENGTH (rom) - appl1_start) - (0x2 * CY_FLASH_ROW_SIZE)) / 0x2), CY_FLASH_ROW_SIZE))
                0x00000000                appl_start = (CY_APPL_NUM == 0x1)?appl1_start:appl2_start
                0x00000000                ecc_offset = ((appl_start / CY_FLASH_ROW_SIZE) * CY_ECC_ROW_SIZE)
                0x00000000                ee_offset = (CY_APPL_LOADABLE && ! (CY_EE_IN_BTLDR))?((CY_EE_SIZE / CY_APPL_MAX) * (CY_APPL_NUM - 0x1)):0x0
                0x00000800                ee_size = (CY_APPL_LOADABLE && ! (CY_EE_IN_BTLDR))?(CY_EE_SIZE / CY_APPL_MAX):CY_EE_SIZE
                [!provide]                PROVIDE (CY_ECC_OFFSET, ecc_offset)

.text           0x00000000     0x7d9c
 CREATE_OBJECT_SYMBOLS
                0x00000000                PROVIDE (__cy_interrupt_vector, RomVectors)
 *(.romvectors)
 .romvectors    0x00000000       0x10 .\CortexM3\ARM_GCC_541\Debug\Cm3Start.o
                0x00000000                RomVectors
                0x00000001                ASSERT ((. != __cy_interrupt_vector), No interrupt vector)
                0x00000001                ASSERT (CY_APPL_ORIGIN?(SIZEOF (.cybootloader) <= CY_APPL_ORIGIN):0x1, Wrong image location)
                0x00000010                PROVIDE (__cy_reset, Reset)
 *(.text.Reset)
 .text.Reset    0x00000010       0x18 .\CortexM3\ARM_GCC_541\Debug\Cm3Start.o
                0x00000010                Reset
                0x00000001                ASSERT ((. != __cy_reset), No reset code)
 *(.dma_init)
                0x00000001                ASSERT ((((appl_start + .) <= 0x10000) || 0x1), DMA Init must be within the first 64k of flash)
 *(.text .text.* .gnu.linkonce.t.*)
 .text          0x00000028       0x5c c:/program files (x86)/cypress/psoc creator/4.2/psoc creator/import/gnu/arm/5.4.1/bin/../lib/gcc/arm-none-eabi/5.4.1/armv7-m/crtbegin.o
 .text.vgs_th_find
                0x00000084       0x78 .\CortexM3\ARM_GCC_541\Debug\main.o
                0x00000084                vgs_th_find
 .text.vgs_max_id_find
                0x000000fc       0x8c .\CortexM3\ARM_GCC_541\Debug\main.o
                0x000000fc                vgs_max_id_find
 .text.run_test
                0x00000188      0x138 .\CortexM3\ARM_GCC_541\Debug\main.o
                0x00000188                run_test
 .text.startup.main
                0x000002c0      0x218 .\CortexM3\ARM_GCC_541\Debug\main.o
                0x000002c0                main
 .text.setAddrWindow
                0x000004d8      0x100 .\CortexM3\ARM_GCC_541\Debug\screen.o
                0x000004d8                setAddrWindow
 .text.fill_screen
                0x000005d8       0x5c .\CortexM3\ARM_GCC_541\Debug\screen.o
                0x000005d8                fill_screen
 .text.StartScreen
                0x00000634       0x88 .\CortexM3\ARM_GCC_541\Debug\screen.o
                0x00000634                StartScreen
 .text.draw_pixel
                0x000006bc       0x58 .\CortexM3\ARM_GCC_541\Debug\screen.o
                0x000006bc                draw_pixel
 .text.write_line
                0x00000714      0x164 .\CortexM3\ARM_GCC_541\Debug\screen.o
                0x00000714                write_line
 .text.draw_coordinates
                0x00000878      0x13c .\CortexM3\ARM_GCC_541\Debug\screen.o
                0x00000878                draw_coordinates
 .text.draw_string
                0x000009b4     0x1034 .\CortexM3\ARM_GCC_541\Debug\font.o
                0x000009b4                draw_string
 .text.write_header_info
                0x000019e8      0x1cc .\CortexM3\ARM_GCC_541\Debug\sd.o
                0x000019e8                write_header_info
 *fill*         0x00001bb4        0x4 
 .text.write_data
                0x00001bb8      0x118 .\CortexM3\ARM_GCC_541\Debug\sd.o
                0x00001bb8                write_data
 .text.AMux_1_Set
                0x00001cd0       0x1c .\CortexM3\ARM_GCC_541\Debug\cyfitter_cfg.o
                0x00001cd0                AMux_1_Set
 .text.AMux_1_Unset
                0x00001cec       0x1c .\CortexM3\ARM_GCC_541\Debug\cyfitter_cfg.o
                0x00001cec                AMux_1_Unset
 .text.AMux_2_Set
                0x00001d08       0x1c .\CortexM3\ARM_GCC_541\Debug\cyfitter_cfg.o
                0x00001d08                AMux_2_Set
 .text.AMux_2_Unset
                0x00001d24       0x20 .\CortexM3\ARM_GCC_541\Debug\cyfitter_cfg.o
                0x00001d24                AMux_2_Unset
 .text.AMux_3_Set
                0x00001d44       0x3c .\CortexM3\ARM_GCC_541\Debug\cyfitter_cfg.o
                0x00001d44                AMux_3_Set
 .text.AMux_3_Unset
                0x00001d80       0x40 .\CortexM3\ARM_GCC_541\Debug\cyfitter_cfg.o
                0x00001d80                AMux_3_Unset
 .text.cyfitter_cfg
                0x00001dc0      0x2e0 .\CortexM3\ARM_GCC_541\Debug\cyfitter_cfg.o
                0x00001dc0                cyfitter_cfg
 .text.IntDefaultHandler
                0x000020a0       0x10 .\CortexM3\ARM_GCC_541\Debug\Cm3Start.o
                0x000020a0                IntDefaultHandler
 .text._sbrk    0x000020b0       0x30 .\CortexM3\ARM_GCC_541\Debug\Cm3Start.o
                0x000020b0                _sbrk
 .text.Start_c  0x000020e0       0x58 .\CortexM3\ARM_GCC_541\Debug\Cm3Start.o
                0x000020e0                Start_c
 .text.startup.initialize_psoc
                0x00002138       0x64 .\CortexM3\ARM_GCC_541\Debug\Cm3Start.o
                0x00002138                initialize_psoc
 .text.CyDelay  0x0000219c       0x48 .\CortexM3\ARM_GCC_541\Debug\Design01.a(CyLib.o)
                0x0000219c                CyDelay
 .text.CyDelayUs
                0x000021e4       0x10 .\CortexM3\ARM_GCC_541\Debug\Design01.a(CyLib.o)
                0x000021e4                CyDelayUs
 .text.CyIntSetVector
                0x000021f4       0x20 .\CortexM3\ARM_GCC_541\Debug\Design01.a(CyLib.o)
                0x000021f4                CyIntSetVector
 .text.CyIntSetPriority
                0x00002214       0x20 .\CortexM3\ARM_GCC_541\Debug\Design01.a(CyLib.o)
                0x00002214                CyIntSetPriority
 .text.SS_Write
                0x00002234       0x18 .\CortexM3\ARM_GCC_541\Debug\Design01.a(SS.o)
                0x00002234                SS_Write
 .text.SS_Read  0x0000224c       0x10 .\CortexM3\ARM_GCC_541\Debug\Design01.a(SS.o)
                0x0000224c                SS_Read
 .text.D_C_Write
                0x0000225c       0x18 .\CortexM3\ARM_GCC_541\Debug\Design01.a(D_C.o)
                0x0000225c                D_C_Write
 .text.Reset_Write
                0x00002274       0x18 .\CortexM3\ARM_GCC_541\Debug\Design01.a(Reset.o)
                0x00002274                Reset_Write
 .text.Clock_Start
                0x0000228c       0x20 .\CortexM3\ARM_GCC_541\Debug\Design01.a(Clock.o)
                0x0000228c                Clock_Start
 .text.SPIM_Start
                0x000022ac       0xa4 .\CortexM3\ARM_GCC_541\Debug\Design01.a(SPIM.o)
                0x000022ac                SPIM_Start
 .text.SPIM_WriteTxData
                0x00002350       0x18 .\CortexM3\ARM_GCC_541\Debug\Design01.a(SPIM.o)
                0x00002350                SPIM_WriteTxData
 .text.VDAC8_DS_Start
                0x00002368       0x84 .\CortexM3\ARM_GCC_541\Debug\Design01.a(VDAC8_DS.o)
                0x00002368                VDAC8_DS_Start
 .text.VDAC8_DS_SetValue
                0x000023ec        0xc .\CortexM3\ARM_GCC_541\Debug\Design01.a(VDAC8_DS.o)
                0x000023ec                VDAC8_DS_SetValue
 .text.VDAC8_GS_Start
                0x000023f8       0x84 .\CortexM3\ARM_GCC_541\Debug\Design01.a(VDAC8_GS.o)
                0x000023f8                VDAC8_GS_Start
 .text.VDAC8_GS_SetValue
                0x0000247c        0xc .\CortexM3\ARM_GCC_541\Debug\Design01.a(VDAC8_GS.o)
                0x0000247c                VDAC8_GS_SetValue
 .text.ADC_SAR_1_Start
                0x00002488      0x108 .\CortexM3\ARM_GCC_541\Debug\Design01.a(ADC_SAR_1.o)
                0x00002488                ADC_SAR_1_Start
 .text.ADC_SAR_1_Enable
                0x00002590       0xa4 .\CortexM3\ARM_GCC_541\Debug\Design01.a(ADC_SAR_1.o)
                0x00002590                ADC_SAR_1_Enable
 .text.ADC_SAR_1_Stop
                0x00002634       0x50 .\CortexM3\ARM_GCC_541\Debug\Design01.a(ADC_SAR_1.o)
                0x00002634                ADC_SAR_1_Stop
 .text.ADC_SAR_1_StartConvert
                0x00002684       0x18 .\CortexM3\ARM_GCC_541\Debug\Design01.a(ADC_SAR_1.o)
                0x00002684                ADC_SAR_1_StartConvert
 .text.ADC_SAR_1_StopConvert
                0x0000269c       0x18 .\CortexM3\ARM_GCC_541\Debug\Design01.a(ADC_SAR_1.o)
                0x0000269c                ADC_SAR_1_StopConvert
 .text.ADC_SAR_1_IsEndConversion
                0x000026b4       0x2c .\CortexM3\ARM_GCC_541\Debug\Design01.a(ADC_SAR_1.o)
                0x000026b4                ADC_SAR_1_IsEndConversion
 .text.ADC_SAR_1_GetResult16
                0x000026e0       0x18 .\CortexM3\ARM_GCC_541\Debug\Design01.a(ADC_SAR_1.o)
                0x000026e0                ADC_SAR_1_GetResult16
 .text.ADC_SAR_1_CountsTo_mVolts
                0x000026f8       0x4c .\CortexM3\ARM_GCC_541\Debug\Design01.a(ADC_SAR_1.o)
                0x000026f8                ADC_SAR_1_CountsTo_mVolts
 .text.ADC_SAR_1_ISR
                0x00002744        0x4 .\CortexM3\ARM_GCC_541\Debug\Design01.a(ADC_SAR_1_INT.o)
                0x00002744                ADC_SAR_1_ISR
 .text.ADC_SAR_1_Sleep
                0x00002748       0x34 .\CortexM3\ARM_GCC_541\Debug\Design01.a(ADC_SAR_1_PM.o)
                0x00002748                ADC_SAR_1_Sleep
 .text.ADC_SAR_1_Wakeup
                0x0000277c       0x20 .\CortexM3\ARM_GCC_541\Debug\Design01.a(ADC_SAR_1_PM.o)
                0x0000277c                ADC_SAR_1_Wakeup
 .text.ADC_SAR_1_theACLK_SetModeRegister
                0x0000279c       0x14 .\CortexM3\ARM_GCC_541\Debug\Design01.a(ADC_SAR_1_theACLK.o)
                0x0000279c                ADC_SAR_1_theACLK_SetModeRegister
 .text.AMux_1_Select
                0x000027b0       0x24 .\CortexM3\ARM_GCC_541\Debug\Design01.a(AMux_1.o)
                0x000027b0                AMux_1_Select
 .text.AMux_2_Select
                0x000027d4       0x24 .\CortexM3\ARM_GCC_541\Debug\Design01.a(AMux_2.o)
                0x000027d4                AMux_2_Select
 .text.AMux_3_Select
                0x000027f8       0x24 .\CortexM3\ARM_GCC_541\Debug\Design01.a(AMux_3.o)
                0x000027f8                AMux_3_Select
 *fill*         0x0000281c        0x4 
 .text          0x00002820       0x20 .\CortexM3\ARM_GCC_541\Debug\Design01.a(CyBootAsmGnu.o)
                0x00002820                CyDelayCycles
                0x00002830                CyEnterCriticalSection
                0x00002838                CyExitCriticalSection
 .text.FS__AllocSectorBuffer
                0x00002840       0x2c .\emFile_V322c\LinkLibrary\PSoC5\GCC\libemf16nosnlfn.a(FS_Misc.o)
                0x00002840                FS__AllocSectorBuffer
 .text.FS__FreeSectorBuffer
                0x0000286c       0x28 .\emFile_V322c\LinkLibrary\PSoC5\GCC\libemf16nosnlfn.a(FS_Misc.o)
                0x0000286c                FS__FreeSectorBuffer
 .text.FS__SB_MarkDirty
                0x00002894        0x6 .\emFile_V322c\LinkLibrary\PSoC5\GCC\libemf16nosnlfn.a(FS_Misc.o)
                0x00002894                FS__SB_MarkDirty
 .text.FS__SB_MarkNotDirty
                0x0000289a        0x6 .\emFile_V322c\LinkLibrary\PSoC5\GCC\libemf16nosnlfn.a(FS_Misc.o)
                0x0000289a                FS__SB_MarkNotDirty
 .text.FS__FreeFileHandle
                0x000028a0        0xa .\emFile_V322c\LinkLibrary\PSoC5\GCC\libemf16nosnlfn.a(FS_Misc.o)
                0x000028a0                FS__FreeFileHandle
 .text.FS__FreeFileObj
                0x000028aa        0xc .\emFile_V322c\LinkLibrary\PSoC5\GCC\libemf16nosnlfn.a(FS_Misc.o)
                0x000028aa                FS__FreeFileObj
 *fill*         0x000028b6        0x2 
 .text.FS_Init  0x000028b8       0x58 .\emFile_V322c\LinkLibrary\PSoC5\GCC\libemf16nosnlfn.a(FS_Misc.o)
                0x000028b8                FS_Init
 .text.FS__SB_Create
                0x00002910       0x28 .\emFile_V322c\LinkLibrary\PSoC5\GCC\libemf16nosnlfn.a(FS_Misc.o)
                0x00002910                FS__SB_Create
 .text.FS__FCloseNL
                0x00002938       0x1e .\emFile_V322c\LinkLibrary\PSoC5\GCC\libemf16nosnlfn.a(FS_Misc.o)
                0x00002938                FS__FCloseNL
 .text.FS__FClose
                0x00002956       0x1a .\emFile_V322c\LinkLibrary\PSoC5\GCC\libemf16nosnlfn.a(FS_Misc.o)
                0x00002956                FS__FClose
 .text.FS_FClose
                0x00002970        0xa .\emFile_V322c\LinkLibrary\PSoC5\GCC\libemf16nosnlfn.a(FS_Misc.o)
                0x00002970                FS_FClose
 *fill*         0x0000297a        0x2 
 .text.FS__AllocFileObj
                0x0000297c       0x48 .\emFile_V322c\LinkLibrary\PSoC5\GCC\libemf16nosnlfn.a(FS_Misc.o)
                0x0000297c                FS__AllocFileObj
 .text.FS__AllocFileHandle
                0x000029c4       0x40 .\emFile_V322c\LinkLibrary\PSoC5\GCC\libemf16nosnlfn.a(FS_Misc.o)
                0x000029c4                FS__AllocFileHandle
 .text.FS__OpenEx
                0x00002a04       0x58 .\emFile_V322c\LinkLibrary\PSoC5\GCC\libemf16nosnlfn.a(FS_Misc.o)
                0x00002a04                FS__OpenEx
 .text.FS__FOpenEx
                0x00002a5c       0x56 .\emFile_V322c\LinkLibrary\PSoC5\GCC\libemf16nosnlfn.a(FS_Misc.o)
                0x00002a5c                FS__FOpenEx
 *fill*         0x00002ab2        0x2 
 .text.FS__FOpen
                0x00002ab4       0x48 .\emFile_V322c\LinkLibrary\PSoC5\GCC\libemf16nosnlfn.a(FS_Misc.o)
                0x00002ab4                FS__FOpen
 .text.FS_FOpen
                0x00002afc        0x4 .\emFile_V322c\LinkLibrary\PSoC5\GCC\libemf16nosnlfn.a(FS_Misc.o)
                0x00002afc                FS_FOpen
 .text.FS__SB_Write
                0x00002b00       0x24 .\emFile_V322c\LinkLibrary\PSoC5\GCC\libemf16nosnlfn.a(FS_Misc.o)
                0x00002b00                FS__SB_Write
 .text._SB_Clean
                0x00002b24       0x24 .\emFile_V322c\LinkLibrary\PSoC5\GCC\libemf16nosnlfn.a(FS_Misc.o)
 .text.FS__SB_SetSector
                0x00002b48       0x20 .\emFile_V322c\LinkLibrary\PSoC5\GCC\libemf16nosnlfn.a(FS_Misc.o)
                0x00002b48                FS__SB_SetSector
 .text.FS__SB_Clean
                0x00002b68        0x4 .\emFile_V322c\LinkLibrary\PSoC5\GCC\libemf16nosnlfn.a(FS_Misc.o)
                0x00002b68                FS__SB_Clean
 .text.FS__SB_Delete
                0x00002b6c       0x12 .\emFile_V322c\LinkLibrary\PSoC5\GCC\libemf16nosnlfn.a(FS_Misc.o)
                0x00002b6c                FS__SB_Delete
 .text.FS__SB_Flush
                0x00002b7e        0x8 .\emFile_V322c\LinkLibrary\PSoC5\GCC\libemf16nosnlfn.a(FS_Misc.o)
                0x00002b7e                FS__SB_Flush
 .text.FS__SB_Read
                0x00002b86       0x2a .\emFile_V322c\LinkLibrary\PSoC5\GCC\libemf16nosnlfn.a(FS_Misc.o)
                0x00002b86                FS__SB_Read
 .text.FS__AddPhysDevice
                0x00002bb0       0x10 .\emFile_V322c\LinkLibrary\PSoC5\GCC\libemf16nosnlfn.a(FS_Storage.o)
                0x00002bb0                FS__AddPhysDevice
 .text.FS__FindVolume
                0x00002bc0       0x78 .\emFile_V322c\LinkLibrary\PSoC5\GCC\libemf16nosnlfn.a(FS_Storage.o)
                0x00002bc0                FS__FindVolume
 .text.FS__AddDevice
                0x00002c38       0x68 .\emFile_V322c\LinkLibrary\PSoC5\GCC\libemf16nosnlfn.a(FS_Storage.o)
                0x00002c38                FS__AddDevice
 .text.FS_AddDevice
                0x00002ca0        0x4 .\emFile_V322c\LinkLibrary\PSoC5\GCC\libemf16nosnlfn.a(FS_Storage.o)
                0x00002ca0                FS_AddDevice
 .text._Mount   0x00002ca4       0x2e .\emFile_V322c\LinkLibrary\PSoC5\GCC\libemf16nosnlfn.a(FS_Volume.o)
 .text.FS__AutoMount
                0x00002cd2       0x14 .\emFile_V322c\LinkLibrary\PSoC5\GCC\libemf16nosnlfn.a(FS_Volume.o)
                0x00002cd2                FS__AutoMount
 .text.FS__MountNL
                0x00002ce6       0x20 .\emFile_V322c\LinkLibrary\PSoC5\GCC\libemf16nosnlfn.a(FS_Volume.o)
                0x00002ce6                FS__MountNL
 .text.FS__Mount
                0x00002d06        0x4 .\emFile_V322c\LinkLibrary\PSoC5\GCC\libemf16nosnlfn.a(FS_Volume.o)
                0x00002d06                FS__Mount
 .text.FS_MountEx
                0x00002d0a       0x1a .\emFile_V322c\LinkLibrary\PSoC5\GCC\libemf16nosnlfn.a(FS_Volume.o)
                0x00002d0a                FS_MountEx
 .text.FS__Write
                0x00002d24       0x3a .\emFile_V322c\LinkLibrary\PSoC5\GCC\libemf16nosnlfn.a(FS_Write.o)
                0x00002d24                FS__Write
 .text.FS_Write
                0x00002d5e        0x4 .\emFile_V322c\LinkLibrary\PSoC5\GCC\libemf16nosnlfn.a(FS_Write.o)
                0x00002d5e                FS_Write
 .text._ClusterId2FATOff
                0x00002d62       0x18 .\emFile_V322c\LinkLibrary\PSoC5\GCC\libemf16nosnlfn.a(FAT_Misc.o)
 .text._CalcLogClusterPos
                0x00002d7a        0xe .\emFile_V322c\LinkLibrary\PSoC5\GCC\libemf16nosnlfn.a(FAT_Misc.o)
 .text._ReadFromFreeClusterCache
                0x00002d88       0x46 .\emFile_V322c\LinkLibrary\PSoC5\GCC\libemf16nosnlfn.a(FAT_Misc.o)
 .text.FS_FAT_GetFATType
                0x00002dce       0x1a .\emFile_V322c\LinkLibrary\PSoC5\GCC\libemf16nosnlfn.a(FAT_Misc.o)
                0x00002dce                FS_FAT_GetFATType
 .text.FS_FAT_ClusterId2SectorNo
                0x00002de8        0xc .\emFile_V322c\LinkLibrary\PSoC5\GCC\libemf16nosnlfn.a(FAT_Misc.o)
                0x00002de8                FS_FAT_ClusterId2SectorNo
 .text.FS_FAT_IsValidShortNameChar
                0x00002df4       0x34 .\emFile_V322c\LinkLibrary\PSoC5\GCC\libemf16nosnlfn.a(FAT_Misc.o)
                0x00002df4                FS_FAT_IsValidShortNameChar
 .text.FS_FAT_CopyShortName
                0x00002e28       0x56 .\emFile_V322c\LinkLibrary\PSoC5\GCC\libemf16nosnlfn.a(FAT_Misc.o)
                0x00002e28                FS_FAT_CopyShortName
 .text._SFN_CreateDirEntry
                0x00002e7e       0x5a .\emFile_V322c\LinkLibrary\PSoC5\GCC\libemf16nosnlfn.a(FAT_Misc.o)
 .text._SFN_FindDirEntry
                0x00002ed8       0x10 .\emFile_V322c\LinkLibrary\PSoC5\GCC\libemf16nosnlfn.a(FAT_Misc.o)
 .text.FS_FAT_FindDirEntry
                0x00002ee8       0x60 .\emFile_V322c\LinkLibrary\PSoC5\GCC\libemf16nosnlfn.a(FAT_Misc.o)
                0x00002ee8                FS_FAT_FindDirEntry
 .text.FS_FAT_CopyDirEntryInfo
                0x00002f48       0x50 .\emFile_V322c\LinkLibrary\PSoC5\GCC\libemf16nosnlfn.a(FAT_Misc.o)
                0x00002f48                FS_FAT_CopyDirEntryInfo
 .text._SFN_ReadDirEntryInfo
                0x00002f98       0x6e .\emFile_V322c\LinkLibrary\PSoC5\GCC\libemf16nosnlfn.a(FAT_Misc.o)
 .text._SetFATSector
                0x00003006        0x6 .\emFile_V322c\LinkLibrary\PSoC5\GCC\libemf16nosnlfn.a(FAT_Misc.o)
 .text._WriteFATEntry
                0x0000300c      0x152 .\emFile_V322c\LinkLibrary\PSoC5\GCC\libemf16nosnlfn.a(FAT_Misc.o)
 .text.FS_FAT_MarkClusterEOC
                0x0000315e        0x8 .\emFile_V322c\LinkLibrary\PSoC5\GCC\libemf16nosnlfn.a(FAT_Misc.o)
                0x0000315e                FS_FAT_MarkClusterEOC
 .text.FS_FAT_SyncFAT
                0x00003166       0x3c .\emFile_V322c\LinkLibrary\PSoC5\GCC\libemf16nosnlfn.a(FAT_Misc.o)
                0x00003166                FS_FAT_SyncFAT
 .text.FS_FAT_LinkCluster
                0x000031a2       0x1c .\emFile_V322c\LinkLibrary\PSoC5\GCC\libemf16nosnlfn.a(FAT_Misc.o)
                0x000031a2                FS_FAT_LinkCluster
 .text.FS_FAT_ReadFATEntry
                0x000031be       0xb2 .\emFile_V322c\LinkLibrary\PSoC5\GCC\libemf16nosnlfn.a(FAT_Misc.o)
                0x000031be                FS_FAT_ReadFATEntry
 .text.FS_FAT_GetNumAdjClustersInChain
                0x00003270       0x64 .\emFile_V322c\LinkLibrary\PSoC5\GCC\libemf16nosnlfn.a(FAT_Misc.o)
                0x00003270                FS_FAT_GetNumAdjClustersInChain
 .text.FS_FAT_WalkClusterEx
                0x000032d4       0x5c .\emFile_V322c\LinkLibrary\PSoC5\GCC\libemf16nosnlfn.a(FAT_Misc.o)
                0x000032d4                FS_FAT_WalkClusterEx
 .text.FS_FAT_GotoCluster
                0x00003330       0x88 .\emFile_V322c\LinkLibrary\PSoC5\GCC\libemf16nosnlfn.a(FAT_Misc.o)
                0x00003330                FS_FAT_GotoCluster
 .text.FS_FAT_WalkCluster
                0x000033b8       0x18 .\emFile_V322c\LinkLibrary\PSoC5\GCC\libemf16nosnlfn.a(FAT_Misc.o)
                0x000033b8                FS_FAT_WalkCluster
 .text.FS_FAT_FindLastCluster
                0x000033d0       0x34 .\emFile_V322c\LinkLibrary\PSoC5\GCC\libemf16nosnlfn.a(FAT_Misc.o)
                0x000033d0                FS_FAT_FindLastCluster
 .text._CalcFreeClusterCnt
                0x00003404       0x88 .\emFile_V322c\LinkLibrary\PSoC5\GCC\libemf16nosnlfn.a(FAT_Misc.o)
 .text.FS_FAT_FindFreeCluster
                0x0000348c       0xa8 .\emFile_V322c\LinkLibrary\PSoC5\GCC\libemf16nosnlfn.a(FAT_Misc.o)
                0x0000348c                FS_FAT_FindFreeCluster
 .text.FS_FAT_AllocCluster
                0x00003534       0x20 .\emFile_V322c\LinkLibrary\PSoC5\GCC\libemf16nosnlfn.a(FAT_Misc.o)
                0x00003534                FS_FAT_AllocCluster
 .text._WriteEmptyFATSectors
                0x00003554       0x3c .\emFile_V322c\LinkLibrary\PSoC5\GCC\libemf16nosnlfn.a(FAT_Misc.o)
 .text.FS_FAT_FreeClusterChain
                0x00003590       0xe0 .\emFile_V322c\LinkLibrary\PSoC5\GCC\libemf16nosnlfn.a(FAT_Misc.o)
                0x00003590                FS_FAT_FreeClusterChain
 .text.FS_FAT_CheckBPB
                0x00003670      0x14c .\emFile_V322c\LinkLibrary\PSoC5\GCC\libemf16nosnlfn.a(FAT_Misc.o)
                0x00003670                FS_FAT_CheckBPB
 .text.FS_FAT_InitDirEntryScan
                0x000037bc       0x14 .\emFile_V322c\LinkLibrary\PSoC5\GCC\libemf16nosnlfn.a(FAT_Open.o)
                0x000037bc                FS_FAT_InitDirEntryScan
 .text.FS_FAT_IncDirPos
                0x000037d0        0x8 .\emFile_V322c\LinkLibrary\PSoC5\GCC\libemf16nosnlfn.a(FAT_Open.o)
                0x000037d0                FS_FAT_IncDirPos
 .text._CopyDirText
                0x000037d8       0x44 .\emFile_V322c\LinkLibrary\PSoC5\GCC\libemf16nosnlfn.a(FAT_Open.o)
 .text.FS_FAT_Make83Name
                0x0000381c       0xb0 .\emFile_V322c\LinkLibrary\PSoC5\GCC\libemf16nosnlfn.a(FAT_Open.o)
                0x0000381c                FS_FAT_Make83Name
 .text.FS_FAT_GetDirEntry
                0x000038cc       0xb2 .\emFile_V322c\LinkLibrary\PSoC5\GCC\libemf16nosnlfn.a(FAT_Open.o)
                0x000038cc                FS_FAT_GetDirEntry
 .text.FS_FAT_FindDirEntryShortEx
                0x0000397e       0x5a .\emFile_V322c\LinkLibrary\PSoC5\GCC\libemf16nosnlfn.a(FAT_Open.o)
                0x0000397e                FS_FAT_FindDirEntryShortEx
 .text.FS_FAT_FindDirEntryShort
                0x000039d8       0x36 .\emFile_V322c\LinkLibrary\PSoC5\GCC\libemf16nosnlfn.a(FAT_Open.o)
                0x000039d8                FS_FAT_FindDirEntryShort
 .text.FS_FAT_FindEmptyDirEntry
                0x00003a0e       0xb0 .\emFile_V322c\LinkLibrary\PSoC5\GCC\libemf16nosnlfn.a(FAT_Open.o)
                0x00003a0e                FS_FAT_FindEmptyDirEntry
 .text.FS_FAT_GetFirstCluster
                0x00003abe       0x1a .\emFile_V322c\LinkLibrary\PSoC5\GCC\libemf16nosnlfn.a(FAT_Open.o)
                0x00003abe                FS_FAT_GetFirstCluster
 .text.FS_FAT_FindPath
                0x00003ad8       0x7a .\emFile_V322c\LinkLibrary\PSoC5\GCC\libemf16nosnlfn.a(FAT_Open.o)
                0x00003ad8                FS_FAT_FindPath
 .text.FS_FAT_DeleteFileOrDir
                0x00003b52       0x48 .\emFile_V322c\LinkLibrary\PSoC5\GCC\libemf16nosnlfn.a(FAT_Open.o)
                0x00003b52                FS_FAT_DeleteFileOrDir
 *fill*         0x00003b9a        0x2 
 .text.FS_FAT_Open
                0x00003b9c      0x1dc .\emFile_V322c\LinkLibrary\PSoC5\GCC\libemf16nosnlfn.a(FAT_Open.o)
                0x00003b9c                FS_FAT_Open
 .text.FS_FAT_WriteDirEntryCluster
                0x00003d78       0x1c .\emFile_V322c\LinkLibrary\PSoC5\GCC\libemf16nosnlfn.a(FAT_Open.o)
                0x00003d78                FS_FAT_WriteDirEntryCluster
 .text.FS_FAT_WriteDirEntry83
                0x00003d94       0x6c .\emFile_V322c\LinkLibrary\PSoC5\GCC\libemf16nosnlfn.a(FAT_Open.o)
                0x00003d94                FS_FAT_WriteDirEntry83
 .text._WriteBurst
                0x00003e00       0x24 .\emFile_V322c\LinkLibrary\PSoC5\GCC\libemf16nosnlfn.a(FAT_Write.o)
 .text.FS_FAT_GotoClusterAllocIfReq
                0x00003e24       0xa8 .\emFile_V322c\LinkLibrary\PSoC5\GCC\libemf16nosnlfn.a(FAT_Write.o)
                0x00003e24                FS_FAT_GotoClusterAllocIfReq
 .text.FS_FAT_UpdateDirEntry
                0x00003ecc       0x68 .\emFile_V322c\LinkLibrary\PSoC5\GCC\libemf16nosnlfn.a(FAT_Write.o)
                0x00003ecc                FS_FAT_UpdateDirEntry
 .text.FS_FAT_Close
                0x00003f34       0x44 .\emFile_V322c\LinkLibrary\PSoC5\GCC\libemf16nosnlfn.a(FAT_Write.o)
                0x00003f34                FS_FAT_Close
 .text.FS_FAT_Write
                0x00003f78      0x1c8 .\emFile_V322c\LinkLibrary\PSoC5\GCC\libemf16nosnlfn.a(FAT_Write.o)
                0x00003f78                FS_FAT_Write
 .text.FS__CLIB_memcmp
                0x00004140       0x20 .\emFile_V322c\LinkLibrary\PSoC5\GCC\libemf16nosnlfn.a(FS_CLib.o)
                0x00004140                FS__CLIB_memcmp
 .text.FS__CLIB_memset
                0x00004160       0x6c .\emFile_V322c\LinkLibrary\PSoC5\GCC\libemf16nosnlfn.a(FS_CLib.o)
                0x00004160                FS__CLIB_memset
 .text.FS__CLIB_strcmp
                0x000041cc       0x1a .\emFile_V322c\LinkLibrary\PSoC5\GCC\libemf16nosnlfn.a(FS_CLib.o)
                0x000041cc                FS__CLIB_strcmp
 .text.FS__CLIB_strlen
                0x000041e6       0x10 .\emFile_V322c\LinkLibrary\PSoC5\GCC\libemf16nosnlfn.a(FS_CLib.o)
                0x000041e6                FS__CLIB_strlen
 .text.FS__CLIB_strncmp
                0x000041f6       0x26 .\emFile_V322c\LinkLibrary\PSoC5\GCC\libemf16nosnlfn.a(FS_CLib.o)
                0x000041f6                FS__CLIB_strncmp
 .text.FS__CLIB_toupper
                0x0000421c        0xe .\emFile_V322c\LinkLibrary\PSoC5\GCC\libemf16nosnlfn.a(FS_CLib.o)
                0x0000421c                FS__CLIB_toupper
 .text.FS__strchr
                0x0000422a       0x14 .\emFile_V322c\LinkLibrary\PSoC5\GCC\libemf16nosnlfn.a(FS_Core.o)
                0x0000422a                FS__strchr
 .text.FS_LoadU32BE
                0x0000423e       0x18 .\emFile_V322c\LinkLibrary\PSoC5\GCC\libemf16nosnlfn.a(FS_Core.o)
                0x0000423e                FS_LoadU32BE
 .text.FS_LoadU32LE
                0x00004256       0x16 .\emFile_V322c\LinkLibrary\PSoC5\GCC\libemf16nosnlfn.a(FS_Core.o)
                0x00004256                FS_LoadU32LE
 .text.FS_StoreU32LE
                0x0000426c       0x14 .\emFile_V322c\LinkLibrary\PSoC5\GCC\libemf16nosnlfn.a(FS_Core.o)
                0x0000426c                FS_StoreU32LE
 .text.FS_StoreU16LE
                0x00004280        0x8 .\emFile_V322c\LinkLibrary\PSoC5\GCC\libemf16nosnlfn.a(FS_Core.o)
                0x00004280                FS_StoreU16LE
 .text.FS_LoadU16LE
                0x00004288        0xa .\emFile_V322c\LinkLibrary\PSoC5\GCC\libemf16nosnlfn.a(FS_Core.o)
                0x00004288                FS_LoadU16LE
 *fill*         0x00004292        0x2 
 .text._Alloc   0x00004294       0x30 .\emFile_V322c\LinkLibrary\PSoC5\GCC\libemf16nosnlfn.a(FS_Core.o)
 .text.FS_Alloc
                0x000042c4        0xc .\emFile_V322c\LinkLibrary\PSoC5\GCC\libemf16nosnlfn.a(FS_Core.o)
                0x000042c4                FS_Alloc
 .text.FS_TryAlloc
                0x000042d0        0x4 .\emFile_V322c\LinkLibrary\PSoC5\GCC\libemf16nosnlfn.a(FS_Core.o)
                0x000042d0                FS_TryAlloc
 .text.FS_Free  0x000042d4       0x1c .\emFile_V322c\LinkLibrary\PSoC5\GCC\libemf16nosnlfn.a(FS_Core.o)
                0x000042d4                FS_Free
 .text.FS_AssignMemory
                0x000042f0        0xc .\emFile_V322c\LinkLibrary\PSoC5\GCC\libemf16nosnlfn.a(FS_Core.o)
                0x000042f0                FS_AssignMemory
 .text.FS_AllocZeroed
                0x000042fc       0x16 .\emFile_V322c\LinkLibrary\PSoC5\GCC\libemf16nosnlfn.a(FS_Core.o)
                0x000042fc                FS_AllocZeroed
 *fill*         0x00004312        0x2 
 .text.FS_STORAGE_Init
                0x00004314       0x28 .\emFile_V322c\LinkLibrary\PSoC5\GCC\libemf16nosnlfn.a(FS_Core.o)
                0x00004314                FS_STORAGE_Init
 .text._ClrBusyLED
                0x0000433c        0xc .\emFile_V322c\LinkLibrary\PSoC5\GCC\libemf16nosnlfn.a(FS_LogBlock.o)
 .text._SetBusyLED
                0x00004348        0xc .\emFile_V322c\LinkLibrary\PSoC5\GCC\libemf16nosnlfn.a(FS_LogBlock.o)
 .text._Read    0x00004354        0xc .\emFile_V322c\LinkLibrary\PSoC5\GCC\libemf16nosnlfn.a(FS_LogBlock.o)
 .text._Write   0x00004360       0x12 .\emFile_V322c\LinkLibrary\PSoC5\GCC\libemf16nosnlfn.a(FS_LogBlock.o)
 .text.FS_LB_GetStatus
                0x00004372        0xc .\emFile_V322c\LinkLibrary\PSoC5\GCC\libemf16nosnlfn.a(FS_LogBlock.o)
                0x00004372                FS_LB_GetStatus
 .text.FS_LB_InitMedium
                0x0000437e       0x1a .\emFile_V322c\LinkLibrary\PSoC5\GCC\libemf16nosnlfn.a(FS_LogBlock.o)
                0x0000437e                FS_LB_InitMedium
 .text.FS_LB_InitMediumIfRequired
                0x00004398       0x10 .\emFile_V322c\LinkLibrary\PSoC5\GCC\libemf16nosnlfn.a(FS_LogBlock.o)
                0x00004398                FS_LB_InitMediumIfRequired
 .text.FS_LB_ReadDevice
                0x000043a8       0x2e .\emFile_V322c\LinkLibrary\PSoC5\GCC\libemf16nosnlfn.a(FS_LogBlock.o)
                0x000043a8                FS_LB_ReadDevice
 .text.FS_LB_ReadPart
                0x000043d6        0xe .\emFile_V322c\LinkLibrary\PSoC5\GCC\libemf16nosnlfn.a(FS_LogBlock.o)
                0x000043d6                FS_LB_ReadPart
 .text.FS_LB_WriteBurst
                0x000043e4       0x30 .\emFile_V322c\LinkLibrary\PSoC5\GCC\libemf16nosnlfn.a(FS_LogBlock.o)
                0x000043e4                FS_LB_WriteBurst
 .text.FS_LB_WriteBurstPart
                0x00004414       0x14 .\emFile_V322c\LinkLibrary\PSoC5\GCC\libemf16nosnlfn.a(FS_LogBlock.o)
                0x00004414                FS_LB_WriteBurstPart
 .text.FS_LB_WriteMultiple
                0x00004428       0x30 .\emFile_V322c\LinkLibrary\PSoC5\GCC\libemf16nosnlfn.a(FS_LogBlock.o)
                0x00004428                FS_LB_WriteMultiple
 .text.FS_LB_WriteMultiplePart
                0x00004458       0x14 .\emFile_V322c\LinkLibrary\PSoC5\GCC\libemf16nosnlfn.a(FS_LogBlock.o)
                0x00004458                FS_LB_WriteMultiplePart
 .text.FS_LB_WriteDevice
                0x0000446c       0x36 .\emFile_V322c\LinkLibrary\PSoC5\GCC\libemf16nosnlfn.a(FS_LogBlock.o)
                0x0000446c                FS_LB_WriteDevice
 .text.FS_LB_WritePart
                0x000044a2        0xe .\emFile_V322c\LinkLibrary\PSoC5\GCC\libemf16nosnlfn.a(FS_LogBlock.o)
                0x000044a2                FS_LB_WritePart
 .text.FS_GetSectorSize
                0x000044b0       0x28 .\emFile_V322c\LinkLibrary\PSoC5\GCC\libemf16nosnlfn.a(FS_LogBlock.o)
                0x000044b0                FS_GetSectorSize
 .text.FS_LB_GetDeviceInfo
                0x000044d8       0x26 .\emFile_V322c\LinkLibrary\PSoC5\GCC\libemf16nosnlfn.a(FS_LogBlock.o)
                0x000044d8                FS_LB_GetDeviceInfo
 .text.FS_memcpy
                0x000044fe      0x120 .\emFile_V322c\LinkLibrary\PSoC5\GCC\libemf16nosnlfn.a(FS_memcpy.o)
                0x000044fe                FS_memcpy
 .text._IsBPB   0x0000461e       0x1e .\emFile_V322c\LinkLibrary\PSoC5\GCC\libemf16nosnlfn.a(FS_Partition.o)
 .text._HasSignature
                0x0000463c       0x18 .\emFile_V322c\LinkLibrary\PSoC5\GCC\libemf16nosnlfn.a(FS_Partition.o)
 .text._GetPartitionStartSector
                0x00004654        0xc .\emFile_V322c\LinkLibrary\PSoC5\GCC\libemf16nosnlfn.a(FS_Partition.o)
 .text.FS__GetMediaStartSecEx
                0x00004660       0x6e .\emFile_V322c\LinkLibrary\PSoC5\GCC\libemf16nosnlfn.a(FS_Partition.o)
                0x00004660                FS__GetMediaStartSecEx
 *fill*         0x000046ce        0x2 
 .text.FS__LocatePartition
                0x000046d0       0x44 .\emFile_V322c\LinkLibrary\PSoC5\GCC\libemf16nosnlfn.a(FS_Partition.o)
                0x000046d0                FS__LocatePartition
 .text.FS_X_AddDevices
                0x00004714       0x20 .\CortexM3\ARM_GCC_541\Debug\Design01.a(emFile_1_ConfigMMC_SPI.o)
                0x00004714                FS_X_AddDevices
 .text.FS_X_GetTimeDate
                0x00004734        0x8 .\CortexM3\ARM_GCC_541\Debug\Design01.a(emFile_1_ConfigMMC_SPI.o)
                0x00004734                FS_X_GetTimeDate
 .text._CalcDataCRC16Dummy
                0x0000473c        0x6 .\emFile_V322c\LinkLibrary\PSoC5\GCC\libemf16nosnlfn.a(MMC_Drv.o)
 *fill*         0x00004742        0x2 
 .text._MMC_GetNumUnits
                0x00004744        0xc .\emFile_V322c\LinkLibrary\PSoC5\GCC\libemf16nosnlfn.a(MMC_Drv.o)
 .text._MMC_GetDriverName
                0x00004750        0x8 .\emFile_V322c\LinkLibrary\PSoC5\GCC\libemf16nosnlfn.a(MMC_Drv.o)
 .text._MMC_GetStatus
                0x00004758        0x4 .\emFile_V322c\LinkLibrary\PSoC5\GCC\libemf16nosnlfn.a(MMC_Drv.o)
 .text._CheckR1
                0x0000475c       0x38 .\emFile_V322c\LinkLibrary\PSoC5\GCC\libemf16nosnlfn.a(MMC_Drv.o)
 .text._WaitToGetReady
                0x00004794       0x26 .\emFile_V322c\LinkLibrary\PSoC5\GCC\libemf16nosnlfn.a(MMC_Drv.o)
 .text._SendEmptyCycles
                0x000047ba       0x24 .\emFile_V322c\LinkLibrary\PSoC5\GCC\libemf16nosnlfn.a(MMC_Drv.o)
 *fill*         0x000047de        0x2 
 .text._MMC_AddDevice
                0x000047e0       0x2c .\emFile_V322c\LinkLibrary\PSoC5\GCC\libemf16nosnlfn.a(MMC_Drv.o)
 .text.T.53     0x0000480c       0x14 .\emFile_V322c\LinkLibrary\PSoC5\GCC\libemf16nosnlfn.a(MMC_Drv.o)
 .text._GetFromCSD
                0x00004820       0x34 .\emFile_V322c\LinkLibrary\PSoC5\GCC\libemf16nosnlfn.a(MMC_Drv.o)
 .text._ExecCmdR1
                0x00004854       0x98 .\emFile_V322c\LinkLibrary\PSoC5\GCC\libemf16nosnlfn.a(MMC_Drv.o)
 .text._ReadCSD
                0x000048ec       0x86 .\emFile_V322c\LinkLibrary\PSoC5\GCC\libemf16nosnlfn.a(MMC_Drv.o)
 *fill*         0x00004972        0x2 
 .text._MMC_Read
                0x00004974      0x130 .\emFile_V322c\LinkLibrary\PSoC5\GCC\libemf16nosnlfn.a(MMC_Drv.o)
 .text._MMC_Write
                0x00004aa4      0x13c .\emFile_V322c\LinkLibrary\PSoC5\GCC\libemf16nosnlfn.a(MMC_Drv.o)
 .text._ApplyCSD
                0x00004be0      0x228 .\emFile_V322c\LinkLibrary\PSoC5\GCC\libemf16nosnlfn.a(MMC_Drv.o)
 .text._MMC_Init
                0x00004e08      0x1c0 .\emFile_V322c\LinkLibrary\PSoC5\GCC\libemf16nosnlfn.a(MMC_Drv.o)
 .text._MMC_InitMedium
                0x00004fc8       0x28 .\emFile_V322c\LinkLibrary\PSoC5\GCC\libemf16nosnlfn.a(MMC_Drv.o)
 .text._MMC_IoCtl
                0x00004ff0       0x60 .\emFile_V322c\LinkLibrary\PSoC5\GCC\libemf16nosnlfn.a(MMC_Drv.o)
 .text.FS_MMC_HW_X_EnableCS
                0x00005050        0x8 .\CortexM3\ARM_GCC_541\Debug\Design01.a(emFile_1_MMC_HW_SPI.o)
                0x00005050                FS_MMC_HW_X_EnableCS
 .text.FS_MMC_HW_X_DisableCS
                0x00005058        0x8 .\CortexM3\ARM_GCC_541\Debug\Design01.a(emFile_1_MMC_HW_SPI.o)
                0x00005058                FS_MMC_HW_X_DisableCS
 .text.FS_MMC_HW_X_IsWriteProtected
                0x00005060        0x4 .\CortexM3\ARM_GCC_541\Debug\Design01.a(emFile_1_MMC_HW_SPI.o)
                0x00005060                FS_MMC_HW_X_IsWriteProtected
 .text.FS_MMC_HW_X_SetMaxSpeed
                0x00005064       0x40 .\CortexM3\ARM_GCC_541\Debug\Design01.a(emFile_1_MMC_HW_SPI.o)
                0x00005064                FS_MMC_HW_X_SetMaxSpeed
 .text.FS_MMC_HW_X_SetVoltage
                0x000050a4       0x1c .\CortexM3\ARM_GCC_541\Debug\Design01.a(emFile_1_MMC_HW_SPI.o)
                0x000050a4                FS_MMC_HW_X_SetVoltage
 .text.FS_MMC_HW_X_IsPresent
                0x000050c0       0x28 .\CortexM3\ARM_GCC_541\Debug\Design01.a(emFile_1_MMC_HW_SPI.o)
                0x000050c0                FS_MMC_HW_X_IsPresent
 .text.FS_MMC_HW_X_Read
                0x000050e8       0x50 .\CortexM3\ARM_GCC_541\Debug\Design01.a(emFile_1_MMC_HW_SPI.o)
                0x000050e8                FS_MMC_HW_X_Read
 .text.FS_MMC_HW_X_Write
                0x00005138       0x44 .\CortexM3\ARM_GCC_541\Debug\Design01.a(emFile_1_MMC_HW_SPI.o)
                0x00005138                FS_MMC_HW_X_Write
 .text.emFile_1_SPI0_Start
                0x0000517c       0xa8 .\CortexM3\ARM_GCC_541\Debug\Design01.a(emFile_1_SPI0.o)
                0x0000517c                emFile_1_SPI0_Start
 .text.emFile_1_SPI0_ReadTxStatus
                0x00005224        0xc .\CortexM3\ARM_GCC_541\Debug\Design01.a(emFile_1_SPI0.o)
                0x00005224                emFile_1_SPI0_ReadTxStatus
 .text.emFile_1_SPI0_WriteTxData
                0x00005230       0x18 .\CortexM3\ARM_GCC_541\Debug\Design01.a(emFile_1_SPI0.o)
                0x00005230                emFile_1_SPI0_WriteTxData
 .text.emFile_1_SPI0_ReadRxData
                0x00005248        0xc .\CortexM3\ARM_GCC_541\Debug\Design01.a(emFile_1_SPI0.o)
                0x00005248                emFile_1_SPI0_ReadRxData
 .text.emFile_1_Clock_1_Start
                0x00005254       0x20 .\CortexM3\ARM_GCC_541\Debug\Design01.a(emFile_1_Clock_1.o)
                0x00005254                emFile_1_Clock_1_Start
 .text.emFile_1_Clock_1_Stop
                0x00005274       0x20 .\CortexM3\ARM_GCC_541\Debug\Design01.a(emFile_1_Clock_1.o)
                0x00005274                emFile_1_Clock_1_Stop
 .text.emFile_1_Clock_1_SetDividerRegister
                0x00005294       0xe4 .\CortexM3\ARM_GCC_541\Debug\Design01.a(emFile_1_Clock_1.o)
                0x00005294                emFile_1_Clock_1_SetDividerRegister
 .text.emFile_1_SPI0_CS_Write
                0x00005378       0x18 .\CortexM3\ARM_GCC_541\Debug\Design01.a(emFile_1_SPI0_CS.o)
                0x00005378                emFile_1_SPI0_CS_Write
 .text          0x00005390      0x370 c:/program files (x86)/cypress/psoc creator/4.2/psoc creator/import/gnu/arm/5.4.1/bin/../lib/gcc/arm-none-eabi/5.4.1/armv7-m\libgcc.a(_arm_addsubdf3.o)
                0x00005390                __aeabi_drsub
                0x00005398                __aeabi_dsub
                0x00005398                __subdf3
                0x0000539c                __aeabi_dadd
                0x0000539c                __adddf3
                0x00005614                __floatunsidf
                0x00005614                __aeabi_ui2d
                0x00005634                __floatsidf
                0x00005634                __aeabi_i2d
                0x00005658                __aeabi_f2d
                0x00005658                __extendsfdf2
                0x00005694                __floatundidf
                0x00005694                __aeabi_ul2d
                0x000056a4                __floatdidf
                0x000056a4                __aeabi_l2d
 .text          0x00005700      0x424 c:/program files (x86)/cypress/psoc creator/4.2/psoc creator/import/gnu/arm/5.4.1/bin/../lib/gcc/arm-none-eabi/5.4.1/armv7-m\libgcc.a(_arm_muldivdf3.o)
                0x00005700                __aeabi_dmul
                0x00005700                __muldf3
                0x00005954                __divdf3
                0x00005954                __aeabi_ddiv
 .text          0x00005b24      0x110 c:/program files (x86)/cypress/psoc creator/4.2/psoc creator/import/gnu/arm/5.4.1/bin/../lib/gcc/arm-none-eabi/5.4.1/armv7-m\libgcc.a(_arm_cmpdf2.o)
                0x00005b24                __gtdf2
                0x00005b24                __gedf2
                0x00005b2c                __ltdf2
                0x00005b2c                __ledf2
                0x00005b34                __nedf2
                0x00005b34                __eqdf2
                0x00005b34                __cmpdf2
                0x00005bb0                __aeabi_cdrcmple
                0x00005bc0                __aeabi_cdcmpeq
                0x00005bc0                __aeabi_cdcmple
                0x00005bd0                __aeabi_dcmpeq
                0x00005be4                __aeabi_dcmplt
                0x00005bf8                __aeabi_dcmple
                0x00005c0c                __aeabi_dcmpge
                0x00005c20                __aeabi_dcmpgt
 .text          0x00005c34       0x50 c:/program files (x86)/cypress/psoc creator/4.2/psoc creator/import/gnu/arm/5.4.1/bin/../lib/gcc/arm-none-eabi/5.4.1/armv7-m\libgcc.a(_arm_fixdfsi.o)
                0x00005c34                __aeabi_d2iz
                0x00005c34                __fixdfsi
 .text          0x00005c84       0x40 c:/program files (x86)/cypress/psoc creator/4.2/psoc creator/import/gnu/arm/5.4.1/bin/../lib/gcc/arm-none-eabi/5.4.1/armv7-m\libgcc.a(_arm_fixunsdfsi.o)
                0x00005c84                __aeabi_d2uiz
                0x00005c84                __fixunsdfsi
 .text.__errno  0x00005cc4        0xc c:/program files (x86)/cypress/psoc creator/4.2/psoc creator/import/gnu/arm/5.4.1/bin/../lib/gcc/arm-none-eabi/5.4.1/../../../../arm-none-eabi/lib/armv7-m\libg_nano.a(lib_a-errno.o)
                0x00005cc4                __errno
 .text.__libc_init_array
                0x00005cd0       0x4c c:/program files (x86)/cypress/psoc creator/4.2/psoc creator/import/gnu/arm/5.4.1/bin/../lib/gcc/arm-none-eabi/5.4.1/../../../../arm-none-eabi/lib/armv7-m\libg_nano.a(lib_a-init.o)
                0x00005cd0                __libc_init_array
 .text.memcpy   0x00005d1c       0x16 c:/program files (x86)/cypress/psoc creator/4.2/psoc creator/import/gnu/arm/5.4.1/bin/../lib/gcc/arm-none-eabi/5.4.1/../../../../arm-none-eabi/lib/armv7-m\libg_nano.a(lib_a-memcpy-stub.o)
                0x00005d1c                memcpy
 .text.memset   0x00005d32       0x10 c:/program files (x86)/cypress/psoc creator/4.2/psoc creator/import/gnu/arm/5.4.1/bin/../lib/gcc/arm-none-eabi/5.4.1/../../../../arm-none-eabi/lib/armv7-m\libg_nano.a(lib_a-memset.o)
                0x00005d32                memset
 .text.__cvt    0x00005d42       0xc0 c:/program files (x86)/cypress/psoc creator/4.2/psoc creator/import/gnu/arm/5.4.1/bin/../lib/gcc/arm-none-eabi/5.4.1/../../../../arm-none-eabi/lib/armv7-m\libg_nano.a(lib_a-nano-vfprintf_float.o)
                0x00005d42                __cvt
 .text.__exponent
                0x00005e02       0x62 c:/program files (x86)/cypress/psoc creator/4.2/psoc creator/import/gnu/arm/5.4.1/bin/../lib/gcc/arm-none-eabi/5.4.1/../../../../arm-none-eabi/lib/armv7-m\libg_nano.a(lib_a-nano-vfprintf_float.o)
                0x00005e02                __exponent
 .text._printf_float
                0x00005e64      0x488 c:/program files (x86)/cypress/psoc creator/4.2/psoc creator/import/gnu/arm/5.4.1/bin/../lib/gcc/arm-none-eabi/5.4.1/../../../../arm-none-eabi/lib/armv7-m\libg_nano.a(lib_a-nano-vfprintf_float.o)
                0x00005e64                _printf_float
 .text._printf_common
                0x000062ec       0xec c:/program files (x86)/cypress/psoc creator/4.2/psoc creator/import/gnu/arm/5.4.1/bin/../lib/gcc/arm-none-eabi/5.4.1/../../../../arm-none-eabi/lib/armv7-m\libg_nano.a(lib_a-nano-vfprintf_i.o)
                0x000062ec                _printf_common
 .text._printf_i
                0x000063d8      0x24c c:/program files (x86)/cypress/psoc creator/4.2/psoc creator/import/gnu/arm/5.4.1/bin/../lib/gcc/arm-none-eabi/5.4.1/../../../../arm-none-eabi/lib/armv7-m\libg_nano.a(lib_a-nano-vfprintf_i.o)
                0x000063d8                _printf_i
 .text.sprintf  0x00006624       0x48 c:/program files (x86)/cypress/psoc creator/4.2/psoc creator/import/gnu/arm/5.4.1/bin/../lib/gcc/arm-none-eabi/5.4.1/../../../../arm-none-eabi/lib/armv7-m\libg_nano.a(lib_a-sprintf.o)
                0x00006624                siprintf
                0x00006624                sprintf
 .text          0x0000666c       0x10 c:/program files (x86)/cypress/psoc creator/4.2/psoc creator/import/gnu/arm/5.4.1/bin/../lib/gcc/arm-none-eabi/5.4.1/../../../../arm-none-eabi/lib/armv7-m\libg_nano.a(lib_a-strlen.o)
                0x0000666c                strlen
 .text.quorem   0x0000667c      0x116 c:/program files (x86)/cypress/psoc creator/4.2/psoc creator/import/gnu/arm/5.4.1/bin/../lib/gcc/arm-none-eabi/5.4.1/../../../../arm-none-eabi/lib/armv7-m\libg_nano.a(lib_a-dtoa.o)
 *fill*         0x00006792        0x6 
 .text._dtoa_r  0x00006798      0xb30 c:/program files (x86)/cypress/psoc creator/4.2/psoc creator/import/gnu/arm/5.4.1/bin/../lib/gcc/arm-none-eabi/5.4.1/../../../../arm-none-eabi/lib/armv7-m\libg_nano.a(lib_a-dtoa.o)
                0x00006798                _dtoa_r
 .text._localeconv_r
                0x000072c8        0x8 c:/program files (x86)/cypress/psoc creator/4.2/psoc creator/import/gnu/arm/5.4.1/bin/../lib/gcc/arm-none-eabi/5.4.1/../../../../arm-none-eabi/lib/armv7-m\libg_nano.a(lib_a-locale.o)
                0x000072c8                _localeconv_r
 .text.malloc   0x000072d0       0x10 c:/program files (x86)/cypress/psoc creator/4.2/psoc creator/import/gnu/arm/5.4.1/bin/../lib/gcc/arm-none-eabi/5.4.1/../../../../arm-none-eabi/lib/armv7-m\libg_nano.a(lib_a-malloc.o)
                0x000072d0                malloc
 .text.memchr   0x000072e0       0x1c c:/program files (x86)/cypress/psoc creator/4.2/psoc creator/import/gnu/arm/5.4.1/bin/../lib/gcc/arm-none-eabi/5.4.1/../../../../arm-none-eabi/lib/armv7-m\libg_nano.a(lib_a-memchr-stub.o)
                0x000072e0                memchr
 .text._Balloc  0x000072fc       0x6a c:/program files (x86)/cypress/psoc creator/4.2/psoc creator/import/gnu/arm/5.4.1/bin/../lib/gcc/arm-none-eabi/5.4.1/../../../../arm-none-eabi/lib/armv7-m\libg_nano.a(lib_a-mprec.o)
                0x000072fc                _Balloc
 .text._Bfree   0x00007366       0x2e c:/program files (x86)/cypress/psoc creator/4.2/psoc creator/import/gnu/arm/5.4.1/bin/../lib/gcc/arm-none-eabi/5.4.1/../../../../arm-none-eabi/lib/armv7-m\libg_nano.a(lib_a-mprec.o)
                0x00007366                _Bfree
 .text.__multadd
                0x00007394       0x76 c:/program files (x86)/cypress/psoc creator/4.2/psoc creator/import/gnu/arm/5.4.1/bin/../lib/gcc/arm-none-eabi/5.4.1/../../../../arm-none-eabi/lib/armv7-m\libg_nano.a(lib_a-mprec.o)
                0x00007394                __multadd
 .text.__hi0bits
                0x0000740a       0x40 c:/program files (x86)/cypress/psoc creator/4.2/psoc creator/import/gnu/arm/5.4.1/bin/../lib/gcc/arm-none-eabi/5.4.1/../../../../arm-none-eabi/lib/armv7-m\libg_nano.a(lib_a-mprec.o)
                0x0000740a                __hi0bits
 .text.__lo0bits
                0x0000744a       0x5a c:/program files (x86)/cypress/psoc creator/4.2/psoc creator/import/gnu/arm/5.4.1/bin/../lib/gcc/arm-none-eabi/5.4.1/../../../../arm-none-eabi/lib/armv7-m\libg_nano.a(lib_a-mprec.o)
                0x0000744a                __lo0bits
 .text.__i2b    0x000074a4       0x12 c:/program files (x86)/cypress/psoc creator/4.2/psoc creator/import/gnu/arm/5.4.1/bin/../lib/gcc/arm-none-eabi/5.4.1/../../../../arm-none-eabi/lib/armv7-m\libg_nano.a(lib_a-mprec.o)
                0x000074a4                __i2b
 .text.__multiply
                0x000074b6      0x120 c:/program files (x86)/cypress/psoc creator/4.2/psoc creator/import/gnu/arm/5.4.1/bin/../lib/gcc/arm-none-eabi/5.4.1/../../../../arm-none-eabi/lib/armv7-m\libg_nano.a(lib_a-mprec.o)
                0x000074b6                __multiply
 *fill*         0x000075d6        0x2 
 .text.__pow5mult
                0x000075d8       0x9c c:/program files (x86)/cypress/psoc creator/4.2/psoc creator/import/gnu/arm/5.4.1/bin/../lib/gcc/arm-none-eabi/5.4.1/../../../../arm-none-eabi/lib/armv7-m\libg_nano.a(lib_a-mprec.o)
                0x000075d8                __pow5mult
 .text.__lshift
                0x00007674       0xa2 c:/program files (x86)/cypress/psoc creator/4.2/psoc creator/import/gnu/arm/5.4.1/bin/../lib/gcc/arm-none-eabi/5.4.1/../../../../arm-none-eabi/lib/armv7-m\libg_nano.a(lib_a-mprec.o)
                0x00007674                __lshift
 .text.__mcmp   0x00007716       0x38 c:/program files (x86)/cypress/psoc creator/4.2/psoc creator/import/gnu/arm/5.4.1/bin/../lib/gcc/arm-none-eabi/5.4.1/../../../../arm-none-eabi/lib/armv7-m\libg_nano.a(lib_a-mprec.o)
                0x00007716                __mcmp
 .text.__mdiff  0x0000774e       0xbe c:/program files (x86)/cypress/psoc creator/4.2/psoc creator/import/gnu/arm/5.4.1/bin/../lib/gcc/arm-none-eabi/5.4.1/../../../../arm-none-eabi/lib/armv7-m\libg_nano.a(lib_a-mprec.o)
                0x0000774e                __mdiff
 .text.__d2b    0x0000780c       0x9c c:/program files (x86)/cypress/psoc creator/4.2/psoc creator/import/gnu/arm/5.4.1/bin/../lib/gcc/arm-none-eabi/5.4.1/../../../../arm-none-eabi/lib/armv7-m\libg_nano.a(lib_a-mprec.o)
                0x0000780c                __d2b
 .text._calloc_r
                0x000078a8       0x1c c:/program files (x86)/cypress/psoc creator/4.2/psoc creator/import/gnu/arm/5.4.1/bin/../lib/gcc/arm-none-eabi/5.4.1/../../../../arm-none-eabi/lib/armv7-m\libg_nano.a(lib_a-nano-callocr.o)
                0x000078a8                _calloc_r
 .text._free_r  0x000078c4       0x98 c:/program files (x86)/cypress/psoc creator/4.2/psoc creator/import/gnu/arm/5.4.1/bin/../lib/gcc/arm-none-eabi/5.4.1/../../../../arm-none-eabi/lib/armv7-m\libg_nano.a(lib_a-nano-freer.o)
                0x000078c4                _free_r
 .text._malloc_r
                0x0000795c       0xbc c:/program files (x86)/cypress/psoc creator/4.2/psoc creator/import/gnu/arm/5.4.1/bin/../lib/gcc/arm-none-eabi/5.4.1/../../../../arm-none-eabi/lib/armv7-m\libg_nano.a(lib_a-nano-mallocr.o)
                0x0000795c                _malloc_r
 .text.__ssputs_r
                0x00007a18       0xb2 c:/program files (x86)/cypress/psoc creator/4.2/psoc creator/import/gnu/arm/5.4.1/bin/../lib/gcc/arm-none-eabi/5.4.1/../../../../arm-none-eabi/lib/armv7-m\libg_nano.a(lib_a-nano-svfprintf.o)
                0x00007a18                __ssputs_r
 *fill*         0x00007aca        0x2 
 .text._svfprintf_r
                0x00007acc      0x1e8 c:/program files (x86)/cypress/psoc creator/4.2/psoc creator/import/gnu/arm/5.4.1/bin/../lib/gcc/arm-none-eabi/5.4.1/../../../../arm-none-eabi/lib/armv7-m\libg_nano.a(lib_a-nano-svfprintf.o)
                0x00007acc                _svfiprintf_r
                0x00007acc                _svfprintf_r
 .text._sbrk_r  0x00007cb4       0x20 c:/program files (x86)/cypress/psoc creator/4.2/psoc creator/import/gnu/arm/5.4.1/bin/../lib/gcc/arm-none-eabi/5.4.1/../../../../arm-none-eabi/lib/armv7-m\libg_nano.a(lib_a-sbrkr.o)
                0x00007cb4                _sbrk_r
 .text.memmove  0x00007cd4       0x36 c:/program files (x86)/cypress/psoc creator/4.2/psoc creator/import/gnu/arm/5.4.1/bin/../lib/gcc/arm-none-eabi/5.4.1/../../../../arm-none-eabi/lib/armv7-m\libg_nano.a(lib_a-memmove.o)
                0x00007cd4                memmove
 .text.__malloc_lock
                0x00007d0a        0x2 c:/program files (x86)/cypress/psoc creator/4.2/psoc creator/import/gnu/arm/5.4.1/bin/../lib/gcc/arm-none-eabi/5.4.1/../../../../arm-none-eabi/lib/armv7-m\libg_nano.a(lib_a-mlock.o)
                0x00007d0a                __malloc_lock
 .text.__malloc_unlock
                0x00007d0c        0x2 c:/program files (x86)/cypress/psoc creator/4.2/psoc creator/import/gnu/arm/5.4.1/bin/../lib/gcc/arm-none-eabi/5.4.1/../../../../arm-none-eabi/lib/armv7-m\libg_nano.a(lib_a-mlock.o)
                0x00007d0c                __malloc_unlock
 .text._realloc_r
                0x00007d0e       0x4c c:/program files (x86)/cypress/psoc creator/4.2/psoc creator/import/gnu/arm/5.4.1/bin/../lib/gcc/arm-none-eabi/5.4.1/../../../../arm-none-eabi/lib/armv7-m\libg_nano.a(lib_a-nano-reallocr.o)
                0x00007d0e                _realloc_r
 .text._malloc_usable_size_r
                0x00007d5a       0x14 c:/program files (x86)/cypress/psoc creator/4.2/psoc creator/import/gnu/arm/5.4.1/bin/../lib/gcc/arm-none-eabi/5.4.1/../../../../arm-none-eabi/lib/armv7-m\libg_nano.a(lib_a-nano-msizer.o)
                0x00007d5a                _malloc_usable_size_r
 *fill*         0x00007d6e        0x2 
 .text          0x00007d70       0x2c c:/program files (x86)/cypress/psoc creator/4.2/psoc creator/import/gnu/arm/5.4.1/bin/../lib/gcc/arm-none-eabi/5.4.1/armv7-m\libgcc.a(_arm_unorddf2.o)
                0x00007d70                __unorddf2
                0x00007d70                __aeabi_dcmpun
 *(.plt)
 *(.gnu.warning)
 *(.glue_7t)
 .glue_7t       0x00007d9c        0x0 linker stubs
 *(.glue_7)
 .glue_7        0x00007d9c        0x0 linker stubs
 *(.vfp11_veneer)
 .vfp11_veneer  0x00007d9c        0x0 linker stubs
 *(.bootloader)
 *(.ARM.extab* .gnu.linkonce.armextab.*)
 *(.gcc_except_table)

.v4_bx          0x00007d9c        0x0
 .v4_bx         0x00007d9c        0x0 linker stubs

.iplt           0x00007d9c        0x0
 .iplt          0x00007d9c        0x0 c:/program files (x86)/cypress/psoc creator/4.2/psoc creator/import/gnu/arm/5.4.1/bin/../lib/gcc/arm-none-eabi/5.4.1/armv7-m/crtbegin.o

.eh_frame_hdr
 *(.eh_frame_hdr)

.eh_frame       0x00007d9c        0x4
 *(.eh_frame)
 .eh_frame      0x00007d9c        0x0 c:/program files (x86)/cypress/psoc creator/4.2/psoc creator/import/gnu/arm/5.4.1/bin/../lib/gcc/arm-none-eabi/5.4.1/armv7-m/crtbegin.o
 .eh_frame      0x00007d9c        0x4 c:/program files (x86)/cypress/psoc creator/4.2/psoc creator/import/gnu/arm/5.4.1/bin/../lib/gcc/arm-none-eabi/5.4.1/armv7-m/crtend.o
                [!provide]                PROVIDE (__exidx_start, .)

.ARM.exidx
 *(.ARM.exidx* .gnu.linkonce.armexidx.*)
                0x00007da0                __exidx_end = .

.rodata         0x00007da0      0x7c0
 *(.rodata .rodata.* .gnu.linkonce.r.*)
 .rodata.str1.4
                0x00007da0       0x42 .\CortexM3\ARM_GCC_541\Debug\main.o
 *fill*         0x00007de2        0x2 
 .rodata        0x00007de4       0x6f .\CortexM3\ARM_GCC_541\Debug\screen.o
 *fill*         0x00007e53        0x1 
 .rodata.str1.4
                0x00007e54       0x2f .\CortexM3\ARM_GCC_541\Debug\screen.o
 *fill*         0x00007e83        0x1 
 .rodata        0x00007e84      0x34d .\CortexM3\ARM_GCC_541\Debug\font.o
 *fill*         0x000081d1        0x3 
 .rodata.str1.4
                0x000081d4       0x68 .\CortexM3\ARM_GCC_541\Debug\sd.o
 .rodata        0x0000823c       0x68 .\CortexM3\ARM_GCC_541\Debug\cyfitter_cfg.o
                0x0000823c                AMux_1__addrTable
                0x00008244                AMux_1__maskTable
                0x00008248                AMux_2__addrTable
                0x00008250                AMux_2__maskTable
                0x00008254                AMux_3__addrTable
                0x00008264                AMux_3__maskTable
 .rodata        0x000082a4       0x78 .\emFile_V322c\LinkLibrary\PSoC5\GCC\libemf16nosnlfn.a(FS_Misc.o)
 .rodata.str1.1
                0x0000831c       0x30 .\emFile_V322c\LinkLibrary\PSoC5\GCC\libemf16nosnlfn.a(FS_Misc.o)
 .rodata        0x0000834c       0x10 .\emFile_V322c\LinkLibrary\PSoC5\GCC\libemf16nosnlfn.a(FAT_Misc.o)
                0x0000834c                FAT_SFN_API
 .rodata.str1.1
                0x0000835c        0x3 .\emFile_V322c\LinkLibrary\PSoC5\GCC\libemf16nosnlfn.a(FAT_Open.o)
 *fill*         0x0000835f        0x1 
 .rodata        0x00008360       0x68 .\emFile_V322c\LinkLibrary\PSoC5\GCC\libemf16nosnlfn.a(MMC_Drv.o)
                0x000083a8                FS_MMC_SPI_Driver
 .rodata.str1.1
                0x000083c8        0x4 .\emFile_V322c\LinkLibrary\PSoC5\GCC\libemf16nosnlfn.a(MMC_Drv.o)
 .rodata.str1.1
                0x000083cc        0x2 c:/program files (x86)/cypress/psoc creator/4.2/psoc creator/import/gnu/arm/5.4.1/bin/../lib/gcc/arm-none-eabi/5.4.1/../../../../arm-none-eabi/lib/armv7-m\libg_nano.a(lib_a-impure.o)
 .rodata.str1.1
                0x000083ce       0x12 c:/program files (x86)/cypress/psoc creator/4.2/psoc creator/import/gnu/arm/5.4.1/bin/../lib/gcc/arm-none-eabi/5.4.1/../../../../arm-none-eabi/lib/armv7-m\libg_nano.a(lib_a-nano-vfprintf_float.o)
 .rodata.str1.1
                0x000083e0       0x22 c:/program files (x86)/cypress/psoc creator/4.2/psoc creator/import/gnu/arm/5.4.1/bin/../lib/gcc/arm-none-eabi/5.4.1/../../../../arm-none-eabi/lib/armv7-m\libg_nano.a(lib_a-nano-vfprintf_i.o)
 .rodata.str1.1
                0x00008402        0xd c:/program files (x86)/cypress/psoc creator/4.2/psoc creator/import/gnu/arm/5.4.1/bin/../lib/gcc/arm-none-eabi/5.4.1/../../../../arm-none-eabi/lib/armv7-m\libg_nano.a(lib_a-dtoa.o)
                                  0xf (size before relaxing)
 .rodata.str1.1
                0x0000840f        0x6 c:/program files (x86)/cypress/psoc creator/4.2/psoc creator/import/gnu/arm/5.4.1/bin/../lib/gcc/arm-none-eabi/5.4.1/../../../../arm-none-eabi/lib/armv7-m\libg_nano.a(lib_a-locale.o)
                                  0xb (size before relaxing)
 *fill*         0x00008415        0x3 
 .rodata.__mprec_tens
                0x00008418       0xc8 c:/program files (x86)/cypress/psoc creator/4.2/psoc creator/import/gnu/arm/5.4.1/bin/../lib/gcc/arm-none-eabi/5.4.1/../../../../arm-none-eabi/lib/armv7-m\libg_nano.a(lib_a-mprec.o)
                0x00008418                __mprec_tens
 .rodata.p05.5408
                0x000084e0        0xc c:/program files (x86)/cypress/psoc creator/4.2/psoc creator/import/gnu/arm/5.4.1/bin/../lib/gcc/arm-none-eabi/5.4.1/../../../../arm-none-eabi/lib/armv7-m\libg_nano.a(lib_a-mprec.o)
 *fill*         0x000084ec        0x4 
 .rodata.__mprec_bigtens
                0x000084f0       0x28 c:/program files (x86)/cypress/psoc creator/4.2/psoc creator/import/gnu/arm/5.4.1/bin/../lib/gcc/arm-none-eabi/5.4.1/../../../../arm-none-eabi/lib/armv7-m\libg_nano.a(lib_a-mprec.o)
                0x000084f0                __mprec_bigtens
 .rodata.str1.1
                0x00008518       0x11 c:/program files (x86)/cypress/psoc creator/4.2/psoc creator/import/gnu/arm/5.4.1/bin/../lib/gcc/arm-none-eabi/5.4.1/../../../../arm-none-eabi/lib/armv7-m\libg_nano.a(lib_a-nano-svfprintf.o)
                0x0000852c                . = ALIGN (0x4)
 *fill*         0x00008529        0x3 
 *(.init)
 .init          0x0000852c        0x4 c:/program files (x86)/cypress/psoc creator/4.2/psoc creator/import/gnu/arm/5.4.1/bin/../lib/gcc/arm-none-eabi/5.4.1/armv7-m/crti.o
                0x0000852c                _init
 .init          0x00008530        0x8 c:/program files (x86)/cypress/psoc creator/4.2/psoc creator/import/gnu/arm/5.4.1/bin/../lib/gcc/arm-none-eabi/5.4.1/armv7-m/crtn.o
                0x00008538                . = ALIGN (0x4)
                0x00008538                __preinit_array_start = .
 *(.preinit_array)
                0x00008538                __preinit_array_end = .
                0x00008538                . = ALIGN (0x4)
                0x00008538                __init_array_start = .
 *(SORT(.init_array.*))
 *(.init_array)
 .init_array    0x00008538        0x4 c:/program files (x86)/cypress/psoc creator/4.2/psoc creator/import/gnu/arm/5.4.1/bin/../lib/gcc/arm-none-eabi/5.4.1/armv7-m/crtbegin.o
 .init_array    0x0000853c        0x4 .\CortexM3\ARM_GCC_541\Debug\Cm3Start.o
                0x00008540                __init_array_end = .
                0x00008540                . = ALIGN (0x4)
 *(.fini)
 .fini          0x00008540        0x4 c:/program files (x86)/cypress/psoc creator/4.2/psoc creator/import/gnu/arm/5.4.1/bin/../lib/gcc/arm-none-eabi/5.4.1/armv7-m/crti.o
                0x00008540                _fini
 .fini          0x00008544        0x8 c:/program files (x86)/cypress/psoc creator/4.2/psoc creator/import/gnu/arm/5.4.1/bin/../lib/gcc/arm-none-eabi/5.4.1/armv7-m/crtn.o
                0x0000854c                . = ALIGN (0x4)
                0x0000854c                __fini_array_start = .
 *(.fini_array)
 .fini_array    0x0000854c        0x4 c:/program files (x86)/cypress/psoc creator/4.2/psoc creator/import/gnu/arm/5.4.1/bin/../lib/gcc/arm-none-eabi/5.4.1/armv7-m/crtbegin.o
 *(SORT(.fini_array.*))
                0x00008550                __fini_array_end = .
                0x00008550                . = ALIGN (0x4)
 *crtbegin.o(.ctors)
 *(EXCLUDE_FILE(*crtend.o) .ctors)
 *(SORT(.ctors.*))
 *crtend.o(.ctors)
                0x00008550                . = ALIGN (0x4)
 *crtbegin.o(.dtors)
 *(EXCLUDE_FILE(*crtend.o) .dtors)
 *(SORT(.dtors.*))
 *crtend.o(.dtors)
                0x00008550                . = ALIGN (0x4)
                0x00008550                __cy_regions = .
                0x00008550        0x4 LONG 0x8560 __cy_region_init_ram
                0x00008554        0x4 LONG 0x1fff80c8 __cy_region_start_data
                0x00008558        0x4 LONG 0xc0 __cy_region_init_size_ram
                0x0000855c        0x4 LONG 0x10e8 __cy_region_zero_size_ram
                0x00008560                __cy_regions_end = .
                0x00008560                . = ALIGN (0x8)
                0x00008560                _etext = .

.cy_checksum_exclude
                0x00008560        0x0
 *(.cy_checksum_exclude)

.ramvectors     0x1fff8000       0xc0
                0x1fff8000                __cy_region_start_ram = .
 *(.ramvectors)
 .ramvectors    0x1fff8000       0xc0 .\CortexM3\ARM_GCC_541\Debug\Cm3Start.o
                0x1fff8000                CyRamVectors

.noinit         0x1fff80c0        0x1
 *(.noinit)
 .noinit        0x1fff80c0        0x1 .\CortexM3\ARM_GCC_541\Debug\Design01.a(CyLib.o)
                0x1fff80c0                CyResetStatus

.data           0x1fff80c8       0xc0 load address 0x00008560
                0x1fff80c8                __cy_region_start_data = .
 *(.jcr)
 .jcr           0x1fff80c8        0x0 c:/program files (x86)/cypress/psoc creator/4.2/psoc creator/import/gnu/arm/5.4.1/bin/../lib/gcc/arm-none-eabi/5.4.1/armv7-m/crtbegin.o
 .jcr           0x1fff80c8        0x4 c:/program files (x86)/cypress/psoc creator/4.2/psoc creator/import/gnu/arm/5.4.1/bin/../lib/gcc/arm-none-eabi/5.4.1/armv7-m/crtend.o
 *(.got.plt)
 *(.got)
 *(.shdata)
 *(.data .data.* .gnu.linkonce.d.*)
 .data          0x1fff80cc        0x4 .\CortexM3\ARM_GCC_541\Debug\Cm3Start.o
 .data          0x1fff80d0       0x10 .\CortexM3\ARM_GCC_541\Debug\Design01.a(CyLib.o)
                0x1fff80d0                cydelay_freq_mhz
                0x1fff80d4                cydelay_32k_ms
                0x1fff80d8                cydelay_freq_khz
                0x1fff80dc                cydelay_freq_hz
 .data          0x1fff80e0        0x1 .\CortexM3\ARM_GCC_541\Debug\Design01.a(AMux_1.o)
 .data          0x1fff80e1        0x1 .\CortexM3\ARM_GCC_541\Debug\Design01.a(AMux_2.o)
 .data          0x1fff80e2        0x1 .\CortexM3\ARM_GCC_541\Debug\Design01.a(AMux_3.o)
 *fill*         0x1fff80e3        0x1 
 .data          0x1fff80e4        0x4 .\emFile_V322c\LinkLibrary\PSoC5\GCC\libemf16nosnlfn.a(FAT_Misc.o)
                0x1fff80e4                FAT_pDirEntryAPI
 .data          0x1fff80e8        0x4 .\emFile_V322c\LinkLibrary\PSoC5\GCC\libemf16nosnlfn.a(MMC_Drv.o)
 .data.impure_data
                0x1fff80ec       0x60 c:/program files (x86)/cypress/psoc creator/4.2/psoc creator/import/gnu/arm/5.4.1/bin/../lib/gcc/arm-none-eabi/5.4.1/../../../../arm-none-eabi/lib/armv7-m\libg_nano.a(lib_a-impure.o)
 .data._impure_ptr
                0x1fff814c        0x4 c:/program files (x86)/cypress/psoc creator/4.2/psoc creator/import/gnu/arm/5.4.1/bin/../lib/gcc/arm-none-eabi/5.4.1/../../../../arm-none-eabi/lib/armv7-m\libg_nano.a(lib_a-impure.o)
                0x1fff814c                _impure_ptr
 .data.lconv    0x1fff8150       0x38 c:/program files (x86)/cypress/psoc creator/4.2/psoc creator/import/gnu/arm/5.4.1/bin/../lib/gcc/arm-none-eabi/5.4.1/../../../../arm-none-eabi/lib/armv7-m\libg_nano.a(lib_a-locale.o)
                0x1fff8188                . = ALIGN (0x8)
 *(.ram)
                0x1fff8188                _edata = .

.igot.plt       0x1fff8188        0x0 load address 0x00008620
 .igot.plt      0x1fff8188        0x0 c:/program files (x86)/cypress/psoc creator/4.2/psoc creator/import/gnu/arm/5.4.1/bin/../lib/gcc/arm-none-eabi/5.4.1/armv7-m/crtbegin.o

.bss            0x1fff8188     0x10e8 load address 0x00008620
                0x1fff8188                PROVIDE (__bss_start__, .)
 *(.shbss)
 *(.bss .bss.* .gnu.linkonce.b.*)
 .bss           0x1fff8188       0x1c c:/program files (x86)/cypress/psoc creator/4.2/psoc creator/import/gnu/arm/5.4.1/bin/../lib/gcc/arm-none-eabi/5.4.1/armv7-m/crtbegin.o
 .bss           0x1fff81a4        0x1 .\CortexM3\ARM_GCC_541\Debug\Design01.a(SPIM.o)
                0x1fff81a4                SPIM_initVar
 .bss           0x1fff81a5        0x1 .\CortexM3\ARM_GCC_541\Debug\Design01.a(VDAC8_DS.o)
                0x1fff81a5                VDAC8_DS_initVar
 .bss           0x1fff81a6        0x1 .\CortexM3\ARM_GCC_541\Debug\Design01.a(VDAC8_GS.o)
                0x1fff81a6                VDAC8_GS_initVar
 .bss           0x1fff81a7        0x1 .\CortexM3\ARM_GCC_541\Debug\Design01.a(ADC_SAR_1.o)
                0x1fff81a7                ADC_SAR_1_initVar
 .bss           0x1fff81a8        0x1 .\CortexM3\ARM_GCC_541\Debug\Design01.a(ADC_SAR_1_PM.o)
 *fill*         0x1fff81a9        0x3 
 .bss           0x1fff81ac        0xc .\emFile_V322c\LinkLibrary\PSoC5\GCC\libemf16nosnlfn.a(FS_Core.o)
 .bss           0x1fff81b8     0x1000 .\CortexM3\ARM_GCC_541\Debug\Design01.a(emFile_1_ConfigMMC_SPI.o)
 .bss           0x1fff91b8       0x14 .\emFile_V322c\LinkLibrary\PSoC5\GCC\libemf16nosnlfn.a(MMC_Drv.o)
 .bss           0x1fff91cc        0x1 .\CortexM3\ARM_GCC_541\Debug\Design01.a(emFile_1_MMC_HW_SPI.o)
 .bss           0x1fff91cd        0x1 .\CortexM3\ARM_GCC_541\Debug\Design01.a(emFile_1_SPI0.o)
                0x1fff91cd                emFile_1_SPI0_initVar
 *fill*         0x1fff91ce        0x2 
 .bss.__malloc_sbrk_start
                0x1fff91d0        0x4 c:/program files (x86)/cypress/psoc creator/4.2/psoc creator/import/gnu/arm/5.4.1/bin/../lib/gcc/arm-none-eabi/5.4.1/../../../../arm-none-eabi/lib/armv7-m\libg_nano.a(lib_a-nano-mallocr.o)
                0x1fff91d0                __malloc_sbrk_start
 .bss.__malloc_free_list
                0x1fff91d4        0x4 c:/program files (x86)/cypress/psoc creator/4.2/psoc creator/import/gnu/arm/5.4.1/bin/../lib/gcc/arm-none-eabi/5.4.1/../../../../arm-none-eabi/lib/armv7-m\libg_nano.a(lib_a-nano-mallocr.o)
                0x1fff91d4                __malloc_free_list
 *(COMMON)
 COMMON         0x1fff91d8        0xa .\CortexM3\ARM_GCC_541\Debug\Design01.a(ADC_SAR_1.o)
                0x1fff91d8                ADC_SAR_1_countsPerVolt
                0x1fff91da                ADC_SAR_1_shift
                0x1fff91dc                ADC_SAR_1_countsPer10Volt
                0x1fff91e0                ADC_SAR_1_offset
 *fill*         0x1fff91e2        0x2 
 COMMON         0x1fff91e4       0x84 .\emFile_V322c\LinkLibrary\PSoC5\GCC\libemf16nosnlfn.a(FS_Core.o)
                0x1fff91e4                FS_Global
                0x1fff9264                FS_NumBytesAllocated
 COMMON         0x1fff9268        0x4 c:/program files (x86)/cypress/psoc creator/4.2/psoc creator/import/gnu/arm/5.4.1/bin/../lib/gcc/arm-none-eabi/5.4.1/../../../../arm-none-eabi/lib/armv7-m\libg_nano.a(lib_a-reent.o)
                0x1fff9268                errno
                0x1fff9270                . = ALIGN (0x8)
 *fill*         0x1fff926c        0x4 
 *(.ram.b)
                0x1fff9270                _end = .
                0x1fff9270                __end = .
                0x1fff9270                PROVIDE (end, .)
                0x1fff9270                PROVIDE (__bss_end__, .)
                0x00008560                __cy_region_init_ram = LOADADDR (.data)
                0x000000c0                __cy_region_init_size_ram = (_edata - ADDR (.data))
                0x000010e8                __cy_region_zero_size_ram = (_end - _edata)

.heap           0x1fff9270     0x1000 load address 0x00008620
                0x1fff9270                . = _end
                0x1fffa270                . = (. + 0x1000)
 *fill*         0x1fff9270     0x1000 
                0x1fffa270                __cy_heap_limit = .

.stack          0x20007800      0x800
                0x20007800                __cy_stack_limit = .
                0x20008000                . = (. + 0x800)
 *fill*         0x20007800      0x800 
                0x00000001                ASSERT ((__cy_stack_limit >= __cy_heap_limit), region RAM overflowed with stack)
                0x00000000                cy_checksum_exclude_size = (CY_APPL_LOADABLE == 0x1)?SIZEOF (.cy_checksum_exclude):0x0
                0x00000001                ASSERT ((cy_checksum_exclude_size <= CY_CHECKSUM_EXCLUDE_SIZE), CY_BOOT: Section .cy_checksum_exclude size exceedes specified limit.)

.cyloadermeta
 *(.cyloadermeta)

.cyloadablemeta
 *(.cyloadablemeta)

.cyconfigecc    0x80000000      0x540
 *(.cyconfigecc)
 .cyconfigecc   0x80000000      0x540 .\CortexM3\ARM_GCC_541\Debug\cymetadata.o
                0x80000000                cy_meta_configecc

.cycustnvl      0x90000000        0x4
 *(.cycustnvl)
 .cycustnvl     0x90000000        0x4 .\CortexM3\ARM_GCC_541\Debug\cymetadata.o
                0x90000000                cy_meta_custnvl

.cywolatch      0x90100000        0x4
 *(.cywolatch)
 .cywolatch     0x90100000        0x4 .\CortexM3\ARM_GCC_541\Debug\cymetadata.o
                0x90100000                cy_meta_wonvl

.cyeeprom       0x90200000        0x0
 *(.cyeeprom)
                0x00000001                ASSERT ((. <= ((0x90200000 + ee_offset) + ee_size)), .cyeeprom data will not fit in EEPROM)

.cyflashprotect
                0x90400000      0x100
 *(.cyflashprotect)
 .cyflashprotect
                0x90400000      0x100 .\CortexM3\ARM_GCC_541\Debug\cymetadata.o
                0x90400000                cy_meta_flashprotect

.cymeta         0x90500000        0xc
 *(.cymeta)
 .cymeta        0x90500000        0xc .\CortexM3\ARM_GCC_541\Debug\cymetadata.o
                0x90500000                cy_metadata

.rel.dyn        0x00008620        0x0 load address 0x9050000c
 .rel.iplt      0x00008620        0x0 c:/program files (x86)/cypress/psoc creator/4.2/psoc creator/import/gnu/arm/5.4.1/bin/../lib/gcc/arm-none-eabi/5.4.1/armv7-m/crtbegin.o

.stab
 *(.stab)

.stabstr
 *(.stabstr)

.debug
 *(.debug)

.line
 *(.line)

.debug_srcinfo
 *(.debug_srcinfo)

.debug_sfnames
 *(.debug_sfnames)

.debug_aranges  0x00000000      0xc58
 *(.debug_aranges)
 .debug_aranges
                0x00000000       0x50 .\CortexM3\ARM_GCC_541\Debug\main.o
 .debug_aranges
                0x00000050       0x80 .\CortexM3\ARM_GCC_541\Debug\screen.o
 .debug_aranges
                0x000000d0       0x28 .\CortexM3\ARM_GCC_541\Debug\font.o
 .debug_aranges
                0x000000f8       0x38 .\CortexM3\ARM_GCC_541\Debug\sd.o
 .debug_aranges
                0x00000130       0x58 .\CortexM3\ARM_GCC_541\Debug\cyfitter_cfg.o
 .debug_aranges
                0x00000188       0x18 .\CortexM3\ARM_GCC_541\Debug\cymetadata.o
 .debug_aranges
                0x000001a0       0x48 .\CortexM3\ARM_GCC_541\Debug\Cm3Start.o
 .debug_aranges
                0x000001e8      0x288 .\CortexM3\ARM_GCC_541\Debug\Design01.a(CyLib.o)
 .debug_aranges
                0x00000470       0x78 .\CortexM3\ARM_GCC_541\Debug\Design01.a(cyPm.o)
 .debug_aranges
                0x000004e8       0x38 .\CortexM3\ARM_GCC_541\Debug\Design01.a(SS.o)
 .debug_aranges
                0x00000520       0x38 .\CortexM3\ARM_GCC_541\Debug\Design01.a(D_C.o)
 .debug_aranges
                0x00000558       0x38 .\CortexM3\ARM_GCC_541\Debug\Design01.a(Reset.o)
 .debug_aranges
                0x00000590       0x70 .\CortexM3\ARM_GCC_541\Debug\Design01.a(Clock.o)
 .debug_aranges
                0x00000600       0xb0 .\CortexM3\ARM_GCC_541\Debug\Design01.a(SPIM.o)
 .debug_aranges
                0x000006b0       0x58 .\CortexM3\ARM_GCC_541\Debug\Design01.a(VDAC8_DS.o)
 .debug_aranges
                0x00000708       0x58 .\CortexM3\ARM_GCC_541\Debug\Design01.a(VDAC8_GS.o)
 .debug_aranges
                0x00000760       0xa0 .\CortexM3\ARM_GCC_541\Debug\Design01.a(ADC_SAR_1.o)
 .debug_aranges
                0x00000800       0x20 .\CortexM3\ARM_GCC_541\Debug\Design01.a(ADC_SAR_1_INT.o)
 .debug_aranges
                0x00000820       0x30 .\CortexM3\ARM_GCC_541\Debug\Design01.a(ADC_SAR_1_PM.o)
 .debug_aranges
                0x00000850       0x80 .\CortexM3\ARM_GCC_541\Debug\Design01.a(ADC_SAR_1_theACLK.o)
 .debug_aranges
                0x000008d0       0x30 .\CortexM3\ARM_GCC_541\Debug\Design01.a(AMux_1.o)
 .debug_aranges
                0x00000900       0x30 .\CortexM3\ARM_GCC_541\Debug\Design01.a(AMux_2.o)
 .debug_aranges
                0x00000930       0x30 .\CortexM3\ARM_GCC_541\Debug\Design01.a(AMux_3.o)
 .debug_aranges
                0x00000960       0x20 .\CortexM3\ARM_GCC_541\Debug\Design01.a(CyBootAsmGnu.o)
 .debug_aranges
                0x00000980       0x80 .\CortexM3\ARM_GCC_541\Debug\Design01.a(CyFlash.o)
 .debug_aranges
                0x00000a00       0x80 .\CortexM3\ARM_GCC_541\Debug\Design01.a(CySpc.o)
 .debug_aranges
                0x00000a80       0x28 .\CortexM3\ARM_GCC_541\Debug\Design01.a(emFile_1_ConfigMMC_SPI.o)
 .debug_aranges
                0x00000aa8       0x58 .\CortexM3\ARM_GCC_541\Debug\Design01.a(emFile_1_MMC_HW_SPI.o)
 .debug_aranges
                0x00000b00       0xb0 .\CortexM3\ARM_GCC_541\Debug\Design01.a(emFile_1_SPI0.o)
 .debug_aranges
                0x00000bb0       0x70 .\CortexM3\ARM_GCC_541\Debug\Design01.a(emFile_1_Clock_1.o)
 .debug_aranges
                0x00000c20       0x38 .\CortexM3\ARM_GCC_541\Debug\Design01.a(emFile_1_SPI0_CS.o)

.debug_pubnames
 *(.debug_pubnames)

.debug_info     0x00000000     0xcc5b
 *(.debug_info .gnu.linkonce.wi.*)
 .debug_info    0x00000000     0x1418 .\CortexM3\ARM_GCC_541\Debug\main.o
 .debug_info    0x00001418     0x1a91 .\CortexM3\ARM_GCC_541\Debug\screen.o
 .debug_info    0x00002ea9     0x1f42 .\CortexM3\ARM_GCC_541\Debug\font.o
 .debug_info    0x00004deb      0xb2c .\CortexM3\ARM_GCC_541\Debug\sd.o
 .debug_info    0x00005917      0x899 .\CortexM3\ARM_GCC_541\Debug\cyfitter_cfg.o
 .debug_info    0x000061b0      0x136 .\CortexM3\ARM_GCC_541\Debug\cymetadata.o
 .debug_info    0x000062e6      0x3bb .\CortexM3\ARM_GCC_541\Debug\Cm3Start.o
 .debug_info    0x000066a1     0x1964 .\CortexM3\ARM_GCC_541\Debug\Design01.a(CyLib.o)
 .debug_info    0x00008005      0x9e2 .\CortexM3\ARM_GCC_541\Debug\Design01.a(cyPm.o)
 .debug_info    0x000089e7      0x121 .\CortexM3\ARM_GCC_541\Debug\Design01.a(SS.o)
 .debug_info    0x00008b08      0x121 .\CortexM3\ARM_GCC_541\Debug\Design01.a(D_C.o)
 .debug_info    0x00008c29      0x121 .\CortexM3\ARM_GCC_541\Debug\Design01.a(Reset.o)
 .debug_info    0x00008d4a      0x29b .\CortexM3\ARM_GCC_541\Debug\Design01.a(Clock.o)
 .debug_info    0x00008fe5      0x5c0 .\CortexM3\ARM_GCC_541\Debug\Design01.a(SPIM.o)
 .debug_info    0x000095a5      0x2e2 .\CortexM3\ARM_GCC_541\Debug\Design01.a(VDAC8_DS.o)
 .debug_info    0x00009887      0x2e2 .\CortexM3\ARM_GCC_541\Debug\Design01.a(VDAC8_GS.o)
 .debug_info    0x00009b69      0x719 .\CortexM3\ARM_GCC_541\Debug\Design01.a(ADC_SAR_1.o)
 .debug_info    0x0000a282       0x92 .\CortexM3\ARM_GCC_541\Debug\Design01.a(ADC_SAR_1_INT.o)
 .debug_info    0x0000a314      0x14e .\CortexM3\ARM_GCC_541\Debug\Design01.a(ADC_SAR_1_PM.o)
 .debug_info    0x0000a462      0x2d8 .\CortexM3\ARM_GCC_541\Debug\Design01.a(ADC_SAR_1_theACLK.o)
 .debug_info    0x0000a73a      0x1c3 .\CortexM3\ARM_GCC_541\Debug\Design01.a(AMux_1.o)
 .debug_info    0x0000a8fd      0x1c3 .\CortexM3\ARM_GCC_541\Debug\Design01.a(AMux_2.o)
 .debug_info    0x0000aac0      0x1c3 .\CortexM3\ARM_GCC_541\Debug\Design01.a(AMux_3.o)
 .debug_info    0x0000ac83       0xc7 .\CortexM3\ARM_GCC_541\Debug\Design01.a(CyBootAsmGnu.o)
 .debug_info    0x0000ad4a      0x836 .\CortexM3\ARM_GCC_541\Debug\Design01.a(CyFlash.o)
 .debug_info    0x0000b580      0x561 .\CortexM3\ARM_GCC_541\Debug\Design01.a(CySpc.o)
 .debug_info    0x0000bae1      0x2ba .\CortexM3\ARM_GCC_541\Debug\Design01.a(emFile_1_ConfigMMC_SPI.o)
 .debug_info    0x0000bd9b      0x544 .\CortexM3\ARM_GCC_541\Debug\Design01.a(emFile_1_MMC_HW_SPI.o)
 .debug_info    0x0000c2df      0x5c0 .\CortexM3\ARM_GCC_541\Debug\Design01.a(emFile_1_SPI0.o)
 .debug_info    0x0000c89f      0x29b .\CortexM3\ARM_GCC_541\Debug\Design01.a(emFile_1_Clock_1.o)
 .debug_info    0x0000cb3a      0x121 .\CortexM3\ARM_GCC_541\Debug\Design01.a(emFile_1_SPI0_CS.o)

.debug_abbrev   0x00000000     0x2fa3
 *(.debug_abbrev)
 .debug_abbrev  0x00000000      0x2dd .\CortexM3\ARM_GCC_541\Debug\main.o
 .debug_abbrev  0x000002dd      0x38a .\CortexM3\ARM_GCC_541\Debug\screen.o
 .debug_abbrev  0x00000667      0x22a .\CortexM3\ARM_GCC_541\Debug\font.o
 .debug_abbrev  0x00000891      0x1a2 .\CortexM3\ARM_GCC_541\Debug\sd.o
 .debug_abbrev  0x00000a33      0x288 .\CortexM3\ARM_GCC_541\Debug\cyfitter_cfg.o
 .debug_abbrev  0x00000cbb       0x77 .\CortexM3\ARM_GCC_541\Debug\cymetadata.o
 .debug_abbrev  0x00000d32      0x1f6 .\CortexM3\ARM_GCC_541\Debug\Cm3Start.o
 .debug_abbrev  0x00000f28      0x3bb .\CortexM3\ARM_GCC_541\Debug\Design01.a(CyLib.o)
 .debug_abbrev  0x000012e3      0x1cf .\CortexM3\ARM_GCC_541\Debug\Design01.a(cyPm.o)
 .debug_abbrev  0x000014b2       0x90 .\CortexM3\ARM_GCC_541\Debug\Design01.a(SS.o)
 .debug_abbrev  0x00001542       0x90 .\CortexM3\ARM_GCC_541\Debug\Design01.a(D_C.o)
 .debug_abbrev  0x000015d2       0x90 .\CortexM3\ARM_GCC_541\Debug\Design01.a(Reset.o)
 .debug_abbrev  0x00001662      0x142 .\CortexM3\ARM_GCC_541\Debug\Design01.a(Clock.o)
 .debug_abbrev  0x000017a4      0x243 .\CortexM3\ARM_GCC_541\Debug\Design01.a(SPIM.o)
 .debug_abbrev  0x000019e7      0x165 .\CortexM3\ARM_GCC_541\Debug\Design01.a(VDAC8_DS.o)
 .debug_abbrev  0x00001b4c      0x165 .\CortexM3\ARM_GCC_541\Debug\Design01.a(VDAC8_GS.o)
 .debug_abbrev  0x00001cb1      0x260 .\CortexM3\ARM_GCC_541\Debug\Design01.a(ADC_SAR_1.o)
 .debug_abbrev  0x00001f11       0x42 .\CortexM3\ARM_GCC_541\Debug\Design01.a(ADC_SAR_1_INT.o)
 .debug_abbrev  0x00001f53       0xdb .\CortexM3\ARM_GCC_541\Debug\Design01.a(ADC_SAR_1_PM.o)
 .debug_abbrev  0x0000202e      0x142 .\CortexM3\ARM_GCC_541\Debug\Design01.a(ADC_SAR_1_theACLK.o)
 .debug_abbrev  0x00002170      0x102 .\CortexM3\ARM_GCC_541\Debug\Design01.a(AMux_1.o)
 .debug_abbrev  0x00002272      0x102 .\CortexM3\ARM_GCC_541\Debug\Design01.a(AMux_2.o)
 .debug_abbrev  0x00002374      0x102 .\CortexM3\ARM_GCC_541\Debug\Design01.a(AMux_3.o)
 .debug_abbrev  0x00002476       0x14 .\CortexM3\ARM_GCC_541\Debug\Design01.a(CyBootAsmGnu.o)
 .debug_abbrev  0x0000248a      0x23d .\CortexM3\ARM_GCC_541\Debug\Design01.a(CyFlash.o)
 .debug_abbrev  0x000026c7      0x193 .\CortexM3\ARM_GCC_541\Debug\Design01.a(CySpc.o)
 .debug_abbrev  0x0000285a      0x159 .\CortexM3\ARM_GCC_541\Debug\Design01.a(emFile_1_ConfigMMC_SPI.o)
 .debug_abbrev  0x000029b3      0x1db .\CortexM3\ARM_GCC_541\Debug\Design01.a(emFile_1_MMC_HW_SPI.o)
 .debug_abbrev  0x00002b8e      0x243 .\CortexM3\ARM_GCC_541\Debug\Design01.a(emFile_1_SPI0.o)
 .debug_abbrev  0x00002dd1      0x142 .\CortexM3\ARM_GCC_541\Debug\Design01.a(emFile_1_Clock_1.o)
 .debug_abbrev  0x00002f13       0x90 .\CortexM3\ARM_GCC_541\Debug\Design01.a(emFile_1_SPI0_CS.o)

.debug_line     0x00000000     0x4545
 *(.debug_line)
 .debug_line    0x00000000      0x3d0 .\CortexM3\ARM_GCC_541\Debug\main.o
 .debug_line    0x000003d0      0x4cf .\CortexM3\ARM_GCC_541\Debug\screen.o
 .debug_line    0x0000089f      0x576 .\CortexM3\ARM_GCC_541\Debug\font.o
 .debug_line    0x00000e15      0x1b8 .\CortexM3\ARM_GCC_541\Debug\sd.o
 .debug_line    0x00000fcd      0x2d5 .\CortexM3\ARM_GCC_541\Debug\cyfitter_cfg.o
 .debug_line    0x000012a2      0x141 .\CortexM3\ARM_GCC_541\Debug\cymetadata.o
 .debug_line    0x000013e3      0x219 .\CortexM3\ARM_GCC_541\Debug\Cm3Start.o
 .debug_line    0x000015fc      0xb0c .\CortexM3\ARM_GCC_541\Debug\Design01.a(CyLib.o)
 .debug_line    0x00002108      0x52a .\CortexM3\ARM_GCC_541\Debug\Design01.a(cyPm.o)
 .debug_line    0x00002632       0x91 .\CortexM3\ARM_GCC_541\Debug\Design01.a(SS.o)
 .debug_line    0x000026c3       0x92 .\CortexM3\ARM_GCC_541\Debug\Design01.a(D_C.o)
 .debug_line    0x00002755       0x94 .\CortexM3\ARM_GCC_541\Debug\Design01.a(Reset.o)
 .debug_line    0x000027e9      0x1d7 .\CortexM3\ARM_GCC_541\Debug\Design01.a(Clock.o)
 .debug_line    0x000029c0      0x287 .\CortexM3\ARM_GCC_541\Debug\Design01.a(SPIM.o)
 .debug_line    0x00002c47      0x157 .\CortexM3\ARM_GCC_541\Debug\Design01.a(VDAC8_DS.o)
 .debug_line    0x00002d9e      0x157 .\CortexM3\ARM_GCC_541\Debug\Design01.a(VDAC8_GS.o)
 .debug_line    0x00002ef5      0x31d .\CortexM3\ARM_GCC_541\Debug\Design01.a(ADC_SAR_1.o)
 .debug_line    0x00003212       0x56 .\CortexM3\ARM_GCC_541\Debug\Design01.a(ADC_SAR_1_INT.o)
 .debug_line    0x00003268       0x9c .\CortexM3\ARM_GCC_541\Debug\Design01.a(ADC_SAR_1_PM.o)
 .debug_line    0x00003304      0x203 .\CortexM3\ARM_GCC_541\Debug\Design01.a(ADC_SAR_1_theACLK.o)
 .debug_line    0x00003507       0xa9 .\CortexM3\ARM_GCC_541\Debug\Design01.a(AMux_1.o)
 .debug_line    0x000035b0       0xa9 .\CortexM3\ARM_GCC_541\Debug\Design01.a(AMux_2.o)
 .debug_line    0x00003659       0xa9 .\CortexM3\ARM_GCC_541\Debug\Design01.a(AMux_3.o)
 .debug_line    0x00003702       0x66 .\CortexM3\ARM_GCC_541\Debug\Design01.a(CyBootAsmGnu.o)
 .debug_line    0x00003768      0x2c7 .\CortexM3\ARM_GCC_541\Debug\Design01.a(CyFlash.o)
 .debug_line    0x00003a2f      0x2b9 .\CortexM3\ARM_GCC_541\Debug\Design01.a(CySpc.o)
 .debug_line    0x00003ce8       0xb0 .\CortexM3\ARM_GCC_541\Debug\Design01.a(emFile_1_ConfigMMC_SPI.o)
 .debug_line    0x00003d98      0x29d .\CortexM3\ARM_GCC_541\Debug\Design01.a(emFile_1_MMC_HW_SPI.o)
 .debug_line    0x00004035      0x290 .\CortexM3\ARM_GCC_541\Debug\Design01.a(emFile_1_SPI0.o)
 .debug_line    0x000042c5      0x1e1 .\CortexM3\ARM_GCC_541\Debug\Design01.a(emFile_1_Clock_1.o)
 .debug_line    0x000044a6       0x9f .\CortexM3\ARM_GCC_541\Debug\Design01.a(emFile_1_SPI0_CS.o)

.debug_frame    0x00000000     0x2bb4
 *(.debug_frame)
 .debug_frame   0x00000000      0x120 .\CortexM3\ARM_GCC_541\Debug\main.o
 .debug_frame   0x00000120      0x25c .\CortexM3\ARM_GCC_541\Debug\screen.o
 .debug_frame   0x0000037c       0x84 .\CortexM3\ARM_GCC_541\Debug\font.o
 .debug_frame   0x00000400       0xd0 .\CortexM3\ARM_GCC_541\Debug\sd.o
 .debug_frame   0x000004d0       0xc8 .\CortexM3\ARM_GCC_541\Debug\cyfitter_cfg.o
 .debug_frame   0x00000598       0xac .\CortexM3\ARM_GCC_541\Debug\Cm3Start.o
 .debug_frame   0x00000644      0x740 .\CortexM3\ARM_GCC_541\Debug\Design01.a(CyLib.o)
 .debug_frame   0x00000d84      0x1f4 .\CortexM3\ARM_GCC_541\Debug\Design01.a(cyPm.o)
 .debug_frame   0x00000f78       0x50 .\CortexM3\ARM_GCC_541\Debug\Design01.a(SS.o)
 .debug_frame   0x00000fc8       0x50 .\CortexM3\ARM_GCC_541\Debug\Design01.a(D_C.o)
 .debug_frame   0x00001018       0x50 .\CortexM3\ARM_GCC_541\Debug\Design01.a(Reset.o)
 .debug_frame   0x00001068      0x120 .\CortexM3\ARM_GCC_541\Debug\Design01.a(Clock.o)
 .debug_frame   0x00001188      0x214 .\CortexM3\ARM_GCC_541\Debug\Design01.a(SPIM.o)
 .debug_frame   0x0000139c       0x9c .\CortexM3\ARM_GCC_541\Debug\Design01.a(VDAC8_DS.o)
 .debug_frame   0x00001438       0x9c .\CortexM3\ARM_GCC_541\Debug\Design01.a(VDAC8_GS.o)
 .debug_frame   0x000014d4      0x1d0 .\CortexM3\ARM_GCC_541\Debug\Design01.a(ADC_SAR_1.o)
 .debug_frame   0x000016a4       0x20 .\CortexM3\ARM_GCC_541\Debug\Design01.a(ADC_SAR_1_INT.o)
 .debug_frame   0x000016c4       0x60 .\CortexM3\ARM_GCC_541\Debug\Design01.a(ADC_SAR_1_PM.o)
 .debug_frame   0x00001724      0x140 .\CortexM3\ARM_GCC_541\Debug\Design01.a(ADC_SAR_1_theACLK.o)
 .debug_frame   0x00001864       0x6c .\CortexM3\ARM_GCC_541\Debug\Design01.a(AMux_1.o)
 .debug_frame   0x000018d0       0x6c .\CortexM3\ARM_GCC_541\Debug\Design01.a(AMux_2.o)
 .debug_frame   0x0000193c       0x6c .\CortexM3\ARM_GCC_541\Debug\Design01.a(AMux_3.o)
 .debug_frame   0x000019a8      0x214 .\CortexM3\ARM_GCC_541\Debug\Design01.a(CyFlash.o)
 .debug_frame   0x00001bbc      0x298 .\CortexM3\ARM_GCC_541\Debug\Design01.a(CySpc.o)
 .debug_frame   0x00001e54       0x40 .\CortexM3\ARM_GCC_541\Debug\Design01.a(emFile_1_ConfigMMC_SPI.o)
 .debug_frame   0x00001e94       0xd4 .\CortexM3\ARM_GCC_541\Debug\Design01.a(emFile_1_MMC_HW_SPI.o)
 .debug_frame   0x00001f68      0x214 .\CortexM3\ARM_GCC_541\Debug\Design01.a(emFile_1_SPI0.o)
 .debug_frame   0x0000217c      0x120 .\CortexM3\ARM_GCC_541\Debug\Design01.a(emFile_1_Clock_1.o)
 .debug_frame   0x0000229c       0x50 .\CortexM3\ARM_GCC_541\Debug\Design01.a(emFile_1_SPI0_CS.o)
 .debug_frame   0x000022ec       0x44 c:/program files (x86)/cypress/psoc creator/4.2/psoc creator/import/gnu/arm/5.4.1/bin/../lib/gcc/arm-none-eabi/5.4.1/armv7-m\libgcc.a(_aeabi_ldivmod.o)
 .debug_frame   0x00002330       0x38 c:/program files (x86)/cypress/psoc creator/4.2/psoc creator/import/gnu/arm/5.4.1/bin/../lib/gcc/arm-none-eabi/5.4.1/armv7-m\libgcc.a(_udivmoddi4.o)
 .debug_frame   0x00002368       0x20 c:/program files (x86)/cypress/psoc creator/4.2/psoc creator/import/gnu/arm/5.4.1/bin/../lib/gcc/arm-none-eabi/5.4.1/../../../../arm-none-eabi/lib/armv7-m\libg_nano.a(lib_a-errno.o)
 .debug_frame   0x00002388       0x28 c:/program files (x86)/cypress/psoc creator/4.2/psoc creator/import/gnu/arm/5.4.1/bin/../lib/gcc/arm-none-eabi/5.4.1/../../../../arm-none-eabi/lib/armv7-m\libg_nano.a(lib_a-exit.o)
 .debug_frame   0x000023b0       0x2c c:/program files (x86)/cypress/psoc creator/4.2/psoc creator/import/gnu/arm/5.4.1/bin/../lib/gcc/arm-none-eabi/5.4.1/../../../../arm-none-eabi/lib/armv7-m\libg_nano.a(lib_a-init.o)
 .debug_frame   0x000023dc       0x28 c:/program files (x86)/cypress/psoc creator/4.2/psoc creator/import/gnu/arm/5.4.1/bin/../lib/gcc/arm-none-eabi/5.4.1/../../../../arm-none-eabi/lib/armv7-m\libg_nano.a(lib_a-memcmp.o)
 .debug_frame   0x00002404       0x28 c:/program files (x86)/cypress/psoc creator/4.2/psoc creator/import/gnu/arm/5.4.1/bin/../lib/gcc/arm-none-eabi/5.4.1/../../../../arm-none-eabi/lib/armv7-m\libg_nano.a(lib_a-memcpy-stub.o)
 .debug_frame   0x0000242c       0x20 c:/program files (x86)/cypress/psoc creator/4.2/psoc creator/import/gnu/arm/5.4.1/bin/../lib/gcc/arm-none-eabi/5.4.1/../../../../arm-none-eabi/lib/armv7-m\libg_nano.a(lib_a-memset.o)
 .debug_frame   0x0000244c       0x8c c:/program files (x86)/cypress/psoc creator/4.2/psoc creator/import/gnu/arm/5.4.1/bin/../lib/gcc/arm-none-eabi/5.4.1/../../../../arm-none-eabi/lib/armv7-m\libg_nano.a(lib_a-nano-vfprintf_float.o)
 .debug_frame   0x000024d8       0x60 c:/program files (x86)/cypress/psoc creator/4.2/psoc creator/import/gnu/arm/5.4.1/bin/../lib/gcc/arm-none-eabi/5.4.1/../../../../arm-none-eabi/lib/armv7-m\libg_nano.a(lib_a-nano-vfprintf_i.o)
 .debug_frame   0x00002538       0x70 c:/program files (x86)/cypress/psoc creator/4.2/psoc creator/import/gnu/arm/5.4.1/bin/../lib/gcc/arm-none-eabi/5.4.1/../../../../arm-none-eabi/lib/armv7-m\libg_nano.a(lib_a-sprintf.o)
 .debug_frame   0x000025a8       0x6c c:/program files (x86)/cypress/psoc creator/4.2/psoc creator/import/gnu/arm/5.4.1/bin/../lib/gcc/arm-none-eabi/5.4.1/../../../../arm-none-eabi/lib/armv7-m\libg_nano.a(lib_a-dtoa.o)
 .debug_frame   0x00002614       0x98 c:/program files (x86)/cypress/psoc creator/4.2/psoc creator/import/gnu/arm/5.4.1/bin/../lib/gcc/arm-none-eabi/5.4.1/../../../../arm-none-eabi/lib/armv7-m\libg_nano.a(lib_a-locale.o)
 .debug_frame   0x000026ac       0x30 c:/program files (x86)/cypress/psoc creator/4.2/psoc creator/import/gnu/arm/5.4.1/bin/../lib/gcc/arm-none-eabi/5.4.1/../../../../arm-none-eabi/lib/armv7-m\libg_nano.a(lib_a-malloc.o)
 .debug_frame   0x000026dc       0x28 c:/program files (x86)/cypress/psoc creator/4.2/psoc creator/import/gnu/arm/5.4.1/bin/../lib/gcc/arm-none-eabi/5.4.1/../../../../arm-none-eabi/lib/armv7-m\libg_nano.a(lib_a-memchr-stub.o)
 .debug_frame   0x00002704      0x234 c:/program files (x86)/cypress/psoc creator/4.2/psoc creator/import/gnu/arm/5.4.1/bin/../lib/gcc/arm-none-eabi/5.4.1/../../../../arm-none-eabi/lib/armv7-m\libg_nano.a(lib_a-mprec.o)
 .debug_frame   0x00002938       0x2c c:/program files (x86)/cypress/psoc creator/4.2/psoc creator/import/gnu/arm/5.4.1/bin/../lib/gcc/arm-none-eabi/5.4.1/../../../../arm-none-eabi/lib/armv7-m\libg_nano.a(lib_a-nano-callocr.o)
 .debug_frame   0x00002964       0x38 c:/program files (x86)/cypress/psoc creator/4.2/psoc creator/import/gnu/arm/5.4.1/bin/../lib/gcc/arm-none-eabi/5.4.1/../../../../arm-none-eabi/lib/armv7-m\libg_nano.a(lib_a-nano-freer.o)
 .debug_frame   0x0000299c       0x2c c:/program files (x86)/cypress/psoc creator/4.2/psoc creator/import/gnu/arm/5.4.1/bin/../lib/gcc/arm-none-eabi/5.4.1/../../../../arm-none-eabi/lib/armv7-m\libg_nano.a(lib_a-nano-mallocr.o)
 .debug_frame   0x000029c8       0x90 c:/program files (x86)/cypress/psoc creator/4.2/psoc creator/import/gnu/arm/5.4.1/bin/../lib/gcc/arm-none-eabi/5.4.1/../../../../arm-none-eabi/lib/armv7-m\libg_nano.a(lib_a-nano-svfprintf.o)