Archive member included to satisfy reference by file (symbol)

.\CortexM3\ARM_GCC_541\Debug\Design01.a(CyLib.o)
                              .\CortexM3\ARM_GCC_541\Debug\Cm3Start.o (CyHalt)
.\CortexM3\ARM_GCC_541\Debug\Design01.a(cyPm.o)
                              .\CortexM3\ARM_GCC_541\Debug\Design01.a(CyLib.o) (CyPmReadStatus)
.\CortexM3\ARM_GCC_541\Debug\Design01.a(SS.o)
                              .\CortexM3\ARM_GCC_541\Debug\screen.o (SS_Write)
.\CortexM3\ARM_GCC_541\Debug\Design01.a(D_C.o)
                              .\CortexM3\ARM_GCC_541\Debug\screen.o (D_C_Write)
.\CortexM3\ARM_GCC_541\Debug\Design01.a(Reset.o)
                              .\CortexM3\ARM_GCC_541\Debug\main.o (Reset_Write)
.\CortexM3\ARM_GCC_541\Debug\Design01.a(Clock.o)
                              .\CortexM3\ARM_GCC_541\Debug\main.o (Clock_Start)
.\CortexM3\ARM_GCC_541\Debug\Design01.a(SPIM.o)
                              .\CortexM3\ARM_GCC_541\Debug\screen.o (SPIM_WriteTxData)
.\CortexM3\ARM_GCC_541\Debug\Design01.a(VDAC8_DS.o)
                              .\CortexM3\ARM_GCC_541\Debug\main.o (VDAC8_DS_SetValue)
.\CortexM3\ARM_GCC_541\Debug\Design01.a(VDAC8_GS.o)
                              .\CortexM3\ARM_GCC_541\Debug\main.o (VDAC8_GS_SetValue)
.\CortexM3\ARM_GCC_541\Debug\Design01.a(ADC_SAR_1.o)
                              .\CortexM3\ARM_GCC_541\Debug\main.o (ADC_SAR_1_Start)
.\CortexM3\ARM_GCC_541\Debug\Design01.a(ADC_SAR_1_INT.o)
                              .\CortexM3\ARM_GCC_541\Debug\Design01.a(ADC_SAR_1.o) (ADC_SAR_1_ISR)
.\CortexM3\ARM_GCC_541\Debug\Design01.a(ADC_SAR_1_PM.o)
                              .\CortexM3\ARM_GCC_541\Debug\main.o (ADC_SAR_1_Sleep)
.\CortexM3\ARM_GCC_541\Debug\Design01.a(ADC_SAR_1_theACLK.o)
                              .\CortexM3\ARM_GCC_541\Debug\Design01.a(ADC_SAR_1.o) (ADC_SAR_1_theACLK_SetModeRegister)
.\CortexM3\ARM_GCC_541\Debug\Design01.a(I2C.o)
                              .\CortexM3\ARM_GCC_541\Debug\main.o (I2C_Start)
.\CortexM3\ARM_GCC_541\Debug\Design01.a(I2C_INT.o)
                              .\CortexM3\ARM_GCC_541\Debug\Design01.a(I2C.o) (I2C_ISR)
.\CortexM3\ARM_GCC_541\Debug\Design01.a(I2C_PM.o)
                              .\CortexM3\ARM_GCC_541\Debug\Design01.a(I2C.o) (I2C_backup)
.\CortexM3\ARM_GCC_541\Debug\Design01.a(I2C_MASTER.o)
                              .\CortexM3\ARM_GCC_541\Debug\Design01.a(I2C.o) (I2C_mstrStatus)
.\CortexM3\ARM_GCC_541\Debug\Design01.a(isr.o)
                              .\CortexM3\ARM_GCC_541\Debug\main.o (isr_SetPriority)
.\CortexM3\ARM_GCC_541\Debug\Design01.a(AMux_1.o)
                              .\CortexM3\ARM_GCC_541\Debug\main.o (AMux_1_Select)
.\CortexM3\ARM_GCC_541\Debug\Design01.a(AMux_2.o)
                              .\CortexM3\ARM_GCC_541\Debug\main.o (AMux_2_Select)
.\CortexM3\ARM_GCC_541\Debug\Design01.a(AMux_3.o)
                              .\CortexM3\ARM_GCC_541\Debug\main.o (AMux_3_Select)
.\CortexM3\ARM_GCC_541\Debug\Design01.a(emFile_1_PM.o)
                              .\CortexM3\ARM_GCC_541\Debug\uifunctions.o (emFile_1_Sleep)
.\CortexM3\ARM_GCC_541\Debug\Design01.a(emFile_1_SPI0_PM.o)
                              .\CortexM3\ARM_GCC_541\Debug\Design01.a(emFile_1_PM.o) (emFile_1_SPI0_SaveConfig)
.\CortexM3\ARM_GCC_541\Debug\Design01.a(CyBootAsmGnu.o)
                              .\CortexM3\ARM_GCC_541\Debug\cyfitter_cfg.o (CyDelayCycles)
.\CortexM3\ARM_GCC_541\Debug\Design01.a(CyFlash.o)
                              .\CortexM3\ARM_GCC_541\Debug\Design01.a(cyPm.o) (CyFlash_SetWaitCycles)
.\CortexM3\ARM_GCC_541\Debug\Design01.a(CySpc.o)
                              .\CortexM3\ARM_GCC_541\Debug\Design01.a(CyFlash.o) (CySpcStart)
.\CortexM3\ARM_GCC_541\Debug\Design01.a(emFile_1_SPI0.o)
                              .\CortexM3\ARM_GCC_541\Debug\Design01.a(emFile_1_SPI0_PM.o) (emFile_1_SPI0_Enable)
.\emFile_V322c\LinkLibrary\PSoC5\GCC\libemf16nosnlfn.a(FS_Misc.o)
                              .\CortexM3\ARM_GCC_541\Debug\main.o (FS_Init)
.\emFile_V322c\LinkLibrary\PSoC5\GCC\libemf16nosnlfn.a(FS_Storage.o)
                              .\emFile_V322c\LinkLibrary\PSoC5\GCC\libemf16nosnlfn.a(FS_Misc.o) (FS__FindVolume)
.\emFile_V322c\LinkLibrary\PSoC5\GCC\libemf16nosnlfn.a(FS_Unmount.o)
                              .\emFile_V322c\LinkLibrary\PSoC5\GCC\libemf16nosnlfn.a(FS_Misc.o) (FS__UnmountForcedNL)
.\emFile_V322c\LinkLibrary\PSoC5\GCC\libemf16nosnlfn.a(FS_Volume.o)
                              .\emFile_V322c\LinkLibrary\PSoC5\GCC\libemf16nosnlfn.a(FS_Misc.o) (FS__AutoMount)
.\emFile_V322c\LinkLibrary\PSoC5\GCC\libemf16nosnlfn.a(FS_Write.o)
                              .\CortexM3\ARM_GCC_541\Debug\main.o (FS_Write)
.\emFile_V322c\LinkLibrary\PSoC5\GCC\libemf16nosnlfn.a(FAT_CheckDisk.o)
                              .\emFile_V322c\LinkLibrary\PSoC5\GCC\libemf16nosnlfn.a(FS_Volume.o) (FS_FAT__CheckDisk)
.\emFile_V322c\LinkLibrary\PSoC5\GCC\libemf16nosnlfn.a(FAT_Dir.o)
[...]
Memory Configuration

Name             Origin             Length             Attributes
rom              0x00000000         0x00040000         xr
ram              0x1fff8000         0x00010000         xrw
*default*        0x00000000         0xffffffff

Linker script and memory map

LOAD d:/psoc/psoc creator/4.2/psoc creator/import/gnu/arm/5.4.1/bin/../lib/gcc/arm-none-eabi/5.4.1/armv7-m/crti.o
LOAD d:/psoc/psoc creator/4.2/psoc creator/import/gnu/arm/5.4.1/bin/../lib/gcc/arm-none-eabi/5.4.1/armv7-m/crtbegin.o
LOAD d:/psoc/psoc creator/4.2/psoc creator/import/gnu/arm/5.4.1/bin/../lib/gcc/arm-none-eabi/5.4.1/../../../../arm-none-eabi/lib/armv7-m/crt0.o
START GROUP
LOAD .\CortexM3\ARM_GCC_541\Debug\main.o
LOAD .\CortexM3\ARM_GCC_541\Debug\screen.o
LOAD .\CortexM3\ARM_GCC_541\Debug\font.o
LOAD .\CortexM3\ARM_GCC_541\Debug\sd.o
LOAD .\CortexM3\ARM_GCC_541\Debug\uifunctions.o
LOAD .\CortexM3\ARM_GCC_541\Debug\cyfitter_cfg.o
LOAD .\CortexM3\ARM_GCC_541\Debug\cymetadata.o
LOAD .\CortexM3\ARM_GCC_541\Debug\Cm3Start.o
LOAD .\CortexM3\ARM_GCC_541\Debug\Design01.a
LOAD D:\PSoC\PSoC Creator\4.2\PSoC Creator\psoc\content\cycomponentlibrary\CyComponentLibrary.cylib\CortexM3\ARM_GCC_541\Debug\CyComponentLibrary.a
LOAD .\emFile_V322c\LinkLibrary\PSoC5\GCC\libemf16nosnlfn.a
END GROUP
START GROUP
LOAD d:/psoc/psoc creator/4.2/psoc creator/import/gnu/arm/5.4.1/bin/../lib/gcc/arm-none-eabi/5.4.1/armv7-m\libgcc.a
LOAD d:/psoc/psoc creator/4.2/psoc creator/import/gnu/arm/5.4.1/bin/../lib/gcc/arm-none-eabi/5.4.1/../../../../arm-none-eabi/lib/armv7-m\libg_nano.a
LOAD d:/psoc/psoc creator/4.2/psoc creator/import/gnu/arm/5.4.1/bin/../lib/gcc/arm-none-eabi/5.4.1/../../../../arm-none-eabi/lib/armv7-m\libc_nano.a
END GROUP
START GROUP
LOAD d:/psoc/psoc creator/4.2/psoc creator/import/gnu/arm/5.4.1/bin/../lib/gcc/arm-none-eabi/5.4.1/armv7-m\libgcc.a
LOAD d:/psoc/psoc creator/4.2/psoc creator/import/gnu/arm/5.4.1/bin/../lib/gcc/arm-none-eabi/5.4.1/../../../../arm-none-eabi/lib/armv7-m\libc_nano.a
END GROUP
LOAD d:/psoc/psoc creator/4.2/psoc creator/import/gnu/arm/5.4.1/bin/../lib/gcc/arm-none-eabi/5.4.1/armv7-m/crtend.o
LOAD d:/psoc/psoc creator/4.2/psoc creator/import/gnu/arm/5.4.1/bin/../lib/gcc/arm-none-eabi/5.4.1/armv7-m/crtn.o
START GROUP
LOAD d:/psoc/psoc creator/4.2/psoc creator/import/gnu/arm/5.4.1/bin/../lib/gcc/arm-none-eabi/5.4.1/armv7-m\libgcc.a
LOAD d:/psoc/psoc creator/4.2/psoc creator/import/gnu/arm/5.4.1/bin/../lib/gcc/arm-none-eabi/5.4.1/../../../../arm-none-eabi/lib/armv7-m\libc.a
LOAD d:/psoc/psoc creator/4.2/psoc creator/import/gnu/arm/5.4.1/bin/../lib/gcc/arm-none-eabi/5.4.1/../../../../arm-none-eabi/lib/armv7-m\libnosys.a
END GROUP
                0x00000000                CY_APPL_ORIGIN = 0x0
                0x00000100                CY_FLASH_ROW_SIZE = 0x100
                0x00000020                CY_ECC_ROW_SIZE = 0x20
                0x00000000                CY_EE_IN_BTLDR = 0x0
                0x00000000                CY_APPL_LOADABLE = 0x0
                0x00000800                CY_EE_SIZE = 0x800
                0x00000001                CY_APPL_NUM = 0x1
                0x00000001                CY_APPL_MAX = 0x1
                0x00000040                CY_METADATA_SIZE = 0x40
                0x00000000                CY_APPL_LOADABLE = 0x0
                0x00000000                CY_CHECKSUM_EXCLUDE_SIZE = ALIGN (0x0, CY_FLASH_ROW_SIZE)
                [!provide]                PROVIDE (__cy_heap_start, _end)
                0x00000001                PROVIDE (__cy_region_num, ((__cy_regions_end - __cy_regions) / 0x10))
                0x20008000                PROVIDE (__cy_stack, (ORIGIN (ram) + LENGTH (ram)))
                [!provide]                PROVIDE (__cy_heap_end, (__cy_stack - 0x800))

.cybootloader   0x00000000        0x0
 *(.cybootloader)
                0x00000000                appl1_start = CY_APPL_ORIGIN?CY_APPL_ORIGIN:ALIGN (CY_FLASH_ROW_SIZE)
                0x0001ff00                appl2_start = (appl1_start + ALIGN ((((LENGTH (rom) - appl1_start) - (0x2 * CY_FLASH_ROW_SIZE)) / 0x2), CY_FLASH_ROW_SIZE))
                0x00000000                appl_start = (CY_APPL_NUM == 0x1)?appl1_start:appl2_start
                0x00000000                ecc_offset = ((appl_start / CY_FLASH_ROW_SIZE) * CY_ECC_ROW_SIZE)
                0x00000000                ee_offset = (CY_APPL_LOADABLE && ! (CY_EE_IN_BTLDR))?((CY_EE_SIZE / CY_APPL_MAX) * (CY_APPL_NUM - 0x1)):0x0
                0x00000800                ee_size = (CY_APPL_LOADABLE && ! (CY_EE_IN_BTLDR))?(CY_EE_SIZE / CY_APPL_MAX):CY_EE_SIZE
                [!provide]                PROVIDE (CY_ECC_OFFSET, ecc_offset)

.text           0x00000000     0x954c
 CREATE_OBJECT_SYMBOLS
                0x00000000                PROVIDE (__cy_interrupt_vector, RomVectors)
 *(.romvectors)
 .romvectors    0x00000000       0x10 .\CortexM3\ARM_GCC_541\Debug\Cm3Start.o
                0x00000000                RomVectors
                0x00000001                ASSERT ((. != __cy_interrupt_vector), No interrupt vector)
                0x00000001                ASSERT (CY_APPL_ORIGIN?(SIZEOF (.cybootloader) <= CY_APPL_ORIGIN):0x1, Wrong image location)
                0x00000010                PROVIDE (__cy_reset, Reset)
 *(.text.Reset)
 .text.Reset    0x00000010       0x18 .\CortexM3\ARM_GCC_541\Debug\Cm3Start.o
                0x00000010                Reset
                0x00000001                ASSERT ((. != __cy_reset), No reset code)
 *(.dma_init)
                0x00000001                ASSERT ((((appl_start + .) <= 0x10000) || 0x1), DMA Init must be within the first 64k of flash)
 *(.text .text.* .gnu.linkonce.t.*)
 .text          0x00000028       0x5c d:/psoc/psoc creator/4.2/psoc creator/import/gnu/arm/5.4.1/bin/../lib/gcc/arm-none-eabi/5.4.1/armv7-m/crtbegin.o
 .text.set_transistor_test_type
                0x00000084       0x30 .\CortexM3\ARM_GCC_541\Debug\main.o
                0x00000084                set_transistor_test_type
 .text.single_test
                0x000000b4       0x70 .\CortexM3\ARM_GCC_541\Debug\main.o
                0x000000b4                single_test
 .text.single_test_preset_vds
                0x00000124       0x48 .\CortexM3\ARM_GCC_541\Debug\main.o
                0x00000124                single_test_preset_vds
 .text.vgs_th_find
                0x0000016c       0x38 .\CortexM3\ARM_GCC_541\Debug\main.o
                0x0000016c                vgs_th_find
 .text.vgs_max_id_find
                0x000001a4       0x40 .\CortexM3\ARM_GCC_541\Debug\main.o
                0x000001a4                vgs_max_id_find
 *fill*         0x000001e4        0x4 
 .text.run_test
                0x000001e8      0x1dc .\CortexM3\ARM_GCC_541\Debug\main.o
                0x000001e8                run_test
 *fill*         0x000003c4        0x4 
 .text.main     0x000003c8      0x39c .\CortexM3\ARM_GCC_541\Debug\main.o
                0x000003c8                main
 .text.writecommand
                0x00000764       0x24 .\CortexM3\ARM_GCC_541\Debug\screen.o
                0x00000764                writecommand
 .text.writedata
                0x00000788       0x24 .\CortexM3\ARM_GCC_541\Debug\screen.o
                0x00000788                writedata
 .text.setAddrWindow
                0x000007ac       0xc0 .\CortexM3\ARM_GCC_541\Debug\screen.o
                0x000007ac                setAddrWindow
 .text.draw_rect
                0x0000086c       0x90 .\CortexM3\ARM_GCC_541\Debug\screen.o
                0x0000086c                draw_rect
 .text.fill_rect
                0x000008fc       0x2c .\CortexM3\ARM_GCC_541\Debug\screen.o
                0x000008fc                fill_rect
 .text.fill_screen
                0x00000928       0x1c .\CortexM3\ARM_GCC_541\Debug\screen.o
                0x00000928                fill_screen
 .text.StartScreen
                0x00000944       0x40 .\CortexM3\ARM_GCC_541\Debug\screen.o
                0x00000944                StartScreen
 .text.change_pixel
                0x00000984       0x50 .\CortexM3\ARM_GCC_541\Debug\screen.o
                0x00000984                change_pixel
 .text.draw_pixel
                0x000009d4       0x18 .\CortexM3\ARM_GCC_541\Debug\screen.o
                0x000009d4                draw_pixel
 .text.write_line
                0x000009ec       0xc0 .\CortexM3\ARM_GCC_541\Debug\screen.o
                0x000009ec                write_line
 .text.drawFastHLine
                0x00000aac       0x18 .\CortexM3\ARM_GCC_541\Debug\screen.o
                0x00000aac                drawFastHLine
 .text.drawFastVLine
                0x00000ac4       0x18 .\CortexM3\ARM_GCC_541\Debug\screen.o
                0x00000ac4                drawFastVLine
 .text.draw_line
                0x00000adc       0x4c .\CortexM3\ARM_GCC_541\Debug\screen.o
                0x00000adc                draw_line
 .text.fill_circle_helper
                0x00000b28      0x110 .\CortexM3\ARM_GCC_541\Debug\screen.o
                0x00000b28                fill_circle_helper
 .text.fill_circle
                0x00000c38       0x34 .\CortexM3\ARM_GCC_541\Debug\screen.o
                0x00000c38                fill_circle
 .text.draw_button
                0x00000c6c      0x150 .\CortexM3\ARM_GCC_541\Debug\screen.o
                0x00000c6c                draw_button
 .text.draw_coordinates
                0x00000dbc      0x190 .\CortexM3\ARM_GCC_541\Debug\screen.o
                0x00000dbc                draw_coordinates
 .text.draw_choose_screen
                0x00000f4c       0xe4 .\CortexM3\ARM_GCC_541\Debug\screen.o
                0x00000f4c                draw_choose_screen
 .text.draw_options_screen
                0x00001030      0x128 .\CortexM3\ARM_GCC_541\Debug\screen.o
                0x00001030                draw_options_screen
 .text.draw_more_options_screen
                0x00001158      0x11c .\CortexM3\ARM_GCC_541\Debug\screen.o
                0x00001158                draw_more_options_screen
 .text.draw_options_averages_screen
                0x00001274      0x10c .\CortexM3\ARM_GCC_541\Debug\screen.o
                0x00001274                draw_options_averages_screen
 .text.draw_options_sd_screen
                0x00001380      0x130 .\CortexM3\ARM_GCC_541\Debug\screen.o
                0x00001380                draw_options_sd_screen
 .text.draw_options_curves_screen
                0x000014b0       0xac .\CortexM3\ARM_GCC_541\Debug\screen.o
                0x000014b0                draw_options_curves_screen
 .text.draw_options_grid_screen
                0x0000155c      0x130 .\CortexM3\ARM_GCC_541\Debug\screen.o
                0x0000155c                draw_options_grid_screen
 .text.draw_options_cooldown_screen
                0x0000168c      0x180 .\CortexM3\ARM_GCC_541\Debug\screen.o
                0x0000168c                draw_options_cooldown_screen
 .text.draw_vds_options_screen
                0x0000180c       0xac .\CortexM3\ARM_GCC_541\Debug\screen.o
                0x0000180c                draw_vds_options_screen
 .text.draw_debug_screen
                0x000018b8      0x2b0 .\CortexM3\ARM_GCC_541\Debug\screen.o
                0x000018b8                draw_debug_screen
 .text.draw_character
                0x00001b68       0x8c .\CortexM3\ARM_GCC_541\Debug\font.o
                0x00001b68                draw_character
 .text.draw_string
                0x00001bf4      0x324 .\CortexM3\ARM_GCC_541\Debug\font.o
                0x00001bf4                draw_string
 .text.create_file_with_text
                0x00001f18       0x28 .\CortexM3\ARM_GCC_541\Debug\sd.o
                0x00001f18                create_file_with_text
 .text.append_file
                0x00001f40       0x28 .\CortexM3\ARM_GCC_541\Debug\sd.o
                0x00001f40                append_file
 .text.write_header_info
                0x00001f68      0x108 .\CortexM3\ARM_GCC_541\Debug\sd.o
                0x00001f68                write_header_info
 .text.write_data
                0x00002070       0xc4 .\CortexM3\ARM_GCC_541\Debug\sd.o
                0x00002070                write_data
 .text.ui_control
                0x00002134      0x9a8 .\CortexM3\ARM_GCC_541\Debug\uifunctions.o
                0x00002134                ui_control
 .text.CyClockStartupError
                0x00002adc        0x4 .\CortexM3\ARM_GCC_541\Debug\cyfitter_cfg.o
 .text.cfg_write_bytes32
                0x00002ae0       0x34 .\CortexM3\ARM_GCC_541\Debug\cyfitter_cfg.o
 .text.CYMEMZERO
                0x00002b14        0xc .\CortexM3\ARM_GCC_541\Debug\cyfitter_cfg.o
 .text.AnalogSetDefault
                0x00002b20       0x7c .\CortexM3\ARM_GCC_541\Debug\cyfitter_cfg.o
 .text.CYCONFIGCPY
                0x00002b9c        0x8 .\CortexM3\ARM_GCC_541\Debug\cyfitter_cfg.o
 .text.ClockSetup
                0x00002ba4       0xf0 .\CortexM3\ARM_GCC_541\Debug\cyfitter_cfg.o
 .text.AMux_1_Set
                0x00002c94       0x1c .\CortexM3\ARM_GCC_541\Debug\cyfitter_cfg.o
                0x00002c94                AMux_1_Set
 .text.AMux_1_Unset
                0x00002cb0       0x1c .\CortexM3\ARM_GCC_541\Debug\cyfitter_cfg.o
                0x00002cb0                AMux_1_Unset
 .text.AMux_2_Set
                0x00002ccc       0x1c .\CortexM3\ARM_GCC_541\Debug\cyfitter_cfg.o
                0x00002ccc                AMux_2_Set
 .text.AMux_2_Unset
                0x00002ce8       0x20 .\CortexM3\ARM_GCC_541\Debug\cyfitter_cfg.o
                0x00002ce8                AMux_2_Unset
 .text.AMux_3_Set
                0x00002d08       0x20 .\CortexM3\ARM_GCC_541\Debug\cyfitter_cfg.o
                0x00002d08                AMux_3_Set
 .text.AMux_3_Unset
                0x00002d28       0x20 .\CortexM3\ARM_GCC_541\Debug\cyfitter_cfg.o
                0x00002d28                AMux_3_Unset
 .text.cyfitter_cfg
                0x00002d48      0x130 .\CortexM3\ARM_GCC_541\Debug\cyfitter_cfg.o
                0x00002d48                cyfitter_cfg
 .text.IntDefaultHandler
                0x00002e78       0x10 .\CortexM3\ARM_GCC_541\Debug\Cm3Start.o
                0x00002e78                IntDefaultHandler
 .text._sbrk    0x00002e88       0x30 .\CortexM3\ARM_GCC_541\Debug\Cm3Start.o
                0x00002e88                _sbrk
 .text.Start_c  0x00002eb8       0x4c .\CortexM3\ARM_GCC_541\Debug\Cm3Start.o
                0x00002eb8                Start_c
 .text.initialize_psoc
                0x00002f04       0x68 .\CortexM3\ARM_GCC_541\Debug\Cm3Start.o
                0x00002f04                initialize_psoc
 .text.CyHalt   0x00002f6c        0x4 .\CortexM3\ARM_GCC_541\Debug\Design01.a(CyLib.o)
                0x00002f6c                CyHalt
 .text.CyDelay  0x00002f70       0x2c .\CortexM3\ARM_GCC_541\Debug\Design01.a(CyLib.o)
                0x00002f70                CyDelay
 .text.CyDelayUs
                0x00002f9c       0x14 .\CortexM3\ARM_GCC_541\Debug\Design01.a(CyLib.o)
                0x00002f9c                CyDelayUs
 .text.CyIntSetVector
                0x00002fb0       0x28 .\CortexM3\ARM_GCC_541\Debug\Design01.a(CyLib.o)
                0x00002fb0                CyIntSetVector
 .text.CyIntSetPriority
                0x00002fd8       0x30 .\CortexM3\ARM_GCC_541\Debug\Design01.a(CyLib.o)
                0x00002fd8                CyIntSetPriority
 .text.SS_Write
                0x00003008       0x18 .\CortexM3\ARM_GCC_541\Debug\Design01.a(SS.o)
                0x00003008                SS_Write
 .text.SS_Read  0x00003020       0x10 .\CortexM3\ARM_GCC_541\Debug\Design01.a(SS.o)
                0x00003020                SS_Read
 .text.D_C_Write
                0x00003030       0x18 .\CortexM3\ARM_GCC_541\Debug\Design01.a(D_C.o)
                0x00003030                D_C_Write
 .text.Reset_Write
                0x00003048       0x18 .\CortexM3\ARM_GCC_541\Debug\Design01.a(Reset.o)
                0x00003048                Reset_Write
 .text.Clock_Start
                0x00003060       0x1c .\CortexM3\ARM_GCC_541\Debug\Design01.a(Clock.o)
                0x00003060                Clock_Start
 .text.SPIM_Enable
                0x0000307c       0x30 .\CortexM3\ARM_GCC_541\Debug\Design01.a(SPIM.o)
                0x0000307c                SPIM_Enable
 .text.SPIM_ReadTxStatus
                0x000030ac        0xc .\CortexM3\ARM_GCC_541\Debug\Design01.a(SPIM.o)
                0x000030ac                SPIM_ReadTxStatus
 .text.SPIM_ReadRxStatus
                0x000030b8        0xc .\CortexM3\ARM_GCC_541\Debug\Design01.a(SPIM.o)
                0x000030b8                SPIM_ReadRxStatus
 .text.SPIM_WriteTxData
                0x000030c4       0x18 .\CortexM3\ARM_GCC_541\Debug\Design01.a(SPIM.o)
                0x000030c4                SPIM_WriteTxData
 .text.SPIM_ClearFIFO
                0x000030dc       0x3c .\CortexM3\ARM_GCC_541\Debug\Design01.a(SPIM.o)
                0x000030dc                SPIM_ClearFIFO
 .text.SPIM_Init
                0x00003118       0x28 .\CortexM3\ARM_GCC_541\Debug\Design01.a(SPIM.o)
                0x00003118                SPIM_Init
 .text.SPIM_Start
                0x00003140       0x1c .\CortexM3\ARM_GCC_541\Debug\Design01.a(SPIM.o)
                0x00003140                SPIM_Start
 .text.VDAC8_DS_Enable
                0x0000315c       0x1c .\CortexM3\ARM_GCC_541\Debug\Design01.a(VDAC8_DS.o)
                0x0000315c                VDAC8_DS_Enable
 .text.VDAC8_DS_SetSpeed
                0x00003178       0x1c .\CortexM3\ARM_GCC_541\Debug\Design01.a(VDAC8_DS.o)
                0x00003178                VDAC8_DS_SetSpeed
 .text.VDAC8_DS_SetValue
                0x00003194        0xc .\CortexM3\ARM_GCC_541\Debug\Design01.a(VDAC8_DS.o)
                0x00003194                VDAC8_DS_SetValue
 .text.VDAC8_DS_DacTrim
                0x000031a0       0x24 .\CortexM3\ARM_GCC_541\Debug\Design01.a(VDAC8_DS.o)
                0x000031a0                VDAC8_DS_DacTrim
 .text.VDAC8_DS_SetRange
                0x000031c4       0x20 .\CortexM3\ARM_GCC_541\Debug\Design01.a(VDAC8_DS.o)
                0x000031c4                VDAC8_DS_SetRange
 .text.VDAC8_DS_Init
                0x000031e4       0x20 .\CortexM3\ARM_GCC_541\Debug\Design01.a(VDAC8_DS.o)
                0x000031e4                VDAC8_DS_Init
 .text.VDAC8_DS_Start
                0x00003204       0x24 .\CortexM3\ARM_GCC_541\Debug\Design01.a(VDAC8_DS.o)
                0x00003204                VDAC8_DS_Start
 .text.VDAC8_GS_Enable
                0x00003228       0x1c .\CortexM3\ARM_GCC_541\Debug\Design01.a(VDAC8_GS.o)
                0x00003228                VDAC8_GS_Enable
 .text.VDAC8_GS_SetSpeed
                0x00003244       0x1c .\CortexM3\ARM_GCC_541\Debug\Design01.a(VDAC8_GS.o)
                0x00003244                VDAC8_GS_SetSpeed
 .text.VDAC8_GS_SetValue
                0x00003260        0xc .\CortexM3\ARM_GCC_541\Debug\Design01.a(VDAC8_GS.o)
                0x00003260                VDAC8_GS_SetValue
 .text.VDAC8_GS_DacTrim
                0x0000326c       0x24 .\CortexM3\ARM_GCC_541\Debug\Design01.a(VDAC8_GS.o)
                0x0000326c                VDAC8_GS_DacTrim
 .text.VDAC8_GS_SetRange
                0x00003290       0x20 .\CortexM3\ARM_GCC_541\Debug\Design01.a(VDAC8_GS.o)
                0x00003290                VDAC8_GS_SetRange
 .text.VDAC8_GS_Init
                0x000032b0       0x20 .\CortexM3\ARM_GCC_541\Debug\Design01.a(VDAC8_GS.o)
                0x000032b0                VDAC8_GS_Init
 .text.VDAC8_GS_Start
                0x000032d0       0x24 .\CortexM3\ARM_GCC_541\Debug\Design01.a(VDAC8_GS.o)
                0x000032d0                VDAC8_GS_Start
 .text.ADC_SAR_1_CalcGain
                0x000032f4       0x5c .\CortexM3\ARM_GCC_541\Debug\Design01.a(ADC_SAR_1.o)
 .text.ADC_SAR_1_Enable
                0x00003350       0x94 .\CortexM3\ARM_GCC_541\Debug\Design01.a(ADC_SAR_1.o)
                0x00003350                ADC_SAR_1_Enable
 .text.ADC_SAR_1_Stop
                0x000033e4       0x48 .\CortexM3\ARM_GCC_541\Debug\Design01.a(ADC_SAR_1.o)
                0x000033e4                ADC_SAR_1_Stop
 .text.ADC_SAR_1_SetResolution
                0x0000342c       0x38 .\CortexM3\ARM_GCC_541\Debug\Design01.a(ADC_SAR_1.o)
                0x0000342c                ADC_SAR_1_SetResolution
 .text.ADC_SAR_1_Init
                0x00003464       0x3c .\CortexM3\ARM_GCC_541\Debug\Design01.a(ADC_SAR_1.o)
                0x00003464                ADC_SAR_1_Init
 .text.ADC_SAR_1_Start
                0x000034a0       0x1c .\CortexM3\ARM_GCC_541\Debug\Design01.a(ADC_SAR_1.o)
                0x000034a0                ADC_SAR_1_Start
 .text.ADC_SAR_1_StartConvert
                0x000034bc       0x18 .\CortexM3\ARM_GCC_541\Debug\Design01.a(ADC_SAR_1.o)
                0x000034bc                ADC_SAR_1_StartConvert
 .text.ADC_SAR_1_StopConvert
                0x000034d4       0x18 .\CortexM3\ARM_GCC_541\Debug\Design01.a(ADC_SAR_1.o)
                0x000034d4                ADC_SAR_1_StopConvert
 .text.ADC_SAR_1_IsEndConversion
                0x000034ec       0x24 .\CortexM3\ARM_GCC_541\Debug\Design01.a(ADC_SAR_1.o)
                0x000034ec                ADC_SAR_1_IsEndConversion
 .text.ADC_SAR_1_GetResult16
                0x00003510       0x18 .\CortexM3\ARM_GCC_541\Debug\Design01.a(ADC_SAR_1.o)
                0x00003510                ADC_SAR_1_GetResult16
 .text.ADC_SAR_1_CountsTo_mVolts
                0x00003528       0x58 .\CortexM3\ARM_GCC_541\Debug\Design01.a(ADC_SAR_1.o)
                0x00003528                ADC_SAR_1_CountsTo_mVolts
 .text.ADC_SAR_1_ISR
                0x00003580        0x4 .\CortexM3\ARM_GCC_541\Debug\Design01.a(ADC_SAR_1_INT.o)
                0x00003580                ADC_SAR_1_ISR
 .text.ADC_SAR_1_Sleep
                0x00003584       0x40 .\CortexM3\ARM_GCC_541\Debug\Design01.a(ADC_SAR_1_PM.o)
                0x00003584                ADC_SAR_1_Sleep
 .text.ADC_SAR_1_Wakeup
                0x000035c4       0x20 .\CortexM3\ARM_GCC_541\Debug\Design01.a(ADC_SAR_1_PM.o)
                0x000035c4                ADC_SAR_1_Wakeup
 .text.ADC_SAR_1_theACLK_SetModeRegister
                0x000035e4       0x14 .\CortexM3\ARM_GCC_541\Debug\Design01.a(ADC_SAR_1_theACLK.o)
                0x000035e4                ADC_SAR_1_theACLK_SetModeRegister
 .text.I2C_Init
                0x000035f8       0x68 .\CortexM3\ARM_GCC_541\Debug\Design01.a(I2C.o)
                0x000035f8                I2C_Init
 .text.I2C_Enable
                0x00003660       0x24 .\CortexM3\ARM_GCC_541\Debug\Design01.a(I2C.o)
                0x00003660                I2C_Enable
 .text.I2C_Start
                0x00003684       0x28 .\CortexM3\ARM_GCC_541\Debug\Design01.a(I2C.o)
                0x00003684                I2C_Start
 .text.I2C_Stop
                0x000036ac       0xb4 .\CortexM3\ARM_GCC_541\Debug\Design01.a(I2C.o)
                0x000036ac                I2C_Stop
 .text.I2C_ISR  0x00003760      0x2d0 .\CortexM3\ARM_GCC_541\Debug\Design01.a(I2C_INT.o)
                0x00003760                I2C_ISR
 .text.I2C_MasterSendStart
                0x00003a30       0x80 .\CortexM3\ARM_GCC_541\Debug\Design01.a(I2C_MASTER.o)
                0x00003a30                I2C_MasterSendStart
 .text.I2C_MasterSendRestart
                0x00003ab0       0x6c .\CortexM3\ARM_GCC_541\Debug\Design01.a(I2C_MASTER.o)
                0x00003ab0                I2C_MasterSendRestart
 .text.I2C_MasterSendStop
                0x00003b1c       0x38 .\CortexM3\ARM_GCC_541\Debug\Design01.a(I2C_MASTER.o)
                0x00003b1c                I2C_MasterSendStop
 .text.I2C_MasterWriteByte
                0x00003b54       0x58 .\CortexM3\ARM_GCC_541\Debug\Design01.a(I2C_MASTER.o)
                0x00003b54                I2C_MasterWriteByte
 .text.I2C_MasterReadByte
                0x00003bac       0x58 .\CortexM3\ARM_GCC_541\Debug\Design01.a(I2C_MASTER.o)
                0x00003bac                I2C_MasterReadByte
 .text.get_touch
                0x00003c04       0x6c .\CortexM3\ARM_GCC_541\Debug\Design01.a(isr.o)
                0x00003c04                get_touch
 .text.isr_SetVector
                0x00003c70        0xc .\CortexM3\ARM_GCC_541\Debug\Design01.a(isr.o)
                0x00003c70                isr_SetVector
 .text.isr_SetPriority
                0x00003c7c       0x10 .\CortexM3\ARM_GCC_541\Debug\Design01.a(isr.o)
                0x00003c7c                isr_SetPriority
 .text.isr_Enable
                0x00003c8c        0xc .\CortexM3\ARM_GCC_541\Debug\Design01.a(isr.o)
                0x00003c8c                isr_Enable
 .text.isr_Disable
                0x00003c98        0xc .\CortexM3\ARM_GCC_541\Debug\Design01.a(isr.o)
                0x00003c98                isr_Disable
 .text.isr_Start
                0x00003ca4       0x1c .\CortexM3\ARM_GCC_541\Debug\Design01.a(isr.o)
                0x00003ca4                isr_Start
 .text.isr_ClearPending
                0x00003cc0        0xc .\CortexM3\ARM_GCC_541\Debug\Design01.a(isr.o)
                0x00003cc0                isr_ClearPending
 .text.isr_Interrupt
                0x00003ccc       0x20 .\CortexM3\ARM_GCC_541\Debug\Design01.a(isr.o)
                0x00003ccc                isr_Interrupt
 .text.AMux_1_Start
                0x00003cec       0x20 .\CortexM3\ARM_GCC_541\Debug\Design01.a(AMux_1.o)
                0x00003cec                AMux_1_Start
 .text.AMux_1_Select
                0x00003d0c       0x18 .\CortexM3\ARM_GCC_541\Debug\Design01.a(AMux_1.o)
                0x00003d0c                AMux_1_Select
 .text.AMux_2_Start
                0x00003d24       0x20 .\CortexM3\ARM_GCC_541\Debug\Design01.a(AMux_2.o)
                0x00003d24                AMux_2_Start
 .text.AMux_2_Select
                0x00003d44       0x18 .\CortexM3\ARM_GCC_541\Debug\Design01.a(AMux_2.o)
                0x00003d44                AMux_2_Select
 .text.AMux_3_Start
                0x00003d5c       0x20 .\CortexM3\ARM_GCC_541\Debug\Design01.a(AMux_3.o)
                0x00003d5c                AMux_3_Start
 .text.AMux_3_Select
                0x00003d7c       0x18 .\CortexM3\ARM_GCC_541\Debug\Design01.a(AMux_3.o)
                0x00003d7c                AMux_3_Select
 .text.emFile_1_Sleep
                0x00003d94        0x8 .\CortexM3\ARM_GCC_541\Debug\Design01.a(emFile_1_PM.o)
                0x00003d94                emFile_1_Sleep
 .text.emFile_1_Wakeup
                0x00003d9c        0x8 .\CortexM3\ARM_GCC_541\Debug\Design01.a(emFile_1_PM.o)
                0x00003d9c                emFile_1_Wakeup
 .text.emFile_1_SPI0_Sleep
                0x00003da4       0x1c .\CortexM3\ARM_GCC_541\Debug\Design01.a(emFile_1_SPI0_PM.o)
                0x00003da4                emFile_1_SPI0_Sleep
 .text.emFile_1_SPI0_Wakeup
                0x00003dc0       0x18 .\CortexM3\ARM_GCC_541\Debug\Design01.a(emFile_1_SPI0_PM.o)
                0x00003dc0                emFile_1_SPI0_Wakeup
 .text          0x00003dd8       0x20 .\CortexM3\ARM_GCC_541\Debug\Design01.a(CyBootAsmGnu.o)
                0x00003dd8                CyDelayCycles
                0x00003de8                CyEnterCriticalSection
                0x00003df0                CyExitCriticalSection
 .text.emFile_1_SPI0_Enable
                0x00003df8       0x30 .\CortexM3\ARM_GCC_541\Debug\Design01.a(emFile_1_SPI0.o)
                0x00003df8                emFile_1_SPI0_Enable
 .text.emFile_1_SPI0_Stop
                0x00003e28       0x24 .\CortexM3\ARM_GCC_541\Debug\Design01.a(emFile_1_SPI0.o)
                0x00003e28                emFile_1_SPI0_Stop
 .text.emFile_1_SPI0_ReadTxStatus
                0x00003e4c        0xc .\CortexM3\ARM_GCC_541\Debug\Design01.a(emFile_1_SPI0.o)
                0x00003e4c                emFile_1_SPI0_ReadTxStatus
 .text.emFile_1_SPI0_ReadRxStatus
                0x00003e58        0xc .\CortexM3\ARM_GCC_541\Debug\Design01.a(emFile_1_SPI0.o)
                0x00003e58                emFile_1_SPI0_ReadRxStatus
 .text.emFile_1_SPI0_WriteTxData
                0x00003e64       0x18 .\CortexM3\ARM_GCC_541\Debug\Design01.a(emFile_1_SPI0.o)
                0x00003e64                emFile_1_SPI0_WriteTxData
 .text.emFile_1_SPI0_ReadRxData
                0x00003e7c        0xc .\CortexM3\ARM_GCC_541\Debug\Design01.a(emFile_1_SPI0.o)
                0x00003e7c                emFile_1_SPI0_ReadRxData
 .text.emFile_1_SPI0_ClearFIFO
                0x00003e88       0x3c .\CortexM3\ARM_GCC_541\Debug\Design01.a(emFile_1_SPI0.o)
                0x00003e88                emFile_1_SPI0_ClearFIFO
 .text.emFile_1_SPI0_Init
                0x00003ec4       0x28 .\CortexM3\ARM_GCC_541\Debug\Design01.a(emFile_1_SPI0.o)
                0x00003ec4                emFile_1_SPI0_Init
 .text.emFile_1_SPI0_Start
                0x00003eec       0x1c .\CortexM3\ARM_GCC_541\Debug\Design01.a(emFile_1_SPI0.o)
                0x00003eec                emFile_1_SPI0_Start
 .text.FS__AllocSectorBuffer
                0x00003f08       0x2c .\emFile_V322c\LinkLibrary\PSoC5\GCC\libemf16nosnlfn.a(FS_Misc.o)
                0x00003f08                FS__AllocSectorBuffer
 .text.FS__FreeSectorBuffer
                0x00003f34       0x28 .\emFile_V322c\LinkLibrary\PSoC5\GCC\libemf16nosnlfn.a(FS_Misc.o)
                0x00003f34                FS__FreeSectorBuffer
 .text.FS__SB_MarkDirty
                0x00003f5c        0x6 .\emFile_V322c\LinkLibrary\PSoC5\GCC\libemf16nosnlfn.a(FS_Misc.o)
                0x00003f5c                FS__SB_MarkDirty
 .text.FS__SB_MarkNotDirty
                0x00003f62        0x6 .\emFile_V322c\LinkLibrary\PSoC5\GCC\libemf16nosnlfn.a(FS_Misc.o)
                0x00003f62                FS__SB_MarkNotDirty
 .text.FS__FreeFileHandle
                0x00003f68        0xa .\emFile_V322c\LinkLibrary\PSoC5\GCC\libemf16nosnlfn.a(FS_Misc.o)
                0x00003f68                FS__FreeFileHandle
 .text.FS__FreeFileObj
                0x00003f72        0xc .\emFile_V322c\LinkLibrary\PSoC5\GCC\libemf16nosnlfn.a(FS_Misc.o)
                0x00003f72                FS__FreeFileObj
 *fill*         0x00003f7e        0x2 
 .text.FS_Init  0x00003f80       0x58 .\emFile_V322c\LinkLibrary\PSoC5\GCC\libemf16nosnlfn.a(FS_Misc.o)
                0x00003f80                FS_Init
 .text.FS__SB_Create
                0x00003fd8       0x28 .\emFile_V322c\LinkLibrary\PSoC5\GCC\libemf16nosnlfn.a(FS_Misc.o)
                0x00003fd8                FS__SB_Create
 .text.FS__FCloseNL
                0x00004000       0x1e .\emFile_V322c\LinkLibrary\PSoC5\GCC\libemf16nosnlfn.a(FS_Misc.o)
                0x00004000                FS__FCloseNL
 .text.FS__FClose
                0x0000401e       0x1a .\emFile_V322c\LinkLibrary\PSoC5\GCC\libemf16nosnlfn.a(FS_Misc.o)
                0x0000401e                FS__FClose
 .text.FS_FClose
                0x00004038        0xa .\emFile_V322c\LinkLibrary\PSoC5\GCC\libemf16nosnlfn.a(FS_Misc.o)
                0x00004038                FS_FClose
 *fill*         0x00004042        0x2 
 .text.FS__AllocFileObj
                0x00004044       0x48 .\emFile_V322c\LinkLibrary\PSoC5\GCC\libemf16nosnlfn.a(FS_Misc.o)
                0x00004044                FS__AllocFileObj
 .text.FS__AllocFileHandle
                0x0000408c       0x40 .\emFile_V322c\LinkLibrary\PSoC5\GCC\libemf16nosnlfn.a(FS_Misc.o)
                0x0000408c                FS__AllocFileHandle
 .text.FS__OpenEx
                0x000040cc       0x58 .\emFile_V322c\LinkLibrary\PSoC5\GCC\libemf16nosnlfn.a(FS_Misc.o)
                0x000040cc                FS__OpenEx
 .text.FS__FOpenEx
                0x00004124       0x56 .\emFile_V322c\LinkLibrary\PSoC5\GCC\libemf16nosnlfn.a(FS_Misc.o)
                0x00004124                FS__FOpenEx
 *fill*         0x0000417a        0x2 
 .text.FS__FOpen
                0x0000417c       0x48 .\emFile_V322c\LinkLibrary\PSoC5\GCC\libemf16nosnlfn.a(FS_Misc.o)
                0x0000417c                FS__FOpen
 .text.FS_FOpen
                0x000041c4        0x4 .\emFile_V322c\LinkLibrary\PSoC5\GCC\libemf16nosnlfn.a(FS_Misc.o)
                0x000041c4                FS_FOpen
 .text.FS__SB_Write
                0x000041c8       0x24 .\emFile_V322c\LinkLibrary\PSoC5\GCC\libemf16nosnlfn.a(FS_Misc.o)
                0x000041c8                FS__SB_Write
 .text._SB_Clean
                0x000041ec       0x24 .\emFile_V322c\LinkLibrary\PSoC5\GCC\libemf16nosnlfn.a(FS_Misc.o)
 .text.FS__SB_SetSector
                0x00004210       0x20 .\emFile_V322c\LinkLibrary\PSoC5\GCC\libemf16nosnlfn.a(FS_Misc.o)
                0x00004210                FS__SB_SetSector
 .text.FS__SB_Clean
                0x00004230        0x4 .\emFile_V322c\LinkLibrary\PSoC5\GCC\libemf16nosnlfn.a(FS_Misc.o)
                0x00004230                FS__SB_Clean
 .text.FS__SB_Delete
                0x00004234       0x12 .\emFile_V322c\LinkLibrary\PSoC5\GCC\libemf16nosnlfn.a(FS_Misc.o)
                0x00004234                FS__SB_Delete
 .text.FS__SB_Flush
                0x00004246        0x8 .\emFile_V322c\LinkLibrary\PSoC5\GCC\libemf16nosnlfn.a(FS_Misc.o)
                0x00004246                FS__SB_Flush
 .text.FS__SB_Read
                0x0000424e       0x2a .\emFile_V322c\LinkLibrary\PSoC5\GCC\libemf16nosnlfn.a(FS_Misc.o)
                0x0000424e                FS__SB_Read
 .text.FS__AddPhysDevice
                0x00004278       0x10 .\emFile_V322c\LinkLibrary\PSoC5\GCC\libemf16nosnlfn.a(FS_Storage.o)
                0x00004278                FS__AddPhysDevice
 .text.FS__FindVolume
                0x00004288       0x78 .\emFile_V322c\LinkLibrary\PSoC5\GCC\libemf16nosnlfn.a(FS_Storage.o)
                0x00004288                FS__FindVolume
 .text.FS__AddDevice
                0x00004300       0x68 .\emFile_V322c\LinkLibrary\PSoC5\GCC\libemf16nosnlfn.a(FS_Storage.o)
                0x00004300                FS__AddDevice
 .text.FS_AddDevice
                0x00004368        0x4 .\emFile_V322c\LinkLibrary\PSoC5\GCC\libemf16nosnlfn.a(FS_Storage.o)
                0x00004368                FS_AddDevice
 .text._Mount   0x0000436c       0x2e .\emFile_V322c\LinkLibrary\PSoC5\GCC\libemf16nosnlfn.a(FS_Volume.o)
 .text.FS__AutoMount
                0x0000439a       0x14 .\emFile_V322c\LinkLibrary\PSoC5\GCC\libemf16nosnlfn.a(FS_Volume.o)
                0x0000439a                FS__AutoMount
 .text.FS__MountNL
                0x000043ae       0x20 .\emFile_V322c\LinkLibrary\PSoC5\GCC\libemf16nosnlfn.a(FS_Volume.o)
                0x000043ae                FS__MountNL
 .text.FS__Mount
                0x000043ce        0x4 .\emFile_V322c\LinkLibrary\PSoC5\GCC\libemf16nosnlfn.a(FS_Volume.o)
                0x000043ce                FS__Mount
 .text.FS_MountEx
                0x000043d2       0x1a .\emFile_V322c\LinkLibrary\PSoC5\GCC\libemf16nosnlfn.a(FS_Volume.o)
                0x000043d2                FS_MountEx
 .text.FS__Write
                0x000043ec       0x3a .\emFile_V322c\LinkLibrary\PSoC5\GCC\libemf16nosnlfn.a(FS_Write.o)
                0x000043ec                FS__Write
 .text.FS_Write
                0x00004426        0x4 .\emFile_V322c\LinkLibrary\PSoC5\GCC\libemf16nosnlfn.a(FS_Write.o)
                0x00004426                FS_Write
 .text._ClusterId2FATOff
                0x0000442a       0x18 .\emFile_V322c\LinkLibrary\PSoC5\GCC\libemf16nosnlfn.a(FAT_Misc.o)
 .text._CalcLogClusterPos
                0x00004442        0xe .\emFile_V322c\LinkLibrary\PSoC5\GCC\libemf16nosnlfn.a(FAT_Misc.o)
 .text._ReadFromFreeClusterCache
                0x00004450       0x46 .\emFile_V322c\LinkLibrary\PSoC5\GCC\libemf16nosnlfn.a(FAT_Misc.o)
 .text.FS_FAT_GetFATType
                0x00004496       0x1a .\emFile_V322c\LinkLibrary\PSoC5\GCC\libemf16nosnlfn.a(FAT_Misc.o)
                0x00004496                FS_FAT_GetFATType
 .text.FS_FAT_ClusterId2SectorNo
                0x000044b0        0xc .\emFile_V322c\LinkLibrary\PSoC5\GCC\libemf16nosnlfn.a(FAT_Misc.o)
                0x000044b0                FS_FAT_ClusterId2SectorNo
 .text.FS_FAT_IsValidShortNameChar
                0x000044bc       0x34 .\emFile_V322c\LinkLibrary\PSoC5\GCC\libemf16nosnlfn.a(FAT_Misc.o)
                0x000044bc                FS_FAT_IsValidShortNameChar
 .text.FS_FAT_CopyShortName
                0x000044f0       0x56 .\emFile_V322c\LinkLibrary\PSoC5\GCC\libemf16nosnlfn.a(FAT_Misc.o)
                0x000044f0                FS_FAT_CopyShortName
 .text._SFN_CreateDirEntry
                0x00004546       0x5a .\emFile_V322c\LinkLibrary\PSoC5\GCC\libemf16nosnlfn.a(FAT_Misc.o)
 .text._SFN_FindDirEntry
                0x000045a0       0x10 .\emFile_V322c\LinkLibrary\PSoC5\GCC\libemf16nosnlfn.a(FAT_Misc.o)
 .text.FS_FAT_FindDirEntry
                0x000045b0       0x60 .\emFile_V322c\LinkLibrary\PSoC5\GCC\libemf16nosnlfn.a(FAT_Misc.o)
                0x000045b0                FS_FAT_FindDirEntry
 .text.FS_FAT_CopyDirEntryInfo
                0x00004610       0x50 .\emFile_V322c\LinkLibrary\PSoC5\GCC\libemf16nosnlfn.a(FAT_Misc.o)
                0x00004610                FS_FAT_CopyDirEntryInfo
 .text._SFN_ReadDirEntryInfo
                0x00004660       0x6e .\emFile_V322c\LinkLibrary\PSoC5\GCC\libemf16nosnlfn.a(FAT_Misc.o)
 .text._SetFATSector
                0x000046ce        0x6 .\emFile_V322c\LinkLibrary\PSoC5\GCC\libemf16nosnlfn.a(FAT_Misc.o)
 .text._WriteFATEntry
                0x000046d4      0x152 .\emFile_V322c\LinkLibrary\PSoC5\GCC\libemf16nosnlfn.a(FAT_Misc.o)
 .text.FS_FAT_MarkClusterEOC
                0x00004826        0x8 .\emFile_V322c\LinkLibrary\PSoC5\GCC\libemf16nosnlfn.a(FAT_Misc.o)
                0x00004826                FS_FAT_MarkClusterEOC
 .text.FS_FAT_SyncFAT
                0x0000482e       0x3c .\emFile_V322c\LinkLibrary\PSoC5\GCC\libemf16nosnlfn.a(FAT_Misc.o)
                0x0000482e                FS_FAT_SyncFAT
 .text.FS_FAT_LinkCluster
                0x0000486a       0x1c .\emFile_V322c\LinkLibrary\PSoC5\GCC\libemf16nosnlfn.a(FAT_Misc.o)
                0x0000486a                FS_FAT_LinkCluster
 .text.FS_FAT_ReadFATEntry
                0x00004886       0xb2 .\emFile_V322c\LinkLibrary\PSoC5\GCC\libemf16nosnlfn.a(FAT_Misc.o)
                0x00004886                FS_FAT_ReadFATEntry
 .text.FS_FAT_GetNumAdjClustersInChain
                0x00004938       0x64 .\emFile_V322c\LinkLibrary\PSoC5\GCC\libemf16nosnlfn.a(FAT_Misc.o)
                0x00004938                FS_FAT_GetNumAdjClustersInChain
 .text.FS_FAT_WalkClusterEx
                0x0000499c       0x5c .\emFile_V322c\LinkLibrary\PSoC5\GCC\libemf16nosnlfn.a(FAT_Misc.o)
                0x0000499c                FS_FAT_WalkClusterEx
 .text.FS_FAT_GotoCluster
                0x000049f8       0x88 .\emFile_V322c\LinkLibrary\PSoC5\GCC\libemf16nosnlfn.a(FAT_Misc.o)
                0x000049f8                FS_FAT_GotoCluster
 .text.FS_FAT_WalkCluster
                0x00004a80       0x18 .\emFile_V322c\LinkLibrary\PSoC5\GCC\libemf16nosnlfn.a(FAT_Misc.o)
                0x00004a80                FS_FAT_WalkCluster
 .text.FS_FAT_FindLastCluster
                0x00004a98       0x34 .\emFile_V322c\LinkLibrary\PSoC5\GCC\libemf16nosnlfn.a(FAT_Misc.o)
                0x00004a98                FS_FAT_FindLastCluster
 .text._CalcFreeClusterCnt
                0x00004acc       0x88 .\emFile_V322c\LinkLibrary\PSoC5\GCC\libemf16nosnlfn.a(FAT_Misc.o)
 .text.FS_FAT_FindFreeCluster
                0x00004b54       0xa8 .\emFile_V322c\LinkLibrary\PSoC5\GCC\libemf16nosnlfn.a(FAT_Misc.o)
                0x00004b54                FS_FAT_FindFreeCluster
 .text.FS_FAT_AllocCluster
                0x00004bfc       0x20 .\emFile_V322c\LinkLibrary\PSoC5\GCC\libemf16nosnlfn.a(FAT_Misc.o)
                0x00004bfc                FS_FAT_AllocCluster
 .text._WriteEmptyFATSectors
                0x00004c1c       0x3c .\emFile_V322c\LinkLibrary\PSoC5\GCC\libemf16nosnlfn.a(FAT_Misc.o)
 .text.FS_FAT_FreeClusterChain
                0x00004c58       0xe0 .\emFile_V322c\LinkLibrary\PSoC5\GCC\libemf16nosnlfn.a(FAT_Misc.o)
                0x00004c58                FS_FAT_FreeClusterChain
 .text.FS_FAT_CheckBPB
                0x00004d38      0x14c .\emFile_V322c\LinkLibrary\PSoC5\GCC\libemf16nosnlfn.a(FAT_Misc.o)
                0x00004d38                FS_FAT_CheckBPB
 .text.FS_FAT_InitDirEntryScan
                0x00004e84       0x14 .\emFile_V322c\LinkLibrary\PSoC5\GCC\libemf16nosnlfn.a(FAT_Open.o)
                0x00004e84                FS_FAT_InitDirEntryScan
 .text.FS_FAT_IncDirPos
                0x00004e98        0x8 .\emFile_V322c\LinkLibrary\PSoC5\GCC\libemf16nosnlfn.a(FAT_Open.o)
                0x00004e98                FS_FAT_IncDirPos
 .text._CopyDirText
                0x00004ea0       0x44 .\emFile_V322c\LinkLibrary\PSoC5\GCC\libemf16nosnlfn.a(FAT_Open.o)
 .text.FS_FAT_Make83Name
                0x00004ee4       0xb0 .\emFile_V322c\LinkLibrary\PSoC5\GCC\libemf16nosnlfn.a(FAT_Open.o)
                0x00004ee4                FS_FAT_Make83Name
 .text.FS_FAT_GetDirEntry
                0x00004f94       0xb2 .\emFile_V322c\LinkLibrary\PSoC5\GCC\libemf16nosnlfn.a(FAT_Open.o)
                0x00004f94                FS_FAT_GetDirEntry
 .text.FS_FAT_FindDirEntryShortEx
                0x00005046       0x5a .\emFile_V322c\LinkLibrary\PSoC5\GCC\libemf16nosnlfn.a(FAT_Open.o)
                0x00005046                FS_FAT_FindDirEntryShortEx
 .text.FS_FAT_FindDirEntryShort
                0x000050a0       0x36 .\emFile_V322c\LinkLibrary\PSoC5\GCC\libemf16nosnlfn.a(FAT_Open.o)
                0x000050a0                FS_FAT_FindDirEntryShort
 .text.FS_FAT_FindEmptyDirEntry
                0x000050d6       0xb0 .\emFile_V322c\LinkLibrary\PSoC5\GCC\libemf16nosnlfn.a(FAT_Open.o)
                0x000050d6                FS_FAT_FindEmptyDirEntry
 .text.FS_FAT_GetFirstCluster
                0x00005186       0x1a .\emFile_V322c\LinkLibrary\PSoC5\GCC\libemf16nosnlfn.a(FAT_Open.o)
                0x00005186                FS_FAT_GetFirstCluster
 .text.FS_FAT_FindPath
                0x000051a0       0x7a .\emFile_V322c\LinkLibrary\PSoC5\GCC\libemf16nosnlfn.a(FAT_Open.o)
                0x000051a0                FS_FAT_FindPath
 .text.FS_FAT_DeleteFileOrDir
                0x0000521a       0x48 .\emFile_V322c\LinkLibrary\PSoC5\GCC\libemf16nosnlfn.a(FAT_Open.o)
                0x0000521a                FS_FAT_DeleteFileOrDir
 *fill*         0x00005262        0x2 
 .text.FS_FAT_Open
                0x00005264      0x1dc .\emFile_V322c\LinkLibrary\PSoC5\GCC\libemf16nosnlfn.a(FAT_Open.o)
                0x00005264                FS_FAT_Open
 .text.FS_FAT_WriteDirEntryCluster
                0x00005440       0x1c .\emFile_V322c\LinkLibrary\PSoC5\GCC\libemf16nosnlfn.a(FAT_Open.o)
                0x00005440                FS_FAT_WriteDirEntryCluster
 .text.FS_FAT_WriteDirEntry83
                0x0000545c       0x6c .\emFile_V322c\LinkLibrary\PSoC5\GCC\libemf16nosnlfn.a(FAT_Open.o)
                0x0000545c                FS_FAT_WriteDirEntry83
 .text._WriteBurst
                0x000054c8       0x24 .\emFile_V322c\LinkLibrary\PSoC5\GCC\libemf16nosnlfn.a(FAT_Write.o)
 .text.FS_FAT_GotoClusterAllocIfReq
                0x000054ec       0xa8 .\emFile_V322c\LinkLibrary\PSoC5\GCC\libemf16nosnlfn.a(FAT_Write.o)
                0x000054ec                FS_FAT_GotoClusterAllocIfReq
 .text.FS_FAT_UpdateDirEntry
                0x00005594       0x68 .\emFile_V322c\LinkLibrary\PSoC5\GCC\libemf16nosnlfn.a(FAT_Write.o)
                0x00005594                FS_FAT_UpdateDirEntry
 .text.FS_FAT_Close
                0x000055fc       0x44 .\emFile_V322c\LinkLibrary\PSoC5\GCC\libemf16nosnlfn.a(FAT_Write.o)
                0x000055fc                FS_FAT_Close
 .text.FS_FAT_Write
                0x00005640      0x1c8 .\emFile_V322c\LinkLibrary\PSoC5\GCC\libemf16nosnlfn.a(FAT_Write.o)
                0x00005640                FS_FAT_Write
 .text.FS__CLIB_memcmp
                0x00005808       0x20 .\emFile_V322c\LinkLibrary\PSoC5\GCC\libemf16nosnlfn.a(FS_CLib.o)
                0x00005808                FS__CLIB_memcmp
 .text.FS__CLIB_memset
                0x00005828       0x6c .\emFile_V322c\LinkLibrary\PSoC5\GCC\libemf16nosnlfn.a(FS_CLib.o)
                0x00005828                FS__CLIB_memset
 .text.FS__CLIB_strcmp
                0x00005894       0x1a .\emFile_V322c\LinkLibrary\PSoC5\GCC\libemf16nosnlfn.a(FS_CLib.o)
                0x00005894                FS__CLIB_strcmp
 .text.FS__CLIB_strlen
                0x000058ae       0x10 .\emFile_V322c\LinkLibrary\PSoC5\GCC\libemf16nosnlfn.a(FS_CLib.o)
                0x000058ae                FS__CLIB_strlen
 .text.FS__CLIB_strncmp
                0x000058be       0x26 .\emFile_V322c\LinkLibrary\PSoC5\GCC\libemf16nosnlfn.a(FS_CLib.o)
                0x000058be                FS__CLIB_strncmp
 .text.FS__CLIB_toupper
                0x000058e4        0xe .\emFile_V322c\LinkLibrary\PSoC5\GCC\libemf16nosnlfn.a(FS_CLib.o)
                0x000058e4                FS__CLIB_toupper
 .text.FS__strchr
                0x000058f2       0x14 .\emFile_V322c\LinkLibrary\PSoC5\GCC\libemf16nosnlfn.a(FS_Core.o)
                0x000058f2                FS__strchr
 .text.FS_LoadU32BE
                0x00005906       0x18 .\emFile_V322c\LinkLibrary\PSoC5\GCC\libemf16nosnlfn.a(FS_Core.o)
                0x00005906                FS_LoadU32BE
 .text.FS_LoadU32LE
                0x0000591e       0x16 .\emFile_V322c\LinkLibrary\PSoC5\GCC\libemf16nosnlfn.a(FS_Core.o)
                0x0000591e                FS_LoadU32LE
 .text.FS_StoreU32LE
                0x00005934       0x14 .\emFile_V322c\LinkLibrary\PSoC5\GCC\libemf16nosnlfn.a(FS_Core.o)
                0x00005934                FS_StoreU32LE
 .text.FS_StoreU16LE
                0x00005948        0x8 .\emFile_V322c\LinkLibrary\PSoC5\GCC\libemf16nosnlfn.a(FS_Core.o)
                0x00005948                FS_StoreU16LE
 .text.FS_LoadU16LE
                0x00005950        0xa .\emFile_V322c\LinkLibrary\PSoC5\GCC\libemf16nosnlfn.a(FS_Core.o)
                0x00005950                FS_LoadU16LE
 *fill*         0x0000595a        0x2 
 .text._Alloc   0x0000595c       0x30 .\emFile_V322c\LinkLibrary\PSoC5\GCC\libemf16nosnlfn.a(FS_Core.o)
 .text.FS_Alloc
                0x0000598c        0xc .\emFile_V322c\LinkLibrary\PSoC5\GCC\libemf16nosnlfn.a(FS_Core.o)
                0x0000598c                FS_Alloc
 .text.FS_TryAlloc
                0x00005998        0x4 .\emFile_V322c\LinkLibrary\PSoC5\GCC\libemf16nosnlfn.a(FS_Core.o)
                0x00005998                FS_TryAlloc
 .text.FS_Free  0x0000599c       0x1c .\emFile_V322c\LinkLibrary\PSoC5\GCC\libemf16nosnlfn.a(FS_Core.o)
                0x0000599c                FS_Free
 .text.FS_AssignMemory
                0x000059b8        0xc .\emFile_V322c\LinkLibrary\PSoC5\GCC\libemf16nosnlfn.a(FS_Core.o)
                0x000059b8                FS_AssignMemory
 .text.FS_AllocZeroed
                0x000059c4       0x16 .\emFile_V322c\LinkLibrary\PSoC5\GCC\libemf16nosnlfn.a(FS_Core.o)
                0x000059c4                FS_AllocZeroed
 *fill*         0x000059da        0x2 
 .text.FS_STORAGE_Init
                0x000059dc       0x28 .\emFile_V322c\LinkLibrary\PSoC5\GCC\libemf16nosnlfn.a(FS_Core.o)
                0x000059dc                FS_STORAGE_Init
 .text._ClrBusyLED
                0x00005a04        0xc .\emFile_V322c\LinkLibrary\PSoC5\GCC\libemf16nosnlfn.a(FS_LogBlock.o)
 .text._SetBusyLED
                0x00005a10        0xc .\emFile_V322c\LinkLibrary\PSoC5\GCC\libemf16nosnlfn.a(FS_LogBlock.o)
 .text._Read    0x00005a1c        0xc .\emFile_V322c\LinkLibrary\PSoC5\GCC\libemf16nosnlfn.a(FS_LogBlock.o)
 .text._Write   0x00005a28       0x12 .\emFile_V322c\LinkLibrary\PSoC5\GCC\libemf16nosnlfn.a(FS_LogBlock.o)
 .text.FS_LB_GetStatus
                0x00005a3a        0xc .\emFile_V322c\LinkLibrary\PSoC5\GCC\libemf16nosnlfn.a(FS_LogBlock.o)
                0x00005a3a                FS_LB_GetStatus
 .text.FS_LB_InitMedium
                0x00005a46       0x1a .\emFile_V322c\LinkLibrary\PSoC5\GCC\libemf16nosnlfn.a(FS_LogBlock.o)
                0x00005a46                FS_LB_InitMedium
 .text.FS_LB_InitMediumIfRequired
                0x00005a60       0x10 .\emFile_V322c\LinkLibrary\PSoC5\GCC\libemf16nosnlfn.a(FS_LogBlock.o)
                0x00005a60                FS_LB_InitMediumIfRequired
 .text.FS_LB_ReadDevice
                0x00005a70       0x2e .\emFile_V322c\LinkLibrary\PSoC5\GCC\libemf16nosnlfn.a(FS_LogBlock.o)
                0x00005a70                FS_LB_ReadDevice
 .text.FS_LB_ReadPart
                0x00005a9e        0xe .\emFile_V322c\LinkLibrary\PSoC5\GCC\libemf16nosnlfn.a(FS_LogBlock.o)
                0x00005a9e                FS_LB_ReadPart
 .text.FS_LB_WriteBurst
                0x00005aac       0x30 .\emFile_V322c\LinkLibrary\PSoC5\GCC\libemf16nosnlfn.a(FS_LogBlock.o)
                0x00005aac                FS_LB_WriteBurst
 .text.FS_LB_WriteBurstPart
                0x00005adc       0x14 .\emFile_V322c\LinkLibrary\PSoC5\GCC\libemf16nosnlfn.a(FS_LogBlock.o)
                0x00005adc                FS_LB_WriteBurstPart
 .text.FS_LB_WriteMultiple
                0x00005af0       0x30 .\emFile_V322c\LinkLibrary\PSoC5\GCC\libemf16nosnlfn.a(FS_LogBlock.o)
                0x00005af0                FS_LB_WriteMultiple
 .text.FS_LB_WriteMultiplePart
                0x00005b20       0x14 .\emFile_V322c\LinkLibrary\PSoC5\GCC\libemf16nosnlfn.a(FS_LogBlock.o)
                0x00005b20                FS_LB_WriteMultiplePart
 .text.FS_LB_WriteDevice
                0x00005b34       0x36 .\emFile_V322c\LinkLibrary\PSoC5\GCC\libemf16nosnlfn.a(FS_LogBlock.o)
                0x00005b34                FS_LB_WriteDevice
 .text.FS_LB_WritePart
                0x00005b6a        0xe .\emFile_V322c\LinkLibrary\PSoC5\GCC\libemf16nosnlfn.a(FS_LogBlock.o)
                0x00005b6a                FS_LB_WritePart
 .text.FS_GetSectorSize
                0x00005b78       0x28 .\emFile_V322c\LinkLibrary\PSoC5\GCC\libemf16nosnlfn.a(FS_LogBlock.o)
                0x00005b78                FS_GetSectorSize
 .text.FS_LB_GetDeviceInfo
                0x00005ba0       0x26 .\emFile_V322c\LinkLibrary\PSoC5\GCC\libemf16nosnlfn.a(FS_LogBlock.o)
                0x00005ba0                FS_LB_GetDeviceInfo
 .text.FS_memcpy
                0x00005bc6      0x120 .\emFile_V322c\LinkLibrary\PSoC5\GCC\libemf16nosnlfn.a(FS_memcpy.o)
                0x00005bc6                FS_memcpy
 .text._IsBPB   0x00005ce6       0x1e .\emFile_V322c\LinkLibrary\PSoC5\GCC\libemf16nosnlfn.a(FS_Partition.o)
 .text._HasSignature
                0x00005d04       0x18 .\emFile_V322c\LinkLibrary\PSoC5\GCC\libemf16nosnlfn.a(FS_Partition.o)
 .text._GetPartitionStartSector
                0x00005d1c        0xc .\emFile_V322c\LinkLibrary\PSoC5\GCC\libemf16nosnlfn.a(FS_Partition.o)
 .text.FS__GetMediaStartSecEx
                0x00005d28       0x6e .\emFile_V322c\LinkLibrary\PSoC5\GCC\libemf16nosnlfn.a(FS_Partition.o)
                0x00005d28                FS__GetMediaStartSecEx
 *fill*         0x00005d96        0x2 
 .text.FS__LocatePartition
                0x00005d98       0x44 .\emFile_V322c\LinkLibrary\PSoC5\GCC\libemf16nosnlfn.a(FS_Partition.o)
                0x00005d98                FS__LocatePartition
 .text.FS_X_AddDevices
                0x00005ddc       0x1c .\CortexM3\ARM_GCC_541\Debug\Design01.a(emFile_1_ConfigMMC_SPI.o)
                0x00005ddc                FS_X_AddDevices
 .text.FS_X_GetTimeDate
                0x00005df8        0x8 .\CortexM3\ARM_GCC_541\Debug\Design01.a(emFile_1_ConfigMMC_SPI.o)
                0x00005df8                FS_X_GetTimeDate
 .text._CalcDataCRC16Dummy
                0x00005e00        0x6 .\emFile_V322c\LinkLibrary\PSoC5\GCC\libemf16nosnlfn.a(MMC_Drv.o)
 *fill*         0x00005e06        0x2 
 .text._MMC_GetNumUnits
                0x00005e08        0xc .\emFile_V322c\LinkLibrary\PSoC5\GCC\libemf16nosnlfn.a(MMC_Drv.o)
 .text._MMC_GetDriverName
                0x00005e14        0x8 .\emFile_V322c\LinkLibrary\PSoC5\GCC\libemf16nosnlfn.a(MMC_Drv.o)
 .text._MMC_GetStatus
                0x00005e1c        0x4 .\emFile_V322c\LinkLibrary\PSoC5\GCC\libemf16nosnlfn.a(MMC_Drv.o)
 .text._CheckR1
                0x00005e20       0x38 .\emFile_V322c\LinkLibrary\PSoC5\GCC\libemf16nosnlfn.a(MMC_Drv.o)
 .text._WaitToGetReady
                0x00005e58       0x26 .\emFile_V322c\LinkLibrary\PSoC5\GCC\libemf16nosnlfn.a(MMC_Drv.o)
 .text._SendEmptyCycles
                0x00005e7e       0x24 .\emFile_V322c\LinkLibrary\PSoC5\GCC\libemf16nosnlfn.a(MMC_Drv.o)
 *fill*         0x00005ea2        0x2 
 .text._MMC_AddDevice
                0x00005ea4       0x2c .\emFile_V322c\LinkLibrary\PSoC5\GCC\libemf16nosnlfn.a(MMC_Drv.o)
 .text.T.53     0x00005ed0       0x14 .\emFile_V322c\LinkLibrary\PSoC5\GCC\libemf16nosnlfn.a(MMC_Drv.o)
 .text._GetFromCSD
                0x00005ee4       0x34 .\emFile_V322c\LinkLibrary\PSoC5\GCC\libemf16nosnlfn.a(MMC_Drv.o)
 .text._ExecCmdR1
                0x00005f18       0x98 .\emFile_V322c\LinkLibrary\PSoC5\GCC\libemf16nosnlfn.a(MMC_Drv.o)
 .text._ReadCSD
                0x00005fb0       0x86 .\emFile_V322c\LinkLibrary\PSoC5\GCC\libemf16nosnlfn.a(MMC_Drv.o)
 *fill*         0x00006036        0x2 
 .text._MMC_Read
                0x00006038      0x130 .\emFile_V322c\LinkLibrary\PSoC5\GCC\libemf16nosnlfn.a(MMC_Drv.o)
 .text._MMC_Write
                0x00006168      0x13c .\emFile_V322c\LinkLibrary\PSoC5\GCC\libemf16nosnlfn.a(MMC_Drv.o)
 .text._ApplyCSD
                0x000062a4      0x228 .\emFile_V322c\LinkLibrary\PSoC5\GCC\libemf16nosnlfn.a(MMC_Drv.o)
 .text._MMC_Init
                0x000064cc      0x1c0 .\emFile_V322c\LinkLibrary\PSoC5\GCC\libemf16nosnlfn.a(MMC_Drv.o)
 .text._MMC_InitMedium
                0x0000668c       0x28 .\emFile_V322c\LinkLibrary\PSoC5\GCC\libemf16nosnlfn.a(MMC_Drv.o)
 .text._MMC_IoCtl
                0x000066b4       0x60 .\emFile_V322c\LinkLibrary\PSoC5\GCC\libemf16nosnlfn.a(MMC_Drv.o)
 .text.emFile_1_Init
                0x00006714       0x4c .\CortexM3\ARM_GCC_541\Debug\Design01.a(emFile_1_MMC_HW_SPI.o)
 .text.emFile_1_ReadWriteSPI
                0x00006760       0x30 .\CortexM3\ARM_GCC_541\Debug\Design01.a(emFile_1_MMC_HW_SPI.o)
 .text.FS_MMC_HW_X_EnableCS
                0x00006790       0x14 .\CortexM3\ARM_GCC_541\Debug\Design01.a(emFile_1_MMC_HW_SPI.o)
                0x00006790                FS_MMC_HW_X_EnableCS
 .text.FS_MMC_HW_X_DisableCS
                0x000067a4       0x14 .\CortexM3\ARM_GCC_541\Debug\Design01.a(emFile_1_MMC_HW_SPI.o)
                0x000067a4                FS_MMC_HW_X_DisableCS
 .text.FS_MMC_HW_X_IsWriteProtected
                0x000067b8        0x4 .\CortexM3\ARM_GCC_541\Debug\Design01.a(emFile_1_MMC_HW_SPI.o)
                0x000067b8                FS_MMC_HW_X_IsWriteProtected
 .text.FS_MMC_HW_X_SetMaxSpeed
                0x000067bc       0x54 .\CortexM3\ARM_GCC_541\Debug\Design01.a(emFile_1_MMC_HW_SPI.o)
                0x000067bc                FS_MMC_HW_X_SetMaxSpeed
 .text.FS_MMC_HW_X_SetVoltage
                0x00006810       0x3c .\CortexM3\ARM_GCC_541\Debug\Design01.a(emFile_1_MMC_HW_SPI.o)
                0x00006810                FS_MMC_HW_X_SetVoltage
 .text.FS_MMC_HW_X_IsPresent
                0x0000684c        0xc .\CortexM3\ARM_GCC_541\Debug\Design01.a(emFile_1_MMC_HW_SPI.o)
                0x0000684c                FS_MMC_HW_X_IsPresent
 .text.FS_MMC_HW_X_Read
                0x00006858       0x1c .\CortexM3\ARM_GCC_541\Debug\Design01.a(emFile_1_MMC_HW_SPI.o)
                0x00006858                FS_MMC_HW_X_Read
 .text.FS_MMC_HW_X_Write
                0x00006874       0x18 .\CortexM3\ARM_GCC_541\Debug\Design01.a(emFile_1_MMC_HW_SPI.o)
                0x00006874                FS_MMC_HW_X_Write
 .text.emFile_1_Clock_1_Start
                0x0000688c       0x1c .\CortexM3\ARM_GCC_541\Debug\Design01.a(emFile_1_Clock_1.o)
                0x0000688c                emFile_1_Clock_1_Start
 .text.emFile_1_Clock_1_Stop
                0x000068a8       0x1c .\CortexM3\ARM_GCC_541\Debug\Design01.a(emFile_1_Clock_1.o)
                0x000068a8                emFile_1_Clock_1_Stop
 .text.emFile_1_Clock_1_GetDividerRegister
                0x000068c4        0xc .\CortexM3\ARM_GCC_541\Debug\Design01.a(emFile_1_Clock_1.o)
                0x000068c4                emFile_1_Clock_1_GetDividerRegister
 .text.emFile_1_Clock_1_GetSourceRegister
                0x000068d0       0x10 .\CortexM3\ARM_GCC_541\Debug\Design01.a(emFile_1_Clock_1.o)
                0x000068d0                emFile_1_Clock_1_GetSourceRegister
 .text.emFile_1_Clock_1_SetDividerRegister
                0x000068e0       0xd8 .\CortexM3\ARM_GCC_541\Debug\Design01.a(emFile_1_Clock_1.o)
                0x000068e0                emFile_1_Clock_1_SetDividerRegister
 .text.emFile_1_SPI0_CS_Write
                0x000069b8       0x18 .\CortexM3\ARM_GCC_541\Debug\Design01.a(emFile_1_SPI0_CS.o)
                0x000069b8                emFile_1_SPI0_CS_Write
 .text          0x000069d0      0x370 d:/psoc/psoc creator/4.2/psoc creator/import/gnu/arm/5.4.1/bin/../lib/gcc/arm-none-eabi/5.4.1/armv7-m\libgcc.a(_arm_addsubdf3.o)
                0x000069d0                __aeabi_drsub
                0x000069d8                __aeabi_dsub
                0x000069d8                __subdf3
                0x000069dc                __aeabi_dadd
                0x000069dc                __adddf3
                0x00006c54                __floatunsidf
                0x00006c54                __aeabi_ui2d
                0x00006c74                __floatsidf
                0x00006c74                __aeabi_i2d
                0x00006c98                __aeabi_f2d
                0x00006c98                __extendsfdf2
                0x00006cd4                __floatundidf
                0x00006cd4                __aeabi_ul2d
                0x00006ce4                __floatdidf
                0x00006ce4                __aeabi_l2d
 .text          0x00006d40      0x424 d:/psoc/psoc creator/4.2/psoc creator/import/gnu/arm/5.4.1/bin/../lib/gcc/arm-none-eabi/5.4.1/armv7-m\libgcc.a(_arm_muldivdf3.o)
                0x00006d40                __aeabi_dmul
                0x00006d40                __muldf3
                0x00006f94                __divdf3
                0x00006f94                __aeabi_ddiv
 .text          0x00007164      0x110 d:/psoc/psoc creator/4.2/psoc creator/import/gnu/arm/5.4.1/bin/../lib/gcc/arm-none-eabi/5.4.1/armv7-m\libgcc.a(_arm_cmpdf2.o)
                0x00007164                __gtdf2
                0x00007164                __gedf2
                0x0000716c                __ltdf2
                0x0000716c                __ledf2
                0x00007174                __nedf2
                0x00007174                __eqdf2
                0x00007174                __cmpdf2
                0x000071f0                __aeabi_cdrcmple
                0x00007200                __aeabi_cdcmpeq
                0x00007200                __aeabi_cdcmple
                0x00007210                __aeabi_dcmpeq
                0x00007224                __aeabi_dcmplt
                0x00007238                __aeabi_dcmple
                0x0000724c                __aeabi_dcmpge
                0x00007260                __aeabi_dcmpgt
 .text          0x00007274       0x50 d:/psoc/psoc creator/4.2/psoc creator/import/gnu/arm/5.4.1/bin/../lib/gcc/arm-none-eabi/5.4.1/armv7-m\libgcc.a(_arm_fixdfsi.o)
                0x00007274                __aeabi_d2iz
                0x00007274                __fixdfsi
 .text          0x000072c4       0x40 d:/psoc/psoc creator/4.2/psoc creator/import/gnu/arm/5.4.1/bin/../lib/gcc/arm-none-eabi/5.4.1/armv7-m\libgcc.a(_arm_fixunsdfsi.o)
                0x000072c4                __aeabi_d2uiz
                0x000072c4                __fixunsdfsi
 .text.__errno  0x00007304        0xc d:/psoc/psoc creator/4.2/psoc creator/import/gnu/arm/5.4.1/bin/../lib/gcc/arm-none-eabi/5.4.1/../../../../arm-none-eabi/lib/armv7-m\libg_nano.a(lib_a-errno.o)
                0x00007304                __errno
 .text.__libc_init_array
                0x00007310       0x4c d:/psoc/psoc creator/4.2/psoc creator/import/gnu/arm/5.4.1/bin/../lib/gcc/arm-none-eabi/5.4.1/../../../../arm-none-eabi/lib/armv7-m\libg_nano.a(lib_a-init.o)
                0x00007310                __libc_init_array
 .text.__itoa   0x0000735c       0x2e d:/psoc/psoc creator/4.2/psoc creator/import/gnu/arm/5.4.1/bin/../lib/gcc/arm-none-eabi/5.4.1/../../../../arm-none-eabi/lib/armv7-m\libg_nano.a(lib_a-itoa.o)
                0x0000735c                __itoa
 .text.itoa     0x0000738a        0x4 d:/psoc/psoc creator/4.2/psoc creator/import/gnu/arm/5.4.1/bin/../lib/gcc/arm-none-eabi/5.4.1/../../../../arm-none-eabi/lib/armv7-m\libg_nano.a(lib_a-itoa.o)
                0x0000738a                itoa
 .text.memcpy   0x0000738e       0x16 d:/psoc/psoc creator/4.2/psoc creator/import/gnu/arm/5.4.1/bin/../lib/gcc/arm-none-eabi/5.4.1/../../../../arm-none-eabi/lib/armv7-m\libg_nano.a(lib_a-memcpy-stub.o)
                0x0000738e                memcpy
 .text.memset   0x000073a4       0x10 d:/psoc/psoc creator/4.2/psoc creator/import/gnu/arm/5.4.1/bin/../lib/gcc/arm-none-eabi/5.4.1/../../../../arm-none-eabi/lib/armv7-m\libg_nano.a(lib_a-memset.o)
                0x000073a4                memset
 .text.__cvt    0x000073b4       0xc0 d:/psoc/psoc creator/4.2/psoc creator/import/gnu/arm/5.4.1/bin/../lib/gcc/arm-none-eabi/5.4.1/../../../../arm-none-eabi/lib/armv7-m\libg_nano.a(lib_a-nano-vfprintf_float.o)
                0x000073b4                __cvt
 .text.__exponent
                0x00007474       0x62 d:/psoc/psoc creator/4.2/psoc creator/import/gnu/arm/5.4.1/bin/../lib/gcc/arm-none-eabi/5.4.1/../../../../arm-none-eabi/lib/armv7-m\libg_nano.a(lib_a-nano-vfprintf_float.o)
                0x00007474                __exponent
 *fill*         0x000074d6        0x2 
 .text._printf_float
                0x000074d8      0x488 d:/psoc/psoc creator/4.2/psoc creator/import/gnu/arm/5.4.1/bin/../lib/gcc/arm-none-eabi/5.4.1/../../../../arm-none-eabi/lib/armv7-m\libg_nano.a(lib_a-nano-vfprintf_float.o)
                0x000074d8                _printf_float
 .text._printf_common
                0x00007960       0xec d:/psoc/psoc creator/4.2/psoc creator/import/gnu/arm/5.4.1/bin/../lib/gcc/arm-none-eabi/5.4.1/../../../../arm-none-eabi/lib/armv7-m\libg_nano.a(lib_a-nano-vfprintf_i.o)
                0x00007960                _printf_common
 .text._printf_i
                0x00007a4c      0x24c d:/psoc/psoc creator/4.2/psoc creator/import/gnu/arm/5.4.1/bin/../lib/gcc/arm-none-eabi/5.4.1/../../../../arm-none-eabi/lib/armv7-m\libg_nano.a(lib_a-nano-vfprintf_i.o)
                0x00007a4c                _printf_i
 .text.srand    0x00007c98       0x50 d:/psoc/psoc creator/4.2/psoc creator/import/gnu/arm/5.4.1/bin/../lib/gcc/arm-none-eabi/5.4.1/../../../../arm-none-eabi/lib/armv7-m\libg_nano.a(lib_a-rand.o)
                0x00007c98                srand
 .text.rand     0x00007ce8       0x74 d:/psoc/psoc creator/4.2/psoc creator/import/gnu/arm/5.4.1/bin/../lib/gcc/arm-none-eabi/5.4.1/../../../../arm-none-eabi/lib/armv7-m\libg_nano.a(lib_a-rand.o)
                0x00007ce8                rand
 .text.sprintf  0x00007d5c       0x48 d:/psoc/psoc creator/4.2/psoc creator/import/gnu/arm/5.4.1/bin/../lib/gcc/arm-none-eabi/5.4.1/../../../../arm-none-eabi/lib/armv7-m\libg_nano.a(lib_a-sprintf.o)
                0x00007d5c                siprintf
                0x00007d5c                sprintf
 .text          0x00007da4       0x10 d:/psoc/psoc creator/4.2/psoc creator/import/gnu/arm/5.4.1/bin/../lib/gcc/arm-none-eabi/5.4.1/../../../../arm-none-eabi/lib/armv7-m\libg_nano.a(lib_a-strlen.o)
                0x00007da4                strlen
 .text.__utoa   0x00007db4       0x78 d:/psoc/psoc creator/4.2/psoc creator/import/gnu/arm/5.4.1/bin/../lib/gcc/arm-none-eabi/5.4.1/../../../../arm-none-eabi/lib/armv7-m\libg_nano.a(lib_a-utoa.o)
                0x00007db4                __utoa
 .text.quorem   0x00007e2c      0x116 d:/psoc/psoc creator/4.2/psoc creator/import/gnu/arm/5.4.1/bin/../lib/gcc/arm-none-eabi/5.4.1/../../../../arm-none-eabi/lib/armv7-m\libg_nano.a(lib_a-dtoa.o)
 *fill*         0x00007f42        0x6 
 .text._dtoa_r  0x00007f48      0xb30 d:/psoc/psoc creator/4.2/psoc creator/import/gnu/arm/5.4.1/bin/../lib/gcc/arm-none-eabi/5.4.1/../../../../arm-none-eabi/lib/armv7-m\libg_nano.a(lib_a-dtoa.o)
                0x00007f48                _dtoa_r
 .text._localeconv_r
                0x00008a78        0x8 d:/psoc/psoc creator/4.2/psoc creator/import/gnu/arm/5.4.1/bin/../lib/gcc/arm-none-eabi/5.4.1/../../../../arm-none-eabi/lib/armv7-m\libg_nano.a(lib_a-locale.o)
                0x00008a78                _localeconv_r
 .text.malloc   0x00008a80       0x10 d:/psoc/psoc creator/4.2/psoc creator/import/gnu/arm/5.4.1/bin/../lib/gcc/arm-none-eabi/5.4.1/../../../../arm-none-eabi/lib/armv7-m\libg_nano.a(lib_a-malloc.o)
                0x00008a80                malloc
 .text.memchr   0x00008a90       0x1c d:/psoc/psoc creator/4.2/psoc creator/import/gnu/arm/5.4.1/bin/../lib/gcc/arm-none-eabi/5.4.1/../../../../arm-none-eabi/lib/armv7-m\libg_nano.a(lib_a-memchr-stub.o)
                0x00008a90                memchr
 .text._Balloc  0x00008aac       0x6a d:/psoc/psoc creator/4.2/psoc creator/import/gnu/arm/5.4.1/bin/../lib/gcc/arm-none-eabi/5.4.1/../../../../arm-none-eabi/lib/armv7-m\libg_nano.a(lib_a-mprec.o)
                0x00008aac                _Balloc
 .text._Bfree   0x00008b16       0x2e d:/psoc/psoc creator/4.2/psoc creator/import/gnu/arm/5.4.1/bin/../lib/gcc/arm-none-eabi/5.4.1/../../../../arm-none-eabi/lib/armv7-m\libg_nano.a(lib_a-mprec.o)
                0x00008b16                _Bfree
 .text.__multadd
                0x00008b44       0x76 d:/psoc/psoc creator/4.2/psoc creator/import/gnu/arm/5.4.1/bin/../lib/gcc/arm-none-eabi/5.4.1/../../../../arm-none-eabi/lib/armv7-m\libg_nano.a(lib_a-mprec.o)
                0x00008b44                __multadd
 .text.__hi0bits
                0x00008bba       0x40 d:/psoc/psoc creator/4.2/psoc creator/import/gnu/arm/5.4.1/bin/../lib/gcc/arm-none-eabi/5.4.1/../../../../arm-none-eabi/lib/armv7-m\libg_nano.a(lib_a-mprec.o)
                0x00008bba                __hi0bits
 .text.__lo0bits
                0x00008bfa       0x5a d:/psoc/psoc creator/4.2/psoc creator/import/gnu/arm/5.4.1/bin/../lib/gcc/arm-none-eabi/5.4.1/../../../../arm-none-eabi/lib/armv7-m\libg_nano.a(lib_a-mprec.o)
                0x00008bfa                __lo0bits
 .text.__i2b    0x00008c54       0x12 d:/psoc/psoc creator/4.2/psoc creator/import/gnu/arm/5.4.1/bin/../lib/gcc/arm-none-eabi/5.4.1/../../../../arm-none-eabi/lib/armv7-m\libg_nano.a(lib_a-mprec.o)
                0x00008c54                __i2b
 .text.__multiply
                0x00008c66      0x120 d:/psoc/psoc creator/4.2/psoc creator/import/gnu/arm/5.4.1/bin/../lib/gcc/arm-none-eabi/5.4.1/../../../../arm-none-eabi/lib/armv7-m\libg_nano.a(lib_a-mprec.o)
                0x00008c66                __multiply
 *fill*         0x00008d86        0x2 
 .text.__pow5mult
                0x00008d88       0x9c d:/psoc/psoc creator/4.2/psoc creator/import/gnu/arm/5.4.1/bin/../lib/gcc/arm-none-eabi/5.4.1/../../../../arm-none-eabi/lib/armv7-m\libg_nano.a(lib_a-mprec.o)
                0x00008d88                __pow5mult
 .text.__lshift
                0x00008e24       0xa2 d:/psoc/psoc creator/4.2/psoc creator/import/gnu/arm/5.4.1/bin/../lib/gcc/arm-none-eabi/5.4.1/../../../../arm-none-eabi/lib/armv7-m\libg_nano.a(lib_a-mprec.o)
                0x00008e24                __lshift
 .text.__mcmp   0x00008ec6       0x38 d:/psoc/psoc creator/4.2/psoc creator/import/gnu/arm/5.4.1/bin/../lib/gcc/arm-none-eabi/5.4.1/../../../../arm-none-eabi/lib/armv7-m\libg_nano.a(lib_a-mprec.o)
                0x00008ec6                __mcmp
 .text.__mdiff  0x00008efe       0xbe d:/psoc/psoc creator/4.2/psoc creator/import/gnu/arm/5.4.1/bin/../lib/gcc/arm-none-eabi/5.4.1/../../../../arm-none-eabi/lib/armv7-m\libg_nano.a(lib_a-mprec.o)
                0x00008efe                __mdiff
 .text.__d2b    0x00008fbc       0x9c d:/psoc/psoc creator/4.2/psoc creator/import/gnu/arm/5.4.1/bin/../lib/gcc/arm-none-eabi/5.4.1/../../../../arm-none-eabi/lib/armv7-m\libg_nano.a(lib_a-mprec.o)
                0x00008fbc                __d2b
 .text._calloc_r
                0x00009058       0x1c d:/psoc/psoc creator/4.2/psoc creator/import/gnu/arm/5.4.1/bin/../lib/gcc/arm-none-eabi/5.4.1/../../../../arm-none-eabi/lib/armv7-m\libg_nano.a(lib_a-nano-callocr.o)
                0x00009058                _calloc_r
 .text._free_r  0x00009074       0x98 d:/psoc/psoc creator/4.2/psoc creator/import/gnu/arm/5.4.1/bin/../lib/gcc/arm-none-eabi/5.4.1/../../../../arm-none-eabi/lib/armv7-m\libg_nano.a(lib_a-nano-freer.o)
                0x00009074                _free_r
 .text._malloc_r
                0x0000910c       0xbc d:/psoc/psoc creator/4.2/psoc creator/import/gnu/arm/5.4.1/bin/../lib/gcc/arm-none-eabi/5.4.1/../../../../arm-none-eabi/lib/armv7-m\libg_nano.a(lib_a-nano-mallocr.o)
                0x0000910c                _malloc_r
 .text.__ssputs_r
                0x000091c8       0xb2 d:/psoc/psoc creator/4.2/psoc creator/import/gnu/arm/5.4.1/bin/../lib/gcc/arm-none-eabi/5.4.1/../../../../arm-none-eabi/lib/armv7-m\libg_nano.a(lib_a-nano-svfprintf.o)
                0x000091c8                __ssputs_r
 *fill*         0x0000927a        0x2 
 .text._svfprintf_r
                0x0000927c      0x1e8 d:/psoc/psoc creator/4.2/psoc creator/import/gnu/arm/5.4.1/bin/../lib/gcc/arm-none-eabi/5.4.1/../../../../arm-none-eabi/lib/armv7-m\libg_nano.a(lib_a-nano-svfprintf.o)
                0x0000927c                _svfiprintf_r
                0x0000927c                _svfprintf_r
 .text._sbrk_r  0x00009464       0x20 d:/psoc/psoc creator/4.2/psoc creator/import/gnu/arm/5.4.1/bin/../lib/gcc/arm-none-eabi/5.4.1/../../../../arm-none-eabi/lib/armv7-m\libg_nano.a(lib_a-sbrkr.o)
                0x00009464                _sbrk_r
 .text.memmove  0x00009484       0x36 d:/psoc/psoc creator/4.2/psoc creator/import/gnu/arm/5.4.1/bin/../lib/gcc/arm-none-eabi/5.4.1/../../../../arm-none-eabi/lib/armv7-m\libg_nano.a(lib_a-memmove.o)
                0x00009484                memmove
 .text.__malloc_lock
                0x000094ba        0x2 d:/psoc/psoc creator/4.2/psoc creator/import/gnu/arm/5.4.1/bin/../lib/gcc/arm-none-eabi/5.4.1/../../../../arm-none-eabi/lib/armv7-m\libg_nano.a(lib_a-mlock.o)
                0x000094ba                __malloc_lock
 .text.__malloc_unlock
                0x000094bc        0x2 d:/psoc/psoc creator/4.2/psoc creator/import/gnu/arm/5.4.1/bin/../lib/gcc/arm-none-eabi/5.4.1/../../../../arm-none-eabi/lib/armv7-m\libg_nano.a(lib_a-mlock.o)
                0x000094bc                __malloc_unlock
 .text._realloc_r
                0x000094be       0x4c d:/psoc/psoc creator/4.2/psoc creator/import/gnu/arm/5.4.1/bin/../lib/gcc/arm-none-eabi/5.4.1/../../../../arm-none-eabi/lib/armv7-m\libg_nano.a(lib_a-nano-reallocr.o)
                0x000094be                _realloc_r
 .text._malloc_usable_size_r
                0x0000950a       0x14 d:/psoc/psoc creator/4.2/psoc creator/import/gnu/arm/5.4.1/bin/../lib/gcc/arm-none-eabi/5.4.1/../../../../arm-none-eabi/lib/armv7-m\libg_nano.a(lib_a-nano-msizer.o)
                0x0000950a                _malloc_usable_size_r
 *fill*         0x0000951e        0x2 
 .text          0x00009520       0x2c d:/psoc/psoc creator/4.2/psoc creator/import/gnu/arm/5.4.1/bin/../lib/gcc/arm-none-eabi/5.4.1/armv7-m\libgcc.a(_arm_unorddf2.o)
                0x00009520                __unorddf2
                0x00009520                __aeabi_dcmpun
 *(.plt)
 *(.gnu.warning)
 *(.glue_7t)
 .glue_7t       0x0000954c        0x0 linker stubs
 *(.glue_7)
 .glue_7        0x0000954c        0x0 linker stubs
 *(.vfp11_veneer)
 .vfp11_veneer  0x0000954c        0x0 linker stubs
 *(.bootloader)
 *(.ARM.extab* .gnu.linkonce.armextab.*)
 *(.gcc_except_table)

.v4_bx          0x0000954c        0x0
 .v4_bx         0x0000954c        0x0 linker stubs

.iplt           0x0000954c        0x0
 .iplt          0x0000954c        0x0 d:/psoc/psoc creator/4.2/psoc creator/import/gnu/arm/5.4.1/bin/../lib/gcc/arm-none-eabi/5.4.1/armv7-m/crtbegin.o

.eh_frame_hdr
 *(.eh_frame_hdr)

.eh_frame       0x0000954c        0x4
 *(.eh_frame)
 .eh_frame      0x0000954c        0x0 d:/psoc/psoc creator/4.2/psoc creator/import/gnu/arm/5.4.1/bin/../lib/gcc/arm-none-eabi/5.4.1/armv7-m/crtbegin.o
 .eh_frame      0x0000954c        0x4 d:/psoc/psoc creator/4.2/psoc creator/import/gnu/arm/5.4.1/bin/../lib/gcc/arm-none-eabi/5.4.1/armv7-m/crtend.o
                [!provide]                PROVIDE (__exidx_start, .)

.ARM.exidx
 *(.ARM.exidx* .gnu.linkonce.armexidx.*)
                0x00009550                __exidx_end = .

.rodata         0x00009550      0xb18
 *(.rodata .rodata.* .gnu.linkonce.r.*)
 .rodata        0x00009550       0x18 .\CortexM3\ARM_GCC_541\Debug\main.o
 .rodata.str1.4
                0x00009568       0xa2 .\CortexM3\ARM_GCC_541\Debug\main.o
 *fill*         0x0000960a        0x2 
 .rodata        0x0000960c       0x98 .\CortexM3\ARM_GCC_541\Debug\screen.o
 .rodata.str1.4
                0x000096a4      0x2bf .\CortexM3\ARM_GCC_541\Debug\screen.o
 *fill*         0x00009963        0x1 
 .rodata        0x00009964      0x34d .\CortexM3\ARM_GCC_541\Debug\font.o
 *fill*         0x00009cb1        0x3 
 .rodata.str1.4
                0x00009cb4       0x68 .\CortexM3\ARM_GCC_541\Debug\sd.o
 .rodata.str1.4
                0x00009d1c       0x24 .\CortexM3\ARM_GCC_541\Debug\uifunctions.o
 .rodata        0x00009d1c       0x66 .\CortexM3\ARM_GCC_541\Debug\cyfitter_cfg.o
                0x00009d1c                AMux_1__addrTable
                0x00009d24                AMux_1__maskTable
                0x00009d28                AMux_2__addrTable
                0x00009d30                AMux_2__maskTable
                0x00009d34                AMux_3__addrTable
                0x00009d3c                AMux_3__maskTable
 *fill*         0x00009d82        0x2 
 .rodata        0x00009d84       0x78 .\emFile_V322c\LinkLibrary\PSoC5\GCC\libemf16nosnlfn.a(FS_Misc.o)
 .rodata.str1.1
                0x00009dfc       0x30 .\emFile_V322c\LinkLibrary\PSoC5\GCC\libemf16nosnlfn.a(FS_Misc.o)
 .rodata        0x00009e2c       0x10 .\emFile_V322c\LinkLibrary\PSoC5\GCC\libemf16nosnlfn.a(FAT_Misc.o)
                0x00009e2c                FAT_SFN_API
 .rodata.str1.1
                0x00009e3c        0x3 .\emFile_V322c\LinkLibrary\PSoC5\GCC\libemf16nosnlfn.a(FAT_Open.o)
 *fill*         0x00009e3f        0x1 
 .rodata        0x00009e40       0x68 .\emFile_V322c\LinkLibrary\PSoC5\GCC\libemf16nosnlfn.a(MMC_Drv.o)
                0x00009e88                FS_MMC_SPI_Driver
 .rodata.str1.1
                0x00009ea8        0x4 .\emFile_V322c\LinkLibrary\PSoC5\GCC\libemf16nosnlfn.a(MMC_Drv.o)
 .rodata.str1.1
                0x00009eac        0x2 d:/psoc/psoc creator/4.2/psoc creator/import/gnu/arm/5.4.1/bin/../lib/gcc/arm-none-eabi/5.4.1/../../../../arm-none-eabi/lib/armv7-m\libg_nano.a(lib_a-impure.o)
 .rodata.str1.1
                0x00009eae       0x12 d:/psoc/psoc creator/4.2/psoc creator/import/gnu/arm/5.4.1/bin/../lib/gcc/arm-none-eabi/5.4.1/../../../../arm-none-eabi/lib/armv7-m\libg_nano.a(lib_a-nano-vfprintf_float.o)
 .rodata.str1.1
                0x00009ec0       0x22 d:/psoc/psoc creator/4.2/psoc creator/import/gnu/arm/5.4.1/bin/../lib/gcc/arm-none-eabi/5.4.1/../../../../arm-none-eabi/lib/armv7-m\libg_nano.a(lib_a-nano-vfprintf_i.o)
 .rodata.str1.1
                0x00009ee2       0x25 d:/psoc/psoc creator/4.2/psoc creator/import/gnu/arm/5.4.1/bin/../lib/gcc/arm-none-eabi/5.4.1/../../../../arm-none-eabi/lib/armv7-m\libg_nano.a(lib_a-utoa.o)
 .rodata.str1.1
                0x00009f07        0xd d:/psoc/psoc creator/4.2/psoc creator/import/gnu/arm/5.4.1/bin/../lib/gcc/arm-none-eabi/5.4.1/../../../../arm-none-eabi/lib/armv7-m\libg_nano.a(lib_a-dtoa.o)
                                  0xf (size before relaxing)
 .rodata.str1.1
                0x00009f14        0x6 d:/psoc/psoc creator/4.2/psoc creator/import/gnu/arm/5.4.1/bin/../lib/gcc/arm-none-eabi/5.4.1/../../../../arm-none-eabi/lib/armv7-m\libg_nano.a(lib_a-locale.o)
                                  0xb (size before relaxing)
 *fill*         0x00009f1a        0x6 
 .rodata.__mprec_tens
                0x00009f20       0xc8 d:/psoc/psoc creator/4.2/psoc creator/import/gnu/arm/5.4.1/bin/../lib/gcc/arm-none-eabi/5.4.1/../../../../arm-none-eabi/lib/armv7-m\libg_nano.a(lib_a-mprec.o)
                0x00009f20                __mprec_tens
 .rodata.p05.5408
                0x00009fe8        0xc d:/psoc/psoc creator/4.2/psoc creator/import/gnu/arm/5.4.1/bin/../lib/gcc/arm-none-eabi/5.4.1/../../../../arm-none-eabi/lib/armv7-m\libg_nano.a(lib_a-mprec.o)
 *fill*         0x00009ff4        0x4 
 .rodata.__mprec_bigtens
                0x00009ff8       0x28 d:/psoc/psoc creator/4.2/psoc creator/import/gnu/arm/5.4.1/bin/../lib/gcc/arm-none-eabi/5.4.1/../../../../arm-none-eabi/lib/armv7-m\libg_nano.a(lib_a-mprec.o)
                0x00009ff8                __mprec_bigtens
 .rodata.str1.1
                0x0000a020       0x11 d:/psoc/psoc creator/4.2/psoc creator/import/gnu/arm/5.4.1/bin/../lib/gcc/arm-none-eabi/5.4.1/../../../../arm-none-eabi/lib/armv7-m\libg_nano.a(lib_a-nano-svfprintf.o)
                0x0000a034                . = ALIGN (0x4)
 *fill*         0x0000a031        0x3 
 *(.init)
 .init          0x0000a034        0x4 d:/psoc/psoc creator/4.2/psoc creator/import/gnu/arm/5.4.1/bin/../lib/gcc/arm-none-eabi/5.4.1/armv7-m/crti.o
                0x0000a034                _init
 .init          0x0000a038        0x8 d:/psoc/psoc creator/4.2/psoc creator/import/gnu/arm/5.4.1/bin/../lib/gcc/arm-none-eabi/5.4.1/armv7-m/crtn.o
                0x0000a040                . = ALIGN (0x4)
                0x0000a040                __preinit_array_start = .
 *(.preinit_array)
                0x0000a040                __preinit_array_end = .
                0x0000a040                . = ALIGN (0x4)
                0x0000a040                __init_array_start = .
 *(SORT(.init_array.*))
 *(.init_array)
 .init_array    0x0000a040        0x4 d:/psoc/psoc creator/4.2/psoc creator/import/gnu/arm/5.4.1/bin/../lib/gcc/arm-none-eabi/5.4.1/armv7-m/crtbegin.o
 .init_array    0x0000a044        0x4 .\CortexM3\ARM_GCC_541\Debug\Cm3Start.o
                0x0000a048                __init_array_end = .
                0x0000a048                . = ALIGN (0x4)
 *(.fini)
 .fini          0x0000a048        0x4 d:/psoc/psoc creator/4.2/psoc creator/import/gnu/arm/5.4.1/bin/../lib/gcc/arm-none-eabi/5.4.1/armv7-m/crti.o
                0x0000a048                _fini
 .fini          0x0000a04c        0x8 d:/psoc/psoc creator/4.2/psoc creator/import/gnu/arm/5.4.1/bin/../lib/gcc/arm-none-eabi/5.4.1/armv7-m/crtn.o
                0x0000a054                . = ALIGN (0x4)
                0x0000a054                __fini_array_start = .
 *(.fini_array)
 .fini_array    0x0000a054        0x4 d:/psoc/psoc creator/4.2/psoc creator/import/gnu/arm/5.4.1/bin/../lib/gcc/arm-none-eabi/5.4.1/armv7-m/crtbegin.o
 *(SORT(.fini_array.*))
                0x0000a058                __fini_array_end = .
                0x0000a058                . = ALIGN (0x4)
 *crtbegin.o(.ctors)
 *(EXCLUDE_FILE(*crtend.o) .ctors)
 *(SORT(.ctors.*))
 *crtend.o(.ctors)
                0x0000a058                . = ALIGN (0x4)
 *crtbegin.o(.dtors)
 *(EXCLUDE_FILE(*crtend.o) .dtors)
 *(SORT(.dtors.*))
 *crtend.o(.dtors)
                0x0000a058                . = ALIGN (0x4)
                0x0000a058                __cy_regions = .
                0x0000a058        0x4 LONG 0xa068 __cy_region_init_ram
                0x0000a05c        0x4 LONG 0x1fff80c8 __cy_region_start_data
                0x0000a060        0x4 LONG 0xe8 __cy_region_init_size_ram
                0x0000a064        0x4 LONG 0x1108 __cy_region_zero_size_ram
                0x0000a068                __cy_regions_end = .
                0x0000a068                . = ALIGN (0x8)
                0x0000a068                _etext = .

.cy_checksum_exclude
                0x0000a068        0x0
 *(.cy_checksum_exclude)

.ramvectors     0x1fff8000       0xc0
                0x1fff8000                __cy_region_start_ram = .
 *(.ramvectors)
 .ramvectors    0x1fff8000       0xc0 .\CortexM3\ARM_GCC_541\Debug\Cm3Start.o
                0x1fff8000                CyRamVectors

.noinit         0x1fff80c0        0x1
 *(.noinit)
 .noinit        0x1fff80c0        0x1 .\CortexM3\ARM_GCC_541\Debug\Design01.a(CyLib.o)
                0x1fff80c0                CyResetStatus

.data           0x1fff80c8       0xe8 load address 0x0000a068
                0x1fff80c8                __cy_region_start_data = .
 *(.jcr)
 .jcr           0x1fff80c8        0x0 d:/psoc/psoc creator/4.2/psoc creator/import/gnu/arm/5.4.1/bin/../lib/gcc/arm-none-eabi/5.4.1/armv7-m/crtbegin.o
 .jcr           0x1fff80c8        0x4 d:/psoc/psoc creator/4.2/psoc creator/import/gnu/arm/5.4.1/bin/../lib/gcc/arm-none-eabi/5.4.1/armv7-m/crtend.o
 *(.got.plt)
 *(.got)
 *(.shdata)
 *(.data .data.* .gnu.linkonce.d.*)
 .data          0x1fff80cc       0x18 .\CortexM3\ARM_GCC_541\Debug\uifunctions.o
                0x1fff80cc                device_selection
                0x1fff80d0                num_avg
                0x1fff80d4                write_sd
                0x1fff80d8                curve_nums
                0x1fff80dc                draw_grid
                0x1fff80e0                vds_high
 .data          0x1fff80e4        0x4 .\CortexM3\ARM_GCC_541\Debug\Cm3Start.o
 .data          0x1fff80e8       0x10 .\CortexM3\ARM_GCC_541\Debug\Design01.a(CyLib.o)
                0x1fff80e8                cydelay_32k_ms
                0x1fff80ec                cydelay_freq_khz
                0x1fff80f0                cydelay_freq_mhz
                0x1fff80f4                cydelay_freq_hz
 .data          0x1fff80f8        0x6 .\CortexM3\ARM_GCC_541\Debug\Design01.a(I2C_PM.o)
                0x1fff80f8                I2C_backup
 .data          0x1fff80fe        0x1 .\CortexM3\ARM_GCC_541\Debug\Design01.a(AMux_1.o)
 .data          0x1fff80ff        0x1 .\CortexM3\ARM_GCC_541\Debug\Design01.a(AMux_2.o)
 .data          0x1fff8100        0x1 .\CortexM3\ARM_GCC_541\Debug\Design01.a(AMux_3.o)
 *fill*         0x1fff8101        0x3 
 .data          0x1fff8104        0x2 .\CortexM3\ARM_GCC_541\Debug\Design01.a(emFile_1_SPI0_PM.o)
 *fill*         0x1fff8106        0x2 
 .data          0x1fff8108        0x4 .\emFile_V322c\LinkLibrary\PSoC5\GCC\libemf16nosnlfn.a(FAT_Misc.o)
                0x1fff8108                FAT_pDirEntryAPI
 .data          0x1fff810c        0x4 .\emFile_V322c\LinkLibrary\PSoC5\GCC\libemf16nosnlfn.a(MMC_Drv.o)
 .data.impure_data
                0x1fff8110       0x60 d:/psoc/psoc creator/4.2/psoc creator/import/gnu/arm/5.4.1/bin/../lib/gcc/arm-none-eabi/5.4.1/../../../../arm-none-eabi/lib/armv7-m\libg_nano.a(lib_a-impure.o)
 .data._impure_ptr
                0x1fff8170        0x4 d:/psoc/psoc creator/4.2/psoc creator/import/gnu/arm/5.4.1/bin/../lib/gcc/arm-none-eabi/5.4.1/../../../../arm-none-eabi/lib/armv7-m\libg_nano.a(lib_a-impure.o)
                0x1fff8170                _impure_ptr
 .data.lconv    0x1fff8174       0x38 d:/psoc/psoc creator/4.2/psoc creator/import/gnu/arm/5.4.1/bin/../lib/gcc/arm-none-eabi/5.4.1/../../../../arm-none-eabi/lib/armv7-m\libg_nano.a(lib_a-locale.o)
                0x1fff81b0                . = ALIGN (0x8)
 *fill*         0x1fff81ac        0x4 
 *(.ram)
                0x1fff81b0                _edata = .

.igot.plt       0x1fff81b0        0x0 load address 0x0000a150
 .igot.plt      0x1fff81b0        0x0 d:/psoc/psoc creator/4.2/psoc creator/import/gnu/arm/5.4.1/bin/../lib/gcc/arm-none-eabi/5.4.1/armv7-m/crtbegin.o

.bss            0x1fff81b0     0x1108 load address 0x0000a150
                0x1fff81b0                PROVIDE (__bss_start__, .)
 *(.shbss)
 *(.bss .bss.* .gnu.linkonce.b.*)
 .bss           0x1fff81b0       0x1c d:/psoc/psoc creator/4.2/psoc creator/import/gnu/arm/5.4.1/bin/../lib/gcc/arm-none-eabi/5.4.1/armv7-m/crtbegin.o
 .bss           0x1fff81cc       0x10 .\CortexM3\ARM_GCC_541\Debug\uifunctions.o
                0x1fff81cc                screen_state
                0x1fff81d0                rand_num_1
                0x1fff81d4                rand_num_2
                0x1fff81d8                cooldown_time
 .bss           0x1fff81dc        0x1 .\CortexM3\ARM_GCC_541\Debug\Design01.a(SPIM.o)
                0x1fff81dc                SPIM_initVar
 .bss           0x1fff81dd        0x1 .\CortexM3\ARM_GCC_541\Debug\Design01.a(VDAC8_DS.o)
                0x1fff81dd                VDAC8_DS_initVar
 .bss           0x1fff81de        0x1 .\CortexM3\ARM_GCC_541\Debug\Design01.a(VDAC8_GS.o)
                0x1fff81de                VDAC8_GS_initVar
 .bss           0x1fff81df        0x1 .\CortexM3\ARM_GCC_541\Debug\Design01.a(ADC_SAR_1.o)
                0x1fff81df                ADC_SAR_1_initVar
 .bss           0x1fff81e0        0x1 .\CortexM3\ARM_GCC_541\Debug\Design01.a(ADC_SAR_1_PM.o)
 .bss           0x1fff81e1        0x1 .\CortexM3\ARM_GCC_541\Debug\Design01.a(I2C.o)
                0x1fff81e1                I2C_initVar
 .bss           0x1fff81e2        0x1 .\CortexM3\ARM_GCC_541\Debug\Design01.a(emFile_1_SPI0.o)
                0x1fff81e2                emFile_1_SPI0_initVar
 *fill*         0x1fff81e3        0x1 
 .bss           0x1fff81e4        0xc .\emFile_V322c\LinkLibrary\PSoC5\GCC\libemf16nosnlfn.a(FS_Core.o)
 .bss           0x1fff81f0     0x1000 .\CortexM3\ARM_GCC_541\Debug\Design01.a(emFile_1_ConfigMMC_SPI.o)
 .bss           0x1fff91f0       0x14 .\emFile_V322c\LinkLibrary\PSoC5\GCC\libemf16nosnlfn.a(MMC_Drv.o)
 .bss           0x1fff9204        0x1 .\CortexM3\ARM_GCC_541\Debug\Design01.a(emFile_1_MMC_HW_SPI.o)
 *fill*         0x1fff9205        0x3 
 .bss.__malloc_sbrk_start
                0x1fff9208        0x4 d:/psoc/psoc creator/4.2/psoc creator/import/gnu/arm/5.4.1/bin/../lib/gcc/arm-none-eabi/5.4.1/../../../../arm-none-eabi/lib/armv7-m\libg_nano.a(lib_a-nano-mallocr.o)
                0x1fff9208                __malloc_sbrk_start
 .bss.__malloc_free_list
                0x1fff920c        0x4 d:/psoc/psoc creator/4.2/psoc creator/import/gnu/arm/5.4.1/bin/../lib/gcc/arm-none-eabi/5.4.1/../../../../arm-none-eabi/lib/armv7-m\libg_nano.a(lib_a-nano-mallocr.o)
                0x1fff920c                __malloc_free_list
 *(COMMON)
 COMMON         0x1fff9210        0xa .\CortexM3\ARM_GCC_541\Debug\Design01.a(ADC_SAR_1.o)
                0x1fff9210                ADC_SAR_1_countsPerVolt
                0x1fff9212                ADC_SAR_1_shift
                0x1fff9214                ADC_SAR_1_countsPer10Volt
                0x1fff9218                ADC_SAR_1_offset
 COMMON         0x1fff921a        0x1 .\CortexM3\ARM_GCC_541\Debug\Design01.a(I2C.o)
                0x1fff921a                I2C_state
 *fill*         0x1fff921b        0x1 
 COMMON         0x1fff921c       0x10 .\CortexM3\ARM_GCC_541\Debug\Design01.a(I2C_MASTER.o)
                0x1fff921c                I2C_mstrWrBufIndex
                0x1fff921d                I2C_mstrWrBufSize
                0x1fff921e                I2C_mstrStatus
                0x1fff9220                I2C_mstrRdBufPtr
                0x1fff9224                I2C_mstrControl
                0x1fff9225                I2C_mstrRdBufSize
                0x1fff9226                I2C_mstrRdBufIndex
                0x1fff9228                I2C_mstrWrBufPtr
 COMMON         0x1fff922c       0x84 .\emFile_V322c\LinkLibrary\PSoC5\GCC\libemf16nosnlfn.a(FS_Core.o)
                0x1fff922c                FS_Global
                0x1fff92ac                FS_NumBytesAllocated
 COMMON         0x1fff92b0        0x4 d:/psoc/psoc creator/4.2/psoc creator/import/gnu/arm/5.4.1/bin/../lib/gcc/arm-none-eabi/5.4.1/../../../../arm-none-eabi/lib/armv7-m\libg_nano.a(lib_a-reent.o)
                0x1fff92b0                errno
                0x1fff92b8                . = ALIGN (0x8)
 *fill*         0x1fff92b4        0x4 
 *(.ram.b)
                0x1fff92b8                _end = .
                0x1fff92b8                __end = .
                0x1fff92b8                PROVIDE (end, .)
                0x1fff92b8                PROVIDE (__bss_end__, .)
                0x0000a068                __cy_region_init_ram = LOADADDR (.data)
                0x000000e8                __cy_region_init_size_ram = (_edata - ADDR (.data))
                0x00001108                __cy_region_zero_size_ram = (_end - _edata)

.heap           0x1fff92b8     0x1000 load address 0x0000a150
                0x1fff92b8                . = _end
                0x1fffa2b8                . = (. + 0x1000)
 *fill*         0x1fff92b8     0x1000 
                0x1fffa2b8                __cy_heap_limit = .

.stack          0x20007800      0x800
                0x20007800                __cy_stack_limit = .
                0x20008000                . = (. + 0x800)
 *fill*         0x20007800      0x800 
                0x00000001                ASSERT ((__cy_stack_limit >= __cy_heap_limit), region RAM overflowed with stack)
                0x00000000                cy_checksum_exclude_size = (CY_APPL_LOADABLE == 0x1)?SIZEOF (.cy_checksum_exclude):0x0
                0x00000001                ASSERT ((cy_checksum_exclude_size <= CY_CHECKSUM_EXCLUDE_SIZE), CY_BOOT: Section .cy_checksum_exclude size exceedes specified limit.)

.cyloadermeta
 *(.cyloadermeta)

.cyloadablemeta
 *(.cyloadablemeta)

.cyconfigecc    0x80000000      0x5d8
 *(.cyconfigecc)
 .cyconfigecc   0x80000000      0x5d8 .\CortexM3\ARM_GCC_541\Debug\cymetadata.o
                0x80000000                cy_meta_configecc

.cycustnvl      0x90000000        0x4
 *(.cycustnvl)
 .cycustnvl     0x90000000        0x4 .\CortexM3\ARM_GCC_541\Debug\cymetadata.o
                0x90000000                cy_meta_custnvl

.cywolatch      0x90100000        0x4
 *(.cywolatch)
 .cywolatch     0x90100000        0x4 .\CortexM3\ARM_GCC_541\Debug\cymetadata.o
                0x90100000                cy_meta_wonvl

.cyeeprom       0x90200000        0x0
 *(.cyeeprom)
                0x00000001                ASSERT ((. <= ((0x90200000 + ee_offset) + ee_size)), .cyeeprom data will not fit in EEPROM)

.cyflashprotect
                0x90400000      0x100
 *(.cyflashprotect)
 .cyflashprotect
                0x90400000      0x100 .\CortexM3\ARM_GCC_541\Debug\cymetadata.o
                0x90400000                cy_meta_flashprotect

.cymeta         0x90500000        0xc
 *(.cymeta)
 .cymeta        0x90500000        0xc .\CortexM3\ARM_GCC_541\Debug\cymetadata.o
                0x90500000                cy_metadata

.rel.dyn        0x0000a150        0x0 load address 0x9050000c
 .rel.iplt      0x0000a150        0x0 d:/psoc/psoc creator/4.2/psoc creator/import/gnu/arm/5.4.1/bin/../lib/gcc/arm-none-eabi/5.4.1/armv7-m/crtbegin.o

.stab
 *(.stab)

.stabstr
 *(.stabstr)

.debug
 *(.debug)

.line
 *(.line)

.debug_srcinfo
 *(.debug_srcinfo)

.debug_sfnames
 *(.debug_sfnames)

.debug_aranges  0x00000000      0xfd0
 *(.debug_aranges)
 .debug_aranges
                0x00000000       0x50 .\CortexM3\ARM_GCC_541\Debug\main.o
 .debug_aranges
                0x00000050       0xf0 .\CortexM3\ARM_GCC_541\Debug\screen.o
 .debug_aranges
                0x00000140       0x28 .\CortexM3\ARM_GCC_541\Debug\font.o
 .debug_aranges
                0x00000168       0x38 .\CortexM3\ARM_GCC_541\Debug\sd.o
 .debug_aranges
                0x000001a0       0x20 .\CortexM3\ARM_GCC_541\Debug\uifunctions.o
 .debug_aranges
                0x000001c0       0x88 .\CortexM3\ARM_GCC_541\Debug\cyfitter_cfg.o
 .debug_aranges
                0x00000248       0x18 .\CortexM3\ARM_GCC_541\Debug\cymetadata.o
 .debug_aranges
                0x00000260       0x48 .\CortexM3\ARM_GCC_541\Debug\Cm3Start.o
 .debug_aranges
                0x000002a8      0x2a0 .\CortexM3\ARM_GCC_541\Debug\Design01.a(CyLib.o)
 .debug_aranges
                0x00000548       0x98 .\CortexM3\ARM_GCC_541\Debug\Design01.a(cyPm.o)
 .debug_aranges
                0x000005e0       0x38 .\CortexM3\ARM_GCC_541\Debug\Design01.a(SS.o)
 .debug_aranges
                0x00000618       0x38 .\CortexM3\ARM_GCC_541\Debug\Design01.a(D_C.o)
 .debug_aranges
                0x00000650       0x38 .\CortexM3\ARM_GCC_541\Debug\Design01.a(Reset.o)
 .debug_aranges
                0x00000688       0x70 .\CortexM3\ARM_GCC_541\Debug\Design01.a(Clock.o)
 .debug_aranges
                0x000006f8       0xd8 .\CortexM3\ARM_GCC_541\Debug\Design01.a(SPIM.o)
 .debug_aranges
                0x000007d0       0x58 .\CortexM3\ARM_GCC_541\Debug\Design01.a(VDAC8_DS.o)
 .debug_aranges
                0x00000828       0x58 .\CortexM3\ARM_GCC_541\Debug\Design01.a(VDAC8_GS.o)
 .debug_aranges
                0x00000880       0xa8 .\CortexM3\ARM_GCC_541\Debug\Design01.a(ADC_SAR_1.o)
 .debug_aranges
                0x00000928       0x20 .\CortexM3\ARM_GCC_541\Debug\Design01.a(ADC_SAR_1_INT.o)
 .debug_aranges
                0x00000948       0x38 .\CortexM3\ARM_GCC_541\Debug\Design01.a(ADC_SAR_1_PM.o)
 .debug_aranges
                0x00000980       0x80 .\CortexM3\ARM_GCC_541\Debug\Design01.a(ADC_SAR_1_theACLK.o)
 .debug_aranges
                0x00000a00       0x38 .\CortexM3\ARM_GCC_541\Debug\Design01.a(I2C.o)
 .debug_aranges
                0x00000a38       0x20 .\CortexM3\ARM_GCC_541\Debug\Design01.a(I2C_INT.o)
 .debug_aranges
                0x00000a58       0x38 .\CortexM3\ARM_GCC_541\Debug\Design01.a(I2C_PM.o)
 .debug_aranges
                0x00000a90       0x80 .\CortexM3\ARM_GCC_541\Debug\Design01.a(I2C_MASTER.o)
 .debug_aranges
                0x00000b10       0x88 .\CortexM3\ARM_GCC_541\Debug\Design01.a(isr.o)
 .debug_aranges
                0x00000b98       0x30 .\CortexM3\ARM_GCC_541\Debug\Design01.a(AMux_1.o)
 .debug_aranges
                0x00000bc8       0x30 .\CortexM3\ARM_GCC_541\Debug\Design01.a(AMux_2.o)
 .debug_aranges
                0x00000bf8       0x30 .\CortexM3\ARM_GCC_541\Debug\Design01.a(AMux_3.o)
 .debug_aranges
                0x00000c28       0x38 .\CortexM3\ARM_GCC_541\Debug\Design01.a(emFile_1_PM.o)
 .debug_aranges
                0x00000c60       0x38 .\CortexM3\ARM_GCC_541\Debug\Design01.a(emFile_1_SPI0_PM.o)
 .debug_aranges
                0x00000c98       0x20 .\CortexM3\ARM_GCC_541\Debug\Design01.a(CyBootAsmGnu.o)