Archive member included to satisfy reference by file (symbol)

.\CortexM3\ARM_GCC_541\Debug\Design01.a(CyLib.o)
                              .\CortexM3\ARM_GCC_541\Debug\Cm3Start.o (CyHalt)
.\CortexM3\ARM_GCC_541\Debug\Design01.a(cyPm.o)
                              .\CortexM3\ARM_GCC_541\Debug\Design01.a(CyLib.o) (CyPmReadStatus)
.\CortexM3\ARM_GCC_541\Debug\Design01.a(SS.o)
                              .\CortexM3\ARM_GCC_541\Debug\screen.o (SS_Write)
.\CortexM3\ARM_GCC_541\Debug\Design01.a(D_C.o)
                              .\CortexM3\ARM_GCC_541\Debug\screen.o (D_C_Write)
.\CortexM3\ARM_GCC_541\Debug\Design01.a(Reset.o)
                              .\CortexM3\ARM_GCC_541\Debug\main.o (Reset_Write)
.\CortexM3\ARM_GCC_541\Debug\Design01.a(Clock.o)
                              .\CortexM3\ARM_GCC_541\Debug\main.o (Clock_Start)
.\CortexM3\ARM_GCC_541\Debug\Design01.a(SPIM.o)
                              .\CortexM3\ARM_GCC_541\Debug\main.o (SPIM_Start)
.\CortexM3\ARM_GCC_541\Debug\Design01.a(VDAC8_DS.o)
                              .\CortexM3\ARM_GCC_541\Debug\main.o (VDAC8_DS_Start)
.\CortexM3\ARM_GCC_541\Debug\Design01.a(VDAC8_GS.o)
                              .\CortexM3\ARM_GCC_541\Debug\main.o (VDAC8_GS_Start)
.\CortexM3\ARM_GCC_541\Debug\Design01.a(ADC_SAR_1.o)
                              .\CortexM3\ARM_GCC_541\Debug\main.o (ADC_SAR_1_Start)
.\CortexM3\ARM_GCC_541\Debug\Design01.a(ADC_SAR_1_INT.o)
                              .\CortexM3\ARM_GCC_541\Debug\Design01.a(ADC_SAR_1.o) (ADC_SAR_1_ISR)
.\CortexM3\ARM_GCC_541\Debug\Design01.a(ADC_SAR_1_PM.o)
                              .\CortexM3\ARM_GCC_541\Debug\main.o (ADC_SAR_1_Sleep)
.\CortexM3\ARM_GCC_541\Debug\Design01.a(ADC_SAR_1_theACLK.o)
                              .\CortexM3\ARM_GCC_541\Debug\Design01.a(ADC_SAR_1.o) (ADC_SAR_1_theACLK_SetModeRegister)
.\CortexM3\ARM_GCC_541\Debug\Design01.a(I2C.o)
                              .\CortexM3\ARM_GCC_541\Debug\main.o (I2C_Start)
.\CortexM3\ARM_GCC_541\Debug\Design01.a(I2C_INT.o)
                              .\CortexM3\ARM_GCC_541\Debug\Design01.a(I2C.o) (I2C_ISR)
.\CortexM3\ARM_GCC_541\Debug\Design01.a(I2C_PM.o)
                              .\CortexM3\ARM_GCC_541\Debug\Design01.a(I2C.o) (I2C_backup)
.\CortexM3\ARM_GCC_541\Debug\Design01.a(I2C_MASTER.o)
                              .\CortexM3\ARM_GCC_541\Debug\Design01.a(I2C.o) (I2C_mstrStatus)
.\CortexM3\ARM_GCC_541\Debug\Design01.a(isr.o)
                              .\CortexM3\ARM_GCC_541\Debug\main.o (isr_Start)
.\CortexM3\ARM_GCC_541\Debug\Design01.a(AMux_1.o)
                              .\CortexM3\ARM_GCC_541\Debug\main.o (AMux_1_Select)
.\CortexM3\ARM_GCC_541\Debug\Design01.a(AMux_2.o)
                              .\CortexM3\ARM_GCC_541\Debug\main.o (AMux_2_Select)
.\CortexM3\ARM_GCC_541\Debug\Design01.a(AMux_3.o)
                              .\CortexM3\ARM_GCC_541\Debug\main.o (AMux_3_Select)
.\CortexM3\ARM_GCC_541\Debug\Design01.a(CyBootAsmGnu.o)
                              .\CortexM3\ARM_GCC_541\Debug\cyfitter_cfg.o (CyDelayCycles)
.\CortexM3\ARM_GCC_541\Debug\Design01.a(CyFlash.o)
                              .\CortexM3\ARM_GCC_541\Debug\Design01.a(cyPm.o) (CyFlash_SetWaitCycles)
.\CortexM3\ARM_GCC_541\Debug\Design01.a(CySpc.o)
                              .\CortexM3\ARM_GCC_541\Debug\Design01.a(CyFlash.o) (CySpcStart)
.\emFile_V322c\LinkLibrary\PSoC5\GCC\libemf16nosnlfn.a(FS_Misc.o)
                              .\CortexM3\ARM_GCC_541\Debug\main.o (FS_Init)
.\emFile_V322c\LinkLibrary\PSoC5\GCC\libemf16nosnlfn.a(FS_Storage.o)
                              .\emFile_V322c\LinkLibrary\PSoC5\GCC\libemf16nosnlfn.a(FS_Misc.o) (FS__FindVolume)
.\emFile_V322c\LinkLibrary\PSoC5\GCC\libemf16nosnlfn.a(FS_Unmount.o)
                              .\emFile_V322c\LinkLibrary\PSoC5\GCC\libemf16nosnlfn.a(FS_Misc.o) (FS__UnmountForcedNL)
.\emFile_V322c\LinkLibrary\PSoC5\GCC\libemf16nosnlfn.a(FS_Volume.o)
                              .\emFile_V322c\LinkLibrary\PSoC5\GCC\libemf16nosnlfn.a(FS_Misc.o) (FS__AutoMount)
.\emFile_V322c\LinkLibrary\PSoC5\GCC\libemf16nosnlfn.a(FS_Write.o)
                              .\CortexM3\ARM_GCC_541\Debug\main.o (FS_Write)
.\emFile_V322c\LinkLibrary\PSoC5\GCC\libemf16nosnlfn.a(FAT_CheckDisk.o)
                              .\emFile_V322c\LinkLibrary\PSoC5\GCC\libemf16nosnlfn.a(FS_Volume.o) (FS_FAT__CheckDisk)
.\emFile_V322c\LinkLibrary\PSoC5\GCC\libemf16nosnlfn.a(FAT_Dir.o)
                              .\emFile_V322c\LinkLibrary\PSoC5\GCC\libemf16nosnlfn.a(FAT_CheckDisk.o) (FS_FAT_CreateDirEx)
.\emFile_V322c\LinkLibrary\PSoC5\GCC\libemf16nosnlfn.a(FAT_DiskInfo.o)
                              .\emFile_V322c\LinkLibrary\PSoC5\GCC\libemf16nosnlfn.a(FS_Volume.o) (FS_FAT_GetDiskInfo)
.\emFile_V322c\LinkLibrary\PSoC5\GCC\libemf16nosnlfn.a(FAT_Misc.o)
                              .\emFile_V322c\LinkLibrary\PSoC5\GCC\libemf16nosnlfn.a(FAT_Dir.o) (FS_FAT_ClusterId2SectorNo)
[...]
Memory Configuration

Name             Origin             Length             Attributes
rom              0x00000000         0x00040000         xr
ram              0x1fff8000         0x00010000         xrw
*default*        0x00000000         0xffffffff

Linker script and memory map

LOAD d:/psoc/psoc creator/4.2/psoc creator/import/gnu/arm/5.4.1/bin/../lib/gcc/arm-none-eabi/5.4.1/armv7-m/crti.o
LOAD d:/psoc/psoc creator/4.2/psoc creator/import/gnu/arm/5.4.1/bin/../lib/gcc/arm-none-eabi/5.4.1/armv7-m/crtbegin.o
LOAD d:/psoc/psoc creator/4.2/psoc creator/import/gnu/arm/5.4.1/bin/../lib/gcc/arm-none-eabi/5.4.1/../../../../arm-none-eabi/lib/armv7-m/crt0.o
START GROUP
LOAD .\CortexM3\ARM_GCC_541\Debug\main.o
LOAD .\CortexM3\ARM_GCC_541\Debug\screen.o
LOAD .\CortexM3\ARM_GCC_541\Debug\font.o
LOAD .\CortexM3\ARM_GCC_541\Debug\sd.o
LOAD .\CortexM3\ARM_GCC_541\Debug\uifunctions.o
LOAD .\CortexM3\ARM_GCC_541\Debug\cyfitter_cfg.o
LOAD .\CortexM3\ARM_GCC_541\Debug\cymetadata.o
LOAD .\CortexM3\ARM_GCC_541\Debug\Cm3Start.o
LOAD .\CortexM3\ARM_GCC_541\Debug\Design01.a
LOAD D:\PSoC\PSoC Creator\4.2\PSoC Creator\psoc\content\cycomponentlibrary\CyComponentLibrary.cylib\CortexM3\ARM_GCC_541\Debug\CyComponentLibrary.a
LOAD .\emFile_V322c\LinkLibrary\PSoC5\GCC\libemf16nosnlfn.a
END GROUP
START GROUP
LOAD d:/psoc/psoc creator/4.2/psoc creator/import/gnu/arm/5.4.1/bin/../lib/gcc/arm-none-eabi/5.4.1/armv7-m\libgcc.a
LOAD d:/psoc/psoc creator/4.2/psoc creator/import/gnu/arm/5.4.1/bin/../lib/gcc/arm-none-eabi/5.4.1/../../../../arm-none-eabi/lib/armv7-m\libg_nano.a
LOAD d:/psoc/psoc creator/4.2/psoc creator/import/gnu/arm/5.4.1/bin/../lib/gcc/arm-none-eabi/5.4.1/../../../../arm-none-eabi/lib/armv7-m\libc_nano.a
END GROUP
START GROUP
LOAD d:/psoc/psoc creator/4.2/psoc creator/import/gnu/arm/5.4.1/bin/../lib/gcc/arm-none-eabi/5.4.1/armv7-m\libgcc.a
LOAD d:/psoc/psoc creator/4.2/psoc creator/import/gnu/arm/5.4.1/bin/../lib/gcc/arm-none-eabi/5.4.1/../../../../arm-none-eabi/lib/armv7-m\libc_nano.a
END GROUP
LOAD d:/psoc/psoc creator/4.2/psoc creator/import/gnu/arm/5.4.1/bin/../lib/gcc/arm-none-eabi/5.4.1/armv7-m/crtend.o
LOAD d:/psoc/psoc creator/4.2/psoc creator/import/gnu/arm/5.4.1/bin/../lib/gcc/arm-none-eabi/5.4.1/armv7-m/crtn.o
START GROUP
LOAD d:/psoc/psoc creator/4.2/psoc creator/import/gnu/arm/5.4.1/bin/../lib/gcc/arm-none-eabi/5.4.1/armv7-m\libgcc.a
LOAD d:/psoc/psoc creator/4.2/psoc creator/import/gnu/arm/5.4.1/bin/../lib/gcc/arm-none-eabi/5.4.1/../../../../arm-none-eabi/lib/armv7-m\libc.a
LOAD d:/psoc/psoc creator/4.2/psoc creator/import/gnu/arm/5.4.1/bin/../lib/gcc/arm-none-eabi/5.4.1/../../../../arm-none-eabi/lib/armv7-m\libnosys.a
END GROUP
                0x00000000                CY_APPL_ORIGIN = 0x0
                0x00000100                CY_FLASH_ROW_SIZE = 0x100
                0x00000020                CY_ECC_ROW_SIZE = 0x20
                0x00000000                CY_EE_IN_BTLDR = 0x0
                0x00000000                CY_APPL_LOADABLE = 0x0
                0x00000800                CY_EE_SIZE = 0x800
                0x00000001                CY_APPL_NUM = 0x1
                0x00000001                CY_APPL_MAX = 0x1
                0x00000040                CY_METADATA_SIZE = 0x40
                0x00000000                CY_APPL_LOADABLE = 0x0
                0x00000000                CY_CHECKSUM_EXCLUDE_SIZE = ALIGN (0x0, CY_FLASH_ROW_SIZE)
                [!provide]                PROVIDE (__cy_heap_start, _end)
                0x00000001                PROVIDE (__cy_region_num, ((__cy_regions_end - __cy_regions) / 0x10))
                0x20008000                PROVIDE (__cy_stack, (ORIGIN (ram) + LENGTH (ram)))
                [!provide]                PROVIDE (__cy_heap_end, (__cy_stack - 0x800))

.cybootloader   0x00000000        0x0
 *(.cybootloader)
                0x00000000                appl1_start = CY_APPL_ORIGIN?CY_APPL_ORIGIN:ALIGN (CY_FLASH_ROW_SIZE)
                0x0001ff00                appl2_start = (appl1_start + ALIGN ((((LENGTH (rom) - appl1_start) - (0x2 * CY_FLASH_ROW_SIZE)) / 0x2), CY_FLASH_ROW_SIZE))
                0x00000000                appl_start = (CY_APPL_NUM == 0x1)?appl1_start:appl2_start
                0x00000000                ecc_offset = ((appl_start / CY_FLASH_ROW_SIZE) * CY_ECC_ROW_SIZE)
                0x00000000                ee_offset = (CY_APPL_LOADABLE && ! (CY_EE_IN_BTLDR))?((CY_EE_SIZE / CY_APPL_MAX) * (CY_APPL_NUM - 0x1)):0x0
                0x00000800                ee_size = (CY_APPL_LOADABLE && ! (CY_EE_IN_BTLDR))?(CY_EE_SIZE / CY_APPL_MAX):CY_EE_SIZE
                [!provide]                PROVIDE (CY_ECC_OFFSET, ecc_offset)

.text           0x00000000     0x9434
 CREATE_OBJECT_SYMBOLS
                0x00000000                PROVIDE (__cy_interrupt_vector, RomVectors)
 *(.romvectors)
 .romvectors    0x00000000       0x10 .\CortexM3\ARM_GCC_541\Debug\Cm3Start.o
                0x00000000                RomVectors
                0x00000001                ASSERT ((. != __cy_interrupt_vector), No interrupt vector)
                0x00000001                ASSERT (CY_APPL_ORIGIN?(SIZEOF (.cybootloader) <= CY_APPL_ORIGIN):0x1, Wrong image location)
                0x00000010                PROVIDE (__cy_reset, Reset)
 *(.text.Reset)
 .text.Reset    0x00000010       0x18 .\CortexM3\ARM_GCC_541\Debug\Cm3Start.o
                0x00000010                Reset
                0x00000001                ASSERT ((. != __cy_reset), No reset code)
 *(.dma_init)
                0x00000001                ASSERT ((((appl_start + .) <= 0x10000) || 0x1), DMA Init must be within the first 64k of flash)
 *(.text .text.* .gnu.linkonce.t.*)
 .text          0x00000028       0x5c d:/psoc/psoc creator/4.2/psoc creator/import/gnu/arm/5.4.1/bin/../lib/gcc/arm-none-eabi/5.4.1/armv7-m/crtbegin.o
 .text.startup.main
                0x00000084       0xe4 .\CortexM3\ARM_GCC_541\Debug\main.o
                0x00000084                main
 .text.setAddrWindow
                0x00000168      0x100 .\CortexM3\ARM_GCC_541\Debug\screen.o
                0x00000168                setAddrWindow
 .text.draw_button.constprop.3
                0x00000268      0x20c .\CortexM3\ARM_GCC_541\Debug\screen.o
 .text.fill_rect
                0x00000474       0xc0 .\CortexM3\ARM_GCC_541\Debug\screen.o
                0x00000474                fill_rect
 .text.StartScreen
                0x00000534       0x88 .\CortexM3\ARM_GCC_541\Debug\screen.o
                0x00000534                StartScreen
 .text.write_line
                0x000005bc      0x164 .\CortexM3\ARM_GCC_541\Debug\screen.o
                0x000005bc                write_line
 .text.draw_button
                0x00000720      0x234 .\CortexM3\ARM_GCC_541\Debug\screen.o
                0x00000720                draw_button
 .text.draw_coordinates
                0x00000954      0x1d8 .\CortexM3\ARM_GCC_541\Debug\screen.o
                0x00000954                draw_coordinates
 .text.draw_choose_screen
                0x00000b2c      0x218 .\CortexM3\ARM_GCC_541\Debug\screen.o
                0x00000b2c                draw_choose_screen
 .text.draw_options_screen
                0x00000d44      0x1f8 .\CortexM3\ARM_GCC_541\Debug\screen.o
                0x00000d44                draw_options_screen
 .text.draw_options_averages_screen
                0x00000f3c      0x170 .\CortexM3\ARM_GCC_541\Debug\screen.o
                0x00000f3c                draw_options_averages_screen
 .text.draw_options_sd_screen
                0x000010ac      0x178 .\CortexM3\ARM_GCC_541\Debug\screen.o
                0x000010ac                draw_options_sd_screen
 .text.draw_options_curves_screen
                0x00001224      0x124 .\CortexM3\ARM_GCC_541\Debug\screen.o
                0x00001224                draw_options_curves_screen
 .text.draw_options_settling_screen
                0x00001348       0xdc .\CortexM3\ARM_GCC_541\Debug\screen.o
                0x00001348                draw_options_settling_screen
 .text.draw_debug_screen
                0x00001424       0xf4 .\CortexM3\ARM_GCC_541\Debug\screen.o
                0x00001424                draw_debug_screen
 .text.draw_string
                0x00001518     0x1750 .\CortexM3\ARM_GCC_541\Debug\font.o
                0x00001518                draw_string
 .text.ui_control
                0x00002c68      0x390 .\CortexM3\ARM_GCC_541\Debug\uifunctions.o
                0x00002c68                ui_control
 .text.cyfitter_cfg
                0x00002ff8      0x2d0 .\CortexM3\ARM_GCC_541\Debug\cyfitter_cfg.o
                0x00002ff8                cyfitter_cfg
 .text.IntDefaultHandler
                0x000032c8       0x10 .\CortexM3\ARM_GCC_541\Debug\Cm3Start.o
                0x000032c8                IntDefaultHandler
 .text._sbrk    0x000032d8       0x30 .\CortexM3\ARM_GCC_541\Debug\Cm3Start.o
                0x000032d8                _sbrk
 .text.Start_c  0x00003308       0x58 .\CortexM3\ARM_GCC_541\Debug\Cm3Start.o
                0x00003308                Start_c
 .text.startup.initialize_psoc
                0x00003360       0x64 .\CortexM3\ARM_GCC_541\Debug\Cm3Start.o
                0x00003360                initialize_psoc
 .text.CyHalt   0x000033c4        0x4 .\CortexM3\ARM_GCC_541\Debug\Design01.a(CyLib.o)
                0x000033c4                CyHalt
 .text.CyDelay  0x000033c8       0x48 .\CortexM3\ARM_GCC_541\Debug\Design01.a(CyLib.o)
                0x000033c8                CyDelay
 .text.CyDelayUs
                0x00003410       0x10 .\CortexM3\ARM_GCC_541\Debug\Design01.a(CyLib.o)
                0x00003410                CyDelayUs
 .text.CyIntSetVector
                0x00003420       0x20 .\CortexM3\ARM_GCC_541\Debug\Design01.a(CyLib.o)
                0x00003420                CyIntSetVector
 .text.CyIntSetPriority
                0x00003440       0x20 .\CortexM3\ARM_GCC_541\Debug\Design01.a(CyLib.o)
                0x00003440                CyIntSetPriority
 .text.SS_Write
                0x00003460       0x18 .\CortexM3\ARM_GCC_541\Debug\Design01.a(SS.o)
                0x00003460                SS_Write
 .text.SS_Read  0x00003478       0x10 .\CortexM3\ARM_GCC_541\Debug\Design01.a(SS.o)
                0x00003478                SS_Read
 .text.D_C_Write
                0x00003488       0x18 .\CortexM3\ARM_GCC_541\Debug\Design01.a(D_C.o)
                0x00003488                D_C_Write
 .text.Reset_Write
                0x000034a0       0x18 .\CortexM3\ARM_GCC_541\Debug\Design01.a(Reset.o)
                0x000034a0                Reset_Write
 .text.Clock_Start
                0x000034b8       0x20 .\CortexM3\ARM_GCC_541\Debug\Design01.a(Clock.o)
                0x000034b8                Clock_Start
 .text.SPIM_Start
                0x000034d8       0xa8 .\CortexM3\ARM_GCC_541\Debug\Design01.a(SPIM.o)
                0x000034d8                SPIM_Start
 .text.SPIM_WriteTxData
                0x00003580       0x18 .\CortexM3\ARM_GCC_541\Debug\Design01.a(SPIM.o)
                0x00003580                SPIM_WriteTxData
 .text.VDAC8_DS_Start
                0x00003598       0x84 .\CortexM3\ARM_GCC_541\Debug\Design01.a(VDAC8_DS.o)
                0x00003598                VDAC8_DS_Start
 .text.VDAC8_GS_Start
                0x0000361c       0x84 .\CortexM3\ARM_GCC_541\Debug\Design01.a(VDAC8_GS.o)
                0x0000361c                VDAC8_GS_Start
 .text.ADC_SAR_1_Start
                0x000036a0      0x108 .\CortexM3\ARM_GCC_541\Debug\Design01.a(ADC_SAR_1.o)
                0x000036a0                ADC_SAR_1_Start
 .text.ADC_SAR_1_ISR
                0x000037a8        0x4 .\CortexM3\ARM_GCC_541\Debug\Design01.a(ADC_SAR_1_INT.o)
                0x000037a8                ADC_SAR_1_ISR
 .text.ADC_SAR_1_theACLK_SetModeRegister
                0x000037ac       0x14 .\CortexM3\ARM_GCC_541\Debug\Design01.a(ADC_SAR_1_theACLK.o)
                0x000037ac                ADC_SAR_1_theACLK_SetModeRegister
 .text.I2C_Start
                0x000037c0       0xb4 .\CortexM3\ARM_GCC_541\Debug\Design01.a(I2C.o)
                0x000037c0                I2C_Start
 .text.I2C_Stop
                0x00003874       0xbc .\CortexM3\ARM_GCC_541\Debug\Design01.a(I2C.o)
                0x00003874                I2C_Stop
 .text.I2C_ISR  0x00003930      0x244 .\CortexM3\ARM_GCC_541\Debug\Design01.a(I2C_INT.o)
                0x00003930                I2C_ISR
 .text.I2C_MasterSendStart
                0x00003b74       0x78 .\CortexM3\ARM_GCC_541\Debug\Design01.a(I2C_MASTER.o)
                0x00003b74                I2C_MasterSendStart
 .text.I2C_MasterSendRestart
                0x00003bec       0x68 .\CortexM3\ARM_GCC_541\Debug\Design01.a(I2C_MASTER.o)
                0x00003bec                I2C_MasterSendRestart
 .text.I2C_MasterSendStop
                0x00003c54       0x38 .\CortexM3\ARM_GCC_541\Debug\Design01.a(I2C_MASTER.o)
                0x00003c54                I2C_MasterSendStop
 .text.I2C_MasterWriteByte
                0x00003c8c       0x58 .\CortexM3\ARM_GCC_541\Debug\Design01.a(I2C_MASTER.o)
                0x00003c8c                I2C_MasterWriteByte
 .text.I2C_MasterReadByte
                0x00003ce4       0x5c .\CortexM3\ARM_GCC_541\Debug\Design01.a(I2C_MASTER.o)
                0x00003ce4                I2C_MasterReadByte
 .text.isr_Interrupt
                0x00003d40       0xc4 .\CortexM3\ARM_GCC_541\Debug\Design01.a(isr.o)
                0x00003d40                isr_Interrupt
 .text.isr_Start
                0x00003e04       0x34 .\CortexM3\ARM_GCC_541\Debug\Design01.a(isr.o)
                0x00003e04                isr_Start
 .text.isr_Enable
                0x00003e38        0xc .\CortexM3\ARM_GCC_541\Debug\Design01.a(isr.o)
                0x00003e38                isr_Enable
 .text.isr_ClearPending
                0x00003e44        0xc .\CortexM3\ARM_GCC_541\Debug\Design01.a(isr.o)
                0x00003e44                isr_ClearPending
 .text          0x00003e50       0x20 .\CortexM3\ARM_GCC_541\Debug\Design01.a(CyBootAsmGnu.o)
                0x00003e50                CyDelayCycles
                0x00003e60                CyEnterCriticalSection
                0x00003e68                CyExitCriticalSection
 .text.FS__AllocSectorBuffer
                0x00003e70       0x2c .\emFile_V322c\LinkLibrary\PSoC5\GCC\libemf16nosnlfn.a(FS_Misc.o)
                0x00003e70                FS__AllocSectorBuffer
 .text.FS__FreeSectorBuffer
                0x00003e9c       0x28 .\emFile_V322c\LinkLibrary\PSoC5\GCC\libemf16nosnlfn.a(FS_Misc.o)
                0x00003e9c                FS__FreeSectorBuffer
 .text.FS__SB_MarkDirty
                0x00003ec4        0x6 .\emFile_V322c\LinkLibrary\PSoC5\GCC\libemf16nosnlfn.a(FS_Misc.o)
                0x00003ec4                FS__SB_MarkDirty
 .text.FS__SB_MarkNotDirty
                0x00003eca        0x6 .\emFile_V322c\LinkLibrary\PSoC5\GCC\libemf16nosnlfn.a(FS_Misc.o)
                0x00003eca                FS__SB_MarkNotDirty
 .text.FS__FreeFileHandle
                0x00003ed0        0xa .\emFile_V322c\LinkLibrary\PSoC5\GCC\libemf16nosnlfn.a(FS_Misc.o)
                0x00003ed0                FS__FreeFileHandle
 .text.FS__FreeFileObj
                0x00003eda        0xc .\emFile_V322c\LinkLibrary\PSoC5\GCC\libemf16nosnlfn.a(FS_Misc.o)
                0x00003eda                FS__FreeFileObj
 *fill*         0x00003ee6        0x2 
 .text.FS_Init  0x00003ee8       0x58 .\emFile_V322c\LinkLibrary\PSoC5\GCC\libemf16nosnlfn.a(FS_Misc.o)
                0x00003ee8                FS_Init
 .text.FS__SB_Create
                0x00003f40       0x28 .\emFile_V322c\LinkLibrary\PSoC5\GCC\libemf16nosnlfn.a(FS_Misc.o)
                0x00003f40                FS__SB_Create
 .text.FS__FCloseNL
                0x00003f68       0x1e .\emFile_V322c\LinkLibrary\PSoC5\GCC\libemf16nosnlfn.a(FS_Misc.o)
                0x00003f68                FS__FCloseNL
 .text.FS__FClose
                0x00003f86       0x1a .\emFile_V322c\LinkLibrary\PSoC5\GCC\libemf16nosnlfn.a(FS_Misc.o)
                0x00003f86                FS__FClose
 .text.FS_FClose
                0x00003fa0        0xa .\emFile_V322c\LinkLibrary\PSoC5\GCC\libemf16nosnlfn.a(FS_Misc.o)
                0x00003fa0                FS_FClose
 *fill*         0x00003faa        0x2 
 .text.FS__AllocFileObj
                0x00003fac       0x48 .\emFile_V322c\LinkLibrary\PSoC5\GCC\libemf16nosnlfn.a(FS_Misc.o)
                0x00003fac                FS__AllocFileObj
 .text.FS__AllocFileHandle
                0x00003ff4       0x40 .\emFile_V322c\LinkLibrary\PSoC5\GCC\libemf16nosnlfn.a(FS_Misc.o)
                0x00003ff4                FS__AllocFileHandle
 .text.FS__OpenEx
                0x00004034       0x58 .\emFile_V322c\LinkLibrary\PSoC5\GCC\libemf16nosnlfn.a(FS_Misc.o)
                0x00004034                FS__OpenEx
 .text.FS__FOpenEx
                0x0000408c       0x56 .\emFile_V322c\LinkLibrary\PSoC5\GCC\libemf16nosnlfn.a(FS_Misc.o)
                0x0000408c                FS__FOpenEx
 *fill*         0x000040e2        0x2 
 .text.FS__FOpen
                0x000040e4       0x48 .\emFile_V322c\LinkLibrary\PSoC5\GCC\libemf16nosnlfn.a(FS_Misc.o)
                0x000040e4                FS__FOpen
 .text.FS_FOpen
                0x0000412c        0x4 .\emFile_V322c\LinkLibrary\PSoC5\GCC\libemf16nosnlfn.a(FS_Misc.o)
                0x0000412c                FS_FOpen
 .text.FS__SB_Write
                0x00004130       0x24 .\emFile_V322c\LinkLibrary\PSoC5\GCC\libemf16nosnlfn.a(FS_Misc.o)
                0x00004130                FS__SB_Write
 .text._SB_Clean
                0x00004154       0x24 .\emFile_V322c\LinkLibrary\PSoC5\GCC\libemf16nosnlfn.a(FS_Misc.o)
 .text.FS__SB_SetSector
                0x00004178       0x20 .\emFile_V322c\LinkLibrary\PSoC5\GCC\libemf16nosnlfn.a(FS_Misc.o)
                0x00004178                FS__SB_SetSector
 .text.FS__SB_Clean
                0x00004198        0x4 .\emFile_V322c\LinkLibrary\PSoC5\GCC\libemf16nosnlfn.a(FS_Misc.o)
                0x00004198                FS__SB_Clean
 .text.FS__SB_Delete
                0x0000419c       0x12 .\emFile_V322c\LinkLibrary\PSoC5\GCC\libemf16nosnlfn.a(FS_Misc.o)
                0x0000419c                FS__SB_Delete
 .text.FS__SB_Flush
                0x000041ae        0x8 .\emFile_V322c\LinkLibrary\PSoC5\GCC\libemf16nosnlfn.a(FS_Misc.o)
                0x000041ae                FS__SB_Flush
 .text.FS__SB_Read
                0x000041b6       0x2a .\emFile_V322c\LinkLibrary\PSoC5\GCC\libemf16nosnlfn.a(FS_Misc.o)
                0x000041b6                FS__SB_Read
 .text.FS__AddPhysDevice
                0x000041e0       0x10 .\emFile_V322c\LinkLibrary\PSoC5\GCC\libemf16nosnlfn.a(FS_Storage.o)
                0x000041e0                FS__AddPhysDevice
 .text.FS__FindVolume
                0x000041f0       0x78 .\emFile_V322c\LinkLibrary\PSoC5\GCC\libemf16nosnlfn.a(FS_Storage.o)
                0x000041f0                FS__FindVolume
 .text.FS__AddDevice
                0x00004268       0x68 .\emFile_V322c\LinkLibrary\PSoC5\GCC\libemf16nosnlfn.a(FS_Storage.o)
                0x00004268                FS__AddDevice
 .text.FS_AddDevice
                0x000042d0        0x4 .\emFile_V322c\LinkLibrary\PSoC5\GCC\libemf16nosnlfn.a(FS_Storage.o)
                0x000042d0                FS_AddDevice
 .text._Mount   0x000042d4       0x2e .\emFile_V322c\LinkLibrary\PSoC5\GCC\libemf16nosnlfn.a(FS_Volume.o)
 .text.FS__AutoMount
                0x00004302       0x14 .\emFile_V322c\LinkLibrary\PSoC5\GCC\libemf16nosnlfn.a(FS_Volume.o)
                0x00004302                FS__AutoMount
 .text.FS__MountNL
                0x00004316       0x20 .\emFile_V322c\LinkLibrary\PSoC5\GCC\libemf16nosnlfn.a(FS_Volume.o)
                0x00004316                FS__MountNL
 .text.FS__Mount
                0x00004336        0x4 .\emFile_V322c\LinkLibrary\PSoC5\GCC\libemf16nosnlfn.a(FS_Volume.o)
                0x00004336                FS__Mount
 .text.FS_MountEx
                0x0000433a       0x1a .\emFile_V322c\LinkLibrary\PSoC5\GCC\libemf16nosnlfn.a(FS_Volume.o)
                0x0000433a                FS_MountEx
 .text.FS__Write
                0x00004354       0x3a .\emFile_V322c\LinkLibrary\PSoC5\GCC\libemf16nosnlfn.a(FS_Write.o)
                0x00004354                FS__Write
 .text.FS_Write
                0x0000438e        0x4 .\emFile_V322c\LinkLibrary\PSoC5\GCC\libemf16nosnlfn.a(FS_Write.o)
                0x0000438e                FS_Write
 .text._ClusterId2FATOff
                0x00004392       0x18 .\emFile_V322c\LinkLibrary\PSoC5\GCC\libemf16nosnlfn.a(FAT_Misc.o)
 .text._CalcLogClusterPos
                0x000043aa        0xe .\emFile_V322c\LinkLibrary\PSoC5\GCC\libemf16nosnlfn.a(FAT_Misc.o)
 .text._ReadFromFreeClusterCache
                0x000043b8       0x46 .\emFile_V322c\LinkLibrary\PSoC5\GCC\libemf16nosnlfn.a(FAT_Misc.o)
 .text.FS_FAT_GetFATType
                0x000043fe       0x1a .\emFile_V322c\LinkLibrary\PSoC5\GCC\libemf16nosnlfn.a(FAT_Misc.o)
                0x000043fe                FS_FAT_GetFATType
 .text.FS_FAT_ClusterId2SectorNo
                0x00004418        0xc .\emFile_V322c\LinkLibrary\PSoC5\GCC\libemf16nosnlfn.a(FAT_Misc.o)
                0x00004418                FS_FAT_ClusterId2SectorNo
 .text.FS_FAT_IsValidShortNameChar
                0x00004424       0x34 .\emFile_V322c\LinkLibrary\PSoC5\GCC\libemf16nosnlfn.a(FAT_Misc.o)
                0x00004424                FS_FAT_IsValidShortNameChar
 .text.FS_FAT_CopyShortName
                0x00004458       0x56 .\emFile_V322c\LinkLibrary\PSoC5\GCC\libemf16nosnlfn.a(FAT_Misc.o)
                0x00004458                FS_FAT_CopyShortName
 .text._SFN_CreateDirEntry
                0x000044ae       0x5a .\emFile_V322c\LinkLibrary\PSoC5\GCC\libemf16nosnlfn.a(FAT_Misc.o)
 .text._SFN_FindDirEntry
                0x00004508       0x10 .\emFile_V322c\LinkLibrary\PSoC5\GCC\libemf16nosnlfn.a(FAT_Misc.o)
 .text.FS_FAT_FindDirEntry
                0x00004518       0x60 .\emFile_V322c\LinkLibrary\PSoC5\GCC\libemf16nosnlfn.a(FAT_Misc.o)
                0x00004518                FS_FAT_FindDirEntry
 .text.FS_FAT_CopyDirEntryInfo
                0x00004578       0x50 .\emFile_V322c\LinkLibrary\PSoC5\GCC\libemf16nosnlfn.a(FAT_Misc.o)
                0x00004578                FS_FAT_CopyDirEntryInfo
 .text._SFN_ReadDirEntryInfo
                0x000045c8       0x6e .\emFile_V322c\LinkLibrary\PSoC5\GCC\libemf16nosnlfn.a(FAT_Misc.o)
 .text._SetFATSector
                0x00004636        0x6 .\emFile_V322c\LinkLibrary\PSoC5\GCC\libemf16nosnlfn.a(FAT_Misc.o)
 .text._WriteFATEntry
                0x0000463c      0x152 .\emFile_V322c\LinkLibrary\PSoC5\GCC\libemf16nosnlfn.a(FAT_Misc.o)
 .text.FS_FAT_MarkClusterEOC
                0x0000478e        0x8 .\emFile_V322c\LinkLibrary\PSoC5\GCC\libemf16nosnlfn.a(FAT_Misc.o)
                0x0000478e                FS_FAT_MarkClusterEOC
 .text.FS_FAT_SyncFAT
                0x00004796       0x3c .\emFile_V322c\LinkLibrary\PSoC5\GCC\libemf16nosnlfn.a(FAT_Misc.o)
                0x00004796                FS_FAT_SyncFAT
 .text.FS_FAT_LinkCluster
                0x000047d2       0x1c .\emFile_V322c\LinkLibrary\PSoC5\GCC\libemf16nosnlfn.a(FAT_Misc.o)
                0x000047d2                FS_FAT_LinkCluster
 .text.FS_FAT_ReadFATEntry
                0x000047ee       0xb2 .\emFile_V322c\LinkLibrary\PSoC5\GCC\libemf16nosnlfn.a(FAT_Misc.o)
                0x000047ee                FS_FAT_ReadFATEntry
 .text.FS_FAT_GetNumAdjClustersInChain
                0x000048a0       0x64 .\emFile_V322c\LinkLibrary\PSoC5\GCC\libemf16nosnlfn.a(FAT_Misc.o)
                0x000048a0                FS_FAT_GetNumAdjClustersInChain
 .text.FS_FAT_WalkClusterEx
                0x00004904       0x5c .\emFile_V322c\LinkLibrary\PSoC5\GCC\libemf16nosnlfn.a(FAT_Misc.o)
                0x00004904                FS_FAT_WalkClusterEx
 .text.FS_FAT_GotoCluster
                0x00004960       0x88 .\emFile_V322c\LinkLibrary\PSoC5\GCC\libemf16nosnlfn.a(FAT_Misc.o)
                0x00004960                FS_FAT_GotoCluster
 .text.FS_FAT_WalkCluster
                0x000049e8       0x18 .\emFile_V322c\LinkLibrary\PSoC5\GCC\libemf16nosnlfn.a(FAT_Misc.o)
                0x000049e8                FS_FAT_WalkCluster
 .text.FS_FAT_FindLastCluster
                0x00004a00       0x34 .\emFile_V322c\LinkLibrary\PSoC5\GCC\libemf16nosnlfn.a(FAT_Misc.o)
                0x00004a00                FS_FAT_FindLastCluster
 .text._CalcFreeClusterCnt
                0x00004a34       0x88 .\emFile_V322c\LinkLibrary\PSoC5\GCC\libemf16nosnlfn.a(FAT_Misc.o)
 .text.FS_FAT_FindFreeCluster
                0x00004abc       0xa8 .\emFile_V322c\LinkLibrary\PSoC5\GCC\libemf16nosnlfn.a(FAT_Misc.o)
                0x00004abc                FS_FAT_FindFreeCluster
 .text.FS_FAT_AllocCluster
                0x00004b64       0x20 .\emFile_V322c\LinkLibrary\PSoC5\GCC\libemf16nosnlfn.a(FAT_Misc.o)
                0x00004b64                FS_FAT_AllocCluster
 .text._WriteEmptyFATSectors
                0x00004b84       0x3c .\emFile_V322c\LinkLibrary\PSoC5\GCC\libemf16nosnlfn.a(FAT_Misc.o)
 .text.FS_FAT_FreeClusterChain
                0x00004bc0       0xe0 .\emFile_V322c\LinkLibrary\PSoC5\GCC\libemf16nosnlfn.a(FAT_Misc.o)
                0x00004bc0                FS_FAT_FreeClusterChain
 .text.FS_FAT_CheckBPB
                0x00004ca0      0x14c .\emFile_V322c\LinkLibrary\PSoC5\GCC\libemf16nosnlfn.a(FAT_Misc.o)
                0x00004ca0                FS_FAT_CheckBPB
 .text.FS_FAT_InitDirEntryScan
                0x00004dec       0x14 .\emFile_V322c\LinkLibrary\PSoC5\GCC\libemf16nosnlfn.a(FAT_Open.o)
                0x00004dec                FS_FAT_InitDirEntryScan
 .text.FS_FAT_IncDirPos
                0x00004e00        0x8 .\emFile_V322c\LinkLibrary\PSoC5\GCC\libemf16nosnlfn.a(FAT_Open.o)
                0x00004e00                FS_FAT_IncDirPos
 .text._CopyDirText
                0x00004e08       0x44 .\emFile_V322c\LinkLibrary\PSoC5\GCC\libemf16nosnlfn.a(FAT_Open.o)
 .text.FS_FAT_Make83Name
                0x00004e4c       0xb0 .\emFile_V322c\LinkLibrary\PSoC5\GCC\libemf16nosnlfn.a(FAT_Open.o)
                0x00004e4c                FS_FAT_Make83Name
 .text.FS_FAT_GetDirEntry
                0x00004efc       0xb2 .\emFile_V322c\LinkLibrary\PSoC5\GCC\libemf16nosnlfn.a(FAT_Open.o)
                0x00004efc                FS_FAT_GetDirEntry
 .text.FS_FAT_FindDirEntryShortEx
                0x00004fae       0x5a .\emFile_V322c\LinkLibrary\PSoC5\GCC\libemf16nosnlfn.a(FAT_Open.o)
                0x00004fae                FS_FAT_FindDirEntryShortEx
 .text.FS_FAT_FindDirEntryShort
                0x00005008       0x36 .\emFile_V322c\LinkLibrary\PSoC5\GCC\libemf16nosnlfn.a(FAT_Open.o)
                0x00005008                FS_FAT_FindDirEntryShort
 .text.FS_FAT_FindEmptyDirEntry
                0x0000503e       0xb0 .\emFile_V322c\LinkLibrary\PSoC5\GCC\libemf16nosnlfn.a(FAT_Open.o)
                0x0000503e                FS_FAT_FindEmptyDirEntry
 .text.FS_FAT_GetFirstCluster
                0x000050ee       0x1a .\emFile_V322c\LinkLibrary\PSoC5\GCC\libemf16nosnlfn.a(FAT_Open.o)
                0x000050ee                FS_FAT_GetFirstCluster
 .text.FS_FAT_FindPath
                0x00005108       0x7a .\emFile_V322c\LinkLibrary\PSoC5\GCC\libemf16nosnlfn.a(FAT_Open.o)
                0x00005108                FS_FAT_FindPath
 .text.FS_FAT_DeleteFileOrDir
                0x00005182       0x48 .\emFile_V322c\LinkLibrary\PSoC5\GCC\libemf16nosnlfn.a(FAT_Open.o)
                0x00005182                FS_FAT_DeleteFileOrDir
 *fill*         0x000051ca        0x2 
 .text.FS_FAT_Open
                0x000051cc      0x1dc .\emFile_V322c\LinkLibrary\PSoC5\GCC\libemf16nosnlfn.a(FAT_Open.o)
                0x000051cc                FS_FAT_Open
 .text.FS_FAT_WriteDirEntryCluster
                0x000053a8       0x1c .\emFile_V322c\LinkLibrary\PSoC5\GCC\libemf16nosnlfn.a(FAT_Open.o)
                0x000053a8                FS_FAT_WriteDirEntryCluster
 .text.FS_FAT_WriteDirEntry83
                0x000053c4       0x6c .\emFile_V322c\LinkLibrary\PSoC5\GCC\libemf16nosnlfn.a(FAT_Open.o)
                0x000053c4                FS_FAT_WriteDirEntry83
 .text._WriteBurst
                0x00005430       0x24 .\emFile_V322c\LinkLibrary\PSoC5\GCC\libemf16nosnlfn.a(FAT_Write.o)
 .text.FS_FAT_GotoClusterAllocIfReq
                0x00005454       0xa8 .\emFile_V322c\LinkLibrary\PSoC5\GCC\libemf16nosnlfn.a(FAT_Write.o)
                0x00005454                FS_FAT_GotoClusterAllocIfReq
 .text.FS_FAT_UpdateDirEntry
                0x000054fc       0x68 .\emFile_V322c\LinkLibrary\PSoC5\GCC\libemf16nosnlfn.a(FAT_Write.o)
                0x000054fc                FS_FAT_UpdateDirEntry
 .text.FS_FAT_Close
                0x00005564       0x44 .\emFile_V322c\LinkLibrary\PSoC5\GCC\libemf16nosnlfn.a(FAT_Write.o)
                0x00005564                FS_FAT_Close
 .text.FS_FAT_Write
                0x000055a8      0x1c8 .\emFile_V322c\LinkLibrary\PSoC5\GCC\libemf16nosnlfn.a(FAT_Write.o)
                0x000055a8                FS_FAT_Write
 .text.FS__CLIB_memcmp
                0x00005770       0x20 .\emFile_V322c\LinkLibrary\PSoC5\GCC\libemf16nosnlfn.a(FS_CLib.o)
                0x00005770                FS__CLIB_memcmp
 .text.FS__CLIB_memset
                0x00005790       0x6c .\emFile_V322c\LinkLibrary\PSoC5\GCC\libemf16nosnlfn.a(FS_CLib.o)
                0x00005790                FS__CLIB_memset
 .text.FS__CLIB_strcmp
                0x000057fc       0x1a .\emFile_V322c\LinkLibrary\PSoC5\GCC\libemf16nosnlfn.a(FS_CLib.o)
                0x000057fc                FS__CLIB_strcmp
 .text.FS__CLIB_strlen
                0x00005816       0x10 .\emFile_V322c\LinkLibrary\PSoC5\GCC\libemf16nosnlfn.a(FS_CLib.o)
                0x00005816                FS__CLIB_strlen
 .text.FS__CLIB_strncmp
                0x00005826       0x26 .\emFile_V322c\LinkLibrary\PSoC5\GCC\libemf16nosnlfn.a(FS_CLib.o)
                0x00005826                FS__CLIB_strncmp
 .text.FS__CLIB_toupper
                0x0000584c        0xe .\emFile_V322c\LinkLibrary\PSoC5\GCC\libemf16nosnlfn.a(FS_CLib.o)
                0x0000584c                FS__CLIB_toupper
 .text.FS__strchr
                0x0000585a       0x14 .\emFile_V322c\LinkLibrary\PSoC5\GCC\libemf16nosnlfn.a(FS_Core.o)
                0x0000585a                FS__strchr
 .text.FS_LoadU32BE
                0x0000586e       0x18 .\emFile_V322c\LinkLibrary\PSoC5\GCC\libemf16nosnlfn.a(FS_Core.o)
                0x0000586e                FS_LoadU32BE
 .text.FS_LoadU32LE
                0x00005886       0x16 .\emFile_V322c\LinkLibrary\PSoC5\GCC\libemf16nosnlfn.a(FS_Core.o)
                0x00005886                FS_LoadU32LE
 .text.FS_StoreU32LE
                0x0000589c       0x14 .\emFile_V322c\LinkLibrary\PSoC5\GCC\libemf16nosnlfn.a(FS_Core.o)
                0x0000589c                FS_StoreU32LE
 .text.FS_StoreU16LE
                0x000058b0        0x8 .\emFile_V322c\LinkLibrary\PSoC5\GCC\libemf16nosnlfn.a(FS_Core.o)
                0x000058b0                FS_StoreU16LE
 .text.FS_LoadU16LE
                0x000058b8        0xa .\emFile_V322c\LinkLibrary\PSoC5\GCC\libemf16nosnlfn.a(FS_Core.o)
                0x000058b8                FS_LoadU16LE
 *fill*         0x000058c2        0x2 
 .text._Alloc   0x000058c4       0x30 .\emFile_V322c\LinkLibrary\PSoC5\GCC\libemf16nosnlfn.a(FS_Core.o)
 .text.FS_Alloc
                0x000058f4        0xc .\emFile_V322c\LinkLibrary\PSoC5\GCC\libemf16nosnlfn.a(FS_Core.o)
                0x000058f4                FS_Alloc
 .text.FS_TryAlloc
                0x00005900        0x4 .\emFile_V322c\LinkLibrary\PSoC5\GCC\libemf16nosnlfn.a(FS_Core.o)
                0x00005900                FS_TryAlloc
 .text.FS_Free  0x00005904       0x1c .\emFile_V322c\LinkLibrary\PSoC5\GCC\libemf16nosnlfn.a(FS_Core.o)
                0x00005904                FS_Free
 .text.FS_AssignMemory
                0x00005920        0xc .\emFile_V322c\LinkLibrary\PSoC5\GCC\libemf16nosnlfn.a(FS_Core.o)
                0x00005920                FS_AssignMemory
 .text.FS_AllocZeroed
                0x0000592c       0x16 .\emFile_V322c\LinkLibrary\PSoC5\GCC\libemf16nosnlfn.a(FS_Core.o)
                0x0000592c                FS_AllocZeroed
 *fill*         0x00005942        0x2 
 .text.FS_STORAGE_Init
                0x00005944       0x28 .\emFile_V322c\LinkLibrary\PSoC5\GCC\libemf16nosnlfn.a(FS_Core.o)
                0x00005944                FS_STORAGE_Init
 .text._ClrBusyLED
                0x0000596c        0xc .\emFile_V322c\LinkLibrary\PSoC5\GCC\libemf16nosnlfn.a(FS_LogBlock.o)
 .text._SetBusyLED
                0x00005978        0xc .\emFile_V322c\LinkLibrary\PSoC5\GCC\libemf16nosnlfn.a(FS_LogBlock.o)
 .text._Read    0x00005984        0xc .\emFile_V322c\LinkLibrary\PSoC5\GCC\libemf16nosnlfn.a(FS_LogBlock.o)
 .text._Write   0x00005990       0x12 .\emFile_V322c\LinkLibrary\PSoC5\GCC\libemf16nosnlfn.a(FS_LogBlock.o)
 .text.FS_LB_GetStatus
                0x000059a2        0xc .\emFile_V322c\LinkLibrary\PSoC5\GCC\libemf16nosnlfn.a(FS_LogBlock.o)
                0x000059a2                FS_LB_GetStatus
 .text.FS_LB_InitMedium
                0x000059ae       0x1a .\emFile_V322c\LinkLibrary\PSoC5\GCC\libemf16nosnlfn.a(FS_LogBlock.o)
                0x000059ae                FS_LB_InitMedium
 .text.FS_LB_InitMediumIfRequired
                0x000059c8       0x10 .\emFile_V322c\LinkLibrary\PSoC5\GCC\libemf16nosnlfn.a(FS_LogBlock.o)
                0x000059c8                FS_LB_InitMediumIfRequired
 .text.FS_LB_ReadDevice
                0x000059d8       0x2e .\emFile_V322c\LinkLibrary\PSoC5\GCC\libemf16nosnlfn.a(FS_LogBlock.o)
                0x000059d8                FS_LB_ReadDevice
 .text.FS_LB_ReadPart
                0x00005a06        0xe .\emFile_V322c\LinkLibrary\PSoC5\GCC\libemf16nosnlfn.a(FS_LogBlock.o)
                0x00005a06                FS_LB_ReadPart
 .text.FS_LB_WriteBurst
                0x00005a14       0x30 .\emFile_V322c\LinkLibrary\PSoC5\GCC\libemf16nosnlfn.a(FS_LogBlock.o)
                0x00005a14                FS_LB_WriteBurst
 .text.FS_LB_WriteBurstPart
                0x00005a44       0x14 .\emFile_V322c\LinkLibrary\PSoC5\GCC\libemf16nosnlfn.a(FS_LogBlock.o)
                0x00005a44                FS_LB_WriteBurstPart
 .text.FS_LB_WriteMultiple
                0x00005a58       0x30 .\emFile_V322c\LinkLibrary\PSoC5\GCC\libemf16nosnlfn.a(FS_LogBlock.o)
                0x00005a58                FS_LB_WriteMultiple
 .text.FS_LB_WriteMultiplePart
                0x00005a88       0x14 .\emFile_V322c\LinkLibrary\PSoC5\GCC\libemf16nosnlfn.a(FS_LogBlock.o)
                0x00005a88                FS_LB_WriteMultiplePart
 .text.FS_LB_WriteDevice
                0x00005a9c       0x36 .\emFile_V322c\LinkLibrary\PSoC5\GCC\libemf16nosnlfn.a(FS_LogBlock.o)
                0x00005a9c                FS_LB_WriteDevice
 .text.FS_LB_WritePart
                0x00005ad2        0xe .\emFile_V322c\LinkLibrary\PSoC5\GCC\libemf16nosnlfn.a(FS_LogBlock.o)
                0x00005ad2                FS_LB_WritePart
 .text.FS_GetSectorSize
                0x00005ae0       0x28 .\emFile_V322c\LinkLibrary\PSoC5\GCC\libemf16nosnlfn.a(FS_LogBlock.o)
                0x00005ae0                FS_GetSectorSize
 .text.FS_LB_GetDeviceInfo
                0x00005b08       0x26 .\emFile_V322c\LinkLibrary\PSoC5\GCC\libemf16nosnlfn.a(FS_LogBlock.o)
                0x00005b08                FS_LB_GetDeviceInfo
 .text.FS_memcpy
                0x00005b2e      0x120 .\emFile_V322c\LinkLibrary\PSoC5\GCC\libemf16nosnlfn.a(FS_memcpy.o)
                0x00005b2e                FS_memcpy
 .text._IsBPB   0x00005c4e       0x1e .\emFile_V322c\LinkLibrary\PSoC5\GCC\libemf16nosnlfn.a(FS_Partition.o)
 .text._HasSignature
                0x00005c6c       0x18 .\emFile_V322c\LinkLibrary\PSoC5\GCC\libemf16nosnlfn.a(FS_Partition.o)
 .text._GetPartitionStartSector
                0x00005c84        0xc .\emFile_V322c\LinkLibrary\PSoC5\GCC\libemf16nosnlfn.a(FS_Partition.o)
 .text.FS__GetMediaStartSecEx
                0x00005c90       0x6e .\emFile_V322c\LinkLibrary\PSoC5\GCC\libemf16nosnlfn.a(FS_Partition.o)
                0x00005c90                FS__GetMediaStartSecEx
 *fill*         0x00005cfe        0x2 
 .text.FS__LocatePartition
                0x00005d00       0x44 .\emFile_V322c\LinkLibrary\PSoC5\GCC\libemf16nosnlfn.a(FS_Partition.o)
                0x00005d00                FS__LocatePartition
 .text.FS_X_AddDevices
                0x00005d44       0x20 .\CortexM3\ARM_GCC_541\Debug\Design01.a(emFile_1_ConfigMMC_SPI.o)
                0x00005d44                FS_X_AddDevices
 .text.FS_X_GetTimeDate
                0x00005d64        0x8 .\CortexM3\ARM_GCC_541\Debug\Design01.a(emFile_1_ConfigMMC_SPI.o)
                0x00005d64                FS_X_GetTimeDate
 .text._CalcDataCRC16Dummy
                0x00005d6c        0x6 .\emFile_V322c\LinkLibrary\PSoC5\GCC\libemf16nosnlfn.a(MMC_Drv.o)
 *fill*         0x00005d72        0x2 
 .text._MMC_GetNumUnits
                0x00005d74        0xc .\emFile_V322c\LinkLibrary\PSoC5\GCC\libemf16nosnlfn.a(MMC_Drv.o)
 .text._MMC_GetDriverName
                0x00005d80        0x8 .\emFile_V322c\LinkLibrary\PSoC5\GCC\libemf16nosnlfn.a(MMC_Drv.o)
 .text._MMC_GetStatus
                0x00005d88        0x4 .\emFile_V322c\LinkLibrary\PSoC5\GCC\libemf16nosnlfn.a(MMC_Drv.o)
 .text._CheckR1
                0x00005d8c       0x38 .\emFile_V322c\LinkLibrary\PSoC5\GCC\libemf16nosnlfn.a(MMC_Drv.o)
 .text._WaitToGetReady
                0x00005dc4       0x26 .\emFile_V322c\LinkLibrary\PSoC5\GCC\libemf16nosnlfn.a(MMC_Drv.o)
 .text._SendEmptyCycles
                0x00005dea       0x24 .\emFile_V322c\LinkLibrary\PSoC5\GCC\libemf16nosnlfn.a(MMC_Drv.o)
 *fill*         0x00005e0e        0x2 
 .text._MMC_AddDevice
                0x00005e10       0x2c .\emFile_V322c\LinkLibrary\PSoC5\GCC\libemf16nosnlfn.a(MMC_Drv.o)
 .text.T.53     0x00005e3c       0x14 .\emFile_V322c\LinkLibrary\PSoC5\GCC\libemf16nosnlfn.a(MMC_Drv.o)
 .text._GetFromCSD
                0x00005e50       0x34 .\emFile_V322c\LinkLibrary\PSoC5\GCC\libemf16nosnlfn.a(MMC_Drv.o)
 .text._ExecCmdR1
                0x00005e84       0x98 .\emFile_V322c\LinkLibrary\PSoC5\GCC\libemf16nosnlfn.a(MMC_Drv.o)
 .text._ReadCSD
                0x00005f1c       0x86 .\emFile_V322c\LinkLibrary\PSoC5\GCC\libemf16nosnlfn.a(MMC_Drv.o)
 *fill*         0x00005fa2        0x2 
 .text._MMC_Read
                0x00005fa4      0x130 .\emFile_V322c\LinkLibrary\PSoC5\GCC\libemf16nosnlfn.a(MMC_Drv.o)
 .text._MMC_Write
                0x000060d4      0x13c .\emFile_V322c\LinkLibrary\PSoC5\GCC\libemf16nosnlfn.a(MMC_Drv.o)
 .text._ApplyCSD
                0x00006210      0x228 .\emFile_V322c\LinkLibrary\PSoC5\GCC\libemf16nosnlfn.a(MMC_Drv.o)
 .text._MMC_Init
                0x00006438      0x1c0 .\emFile_V322c\LinkLibrary\PSoC5\GCC\libemf16nosnlfn.a(MMC_Drv.o)
 .text._MMC_InitMedium
                0x000065f8       0x28 .\emFile_V322c\LinkLibrary\PSoC5\GCC\libemf16nosnlfn.a(MMC_Drv.o)
 .text._MMC_IoCtl
                0x00006620       0x60 .\emFile_V322c\LinkLibrary\PSoC5\GCC\libemf16nosnlfn.a(MMC_Drv.o)
 .text.FS_MMC_HW_X_EnableCS
                0x00006680        0x8 .\CortexM3\ARM_GCC_541\Debug\Design01.a(emFile_1_MMC_HW_SPI.o)
                0x00006680                FS_MMC_HW_X_EnableCS
 .text.FS_MMC_HW_X_DisableCS
                0x00006688        0x8 .\CortexM3\ARM_GCC_541\Debug\Design01.a(emFile_1_MMC_HW_SPI.o)
                0x00006688                FS_MMC_HW_X_DisableCS
 .text.FS_MMC_HW_X_IsWriteProtected
                0x00006690        0x4 .\CortexM3\ARM_GCC_541\Debug\Design01.a(emFile_1_MMC_HW_SPI.o)
                0x00006690                FS_MMC_HW_X_IsWriteProtected
 .text.FS_MMC_HW_X_SetMaxSpeed
                0x00006694       0x40 .\CortexM3\ARM_GCC_541\Debug\Design01.a(emFile_1_MMC_HW_SPI.o)
                0x00006694                FS_MMC_HW_X_SetMaxSpeed
 .text.FS_MMC_HW_X_SetVoltage
                0x000066d4       0x1c .\CortexM3\ARM_GCC_541\Debug\Design01.a(emFile_1_MMC_HW_SPI.o)
                0x000066d4                FS_MMC_HW_X_SetVoltage
 .text.FS_MMC_HW_X_IsPresent
                0x000066f0       0x28 .\CortexM3\ARM_GCC_541\Debug\Design01.a(emFile_1_MMC_HW_SPI.o)
                0x000066f0                FS_MMC_HW_X_IsPresent
 .text.FS_MMC_HW_X_Read
                0x00006718       0x50 .\CortexM3\ARM_GCC_541\Debug\Design01.a(emFile_1_MMC_HW_SPI.o)
                0x00006718                FS_MMC_HW_X_Read
 .text.FS_MMC_HW_X_Write
                0x00006768       0x44 .\CortexM3\ARM_GCC_541\Debug\Design01.a(emFile_1_MMC_HW_SPI.o)
                0x00006768                FS_MMC_HW_X_Write
 .text.emFile_1_SPI0_Start
                0x000067ac       0xa4 .\CortexM3\ARM_GCC_541\Debug\Design01.a(emFile_1_SPI0.o)
                0x000067ac                emFile_1_SPI0_Start
 .text.emFile_1_SPI0_ReadTxStatus
                0x00006850        0xc .\CortexM3\ARM_GCC_541\Debug\Design01.a(emFile_1_SPI0.o)
                0x00006850                emFile_1_SPI0_ReadTxStatus
 .text.emFile_1_SPI0_WriteTxData
                0x0000685c       0x18 .\CortexM3\ARM_GCC_541\Debug\Design01.a(emFile_1_SPI0.o)
                0x0000685c                emFile_1_SPI0_WriteTxData
 .text.emFile_1_SPI0_ReadRxData
                0x00006874        0xc .\CortexM3\ARM_GCC_541\Debug\Design01.a(emFile_1_SPI0.o)
                0x00006874                emFile_1_SPI0_ReadRxData
 .text.emFile_1_Clock_1_Start
                0x00006880       0x20 .\CortexM3\ARM_GCC_541\Debug\Design01.a(emFile_1_Clock_1.o)
                0x00006880                emFile_1_Clock_1_Start
 .text.emFile_1_Clock_1_Stop
                0x000068a0       0x20 .\CortexM3\ARM_GCC_541\Debug\Design01.a(emFile_1_Clock_1.o)
                0x000068a0                emFile_1_Clock_1_Stop
 .text.emFile_1_Clock_1_SetDividerRegister
                0x000068c0       0xe4 .\CortexM3\ARM_GCC_541\Debug\Design01.a(emFile_1_Clock_1.o)
                0x000068c0                emFile_1_Clock_1_SetDividerRegister
 .text.emFile_1_SPI0_CS_Write
                0x000069a4       0x18 .\CortexM3\ARM_GCC_541\Debug\Design01.a(emFile_1_SPI0_CS.o)
                0x000069a4                emFile_1_SPI0_CS_Write
 .text          0x000069bc      0x370 d:/psoc/psoc creator/4.2/psoc creator/import/gnu/arm/5.4.1/bin/../lib/gcc/arm-none-eabi/5.4.1/armv7-m\libgcc.a(_arm_addsubdf3.o)
                0x000069bc                __aeabi_drsub
                0x000069c4                __aeabi_dsub
                0x000069c4                __subdf3
                0x000069c8                __aeabi_dadd
                0x000069c8                __adddf3
                0x00006c40                __floatunsidf
                0x00006c40                __aeabi_ui2d
                0x00006c60                __floatsidf
                0x00006c60                __aeabi_i2d
                0x00006c84                __aeabi_f2d
                0x00006c84                __extendsfdf2
                0x00006cc0                __floatundidf
                0x00006cc0                __aeabi_ul2d
                0x00006cd0                __floatdidf
                0x00006cd0                __aeabi_l2d
 .text          0x00006d2c      0x424 d:/psoc/psoc creator/4.2/psoc creator/import/gnu/arm/5.4.1/bin/../lib/gcc/arm-none-eabi/5.4.1/armv7-m\libgcc.a(_arm_muldivdf3.o)
                0x00006d2c                __aeabi_dmul
                0x00006d2c                __muldf3
                0x00006f80                __divdf3
                0x00006f80                __aeabi_ddiv
 .text          0x00007150      0x110 d:/psoc/psoc creator/4.2/psoc creator/import/gnu/arm/5.4.1/bin/../lib/gcc/arm-none-eabi/5.4.1/armv7-m\libgcc.a(_arm_cmpdf2.o)
                0x00007150                __gtdf2
                0x00007150                __gedf2
                0x00007158                __ltdf2
                0x00007158                __ledf2
                0x00007160                __nedf2
                0x00007160                __eqdf2
                0x00007160                __cmpdf2
                0x000071dc                __aeabi_cdrcmple
                0x000071ec                __aeabi_cdcmpeq
                0x000071ec                __aeabi_cdcmple
                0x000071fc                __aeabi_dcmpeq
                0x00007210                __aeabi_dcmplt
                0x00007224                __aeabi_dcmple
                0x00007238                __aeabi_dcmpge
                0x0000724c                __aeabi_dcmpgt
 .text          0x00007260       0x50 d:/psoc/psoc creator/4.2/psoc creator/import/gnu/arm/5.4.1/bin/../lib/gcc/arm-none-eabi/5.4.1/armv7-m\libgcc.a(_arm_fixdfsi.o)
                0x00007260                __aeabi_d2iz
                0x00007260                __fixdfsi
 .text.__errno  0x000072b0        0xc d:/psoc/psoc creator/4.2/psoc creator/import/gnu/arm/5.4.1/bin/../lib/gcc/arm-none-eabi/5.4.1/../../../../arm-none-eabi/lib/armv7-m\libg_nano.a(lib_a-errno.o)
                0x000072b0                __errno
 .text.__libc_init_array
                0x000072bc       0x4c d:/psoc/psoc creator/4.2/psoc creator/import/gnu/arm/5.4.1/bin/../lib/gcc/arm-none-eabi/5.4.1/../../../../arm-none-eabi/lib/armv7-m\libg_nano.a(lib_a-init.o)
                0x000072bc                __libc_init_array
 .text.__itoa   0x00007308       0x2e d:/psoc/psoc creator/4.2/psoc creator/import/gnu/arm/5.4.1/bin/../lib/gcc/arm-none-eabi/5.4.1/../../../../arm-none-eabi/lib/armv7-m\libg_nano.a(lib_a-itoa.o)
                0x00007308                __itoa
 .text.itoa     0x00007336        0x4 d:/psoc/psoc creator/4.2/psoc creator/import/gnu/arm/5.4.1/bin/../lib/gcc/arm-none-eabi/5.4.1/../../../../arm-none-eabi/lib/armv7-m\libg_nano.a(lib_a-itoa.o)
                0x00007336                itoa
 .text.memcpy   0x0000733a       0x16 d:/psoc/psoc creator/4.2/psoc creator/import/gnu/arm/5.4.1/bin/../lib/gcc/arm-none-eabi/5.4.1/../../../../arm-none-eabi/lib/armv7-m\libg_nano.a(lib_a-memcpy-stub.o)
                0x0000733a                memcpy
 .text.memset   0x00007350       0x10 d:/psoc/psoc creator/4.2/psoc creator/import/gnu/arm/5.4.1/bin/../lib/gcc/arm-none-eabi/5.4.1/../../../../arm-none-eabi/lib/armv7-m\libg_nano.a(lib_a-memset.o)
                0x00007350                memset
 .text.__cvt    0x00007360       0xc0 d:/psoc/psoc creator/4.2/psoc creator/import/gnu/arm/5.4.1/bin/../lib/gcc/arm-none-eabi/5.4.1/../../../../arm-none-eabi/lib/armv7-m\libg_nano.a(lib_a-nano-vfprintf_float.o)
                0x00007360                __cvt
 .text.__exponent
                0x00007420       0x62 d:/psoc/psoc creator/4.2/psoc creator/import/gnu/arm/5.4.1/bin/../lib/gcc/arm-none-eabi/5.4.1/../../../../arm-none-eabi/lib/armv7-m\libg_nano.a(lib_a-nano-vfprintf_float.o)
                0x00007420                __exponent
 *fill*         0x00007482        0x2 
 .text._printf_float
                0x00007484      0x488 d:/psoc/psoc creator/4.2/psoc creator/import/gnu/arm/5.4.1/bin/../lib/gcc/arm-none-eabi/5.4.1/../../../../arm-none-eabi/lib/armv7-m\libg_nano.a(lib_a-nano-vfprintf_float.o)
                0x00007484                _printf_float
 .text._printf_common
                0x0000790c       0xec d:/psoc/psoc creator/4.2/psoc creator/import/gnu/arm/5.4.1/bin/../lib/gcc/arm-none-eabi/5.4.1/../../../../arm-none-eabi/lib/armv7-m\libg_nano.a(lib_a-nano-vfprintf_i.o)
                0x0000790c                _printf_common
 .text._printf_i
                0x000079f8      0x24c d:/psoc/psoc creator/4.2/psoc creator/import/gnu/arm/5.4.1/bin/../lib/gcc/arm-none-eabi/5.4.1/../../../../arm-none-eabi/lib/armv7-m\libg_nano.a(lib_a-nano-vfprintf_i.o)
                0x000079f8                _printf_i
 .text.sprintf  0x00007c44       0x48 d:/psoc/psoc creator/4.2/psoc creator/import/gnu/arm/5.4.1/bin/../lib/gcc/arm-none-eabi/5.4.1/../../../../arm-none-eabi/lib/armv7-m\libg_nano.a(lib_a-sprintf.o)
                0x00007c44                siprintf
                0x00007c44                sprintf
 .text          0x00007c8c       0x10 d:/psoc/psoc creator/4.2/psoc creator/import/gnu/arm/5.4.1/bin/../lib/gcc/arm-none-eabi/5.4.1/../../../../arm-none-eabi/lib/armv7-m\libg_nano.a(lib_a-strlen.o)
                0x00007c8c                strlen
 .text.__utoa   0x00007c9c       0x78 d:/psoc/psoc creator/4.2/psoc creator/import/gnu/arm/5.4.1/bin/../lib/gcc/arm-none-eabi/5.4.1/../../../../arm-none-eabi/lib/armv7-m\libg_nano.a(lib_a-utoa.o)
                0x00007c9c                __utoa
 .text.quorem   0x00007d14      0x116 d:/psoc/psoc creator/4.2/psoc creator/import/gnu/arm/5.4.1/bin/../lib/gcc/arm-none-eabi/5.4.1/../../../../arm-none-eabi/lib/armv7-m\libg_nano.a(lib_a-dtoa.o)
 *fill*         0x00007e2a        0x6 
 .text._dtoa_r  0x00007e30      0xb30 d:/psoc/psoc creator/4.2/psoc creator/import/gnu/arm/5.4.1/bin/../lib/gcc/arm-none-eabi/5.4.1/../../../../arm-none-eabi/lib/armv7-m\libg_nano.a(lib_a-dtoa.o)
                0x00007e30                _dtoa_r
 .text._localeconv_r
                0x00008960        0x8 d:/psoc/psoc creator/4.2/psoc creator/import/gnu/arm/5.4.1/bin/../lib/gcc/arm-none-eabi/5.4.1/../../../../arm-none-eabi/lib/armv7-m\libg_nano.a(lib_a-locale.o)
                0x00008960                _localeconv_r
 .text.malloc   0x00008968       0x10 d:/psoc/psoc creator/4.2/psoc creator/import/gnu/arm/5.4.1/bin/../lib/gcc/arm-none-eabi/5.4.1/../../../../arm-none-eabi/lib/armv7-m\libg_nano.a(lib_a-malloc.o)
                0x00008968                malloc
 .text.memchr   0x00008978       0x1c d:/psoc/psoc creator/4.2/psoc creator/import/gnu/arm/5.4.1/bin/../lib/gcc/arm-none-eabi/5.4.1/../../../../arm-none-eabi/lib/armv7-m\libg_nano.a(lib_a-memchr-stub.o)
                0x00008978                memchr
 .text._Balloc  0x00008994       0x6a d:/psoc/psoc creator/4.2/psoc creator/import/gnu/arm/5.4.1/bin/../lib/gcc/arm-none-eabi/5.4.1/../../../../arm-none-eabi/lib/armv7-m\libg_nano.a(lib_a-mprec.o)
                0x00008994                _Balloc
 .text._Bfree   0x000089fe       0x2e d:/psoc/psoc creator/4.2/psoc creator/import/gnu/arm/5.4.1/bin/../lib/gcc/arm-none-eabi/5.4.1/../../../../arm-none-eabi/lib/armv7-m\libg_nano.a(lib_a-mprec.o)
                0x000089fe                _Bfree
 .text.__multadd
                0x00008a2c       0x76 d:/psoc/psoc creator/4.2/psoc creator/import/gnu/arm/5.4.1/bin/../lib/gcc/arm-none-eabi/5.4.1/../../../../arm-none-eabi/lib/armv7-m\libg_nano.a(lib_a-mprec.o)
                0x00008a2c                __multadd
 .text.__hi0bits
                0x00008aa2       0x40 d:/psoc/psoc creator/4.2/psoc creator/import/gnu/arm/5.4.1/bin/../lib/gcc/arm-none-eabi/5.4.1/../../../../arm-none-eabi/lib/armv7-m\libg_nano.a(lib_a-mprec.o)
                0x00008aa2                __hi0bits
 .text.__lo0bits
                0x00008ae2       0x5a d:/psoc/psoc creator/4.2/psoc creator/import/gnu/arm/5.4.1/bin/../lib/gcc/arm-none-eabi/5.4.1/../../../../arm-none-eabi/lib/armv7-m\libg_nano.a(lib_a-mprec.o)
                0x00008ae2                __lo0bits
 .text.__i2b    0x00008b3c       0x12 d:/psoc/psoc creator/4.2/psoc creator/import/gnu/arm/5.4.1/bin/../lib/gcc/arm-none-eabi/5.4.1/../../../../arm-none-eabi/lib/armv7-m\libg_nano.a(lib_a-mprec.o)
                0x00008b3c                __i2b
 .text.__multiply
                0x00008b4e      0x120 d:/psoc/psoc creator/4.2/psoc creator/import/gnu/arm/5.4.1/bin/../lib/gcc/arm-none-eabi/5.4.1/../../../../arm-none-eabi/lib/armv7-m\libg_nano.a(lib_a-mprec.o)
                0x00008b4e                __multiply
 *fill*         0x00008c6e        0x2 
 .text.__pow5mult
                0x00008c70       0x9c d:/psoc/psoc creator/4.2/psoc creator/import/gnu/arm/5.4.1/bin/../lib/gcc/arm-none-eabi/5.4.1/../../../../arm-none-eabi/lib/armv7-m\libg_nano.a(lib_a-mprec.o)
                0x00008c70                __pow5mult
 .text.__lshift
                0x00008d0c       0xa2 d:/psoc/psoc creator/4.2/psoc creator/import/gnu/arm/5.4.1/bin/../lib/gcc/arm-none-eabi/5.4.1/../../../../arm-none-eabi/lib/armv7-m\libg_nano.a(lib_a-mprec.o)
                0x00008d0c                __lshift
 .text.__mcmp   0x00008dae       0x38 d:/psoc/psoc creator/4.2/psoc creator/import/gnu/arm/5.4.1/bin/../lib/gcc/arm-none-eabi/5.4.1/../../../../arm-none-eabi/lib/armv7-m\libg_nano.a(lib_a-mprec.o)
                0x00008dae                __mcmp
 .text.__mdiff  0x00008de6       0xbe d:/psoc/psoc creator/4.2/psoc creator/import/gnu/arm/5.4.1/bin/../lib/gcc/arm-none-eabi/5.4.1/../../../../arm-none-eabi/lib/armv7-m\libg_nano.a(lib_a-mprec.o)
                0x00008de6                __mdiff
 .text.__d2b    0x00008ea4       0x9c d:/psoc/psoc creator/4.2/psoc creator/import/gnu/arm/5.4.1/bin/../lib/gcc/arm-none-eabi/5.4.1/../../../../arm-none-eabi/lib/armv7-m\libg_nano.a(lib_a-mprec.o)
                0x00008ea4                __d2b
 .text._calloc_r
                0x00008f40       0x1c d:/psoc/psoc creator/4.2/psoc creator/import/gnu/arm/5.4.1/bin/../lib/gcc/arm-none-eabi/5.4.1/../../../../arm-none-eabi/lib/armv7-m\libg_nano.a(lib_a-nano-callocr.o)
                0x00008f40                _calloc_r
 .text._free_r  0x00008f5c       0x98 d:/psoc/psoc creator/4.2/psoc creator/import/gnu/arm/5.4.1/bin/../lib/gcc/arm-none-eabi/5.4.1/../../../../arm-none-eabi/lib/armv7-m\libg_nano.a(lib_a-nano-freer.o)
                0x00008f5c                _free_r
 .text._malloc_r
                0x00008ff4       0xbc d:/psoc/psoc creator/4.2/psoc creator/import/gnu/arm/5.4.1/bin/../lib/gcc/arm-none-eabi/5.4.1/../../../../arm-none-eabi/lib/armv7-m\libg_nano.a(lib_a-nano-mallocr.o)
                0x00008ff4                _malloc_r
 .text.__ssputs_r
                0x000090b0       0xb2 d:/psoc/psoc creator/4.2/psoc creator/import/gnu/arm/5.4.1/bin/../lib/gcc/arm-none-eabi/5.4.1/../../../../arm-none-eabi/lib/armv7-m\libg_nano.a(lib_a-nano-svfprintf.o)
                0x000090b0                __ssputs_r
 *fill*         0x00009162        0x2 
 .text._svfprintf_r
                0x00009164      0x1e8 d:/psoc/psoc creator/4.2/psoc creator/import/gnu/arm/5.4.1/bin/../lib/gcc/arm-none-eabi/5.4.1/../../../../arm-none-eabi/lib/armv7-m\libg_nano.a(lib_a-nano-svfprintf.o)
                0x00009164                _svfiprintf_r
                0x00009164                _svfprintf_r
 .text._sbrk_r  0x0000934c       0x20 d:/psoc/psoc creator/4.2/psoc creator/import/gnu/arm/5.4.1/bin/../lib/gcc/arm-none-eabi/5.4.1/../../../../arm-none-eabi/lib/armv7-m\libg_nano.a(lib_a-sbrkr.o)
                0x0000934c                _sbrk_r
 .text.memmove  0x0000936c       0x36 d:/psoc/psoc creator/4.2/psoc creator/import/gnu/arm/5.4.1/bin/../lib/gcc/arm-none-eabi/5.4.1/../../../../arm-none-eabi/lib/armv7-m\libg_nano.a(lib_a-memmove.o)
                0x0000936c                memmove
 .text.__malloc_lock
                0x000093a2        0x2 d:/psoc/psoc creator/4.2/psoc creator/import/gnu/arm/5.4.1/bin/../lib/gcc/arm-none-eabi/5.4.1/../../../../arm-none-eabi/lib/armv7-m\libg_nano.a(lib_a-mlock.o)
                0x000093a2                __malloc_lock
 .text.__malloc_unlock
                0x000093a4        0x2 d:/psoc/psoc creator/4.2/psoc creator/import/gnu/arm/5.4.1/bin/../lib/gcc/arm-none-eabi/5.4.1/../../../../arm-none-eabi/lib/armv7-m\libg_nano.a(lib_a-mlock.o)
                0x000093a4                __malloc_unlock
 .text._realloc_r
                0x000093a6       0x4c d:/psoc/psoc creator/4.2/psoc creator/import/gnu/arm/5.4.1/bin/../lib/gcc/arm-none-eabi/5.4.1/../../../../arm-none-eabi/lib/armv7-m\libg_nano.a(lib_a-nano-reallocr.o)
                0x000093a6                _realloc_r
 .text._malloc_usable_size_r
                0x000093f2       0x14 d:/psoc/psoc creator/4.2/psoc creator/import/gnu/arm/5.4.1/bin/../lib/gcc/arm-none-eabi/5.4.1/../../../../arm-none-eabi/lib/armv7-m\libg_nano.a(lib_a-nano-msizer.o)
                0x000093f2                _malloc_usable_size_r
 *fill*         0x00009406        0x2 
 .text          0x00009408       0x2c d:/psoc/psoc creator/4.2/psoc creator/import/gnu/arm/5.4.1/bin/../lib/gcc/arm-none-eabi/5.4.1/armv7-m\libgcc.a(_arm_unorddf2.o)
                0x00009408                __unorddf2
                0x00009408                __aeabi_dcmpun
 *(.plt)
 *(.gnu.warning)
 *(.glue_7t)
 .glue_7t       0x00009434        0x0 linker stubs
 *(.glue_7)
 .glue_7        0x00009434        0x0 linker stubs
 *(.vfp11_veneer)
 .vfp11_veneer  0x00009434        0x0 linker stubs
 *(.bootloader)
 *(.ARM.extab* .gnu.linkonce.armextab.*)
 *(.gcc_except_table)

.v4_bx          0x00009434        0x0
 .v4_bx         0x00009434        0x0 linker stubs

.iplt           0x00009434        0x0
 .iplt          0x00009434        0x0 d:/psoc/psoc creator/4.2/psoc creator/import/gnu/arm/5.4.1/bin/../lib/gcc/arm-none-eabi/5.4.1/armv7-m/crtbegin.o

.eh_frame_hdr
 *(.eh_frame_hdr)

.eh_frame       0x00009434        0x4
 *(.eh_frame)
 .eh_frame      0x00009434        0x0 d:/psoc/psoc creator/4.2/psoc creator/import/gnu/arm/5.4.1/bin/../lib/gcc/arm-none-eabi/5.4.1/armv7-m/crtbegin.o
 .eh_frame      0x00009434        0x4 d:/psoc/psoc creator/4.2/psoc creator/import/gnu/arm/5.4.1/bin/../lib/gcc/arm-none-eabi/5.4.1/armv7-m/crtend.o
                [!provide]                PROVIDE (__exidx_start, .)

.ARM.exidx
 *(.ARM.exidx* .gnu.linkonce.armexidx.*)
                0x00009438                __exidx_end = .

.rodata         0x00009438      0x918
 *(.rodata .rodata.* .gnu.linkonce.r.*)
 .rodata.str1.4
                0x00009438       0x56 .\CortexM3\ARM_GCC_541\Debug\main.o
 *fill*         0x0000948e        0x2 
 .rodata        0x00009490       0x6f .\CortexM3\ARM_GCC_541\Debug\screen.o
 *fill*         0x000094ff        0x1 
 .rodata.str1.4
                0x00009500      0x1c4 .\CortexM3\ARM_GCC_541\Debug\screen.o
                                0x1c9 (size before relaxing)
 .rodata        0x000096c4      0x34d .\CortexM3\ARM_GCC_541\Debug\font.o
 .rodata.str1.4
                0x00009a11        0x7 .\CortexM3\ARM_GCC_541\Debug\uifunctions.o
 *fill*         0x00009a11        0x3 
 .rodata        0x00009a14       0x5a .\CortexM3\ARM_GCC_541\Debug\cyfitter_cfg.o
                0x00009a14                AMux_1__addrTable
                0x00009a1c                AMux_1__maskTable
                0x00009a20                AMux_2__addrTable
                0x00009a28                AMux_2__maskTable
                0x00009a2c                AMux_3__addrTable
                0x00009a34                AMux_3__maskTable
 *fill*         0x00009a6e        0x2 
 .rodata        0x00009a70       0x78 .\emFile_V322c\LinkLibrary\PSoC5\GCC\libemf16nosnlfn.a(FS_Misc.o)
 .rodata.str1.1
                0x00009ae8       0x30 .\emFile_V322c\LinkLibrary\PSoC5\GCC\libemf16nosnlfn.a(FS_Misc.o)
 .rodata        0x00009b18       0x10 .\emFile_V322c\LinkLibrary\PSoC5\GCC\libemf16nosnlfn.a(FAT_Misc.o)
                0x00009b18                FAT_SFN_API
 .rodata.str1.1
                0x00009b28        0x3 .\emFile_V322c\LinkLibrary\PSoC5\GCC\libemf16nosnlfn.a(FAT_Open.o)
 *fill*         0x00009b2b        0x1 
 .rodata        0x00009b2c       0x68 .\emFile_V322c\LinkLibrary\PSoC5\GCC\libemf16nosnlfn.a(MMC_Drv.o)
                0x00009b74                FS_MMC_SPI_Driver
 .rodata.str1.1
                0x00009b94        0x4 .\emFile_V322c\LinkLibrary\PSoC5\GCC\libemf16nosnlfn.a(MMC_Drv.o)
 .rodata.str1.1
                0x00009b98        0x2 d:/psoc/psoc creator/4.2/psoc creator/import/gnu/arm/5.4.1/bin/../lib/gcc/arm-none-eabi/5.4.1/../../../../arm-none-eabi/lib/armv7-m\libg_nano.a(lib_a-impure.o)
 .rodata.str1.1
                0x00009b9a       0x12 d:/psoc/psoc creator/4.2/psoc creator/import/gnu/arm/5.4.1/bin/../lib/gcc/arm-none-eabi/5.4.1/../../../../arm-none-eabi/lib/armv7-m\libg_nano.a(lib_a-nano-vfprintf_float.o)
 .rodata.str1.1
                0x00009bac       0x22 d:/psoc/psoc creator/4.2/psoc creator/import/gnu/arm/5.4.1/bin/../lib/gcc/arm-none-eabi/5.4.1/../../../../arm-none-eabi/lib/armv7-m\libg_nano.a(lib_a-nano-vfprintf_i.o)
 .rodata.str1.1
                0x00009bce       0x25 d:/psoc/psoc creator/4.2/psoc creator/import/gnu/arm/5.4.1/bin/../lib/gcc/arm-none-eabi/5.4.1/../../../../arm-none-eabi/lib/armv7-m\libg_nano.a(lib_a-utoa.o)
 .rodata.str1.1
                0x00009bf3        0xd d:/psoc/psoc creator/4.2/psoc creator/import/gnu/arm/5.4.1/bin/../lib/gcc/arm-none-eabi/5.4.1/../../../../arm-none-eabi/lib/armv7-m\libg_nano.a(lib_a-dtoa.o)
                                  0xf (size before relaxing)
 .rodata.str1.1
                0x00009c00        0x6 d:/psoc/psoc creator/4.2/psoc creator/import/gnu/arm/5.4.1/bin/../lib/gcc/arm-none-eabi/5.4.1/../../../../arm-none-eabi/lib/armv7-m\libg_nano.a(lib_a-locale.o)
                                  0xb (size before relaxing)
 *fill*         0x00009c06        0x2 
 .rodata.__mprec_tens
                0x00009c08       0xc8 d:/psoc/psoc creator/4.2/psoc creator/import/gnu/arm/5.4.1/bin/../lib/gcc/arm-none-eabi/5.4.1/../../../../arm-none-eabi/lib/armv7-m\libg_nano.a(lib_a-mprec.o)
                0x00009c08                __mprec_tens
 .rodata.p05.5408
                0x00009cd0        0xc d:/psoc/psoc creator/4.2/psoc creator/import/gnu/arm/5.4.1/bin/../lib/gcc/arm-none-eabi/5.4.1/../../../../arm-none-eabi/lib/armv7-m\libg_nano.a(lib_a-mprec.o)
 *fill*         0x00009cdc        0x4 
 .rodata.__mprec_bigtens
                0x00009ce0       0x28 d:/psoc/psoc creator/4.2/psoc creator/import/gnu/arm/5.4.1/bin/../lib/gcc/arm-none-eabi/5.4.1/../../../../arm-none-eabi/lib/armv7-m\libg_nano.a(lib_a-mprec.o)
                0x00009ce0                __mprec_bigtens
 .rodata.str1.1
                0x00009d08       0x11 d:/psoc/psoc creator/4.2/psoc creator/import/gnu/arm/5.4.1/bin/../lib/gcc/arm-none-eabi/5.4.1/../../../../arm-none-eabi/lib/armv7-m\libg_nano.a(lib_a-nano-svfprintf.o)
                0x00009d1c                . = ALIGN (0x4)
 *fill*         0x00009d19        0x3 
 *(.init)
 .init          0x00009d1c        0x4 d:/psoc/psoc creator/4.2/psoc creator/import/gnu/arm/5.4.1/bin/../lib/gcc/arm-none-eabi/5.4.1/armv7-m/crti.o
                0x00009d1c                _init
 .init          0x00009d20        0x8 d:/psoc/psoc creator/4.2/psoc creator/import/gnu/arm/5.4.1/bin/../lib/gcc/arm-none-eabi/5.4.1/armv7-m/crtn.o
                0x00009d28                . = ALIGN (0x4)
                0x00009d28                __preinit_array_start = .
 *(.preinit_array)
                0x00009d28                __preinit_array_end = .
                0x00009d28                . = ALIGN (0x4)
                0x00009d28                __init_array_start = .
 *(SORT(.init_array.*))
 *(.init_array)
 .init_array    0x00009d28        0x4 d:/psoc/psoc creator/4.2/psoc creator/import/gnu/arm/5.4.1/bin/../lib/gcc/arm-none-eabi/5.4.1/armv7-m/crtbegin.o
 .init_array    0x00009d2c        0x4 .\CortexM3\ARM_GCC_541\Debug\Cm3Start.o
                0x00009d30                __init_array_end = .
                0x00009d30                . = ALIGN (0x4)
 *(.fini)
 .fini          0x00009d30        0x4 d:/psoc/psoc creator/4.2/psoc creator/import/gnu/arm/5.4.1/bin/../lib/gcc/arm-none-eabi/5.4.1/armv7-m/crti.o
                0x00009d30                _fini
 .fini          0x00009d34        0x8 d:/psoc/psoc creator/4.2/psoc creator/import/gnu/arm/5.4.1/bin/../lib/gcc/arm-none-eabi/5.4.1/armv7-m/crtn.o
                0x00009d3c                . = ALIGN (0x4)
                0x00009d3c                __fini_array_start = .
 *(.fini_array)
 .fini_array    0x00009d3c        0x4 d:/psoc/psoc creator/4.2/psoc creator/import/gnu/arm/5.4.1/bin/../lib/gcc/arm-none-eabi/5.4.1/armv7-m/crtbegin.o
 *(SORT(.fini_array.*))
                0x00009d40                __fini_array_end = .
                0x00009d40                . = ALIGN (0x4)
 *crtbegin.o(.ctors)
 *(EXCLUDE_FILE(*crtend.o) .ctors)
 *(SORT(.ctors.*))
 *crtend.o(.ctors)
                0x00009d40                . = ALIGN (0x4)
 *crtbegin.o(.dtors)
 *(EXCLUDE_FILE(*crtend.o) .dtors)
 *(SORT(.dtors.*))
 *crtend.o(.dtors)
                0x00009d40                . = ALIGN (0x4)
                0x00009d40                __cy_regions = .
                0x00009d40        0x4 LONG 0x9d50 __cy_region_init_ram
                0x00009d44        0x4 LONG 0x1fff80c8 __cy_region_start_data
                0x00009d48        0x4 LONG 0xc8 __cy_region_init_size_ram
                0x00009d4c        0x4 LONG 0x1108 __cy_region_zero_size_ram
                0x00009d50                __cy_regions_end = .
                0x00009d50                . = ALIGN (0x8)
                0x00009d50                _etext = .

.cy_checksum_exclude
                0x00009d50        0x0
 *(.cy_checksum_exclude)

.ramvectors     0x1fff8000       0xc0
                0x1fff8000                __cy_region_start_ram = .
 *(.ramvectors)
 .ramvectors    0x1fff8000       0xc0 .\CortexM3\ARM_GCC_541\Debug\Cm3Start.o
                0x1fff8000                CyRamVectors

.noinit         0x1fff80c0        0x1
 *(.noinit)
 .noinit        0x1fff80c0        0x1 .\CortexM3\ARM_GCC_541\Debug\Design01.a(CyLib.o)
                0x1fff80c0                CyResetStatus

.data           0x1fff80c8       0xc8 load address 0x00009d50
                0x1fff80c8                __cy_region_start_data = .
 *(.jcr)
 .jcr           0x1fff80c8        0x0 d:/psoc/psoc creator/4.2/psoc creator/import/gnu/arm/5.4.1/bin/../lib/gcc/arm-none-eabi/5.4.1/armv7-m/crtbegin.o
 .jcr           0x1fff80c8        0x4 d:/psoc/psoc creator/4.2/psoc creator/import/gnu/arm/5.4.1/bin/../lib/gcc/arm-none-eabi/5.4.1/armv7-m/crtend.o
 *(.got.plt)
 *(.got)
 *(.shdata)
 *(.data .data.* .gnu.linkonce.d.*)
 .data          0x1fff80cc        0x4 .\CortexM3\ARM_GCC_541\Debug\Cm3Start.o
 .data          0x1fff80d0       0x10 .\CortexM3\ARM_GCC_541\Debug\Design01.a(CyLib.o)
                0x1fff80d0                cydelay_freq_mhz
                0x1fff80d4                cydelay_32k_ms
                0x1fff80d8                cydelay_freq_khz
                0x1fff80dc                cydelay_freq_hz
 .data          0x1fff80e0        0x6 .\CortexM3\ARM_GCC_541\Debug\Design01.a(I2C_PM.o)
                0x1fff80e0                I2C_backup
 *fill*         0x1fff80e6        0x2 
 .data          0x1fff80e8        0x4 .\emFile_V322c\LinkLibrary\PSoC5\GCC\libemf16nosnlfn.a(FAT_Misc.o)
                0x1fff80e8                FAT_pDirEntryAPI
 .data          0x1fff80ec        0x4 .\emFile_V322c\LinkLibrary\PSoC5\GCC\libemf16nosnlfn.a(MMC_Drv.o)
 .data.impure_data
                0x1fff80f0       0x60 d:/psoc/psoc creator/4.2/psoc creator/import/gnu/arm/5.4.1/bin/../lib/gcc/arm-none-eabi/5.4.1/../../../../arm-none-eabi/lib/armv7-m\libg_nano.a(lib_a-impure.o)
 .data._impure_ptr
                0x1fff8150        0x4 d:/psoc/psoc creator/4.2/psoc creator/import/gnu/arm/5.4.1/bin/../lib/gcc/arm-none-eabi/5.4.1/../../../../arm-none-eabi/lib/armv7-m\libg_nano.a(lib_a-impure.o)
                0x1fff8150                _impure_ptr
 .data.lconv    0x1fff8154       0x38 d:/psoc/psoc creator/4.2/psoc creator/import/gnu/arm/5.4.1/bin/../lib/gcc/arm-none-eabi/5.4.1/../../../../arm-none-eabi/lib/armv7-m\libg_nano.a(lib_a-locale.o)
                0x1fff8190                . = ALIGN (0x8)
 *fill*         0x1fff818c        0x4 
 *(.ram)
                0x1fff8190                _edata = .

.igot.plt       0x1fff8190        0x0 load address 0x00009e18
 .igot.plt      0x1fff8190        0x0 d:/psoc/psoc creator/4.2/psoc creator/import/gnu/arm/5.4.1/bin/../lib/gcc/arm-none-eabi/5.4.1/armv7-m/crtbegin.o

.bss            0x1fff8190     0x1108 load address 0x00009e18
                0x1fff8190                PROVIDE (__bss_start__, .)
 *(.shbss)
 *(.bss .bss.* .gnu.linkonce.b.*)
 .bss           0x1fff8190       0x1c d:/psoc/psoc creator/4.2/psoc creator/import/gnu/arm/5.4.1/bin/../lib/gcc/arm-none-eabi/5.4.1/armv7-m/crtbegin.o
 .bss           0x1fff81ac        0x1 .\CortexM3\ARM_GCC_541\Debug\Design01.a(SPIM.o)
                0x1fff81ac                SPIM_initVar
 .bss           0x1fff81ad        0x1 .\CortexM3\ARM_GCC_541\Debug\Design01.a(VDAC8_DS.o)
                0x1fff81ad                VDAC8_DS_initVar
 .bss           0x1fff81ae        0x1 .\CortexM3\ARM_GCC_541\Debug\Design01.a(VDAC8_GS.o)
                0x1fff81ae                VDAC8_GS_initVar
 .bss           0x1fff81af        0x1 .\CortexM3\ARM_GCC_541\Debug\Design01.a(ADC_SAR_1.o)
                0x1fff81af                ADC_SAR_1_initVar
 .bss           0x1fff81b0        0x1 .\CortexM3\ARM_GCC_541\Debug\Design01.a(I2C.o)
                0x1fff81b0                I2C_initVar
 *fill*         0x1fff81b1        0x3 
 .bss           0x1fff81b4        0xc .\emFile_V322c\LinkLibrary\PSoC5\GCC\libemf16nosnlfn.a(FS_Core.o)
 .bss           0x1fff81c0     0x1000 .\CortexM3\ARM_GCC_541\Debug\Design01.a(emFile_1_ConfigMMC_SPI.o)
 .bss           0x1fff91c0       0x14 .\emFile_V322c\LinkLibrary\PSoC5\GCC\libemf16nosnlfn.a(MMC_Drv.o)
 .bss           0x1fff91d4        0x1 .\CortexM3\ARM_GCC_541\Debug\Design01.a(emFile_1_MMC_HW_SPI.o)
 .bss           0x1fff91d5        0x1 .\CortexM3\ARM_GCC_541\Debug\Design01.a(emFile_1_SPI0.o)
                0x1fff91d5                emFile_1_SPI0_initVar
 *fill*         0x1fff91d6        0x2 
 .bss.__malloc_sbrk_start
                0x1fff91d8        0x4 d:/psoc/psoc creator/4.2/psoc creator/import/gnu/arm/5.4.1/bin/../lib/gcc/arm-none-eabi/5.4.1/../../../../arm-none-eabi/lib/armv7-m\libg_nano.a(lib_a-nano-mallocr.o)
                0x1fff91d8                __malloc_sbrk_start
 .bss.__malloc_free_list
                0x1fff91dc        0x4 d:/psoc/psoc creator/4.2/psoc creator/import/gnu/arm/5.4.1/bin/../lib/gcc/arm-none-eabi/5.4.1/../../../../arm-none-eabi/lib/armv7-m\libg_nano.a(lib_a-nano-mallocr.o)
                0x1fff91dc                __malloc_free_list
 *(COMMON)
 COMMON         0x1fff91e0       0x14 .\CortexM3\ARM_GCC_541\Debug\uifunctions.o
                0x1fff91e0                num_avg
                0x1fff91e4                screen_state
                0x1fff91e8                curve_nums
                0x1fff91ec                device_selection
                0x1fff91f0                write_sd
 COMMON         0x1fff91f4        0xa .\CortexM3\ARM_GCC_541\Debug\Design01.a(ADC_SAR_1.o)
                0x1fff91f4                ADC_SAR_1_countsPerVolt
                0x1fff91f6                ADC_SAR_1_shift
                0x1fff91f8                ADC_SAR_1_countsPer10Volt
                0x1fff91fc                ADC_SAR_1_offset
 COMMON         0x1fff91fe        0x1 .\CortexM3\ARM_GCC_541\Debug\Design01.a(I2C.o)
                0x1fff91fe                I2C_state
 *fill*         0x1fff91ff        0x1 
 COMMON         0x1fff9200       0x10 .\CortexM3\ARM_GCC_541\Debug\Design01.a(I2C_MASTER.o)
                0x1fff9200                I2C_mstrWrBufIndex
                0x1fff9201                I2C_mstrWrBufSize
                0x1fff9202                I2C_mstrStatus
                0x1fff9204                I2C_mstrRdBufPtr
                0x1fff9208                I2C_mstrControl
                0x1fff9209                I2C_mstrRdBufSize
                0x1fff920a                I2C_mstrRdBufIndex
                0x1fff920c                I2C_mstrWrBufPtr
 COMMON         0x1fff9210       0x84 .\emFile_V322c\LinkLibrary\PSoC5\GCC\libemf16nosnlfn.a(FS_Core.o)
                0x1fff9210                FS_Global
                0x1fff9290                FS_NumBytesAllocated
 COMMON         0x1fff9294        0x4 d:/psoc/psoc creator/4.2/psoc creator/import/gnu/arm/5.4.1/bin/../lib/gcc/arm-none-eabi/5.4.1/../../../../arm-none-eabi/lib/armv7-m\libg_nano.a(lib_a-reent.o)
                0x1fff9294                errno
                0x1fff9298                . = ALIGN (0x8)
 *(.ram.b)
                0x1fff9298                _end = .
                0x1fff9298                __end = .
                0x1fff9298                PROVIDE (end, .)
                0x1fff9298                PROVIDE (__bss_end__, .)
                0x00009d50                __cy_region_init_ram = LOADADDR (.data)
                0x000000c8                __cy_region_init_size_ram = (_edata - ADDR (.data))
                0x00001108                __cy_region_zero_size_ram = (_end - _edata)

.heap           0x1fff9298     0x1000 load address 0x00009e18
                0x1fff9298                . = _end
                0x1fffa298                . = (. + 0x1000)
 *fill*         0x1fff9298     0x1000 
                0x1fffa298                __cy_heap_limit = .

.stack          0x20007800      0x800
                0x20007800                __cy_stack_limit = .
                0x20008000                . = (. + 0x800)
 *fill*         0x20007800      0x800 
                0x00000001                ASSERT ((__cy_stack_limit >= __cy_heap_limit), region RAM overflowed with stack)
                0x00000000                cy_checksum_exclude_size = (CY_APPL_LOADABLE == 0x1)?SIZEOF (.cy_checksum_exclude):0x0
                0x00000001                ASSERT ((cy_checksum_exclude_size <= CY_CHECKSUM_EXCLUDE_SIZE), CY_BOOT: Section .cy_checksum_exclude size exceedes specified limit.)

.cyloadermeta
 *(.cyloadermeta)

.cyloadablemeta
 *(.cyloadablemeta)

.cyconfigecc    0x80000000      0x5d8
 *(.cyconfigecc)
 .cyconfigecc   0x80000000      0x5d8 .\CortexM3\ARM_GCC_541\Debug\cymetadata.o
                0x80000000                cy_meta_configecc

.cycustnvl      0x90000000        0x4
 *(.cycustnvl)
 .cycustnvl     0x90000000        0x4 .\CortexM3\ARM_GCC_541\Debug\cymetadata.o
                0x90000000                cy_meta_custnvl

.cywolatch      0x90100000        0x4
 *(.cywolatch)
 .cywolatch     0x90100000        0x4 .\CortexM3\ARM_GCC_541\Debug\cymetadata.o
                0x90100000                cy_meta_wonvl

.cyeeprom       0x90200000        0x0
 *(.cyeeprom)
                0x00000001                ASSERT ((. <= ((0x90200000 + ee_offset) + ee_size)), .cyeeprom data will not fit in EEPROM)

.cyflashprotect
                0x90400000      0x100
 *(.cyflashprotect)
 .cyflashprotect
                0x90400000      0x100 .\CortexM3\ARM_GCC_541\Debug\cymetadata.o
                0x90400000                cy_meta_flashprotect

.cymeta         0x90500000        0xc
 *(.cymeta)
 .cymeta        0x90500000        0xc .\CortexM3\ARM_GCC_541\Debug\cymetadata.o
                0x90500000                cy_metadata

.rel.dyn        0x00009e18        0x0 load address 0x9050000c
 .rel.iplt      0x00009e18        0x0 d:/psoc/psoc creator/4.2/psoc creator/import/gnu/arm/5.4.1/bin/../lib/gcc/arm-none-eabi/5.4.1/armv7-m/crtbegin.o

.stab
 *(.stab)

.stabstr
 *(.stabstr)

.debug
 *(.debug)

.line
 *(.line)

.debug_srcinfo
 *(.debug_srcinfo)

.debug_sfnames
 *(.debug_sfnames)

.debug_aranges  0x00000000      0xe60
 *(.debug_aranges)
 .debug_aranges
                0x00000000       0x50 .\CortexM3\ARM_GCC_541\Debug\main.o
 .debug_aranges
                0x00000050       0xd0 .\CortexM3\ARM_GCC_541\Debug\screen.o
 .debug_aranges
                0x00000120       0x28 .\CortexM3\ARM_GCC_541\Debug\font.o
 .debug_aranges
                0x00000148       0x38 .\CortexM3\ARM_GCC_541\Debug\sd.o
 .debug_aranges
                0x00000180       0x20 .\CortexM3\ARM_GCC_541\Debug\uifunctions.o
 .debug_aranges
                0x000001a0       0x58 .\CortexM3\ARM_GCC_541\Debug\cyfitter_cfg.o
 .debug_aranges
                0x000001f8       0x18 .\CortexM3\ARM_GCC_541\Debug\cymetadata.o
 .debug_aranges
                0x00000210       0x48 .\CortexM3\ARM_GCC_541\Debug\Cm3Start.o
 .debug_aranges
                0x00000258      0x288 .\CortexM3\ARM_GCC_541\Debug\Design01.a(CyLib.o)
 .debug_aranges
                0x000004e0       0x78 .\CortexM3\ARM_GCC_541\Debug\Design01.a(cyPm.o)
 .debug_aranges
                0x00000558       0x38 .\CortexM3\ARM_GCC_541\Debug\Design01.a(SS.o)
 .debug_aranges
                0x00000590       0x38 .\CortexM3\ARM_GCC_541\Debug\Design01.a(D_C.o)
 .debug_aranges
                0x000005c8       0x38 .\CortexM3\ARM_GCC_541\Debug\Design01.a(Reset.o)
 .debug_aranges
                0x00000600       0x70 .\CortexM3\ARM_GCC_541\Debug\Design01.a(Clock.o)
 .debug_aranges
                0x00000670       0xb0 .\CortexM3\ARM_GCC_541\Debug\Design01.a(SPIM.o)
 .debug_aranges
                0x00000720       0x58 .\CortexM3\ARM_GCC_541\Debug\Design01.a(VDAC8_DS.o)
 .debug_aranges
                0x00000778       0x58 .\CortexM3\ARM_GCC_541\Debug\Design01.a(VDAC8_GS.o)
 .debug_aranges
                0x000007d0       0xa0 .\CortexM3\ARM_GCC_541\Debug\Design01.a(ADC_SAR_1.o)
 .debug_aranges
                0x00000870       0x20 .\CortexM3\ARM_GCC_541\Debug\Design01.a(ADC_SAR_1_INT.o)
 .debug_aranges
                0x00000890       0x30 .\CortexM3\ARM_GCC_541\Debug\Design01.a(ADC_SAR_1_PM.o)
 .debug_aranges
                0x000008c0       0x80 .\CortexM3\ARM_GCC_541\Debug\Design01.a(ADC_SAR_1_theACLK.o)
 .debug_aranges
                0x00000940       0x38 .\CortexM3\ARM_GCC_541\Debug\Design01.a(I2C.o)
 .debug_aranges
                0x00000978       0x20 .\CortexM3\ARM_GCC_541\Debug\Design01.a(I2C_INT.o)
 .debug_aranges
                0x00000998       0x38 .\CortexM3\ARM_GCC_541\Debug\Design01.a(I2C_PM.o)
 .debug_aranges
                0x000009d0       0x80 .\CortexM3\ARM_GCC_541\Debug\Design01.a(I2C_MASTER.o)
 .debug_aranges
                0x00000a50       0x88 .\CortexM3\ARM_GCC_541\Debug\Design01.a(isr.o)
 .debug_aranges
                0x00000ad8       0x30 .\CortexM3\ARM_GCC_541\Debug\Design01.a(AMux_1.o)
 .debug_aranges
                0x00000b08       0x30 .\CortexM3\ARM_GCC_541\Debug\Design01.a(AMux_2.o)
 .debug_aranges
                0x00000b38       0x30 .\CortexM3\ARM_GCC_541\Debug\Design01.a(AMux_3.o)
 .debug_aranges
                0x00000b68       0x20 .\CortexM3\ARM_GCC_541\Debug\Design01.a(CyBootAsmGnu.o)
 .debug_aranges
                0x00000b88       0x80 .\CortexM3\ARM_GCC_541\Debug\Design01.a(CyFlash.o)
 .debug_aranges
                0x00000c08       0x80 .\CortexM3\ARM_GCC_541\Debug\Design01.a(CySpc.o)
 .debug_aranges
                0x00000c88       0x28 .\CortexM3\ARM_GCC_541\Debug\Design01.a(emFile_1_ConfigMMC_SPI.o)
 .debug_aranges
                0x00000cb0       0x58 .\CortexM3\ARM_GCC_541\Debug\Design01.a(emFile_1_MMC_HW_SPI.o)
 .debug_aranges
                0x00000d08       0xb0 .\CortexM3\ARM_GCC_541\Debug\Design01.a(emFile_1_SPI0.o)
 .debug_aranges
                0x00000db8       0x70 .\CortexM3\ARM_GCC_541\Debug\Design01.a(emFile_1_Clock_1.o)
 .debug_aranges
                0x00000e28       0x38 .\CortexM3\ARM_GCC_541\Debug\Design01.a(emFile_1_SPI0_CS.o)

.debug_pubnames
 *(.debug_pubnames)

.debug_info     0x00000000    0x11ff0
 *(.debug_info .gnu.linkonce.wi.*)
 .debug_info    0x00000000     0x13d9 .\CortexM3\ARM_GCC_541\Debug\main.o
 .debug_info    0x000013d9     0x4b31 .\CortexM3\ARM_GCC_541\Debug\screen.o
 .debug_info    0x00005f0a     0x21f1 .\CortexM3\ARM_GCC_541\Debug\font.o
 .debug_info    0x000080fb      0xb2c .\CortexM3\ARM_GCC_541\Debug\sd.o
 .debug_info    0x00008c27      0xded .\CortexM3\ARM_GCC_541\Debug\uifunctions.o
 .debug_info    0x00009a14      0x84c .\CortexM3\ARM_GCC_541\Debug\cyfitter_cfg.o
 .debug_info    0x0000a260      0x137 .\CortexM3\ARM_GCC_541\Debug\cymetadata.o
 .debug_info    0x0000a397      0x3bb .\CortexM3\ARM_GCC_541\Debug\Cm3Start.o
 .debug_info    0x0000a752     0x1964 .\CortexM3\ARM_GCC_541\Debug\Design01.a(CyLib.o)
 .debug_info    0x0000c0b6      0x9e2 .\CortexM3\ARM_GCC_541\Debug\Design01.a(cyPm.o)
 .debug_info    0x0000ca98      0x121 .\CortexM3\ARM_GCC_541\Debug\Design01.a(SS.o)
 .debug_info    0x0000cbb9      0x121 .\CortexM3\ARM_GCC_541\Debug\Design01.a(D_C.o)
 .debug_info    0x0000ccda      0x121 .\CortexM3\ARM_GCC_541\Debug\Design01.a(Reset.o)
 .debug_info    0x0000cdfb      0x29b .\CortexM3\ARM_GCC_541\Debug\Design01.a(Clock.o)
 .debug_info    0x0000d096      0x5c0 .\CortexM3\ARM_GCC_541\Debug\Design01.a(SPIM.o)
 .debug_info    0x0000d656      0x2e2 .\CortexM3\ARM_GCC_541\Debug\Design01.a(VDAC8_DS.o)
 .debug_info    0x0000d938      0x2e2 .\CortexM3\ARM_GCC_541\Debug\Design01.a(VDAC8_GS.o)
 .debug_info    0x0000dc1a      0x719 .\CortexM3\ARM_GCC_541\Debug\Design01.a(ADC_SAR_1.o)
 .debug_info    0x0000e333       0x92 .\CortexM3\ARM_GCC_541\Debug\Design01.a(ADC_SAR_1_INT.o)
 .debug_info    0x0000e3c5      0x14e .\CortexM3\ARM_GCC_541\Debug\Design01.a(ADC_SAR_1_PM.o)
 .debug_info    0x0000e513      0x2d8 .\CortexM3\ARM_GCC_541\Debug\Design01.a(ADC_SAR_1_theACLK.o)
 .debug_info    0x0000e7eb      0x31f .\CortexM3\ARM_GCC_541\Debug\Design01.a(I2C.o)
 .debug_info    0x0000eb0a      0x171 .\CortexM3\ARM_GCC_541\Debug\Design01.a(I2C_INT.o)
 .debug_info    0x0000ec7b      0x26e .\CortexM3\ARM_GCC_541\Debug\Design01.a(I2C_PM.o)
 .debug_info    0x0000eee9      0x40b .\CortexM3\ARM_GCC_541\Debug\Design01.a(I2C_MASTER.o)
 .debug_info    0x0000f2f4      0x7fd .\CortexM3\ARM_GCC_541\Debug\Design01.a(isr.o)
 .debug_info    0x0000faf1      0x1c3 .\CortexM3\ARM_GCC_541\Debug\Design01.a(AMux_1.o)
 .debug_info    0x0000fcb4      0x1c3 .\CortexM3\ARM_GCC_541\Debug\Design01.a(AMux_2.o)
 .debug_info    0x0000fe77      0x1c3 .\CortexM3\ARM_GCC_541\Debug\Design01.a(AMux_3.o)
 .debug_info    0x0001003a       0xcc .\CortexM3\ARM_GCC_541\Debug\Design01.a(CyBootAsmGnu.o)
 .debug_info    0x00010106      0x836 .\CortexM3\ARM_GCC_541\Debug\Design01.a(CyFlash.o)
 .debug_info    0x0001093c      0x561 .\CortexM3\ARM_GCC_541\Debug\Design01.a(CySpc.o)
 .debug_info    0x00010e9d      0x2ba .\CortexM3\ARM_GCC_541\Debug\Design01.a(emFile_1_ConfigMMC_SPI.o)
 .debug_info    0x00011157      0x51d .\CortexM3\ARM_GCC_541\Debug\Design01.a(emFile_1_MMC_HW_SPI.o)
 .debug_info    0x00011674      0x5c0 .\CortexM3\ARM_GCC_541\Debug\Design01.a(emFile_1_SPI0.o)
 .debug_info    0x00011c34      0x29b .\CortexM3\ARM_GCC_541\Debug\Design01.a(emFile_1_Clock_1.o)
 .debug_info    0x00011ecf      0x121 .\CortexM3\ARM_GCC_541\Debug\Design01.a(emFile_1_SPI0_CS.o)

.debug_abbrev   0x00000000     0x3867
 *(.debug_abbrev)
 .debug_abbrev  0x00000000      0x2bb .\CortexM3\ARM_GCC_541\Debug\main.o
 .debug_abbrev  0x000002bb      0x42d .\CortexM3\ARM_GCC_541\Debug\screen.o
 .debug_abbrev  0x000006e8      0x223 .\CortexM3\ARM_GCC_541\Debug\font.o
 .debug_abbrev  0x0000090b      0x1a2 .\CortexM3\ARM_GCC_541\Debug\sd.o
 .debug_abbrev  0x00000aad      0x153 .\CortexM3\ARM_GCC_541\Debug\uifunctions.o
 .debug_abbrev  0x00000c00      0x297 .\CortexM3\ARM_GCC_541\Debug\cyfitter_cfg.o
 .debug_abbrev  0x00000e97       0x77 .\CortexM3\ARM_GCC_541\Debug\cymetadata.o
 .debug_abbrev  0x00000f0e      0x1f6 .\CortexM3\ARM_GCC_541\Debug\Cm3Start.o
 .debug_abbrev  0x00001104      0x3bb .\CortexM3\ARM_GCC_541\Debug\Design01.a(CyLib.o)
 .debug_abbrev  0x000014bf      0x1cf .\CortexM3\ARM_GCC_541\Debug\Design01.a(cyPm.o)
 .debug_abbrev  0x0000168e       0x90 .\CortexM3\ARM_GCC_541\Debug\Design01.a(SS.o)
 .debug_abbrev  0x0000171e       0x90 .\CortexM3\ARM_GCC_541\Debug\Design01.a(D_C.o)
 .debug_abbrev  0x000017ae       0x90 .\CortexM3\ARM_GCC_541\Debug\Design01.a(Reset.o)
 .debug_abbrev  0x0000183e      0x142 .\CortexM3\ARM_GCC_541\Debug\Design01.a(Clock.o)
 .debug_abbrev  0x00001980      0x243 .\CortexM3\ARM_GCC_541\Debug\Design01.a(SPIM.o)
 .debug_abbrev  0x00001bc3      0x165 .\CortexM3\ARM_GCC_541\Debug\Design01.a(VDAC8_DS.o)
 .debug_abbrev  0x00001d28      0x165 .\CortexM3\ARM_GCC_541\Debug\Design01.a(VDAC8_GS.o)
 .debug_abbrev  0x00001e8d      0x260 .\CortexM3\ARM_GCC_541\Debug\Design01.a(ADC_SAR_1.o)
 .debug_abbrev  0x000020ed       0x42 .\CortexM3\ARM_GCC_541\Debug\Design01.a(ADC_SAR_1_INT.o)
 .debug_abbrev  0x0000212f       0xdb .\CortexM3\ARM_GCC_541\Debug\Design01.a(ADC_SAR_1_PM.o)
 .debug_abbrev  0x0000220a      0x142 .\CortexM3\ARM_GCC_541\Debug\Design01.a(ADC_SAR_1_theACLK.o)
 .debug_abbrev  0x0000234c      0x18b .\CortexM3\ARM_GCC_541\Debug\Design01.a(I2C.o)
 .debug_abbrev  0x000024d7       0xa9 .\CortexM3\ARM_GCC_541\Debug\Design01.a(I2C_INT.o)
 .debug_abbrev  0x00002580      0x16a .\CortexM3\ARM_GCC_541\Debug\Design01.a(I2C_PM.o)
 .debug_abbrev  0x000026ea      0x12d .\CortexM3\ARM_GCC_541\Debug\Design01.a(I2C_MASTER.o)
 .debug_abbrev  0x00002817      0x242 .\CortexM3\ARM_GCC_541\Debug\Design01.a(isr.o)
 .debug_abbrev  0x00002a59      0x102 .\CortexM3\ARM_GCC_541\Debug\Design01.a(AMux_1.o)
 .debug_abbrev  0x00002b5b      0x102 .\CortexM3\ARM_GCC_541\Debug\Design01.a(AMux_2.o)
 .debug_abbrev  0x00002c5d      0x102 .\CortexM3\ARM_GCC_541\Debug\Design01.a(AMux_3.o)
 .debug_abbrev  0x00002d5f       0x14 .\CortexM3\ARM_GCC_541\Debug\Design01.a(CyBootAsmGnu.o)
 .debug_abbrev  0x00002d73      0x23d .\CortexM3\ARM_GCC_541\Debug\Design01.a(CyFlash.o)
 .debug_abbrev  0x00002fb0      0x193 .\CortexM3\ARM_GCC_541\Debug\Design01.a(CySpc.o)
 .debug_abbrev  0x00003143      0x159 .\CortexM3\ARM_GCC_541\Debug\Design01.a(emFile_1_ConfigMMC_SPI.o)
 .debug_abbrev  0x0000329c      0x1b6 .\CortexM3\ARM_GCC_541\Debug\Design01.a(emFile_1_MMC_HW_SPI.o)
 .debug_abbrev  0x00003452      0x243 .\CortexM3\ARM_GCC_541\Debug\Design01.a(emFile_1_SPI0.o)
 .debug_abbrev  0x00003695      0x142 .\CortexM3\ARM_GCC_541\Debug\Design01.a(emFile_1_Clock_1.o)
 .debug_abbrev  0x000037d7       0x90 .\CortexM3\ARM_GCC_541\Debug\Design01.a(emFile_1_SPI0_CS.o)

.debug_line     0x00000000     0x537d
 *(.debug_line)
 .debug_line    0x00000000      0x3cd .\CortexM3\ARM_GCC_541\Debug\main.o
 .debug_line    0x000003cd      0x90c .\CortexM3\ARM_GCC_541\Debug\screen.o
 .debug_line    0x00000cd9      0x55a .\CortexM3\ARM_GCC_541\Debug\font.o
 .debug_line    0x00001233      0x1a1 .\CortexM3\ARM_GCC_541\Debug\sd.o
 .debug_line    0x000013d4      0x2c1 .\CortexM3\ARM_GCC_541\Debug\uifunctions.o
 .debug_line    0x00001695      0x2a8 .\CortexM3\ARM_GCC_541\Debug\cyfitter_cfg.o
 .debug_line    0x0000193d      0x113 .\CortexM3\ARM_GCC_541\Debug\cymetadata.o
 .debug_line    0x00001a50      0x1eb .\CortexM3\ARM_GCC_541\Debug\Cm3Start.o
 .debug_line    0x00001c3b      0xb0c .\CortexM3\ARM_GCC_541\Debug\Design01.a(CyLib.o)
 .debug_line    0x00002747      0x52a .\CortexM3\ARM_GCC_541\Debug\Design01.a(cyPm.o)
 .debug_line    0x00002c71       0x91 .\CortexM3\ARM_GCC_541\Debug\Design01.a(SS.o)
 .debug_line    0x00002d02       0x92 .\CortexM3\ARM_GCC_541\Debug\Design01.a(D_C.o)
 .debug_line    0x00002d94       0x94 .\CortexM3\ARM_GCC_541\Debug\Design01.a(Reset.o)
 .debug_line    0x00002e28      0x1d7 .\CortexM3\ARM_GCC_541\Debug\Design01.a(Clock.o)
 .debug_line    0x00002fff      0x287 .\CortexM3\ARM_GCC_541\Debug\Design01.a(SPIM.o)
 .debug_line    0x00003286      0x157 .\CortexM3\ARM_GCC_541\Debug\Design01.a(VDAC8_DS.o)
 .debug_line    0x000033dd      0x157 .\CortexM3\ARM_GCC_541\Debug\Design01.a(VDAC8_GS.o)
 .debug_line    0x00003534      0x31d .\CortexM3\ARM_GCC_541\Debug\Design01.a(ADC_SAR_1.o)
 .debug_line    0x00003851       0x56 .\CortexM3\ARM_GCC_541\Debug\Design01.a(ADC_SAR_1_INT.o)
 .debug_line    0x000038a7       0x9c .\CortexM3\ARM_GCC_541\Debug\Design01.a(ADC_SAR_1_PM.o)
 .debug_line    0x00003943      0x203 .\CortexM3\ARM_GCC_541\Debug\Design01.a(ADC_SAR_1_theACLK.o)
 .debug_line    0x00003b46      0x167 .\CortexM3\ARM_GCC_541\Debug\Design01.a(I2C.o)
 .debug_line    0x00003cad      0x12f .\CortexM3\ARM_GCC_541\Debug\Design01.a(I2C_INT.o)
 .debug_line    0x00003ddc       0xfa .\CortexM3\ARM_GCC_541\Debug\Design01.a(I2C_PM.o)
 .debug_line    0x00003ed6      0x2aa .\CortexM3\ARM_GCC_541\Debug\Design01.a(I2C_MASTER.o)
 .debug_line    0x00004180      0x2ca .\CortexM3\ARM_GCC_541\Debug\Design01.a(isr.o)
 .debug_line    0x0000444a       0xa9 .\CortexM3\ARM_GCC_541\Debug\Design01.a(AMux_1.o)
 .debug_line    0x000044f3       0xa9 .\CortexM3\ARM_GCC_541\Debug\Design01.a(AMux_2.o)
 .debug_line    0x0000459c       0xa9 .\CortexM3\ARM_GCC_541\Debug\Design01.a(AMux_3.o)
 .debug_line    0x00004645       0x66 .\CortexM3\ARM_GCC_541\Debug\Design01.a(CyBootAsmGnu.o)
 .debug_line    0x000046ab      0x2c7 .\CortexM3\ARM_GCC_541\Debug\Design01.a(CyFlash.o)
 .debug_line    0x00004972      0x2b9 .\CortexM3\ARM_GCC_541\Debug\Design01.a(CySpc.o)
 .debug_line    0x00004c2b       0xb0 .\CortexM3\ARM_GCC_541\Debug\Design01.a(emFile_1_ConfigMMC_SPI.o)
 .debug_line    0x00004cdb      0x192 .\CortexM3\ARM_GCC_541\Debug\Design01.a(emFile_1_MMC_HW_SPI.o)
 .debug_line    0x00004e6d      0x290 .\CortexM3\ARM_GCC_541\Debug\Design01.a(emFile_1_SPI0.o)
 .debug_line    0x000050fd      0x1e1 .\CortexM3\ARM_GCC_541\Debug\Design01.a(emFile_1_Clock_1.o)
 .debug_line    0x000052de       0x9f .\CortexM3\ARM_GCC_541\Debug\Design01.a(emFile_1_SPI0_CS.o)

.debug_frame    0x00000000     0x3330
 *(.debug_frame)
 .debug_frame   0x00000000      0x110 .\CortexM3\ARM_GCC_541\Debug\main.o
 .debug_frame   0x00000110      0x460 .\CortexM3\ARM_GCC_541\Debug\screen.o
 .debug_frame   0x00000570       0x88 .\CortexM3\ARM_GCC_541\Debug\font.o
 .debug_frame   0x000005f8       0xd0 .\CortexM3\ARM_GCC_541\Debug\sd.o
 .debug_frame   0x000006c8       0x3c .\CortexM3\ARM_GCC_541\Debug\uifunctions.o
 .debug_frame   0x00000704       0xa8 .\CortexM3\ARM_GCC_541\Debug\cyfitter_cfg.o
 .debug_frame   0x000007ac       0xac .\CortexM3\ARM_GCC_541\Debug\Cm3Start.o
 .debug_frame   0x00000858      0x740 .\CortexM3\ARM_GCC_541\Debug\Design01.a(CyLib.o)
 .debug_frame   0x00000f98      0x1f4 .\CortexM3\ARM_GCC_541\Debug\Design01.a(cyPm.o)
 .debug_frame   0x0000118c       0x50 .\CortexM3\ARM_GCC_541\Debug\Design01.a(SS.o)
 .debug_frame   0x000011dc       0x50 .\CortexM3\ARM_GCC_541\Debug\Design01.a(D_C.o)
 .debug_frame   0x0000122c       0x50 .\CortexM3\ARM_GCC_541\Debug\Design01.a(Reset.o)
 .debug_frame   0x0000127c      0x120 .\CortexM3\ARM_GCC_541\Debug\Design01.a(Clock.o)
 .debug_frame   0x0000139c      0x214 .\CortexM3\ARM_GCC_541\Debug\Design01.a(SPIM.o)
 .debug_frame   0x000015b0       0x9c .\CortexM3\ARM_GCC_541\Debug\Design01.a(VDAC8_DS.o)
 .debug_frame   0x0000164c       0x9c .\CortexM3\ARM_GCC_541\Debug\Design01.a(VDAC8_GS.o)
 .debug_frame   0x000016e8      0x1d0 .\CortexM3\ARM_GCC_541\Debug\Design01.a(ADC_SAR_1.o)
 .debug_frame   0x000018b8       0x20 .\CortexM3\ARM_GCC_541\Debug\Design01.a(ADC_SAR_1_INT.o)
 .debug_frame   0x000018d8       0x60 .\CortexM3\ARM_GCC_541\Debug\Design01.a(ADC_SAR_1_PM.o)
 .debug_frame   0x00001938      0x140 .\CortexM3\ARM_GCC_541\Debug\Design01.a(ADC_SAR_1_theACLK.o)
 .debug_frame   0x00001a78       0xac .\CortexM3\ARM_GCC_541\Debug\Design01.a(I2C.o)
 .debug_frame   0x00001b24       0x38 .\CortexM3\ARM_GCC_541\Debug\Design01.a(I2C_INT.o)
 .debug_frame   0x00001b5c       0x94 .\CortexM3\ARM_GCC_541\Debug\Design01.a(I2C_PM.o)
 .debug_frame   0x00001bf0      0x234 .\CortexM3\ARM_GCC_541\Debug\Design01.a(I2C_MASTER.o)
 .debug_frame   0x00001e24      0x140 .\CortexM3\ARM_GCC_541\Debug\Design01.a(isr.o)
 .debug_frame   0x00001f64       0x6c .\CortexM3\ARM_GCC_541\Debug\Design01.a(AMux_1.o)
 .debug_frame   0x00001fd0       0x6c .\CortexM3\ARM_GCC_541\Debug\Design01.a(AMux_2.o)
 .debug_frame   0x0000203c       0x6c .\CortexM3\ARM_GCC_541\Debug\Design01.a(AMux_3.o)
 .debug_frame   0x000020a8      0x214 .\CortexM3\ARM_GCC_541\Debug\Design01.a(CyFlash.o)
 .debug_frame   0x000022bc      0x298 .\CortexM3\ARM_GCC_541\Debug\Design01.a(CySpc.o)
 .debug_frame   0x00002554       0x40 .\CortexM3\ARM_GCC_541\Debug\Design01.a(emFile_1_ConfigMMC_SPI.o)
 .debug_frame   0x00002594       0xd4 .\CortexM3\ARM_GCC_541\Debug\Design01.a(emFile_1_MMC_HW_SPI.o)
 .debug_frame   0x00002668      0x214 .\CortexM3\ARM_GCC_541\Debug\Design01.a(emFile_1_SPI0.o)
 .debug_frame   0x0000287c      0x120 .\CortexM3\ARM_GCC_541\Debug\Design01.a(emFile_1_Clock_1.o)
 .debug_frame   0x0000299c       0x50 .\CortexM3\ARM_GCC_541\Debug\Design01.a(emFile_1_SPI0_CS.o)
 .debug_frame   0x000029ec       0x44 d:/psoc/psoc creator/4.2/psoc creator/import/gnu/arm/5.4.1/bin/../lib/gcc/arm-none-eabi/5.4.1/armv7-m\libgcc.a(_aeabi_ldivmod.o)
 .debug_frame   0x00002a30       0x38 d:/psoc/psoc creator/4.2/psoc creator/import/gnu/arm/5.4.1/bin/../lib/gcc/arm-none-eabi/5.4.1/armv7-m\libgcc.a(_udivmoddi4.o)
 .debug_frame   0x00002a68       0x20 d:/psoc/psoc creator/4.2/psoc creator/import/gnu/arm/5.4.1/bin/../lib/gcc/arm-none-eabi/5.4.1/../../../../arm-none-eabi/lib/armv7-m\libg_nano.a(lib_a-errno.o)
 .debug_frame   0x00002a88       0x28 d:/psoc/psoc creator/4.2/psoc creator/import/gnu/arm/5.4.1/bin/../lib/gcc/arm-none-eabi/5.4.1/../../../../arm-none-eabi/lib/armv7-m\libg_nano.a(lib_a-exit.o)
 .debug_frame   0x00002ab0       0x2c d:/psoc/psoc creator/4.2/psoc creator/import/gnu/arm/5.4.1/bin/../lib/gcc/arm-none-eabi/5.4.1/../../../../arm-none-eabi/lib/armv7-m\libg_nano.a(lib_a-init.o)
 .debug_frame   0x00002adc       0x38 d:/psoc/psoc creator/4.2/psoc creator/import/gnu/arm/5.4.1/bin/../lib/gcc/arm-none-eabi/5.4.1/../../../../arm-none-eabi/lib/armv7-m\libg_nano.a(lib_a-itoa.o)
 .debug_frame   0x00002b14       0x28 d:/psoc/psoc creator/4.2/psoc creator/import/gnu/arm/5.4.1/bin/../lib/gcc/arm-none-eabi/5.4.1/../../../../arm-none-eabi/lib/armv7-m\libg_nano.a(lib_a-memcmp.o)
 .debug_frame   0x00002b3c       0x28 d:/psoc/psoc creator/4.2/psoc creator/import/gnu/arm/5.4.1/bin/../lib/gcc/arm-none-eabi/5.4.1/../../../../arm-none-eabi/lib/armv7-m\libg_nano.a(lib_a-memcpy-stub.o)
 .debug_frame   0x00002b64       0x20 d:/psoc/psoc creator/4.2/psoc creator/import/gnu/arm/5.4.1/bin/../lib/gcc/arm-none-eabi/5.4.1/../../../../arm-none-eabi/lib/armv7-m\libg_nano.a(lib_a-memset.o)
 .debug_frame   0x00002b84       0x8c d:/psoc/psoc creator/4.2/psoc creator/import/gnu/arm/5.4.1/bin/../lib/gcc/arm-none-eabi/5.4.1/../../../../arm-none-eabi/lib/armv7-m\libg_nano.a(lib_a-nano-vfprintf_float.o)
 .debug_frame   0x00002c10       0x60 d:/psoc/psoc creator/4.2/psoc creator/import/gnu/arm/5.4.1/bin/../lib/gcc/arm-none-eabi/5.4.1/../../../../arm-none-eabi/lib/armv7-m\libg_nano.a(lib_a-nano-vfprintf_i.o)
 .debug_frame   0x00002c70       0x70 d:/psoc/psoc creator/4.2/psoc creator/import/gnu/arm/5.4.1/bin/../lib/gcc/arm-none-eabi/5.4.1/../../../../arm-none-eabi/lib/armv7-m\libg_nano.a(lib_a-sprintf.o)
 .debug_frame   0x00002ce0       0x44 d:/psoc/psoc creator/4.2/psoc creator/import/gnu/arm/5.4.1/bin/../lib/gcc/arm-none-eabi/5.4.1/../../../../arm-none-eabi/lib/armv7-m\libg_nano.a(lib_a-utoa.o)
 .debug_frame   0x00002d24       0x6c d:/psoc/psoc creator/4.2/psoc creator/import/gnu/arm/5.4.1/bin/../lib/gcc/arm-none-eabi/5.4.1/../../../../arm-none-eabi/lib/armv7-m\libg_nano.a(lib_a-dtoa.o)