Archive member included to satisfy reference by file (symbol)

.\CortexM3\ARM_GCC_541\Debug\Design01.a(CyLib.o)
                              .\CortexM3\ARM_GCC_541\Debug\Cm3Start.o (CyHalt)
.\CortexM3\ARM_GCC_541\Debug\Design01.a(cyPm.o)
                              .\CortexM3\ARM_GCC_541\Debug\Design01.a(CyLib.o) (CyPmReadStatus)
.\CortexM3\ARM_GCC_541\Debug\Design01.a(SS.o)
                              .\CortexM3\ARM_GCC_541\Debug\screen.o (SS_Write)
.\CortexM3\ARM_GCC_541\Debug\Design01.a(D_C.o)
                              .\CortexM3\ARM_GCC_541\Debug\screen.o (D_C_Write)
.\CortexM3\ARM_GCC_541\Debug\Design01.a(Reset.o)
                              .\CortexM3\ARM_GCC_541\Debug\main.o (Reset_Write)
.\CortexM3\ARM_GCC_541\Debug\Design01.a(Clock.o)
                              .\CortexM3\ARM_GCC_541\Debug\main.o (Clock_Start)
.\CortexM3\ARM_GCC_541\Debug\Design01.a(SPIM.o)
                              .\CortexM3\ARM_GCC_541\Debug\screen.o (SPIM_WriteTxData)
.\CortexM3\ARM_GCC_541\Debug\Design01.a(VDAC8_DS.o)
                              .\CortexM3\ARM_GCC_541\Debug\main.o (VDAC8_DS_SetValue)
.\CortexM3\ARM_GCC_541\Debug\Design01.a(VDAC8_GS.o)
                              .\CortexM3\ARM_GCC_541\Debug\main.o (VDAC8_GS_SetValue)
.\CortexM3\ARM_GCC_541\Debug\Design01.a(ADC_SAR_1.o)
                              .\CortexM3\ARM_GCC_541\Debug\main.o (ADC_SAR_1_Start)
.\CortexM3\ARM_GCC_541\Debug\Design01.a(ADC_SAR_1_INT.o)
                              .\CortexM3\ARM_GCC_541\Debug\Design01.a(ADC_SAR_1.o) (ADC_SAR_1_ISR)
.\CortexM3\ARM_GCC_541\Debug\Design01.a(ADC_SAR_1_PM.o)
                              .\CortexM3\ARM_GCC_541\Debug\main.o (ADC_SAR_1_Sleep)
.\CortexM3\ARM_GCC_541\Debug\Design01.a(ADC_SAR_1_theACLK.o)
                              .\CortexM3\ARM_GCC_541\Debug\Design01.a(ADC_SAR_1.o) (ADC_SAR_1_theACLK_SetModeRegister)
.\CortexM3\ARM_GCC_541\Debug\Design01.a(I2C.o)
                              .\CortexM3\ARM_GCC_541\Debug\main.o (I2C_Start)
.\CortexM3\ARM_GCC_541\Debug\Design01.a(I2C_INT.o)
                              .\CortexM3\ARM_GCC_541\Debug\Design01.a(I2C.o) (I2C_ISR)
.\CortexM3\ARM_GCC_541\Debug\Design01.a(I2C_PM.o)
                              .\CortexM3\ARM_GCC_541\Debug\Design01.a(I2C.o) (I2C_backup)
.\CortexM3\ARM_GCC_541\Debug\Design01.a(I2C_MASTER.o)
                              .\CortexM3\ARM_GCC_541\Debug\Design01.a(I2C.o) (I2C_mstrStatus)
.\CortexM3\ARM_GCC_541\Debug\Design01.a(isr.o)
                              .\CortexM3\ARM_GCC_541\Debug\main.o (isr_Enable)
.\CortexM3\ARM_GCC_541\Debug\Design01.a(AMux_1.o)
                              .\CortexM3\ARM_GCC_541\Debug\main.o (AMux_1_Select)
.\CortexM3\ARM_GCC_541\Debug\Design01.a(AMux_2.o)
                              .\CortexM3\ARM_GCC_541\Debug\main.o (AMux_2_Select)
.\CortexM3\ARM_GCC_541\Debug\Design01.a(AMux_3.o)
                              .\CortexM3\ARM_GCC_541\Debug\main.o (AMux_3_Select)
.\CortexM3\ARM_GCC_541\Debug\Design01.a(emFile_1_PM.o)
                              .\CortexM3\ARM_GCC_541\Debug\uifunctions.o (emFile_1_Sleep)
.\CortexM3\ARM_GCC_541\Debug\Design01.a(emFile_1_SPI0_PM.o)
                              .\CortexM3\ARM_GCC_541\Debug\Design01.a(emFile_1_PM.o) (emFile_1_SPI0_SaveConfig)
.\CortexM3\ARM_GCC_541\Debug\Design01.a(CyBootAsmGnu.o)
                              .\CortexM3\ARM_GCC_541\Debug\cyfitter_cfg.o (CyDelayCycles)
.\CortexM3\ARM_GCC_541\Debug\Design01.a(CyFlash.o)
                              .\CortexM3\ARM_GCC_541\Debug\Design01.a(cyPm.o) (CyFlash_SetWaitCycles)
.\CortexM3\ARM_GCC_541\Debug\Design01.a(CySpc.o)
                              .\CortexM3\ARM_GCC_541\Debug\Design01.a(CyFlash.o) (CySpcStart)
.\CortexM3\ARM_GCC_541\Debug\Design01.a(emFile_1_SPI0.o)
                              .\CortexM3\ARM_GCC_541\Debug\Design01.a(emFile_1_SPI0_PM.o) (emFile_1_SPI0_Enable)
.\emFile_V322c\LinkLibrary\PSoC5\GCC\libemf16nosnlfn.a(FS_Misc.o)
                              .\CortexM3\ARM_GCC_541\Debug\main.o (FS_Init)
.\emFile_V322c\LinkLibrary\PSoC5\GCC\libemf16nosnlfn.a(FS_Storage.o)
                              .\emFile_V322c\LinkLibrary\PSoC5\GCC\libemf16nosnlfn.a(FS_Misc.o) (FS__FindVolume)
.\emFile_V322c\LinkLibrary\PSoC5\GCC\libemf16nosnlfn.a(FS_Unmount.o)
                              .\emFile_V322c\LinkLibrary\PSoC5\GCC\libemf16nosnlfn.a(FS_Misc.o) (FS__UnmountForcedNL)
.\emFile_V322c\LinkLibrary\PSoC5\GCC\libemf16nosnlfn.a(FS_Volume.o)
                              .\emFile_V322c\LinkLibrary\PSoC5\GCC\libemf16nosnlfn.a(FS_Misc.o) (FS__AutoMount)
.\emFile_V322c\LinkLibrary\PSoC5\GCC\libemf16nosnlfn.a(FS_Write.o)
                              .\CortexM3\ARM_GCC_541\Debug\main.o (FS_Write)
.\emFile_V322c\LinkLibrary\PSoC5\GCC\libemf16nosnlfn.a(FAT_CheckDisk.o)
                              .\emFile_V322c\LinkLibrary\PSoC5\GCC\libemf16nosnlfn.a(FS_Volume.o) (FS_FAT__CheckDisk)
.\emFile_V322c\LinkLibrary\PSoC5\GCC\libemf16nosnlfn.a(FAT_Dir.o)
[...]
Memory Configuration

Name             Origin             Length             Attributes
rom              0x00000000         0x00040000         xr
ram              0x1fff8000         0x00010000         xrw
*default*        0x00000000         0xffffffff

Linker script and memory map

LOAD d:/psoc/psoc creator/4.2/psoc creator/import/gnu/arm/5.4.1/bin/../lib/gcc/arm-none-eabi/5.4.1/armv7-m/crti.o
LOAD d:/psoc/psoc creator/4.2/psoc creator/import/gnu/arm/5.4.1/bin/../lib/gcc/arm-none-eabi/5.4.1/armv7-m/crtbegin.o
LOAD d:/psoc/psoc creator/4.2/psoc creator/import/gnu/arm/5.4.1/bin/../lib/gcc/arm-none-eabi/5.4.1/../../../../arm-none-eabi/lib/armv7-m/crt0.o
START GROUP
LOAD .\CortexM3\ARM_GCC_541\Debug\main.o
LOAD .\CortexM3\ARM_GCC_541\Debug\screen.o
LOAD .\CortexM3\ARM_GCC_541\Debug\font.o
LOAD .\CortexM3\ARM_GCC_541\Debug\sd.o
LOAD .\CortexM3\ARM_GCC_541\Debug\uifunctions.o
LOAD .\CortexM3\ARM_GCC_541\Debug\cyfitter_cfg.o
LOAD .\CortexM3\ARM_GCC_541\Debug\cymetadata.o
LOAD .\CortexM3\ARM_GCC_541\Debug\Cm3Start.o
LOAD .\CortexM3\ARM_GCC_541\Debug\Design01.a
LOAD D:\PSoC\PSoC Creator\4.2\PSoC Creator\psoc\content\cycomponentlibrary\CyComponentLibrary.cylib\CortexM3\ARM_GCC_541\Debug\CyComponentLibrary.a
LOAD .\emFile_V322c\LinkLibrary\PSoC5\GCC\libemf16nosnlfn.a
END GROUP
START GROUP
LOAD d:/psoc/psoc creator/4.2/psoc creator/import/gnu/arm/5.4.1/bin/../lib/gcc/arm-none-eabi/5.4.1/armv7-m\libgcc.a
LOAD d:/psoc/psoc creator/4.2/psoc creator/import/gnu/arm/5.4.1/bin/../lib/gcc/arm-none-eabi/5.4.1/../../../../arm-none-eabi/lib/armv7-m\libg_nano.a
LOAD d:/psoc/psoc creator/4.2/psoc creator/import/gnu/arm/5.4.1/bin/../lib/gcc/arm-none-eabi/5.4.1/../../../../arm-none-eabi/lib/armv7-m\libc_nano.a
END GROUP
START GROUP
LOAD d:/psoc/psoc creator/4.2/psoc creator/import/gnu/arm/5.4.1/bin/../lib/gcc/arm-none-eabi/5.4.1/armv7-m\libgcc.a
LOAD d:/psoc/psoc creator/4.2/psoc creator/import/gnu/arm/5.4.1/bin/../lib/gcc/arm-none-eabi/5.4.1/../../../../arm-none-eabi/lib/armv7-m\libc_nano.a
END GROUP
LOAD d:/psoc/psoc creator/4.2/psoc creator/import/gnu/arm/5.4.1/bin/../lib/gcc/arm-none-eabi/5.4.1/armv7-m/crtend.o
LOAD d:/psoc/psoc creator/4.2/psoc creator/import/gnu/arm/5.4.1/bin/../lib/gcc/arm-none-eabi/5.4.1/armv7-m/crtn.o
START GROUP
LOAD d:/psoc/psoc creator/4.2/psoc creator/import/gnu/arm/5.4.1/bin/../lib/gcc/arm-none-eabi/5.4.1/armv7-m\libgcc.a
LOAD d:/psoc/psoc creator/4.2/psoc creator/import/gnu/arm/5.4.1/bin/../lib/gcc/arm-none-eabi/5.4.1/../../../../arm-none-eabi/lib/armv7-m\libc.a
LOAD d:/psoc/psoc creator/4.2/psoc creator/import/gnu/arm/5.4.1/bin/../lib/gcc/arm-none-eabi/5.4.1/../../../../arm-none-eabi/lib/armv7-m\libnosys.a
END GROUP
                0x00000000                CY_APPL_ORIGIN = 0x0
                0x00000100                CY_FLASH_ROW_SIZE = 0x100
                0x00000020                CY_ECC_ROW_SIZE = 0x20
                0x00000000                CY_EE_IN_BTLDR = 0x0
                0x00000000                CY_APPL_LOADABLE = 0x0
                0x00000800                CY_EE_SIZE = 0x800
                0x00000001                CY_APPL_NUM = 0x1
                0x00000001                CY_APPL_MAX = 0x1
                0x00000040                CY_METADATA_SIZE = 0x40
                0x00000000                CY_APPL_LOADABLE = 0x0
                0x00000000                CY_CHECKSUM_EXCLUDE_SIZE = ALIGN (0x0, CY_FLASH_ROW_SIZE)
                [!provide]                PROVIDE (__cy_heap_start, _end)
                0x00000001                PROVIDE (__cy_region_num, ((__cy_regions_end - __cy_regions) / 0x10))
                0x20008000                PROVIDE (__cy_stack, (ORIGIN (ram) + LENGTH (ram)))
                [!provide]                PROVIDE (__cy_heap_end, (__cy_stack - 0x800))

.cybootloader   0x00000000        0x0
 *(.cybootloader)
                0x00000000                appl1_start = CY_APPL_ORIGIN?CY_APPL_ORIGIN:ALIGN (CY_FLASH_ROW_SIZE)
                0x0001ff00                appl2_start = (appl1_start + ALIGN ((((LENGTH (rom) - appl1_start) - (0x2 * CY_FLASH_ROW_SIZE)) / 0x2), CY_FLASH_ROW_SIZE))
                0x00000000                appl_start = (CY_APPL_NUM == 0x1)?appl1_start:appl2_start
                0x00000000                ecc_offset = ((appl_start / CY_FLASH_ROW_SIZE) * CY_ECC_ROW_SIZE)
                0x00000000                ee_offset = (CY_APPL_LOADABLE && ! (CY_EE_IN_BTLDR))?((CY_EE_SIZE / CY_APPL_MAX) * (CY_APPL_NUM - 0x1)):0x0
                0x00000800                ee_size = (CY_APPL_LOADABLE && ! (CY_EE_IN_BTLDR))?(CY_EE_SIZE / CY_APPL_MAX):CY_EE_SIZE
                [!provide]                PROVIDE (CY_ECC_OFFSET, ecc_offset)

.text           0x00000000     0x885c
 CREATE_OBJECT_SYMBOLS
                0x00000000                PROVIDE (__cy_interrupt_vector, RomVectors)
 *(.romvectors)
 .romvectors    0x00000000       0x10 .\CortexM3\ARM_GCC_541\Debug\Cm3Start.o
                0x00000000                RomVectors
                0x00000001                ASSERT ((. != __cy_interrupt_vector), No interrupt vector)
                0x00000001                ASSERT (CY_APPL_ORIGIN?(SIZEOF (.cybootloader) <= CY_APPL_ORIGIN):0x1, Wrong image location)
                0x00000010                PROVIDE (__cy_reset, Reset)
 *(.text.Reset)
 .text.Reset    0x00000010       0x18 .\CortexM3\ARM_GCC_541\Debug\Cm3Start.o
                0x00000010                Reset
                0x00000001                ASSERT ((. != __cy_reset), No reset code)
 *(.dma_init)
                0x00000001                ASSERT ((((appl_start + .) <= 0x10000) || 0x1), DMA Init must be within the first 64k of flash)
 *(.text .text.* .gnu.linkonce.t.*)
 .text          0x00000028       0x5c d:/psoc/psoc creator/4.2/psoc creator/import/gnu/arm/5.4.1/bin/../lib/gcc/arm-none-eabi/5.4.1/armv7-m/crtbegin.o
 .text.set_transistor_test_type
                0x00000084       0x30 .\CortexM3\ARM_GCC_541\Debug\main.o
                0x00000084                set_transistor_test_type
 .text.single_test
                0x000000b4       0x3c .\CortexM3\ARM_GCC_541\Debug\main.o
                0x000000b4                single_test
 .text.single_test_preset_vds
                0x000000f0       0x34 .\CortexM3\ARM_GCC_541\Debug\main.o
                0x000000f0                single_test_preset_vds
 .text.vgs_th_find
                0x00000124       0x48 .\CortexM3\ARM_GCC_541\Debug\main.o
                0x00000124                vgs_th_find
 .text.vgs_max_id_find
                0x0000016c       0x58 .\CortexM3\ARM_GCC_541\Debug\main.o
                0x0000016c                vgs_max_id_find
 *fill*         0x000001c4        0x4 
 .text.run_test
                0x000001c8      0x1dc .\CortexM3\ARM_GCC_541\Debug\main.o
                0x000001c8                run_test
 *fill*         0x000003a4        0x4 
 .text.main     0x000003a8      0x368 .\CortexM3\ARM_GCC_541\Debug\main.o
                0x000003a8                main
 .text.writecommand
                0x00000710       0x24 .\CortexM3\ARM_GCC_541\Debug\screen.o
                0x00000710                writecommand
 .text.writedata
                0x00000734       0x24 .\CortexM3\ARM_GCC_541\Debug\screen.o
                0x00000734                writedata
 .text.setAddrWindow
                0x00000758       0xc0 .\CortexM3\ARM_GCC_541\Debug\screen.o
                0x00000758                setAddrWindow
 .text.draw_rect
                0x00000818       0x90 .\CortexM3\ARM_GCC_541\Debug\screen.o
                0x00000818                draw_rect
 .text.fill_rect
                0x000008a8       0x2c .\CortexM3\ARM_GCC_541\Debug\screen.o
                0x000008a8                fill_rect
 .text.fill_screen
                0x000008d4       0x1c .\CortexM3\ARM_GCC_541\Debug\screen.o
                0x000008d4                fill_screen
 .text.StartScreen
                0x000008f0       0x40 .\CortexM3\ARM_GCC_541\Debug\screen.o
                0x000008f0                StartScreen
 .text.change_pixel
                0x00000930       0x50 .\CortexM3\ARM_GCC_541\Debug\screen.o
                0x00000930                change_pixel
 .text.draw_pixel
                0x00000980       0x18 .\CortexM3\ARM_GCC_541\Debug\screen.o
                0x00000980                draw_pixel
 .text.write_line
                0x00000998       0xc0 .\CortexM3\ARM_GCC_541\Debug\screen.o
                0x00000998                write_line
 .text.drawFastHLine
                0x00000a58       0x18 .\CortexM3\ARM_GCC_541\Debug\screen.o
                0x00000a58                drawFastHLine
 .text.drawFastVLine
                0x00000a70       0x18 .\CortexM3\ARM_GCC_541\Debug\screen.o
                0x00000a70                drawFastVLine
 .text.draw_line
                0x00000a88       0x4c .\CortexM3\ARM_GCC_541\Debug\screen.o
                0x00000a88                draw_line
 .text.draw_button
                0x00000ad4      0x150 .\CortexM3\ARM_GCC_541\Debug\screen.o
                0x00000ad4                draw_button
 .text.draw_coordinates
                0x00000c24      0x180 .\CortexM3\ARM_GCC_541\Debug\screen.o
                0x00000c24                draw_coordinates
 .text.draw_choose_screen
                0x00000da4       0xe4 .\CortexM3\ARM_GCC_541\Debug\screen.o
                0x00000da4                draw_choose_screen
 .text.draw_options_screen
                0x00000e88      0x130 .\CortexM3\ARM_GCC_541\Debug\screen.o
                0x00000e88                draw_options_screen
 .text.draw_options_averages_screen
                0x00000fb8      0x10c .\CortexM3\ARM_GCC_541\Debug\screen.o
                0x00000fb8                draw_options_averages_screen
 .text.draw_options_sd_screen
                0x000010c4      0x130 .\CortexM3\ARM_GCC_541\Debug\screen.o
                0x000010c4                draw_options_sd_screen
 .text.draw_options_curves_screen
                0x000011f4       0xac .\CortexM3\ARM_GCC_541\Debug\screen.o
                0x000011f4                draw_options_curves_screen
 .text.draw_options_settling_screen
                0x000012a0       0x5c .\CortexM3\ARM_GCC_541\Debug\screen.o
                0x000012a0                draw_options_settling_screen
 .text.draw_debug_screen
                0x000012fc       0xb4 .\CortexM3\ARM_GCC_541\Debug\screen.o
                0x000012fc                draw_debug_screen
 .text.draw_character
                0x000013b0       0x8c .\CortexM3\ARM_GCC_541\Debug\font.o
                0x000013b0                draw_character
 .text.draw_string
                0x0000143c      0x324 .\CortexM3\ARM_GCC_541\Debug\font.o
                0x0000143c                draw_string
 .text.create_file_with_text
                0x00001760       0x28 .\CortexM3\ARM_GCC_541\Debug\sd.o
                0x00001760                create_file_with_text
 .text.append_file
                0x00001788       0x28 .\CortexM3\ARM_GCC_541\Debug\sd.o
                0x00001788                append_file
 .text.write_header_info
                0x000017b0      0x108 .\CortexM3\ARM_GCC_541\Debug\sd.o
                0x000017b0                write_header_info
 .text.write_data
                0x000018b8       0xc4 .\CortexM3\ARM_GCC_541\Debug\sd.o
                0x000018b8                write_data
 .text.ui_control
                0x0000197c      0x538 .\CortexM3\ARM_GCC_541\Debug\uifunctions.o
                0x0000197c                ui_control
 .text.CyClockStartupError
                0x00001eb4        0x4 .\CortexM3\ARM_GCC_541\Debug\cyfitter_cfg.o
 .text.cfg_write_bytes32
                0x00001eb8       0x34 .\CortexM3\ARM_GCC_541\Debug\cyfitter_cfg.o
 .text.CYMEMZERO
                0x00001eec        0xc .\CortexM3\ARM_GCC_541\Debug\cyfitter_cfg.o
 .text.AnalogSetDefault
                0x00001ef8       0x7c .\CortexM3\ARM_GCC_541\Debug\cyfitter_cfg.o
 .text.CYCONFIGCPY
                0x00001f74        0x8 .\CortexM3\ARM_GCC_541\Debug\cyfitter_cfg.o
 .text.ClockSetup
                0x00001f7c       0xf0 .\CortexM3\ARM_GCC_541\Debug\cyfitter_cfg.o
 .text.AMux_1_Set
                0x0000206c       0x1c .\CortexM3\ARM_GCC_541\Debug\cyfitter_cfg.o
                0x0000206c                AMux_1_Set
 .text.AMux_1_Unset
                0x00002088       0x1c .\CortexM3\ARM_GCC_541\Debug\cyfitter_cfg.o
                0x00002088                AMux_1_Unset
 .text.AMux_2_Set
                0x000020a4       0x1c .\CortexM3\ARM_GCC_541\Debug\cyfitter_cfg.o
                0x000020a4                AMux_2_Set
 .text.AMux_2_Unset
                0x000020c0       0x20 .\CortexM3\ARM_GCC_541\Debug\cyfitter_cfg.o
                0x000020c0                AMux_2_Unset
 .text.AMux_3_Set
                0x000020e0       0x20 .\CortexM3\ARM_GCC_541\Debug\cyfitter_cfg.o
                0x000020e0                AMux_3_Set
 .text.AMux_3_Unset
                0x00002100       0x20 .\CortexM3\ARM_GCC_541\Debug\cyfitter_cfg.o
                0x00002100                AMux_3_Unset
 .text.cyfitter_cfg
                0x00002120      0x130 .\CortexM3\ARM_GCC_541\Debug\cyfitter_cfg.o
                0x00002120                cyfitter_cfg
 .text.IntDefaultHandler
                0x00002250       0x10 .\CortexM3\ARM_GCC_541\Debug\Cm3Start.o
                0x00002250                IntDefaultHandler
 .text._sbrk    0x00002260       0x30 .\CortexM3\ARM_GCC_541\Debug\Cm3Start.o
                0x00002260                _sbrk
 .text.Start_c  0x00002290       0x4c .\CortexM3\ARM_GCC_541\Debug\Cm3Start.o
                0x00002290                Start_c
 .text.initialize_psoc
                0x000022dc       0x68 .\CortexM3\ARM_GCC_541\Debug\Cm3Start.o
                0x000022dc                initialize_psoc
 .text.CyHalt   0x00002344        0x4 .\CortexM3\ARM_GCC_541\Debug\Design01.a(CyLib.o)
                0x00002344                CyHalt
 .text.CyDelay  0x00002348       0x2c .\CortexM3\ARM_GCC_541\Debug\Design01.a(CyLib.o)
                0x00002348                CyDelay
 .text.CyDelayUs
                0x00002374       0x14 .\CortexM3\ARM_GCC_541\Debug\Design01.a(CyLib.o)
                0x00002374                CyDelayUs
 .text.CyIntSetVector
                0x00002388       0x28 .\CortexM3\ARM_GCC_541\Debug\Design01.a(CyLib.o)
                0x00002388                CyIntSetVector
 .text.CyIntSetPriority
                0x000023b0       0x30 .\CortexM3\ARM_GCC_541\Debug\Design01.a(CyLib.o)
                0x000023b0                CyIntSetPriority
 .text.SS_Write
                0x000023e0       0x18 .\CortexM3\ARM_GCC_541\Debug\Design01.a(SS.o)
                0x000023e0                SS_Write
 .text.SS_Read  0x000023f8       0x10 .\CortexM3\ARM_GCC_541\Debug\Design01.a(SS.o)
                0x000023f8                SS_Read
 .text.D_C_Write
                0x00002408       0x18 .\CortexM3\ARM_GCC_541\Debug\Design01.a(D_C.o)
                0x00002408                D_C_Write
 .text.Reset_Write
                0x00002420       0x18 .\CortexM3\ARM_GCC_541\Debug\Design01.a(Reset.o)
                0x00002420                Reset_Write
 .text.Clock_Start
                0x00002438       0x1c .\CortexM3\ARM_GCC_541\Debug\Design01.a(Clock.o)
                0x00002438                Clock_Start
 .text.SPIM_Enable
                0x00002454       0x30 .\CortexM3\ARM_GCC_541\Debug\Design01.a(SPIM.o)
                0x00002454                SPIM_Enable
 .text.SPIM_ReadTxStatus
                0x00002484        0xc .\CortexM3\ARM_GCC_541\Debug\Design01.a(SPIM.o)
                0x00002484                SPIM_ReadTxStatus
 .text.SPIM_ReadRxStatus
                0x00002490        0xc .\CortexM3\ARM_GCC_541\Debug\Design01.a(SPIM.o)
                0x00002490                SPIM_ReadRxStatus
 .text.SPIM_WriteTxData
                0x0000249c       0x18 .\CortexM3\ARM_GCC_541\Debug\Design01.a(SPIM.o)
                0x0000249c                SPIM_WriteTxData
 .text.SPIM_ClearFIFO
                0x000024b4       0x3c .\CortexM3\ARM_GCC_541\Debug\Design01.a(SPIM.o)
                0x000024b4                SPIM_ClearFIFO
 .text.SPIM_Init
                0x000024f0       0x28 .\CortexM3\ARM_GCC_541\Debug\Design01.a(SPIM.o)
                0x000024f0                SPIM_Init
 .text.SPIM_Start
                0x00002518       0x1c .\CortexM3\ARM_GCC_541\Debug\Design01.a(SPIM.o)
                0x00002518                SPIM_Start
 .text.VDAC8_DS_Enable
                0x00002534       0x1c .\CortexM3\ARM_GCC_541\Debug\Design01.a(VDAC8_DS.o)
                0x00002534                VDAC8_DS_Enable
 .text.VDAC8_DS_SetSpeed
                0x00002550       0x1c .\CortexM3\ARM_GCC_541\Debug\Design01.a(VDAC8_DS.o)
                0x00002550                VDAC8_DS_SetSpeed
 .text.VDAC8_DS_SetValue
                0x0000256c        0xc .\CortexM3\ARM_GCC_541\Debug\Design01.a(VDAC8_DS.o)
                0x0000256c                VDAC8_DS_SetValue
 .text.VDAC8_DS_DacTrim
                0x00002578       0x24 .\CortexM3\ARM_GCC_541\Debug\Design01.a(VDAC8_DS.o)
                0x00002578                VDAC8_DS_DacTrim
 .text.VDAC8_DS_SetRange
                0x0000259c       0x20 .\CortexM3\ARM_GCC_541\Debug\Design01.a(VDAC8_DS.o)
                0x0000259c                VDAC8_DS_SetRange
 .text.VDAC8_DS_Init
                0x000025bc       0x20 .\CortexM3\ARM_GCC_541\Debug\Design01.a(VDAC8_DS.o)
                0x000025bc                VDAC8_DS_Init
 .text.VDAC8_DS_Start
                0x000025dc       0x24 .\CortexM3\ARM_GCC_541\Debug\Design01.a(VDAC8_DS.o)
                0x000025dc                VDAC8_DS_Start
 .text.VDAC8_GS_Enable
                0x00002600       0x1c .\CortexM3\ARM_GCC_541\Debug\Design01.a(VDAC8_GS.o)
                0x00002600                VDAC8_GS_Enable
 .text.VDAC8_GS_SetSpeed
                0x0000261c       0x1c .\CortexM3\ARM_GCC_541\Debug\Design01.a(VDAC8_GS.o)
                0x0000261c                VDAC8_GS_SetSpeed
 .text.VDAC8_GS_SetValue
                0x00002638        0xc .\CortexM3\ARM_GCC_541\Debug\Design01.a(VDAC8_GS.o)
                0x00002638                VDAC8_GS_SetValue
 .text.VDAC8_GS_DacTrim
                0x00002644       0x24 .\CortexM3\ARM_GCC_541\Debug\Design01.a(VDAC8_GS.o)
                0x00002644                VDAC8_GS_DacTrim
 .text.VDAC8_GS_SetRange
                0x00002668       0x20 .\CortexM3\ARM_GCC_541\Debug\Design01.a(VDAC8_GS.o)
                0x00002668                VDAC8_GS_SetRange
 .text.VDAC8_GS_Init
                0x00002688       0x20 .\CortexM3\ARM_GCC_541\Debug\Design01.a(VDAC8_GS.o)
                0x00002688                VDAC8_GS_Init
 .text.VDAC8_GS_Start
                0x000026a8       0x24 .\CortexM3\ARM_GCC_541\Debug\Design01.a(VDAC8_GS.o)
                0x000026a8                VDAC8_GS_Start
 .text.ADC_SAR_1_CalcGain
                0x000026cc       0x5c .\CortexM3\ARM_GCC_541\Debug\Design01.a(ADC_SAR_1.o)
 .text.ADC_SAR_1_Enable
                0x00002728       0x94 .\CortexM3\ARM_GCC_541\Debug\Design01.a(ADC_SAR_1.o)
                0x00002728                ADC_SAR_1_Enable
 .text.ADC_SAR_1_Stop
                0x000027bc       0x48 .\CortexM3\ARM_GCC_541\Debug\Design01.a(ADC_SAR_1.o)
                0x000027bc                ADC_SAR_1_Stop
 .text.ADC_SAR_1_SetResolution
                0x00002804       0x38 .\CortexM3\ARM_GCC_541\Debug\Design01.a(ADC_SAR_1.o)
                0x00002804                ADC_SAR_1_SetResolution
 .text.ADC_SAR_1_Init
                0x0000283c       0x3c .\CortexM3\ARM_GCC_541\Debug\Design01.a(ADC_SAR_1.o)
                0x0000283c                ADC_SAR_1_Init
 .text.ADC_SAR_1_Start
                0x00002878       0x1c .\CortexM3\ARM_GCC_541\Debug\Design01.a(ADC_SAR_1.o)
                0x00002878                ADC_SAR_1_Start
 .text.ADC_SAR_1_StartConvert
                0x00002894       0x18 .\CortexM3\ARM_GCC_541\Debug\Design01.a(ADC_SAR_1.o)
                0x00002894                ADC_SAR_1_StartConvert
 .text.ADC_SAR_1_StopConvert
                0x000028ac       0x18 .\CortexM3\ARM_GCC_541\Debug\Design01.a(ADC_SAR_1.o)
                0x000028ac                ADC_SAR_1_StopConvert
 .text.ADC_SAR_1_IsEndConversion
                0x000028c4       0x24 .\CortexM3\ARM_GCC_541\Debug\Design01.a(ADC_SAR_1.o)
                0x000028c4                ADC_SAR_1_IsEndConversion
 .text.ADC_SAR_1_GetResult16
                0x000028e8       0x18 .\CortexM3\ARM_GCC_541\Debug\Design01.a(ADC_SAR_1.o)
                0x000028e8                ADC_SAR_1_GetResult16
 .text.ADC_SAR_1_CountsTo_mVolts
                0x00002900       0x58 .\CortexM3\ARM_GCC_541\Debug\Design01.a(ADC_SAR_1.o)
                0x00002900                ADC_SAR_1_CountsTo_mVolts
 .text.ADC_SAR_1_ISR
                0x00002958        0x4 .\CortexM3\ARM_GCC_541\Debug\Design01.a(ADC_SAR_1_INT.o)
                0x00002958                ADC_SAR_1_ISR
 .text.ADC_SAR_1_Sleep
                0x0000295c       0x40 .\CortexM3\ARM_GCC_541\Debug\Design01.a(ADC_SAR_1_PM.o)
                0x0000295c                ADC_SAR_1_Sleep
 .text.ADC_SAR_1_Wakeup
                0x0000299c       0x20 .\CortexM3\ARM_GCC_541\Debug\Design01.a(ADC_SAR_1_PM.o)
                0x0000299c                ADC_SAR_1_Wakeup
 .text.ADC_SAR_1_theACLK_SetModeRegister
                0x000029bc       0x14 .\CortexM3\ARM_GCC_541\Debug\Design01.a(ADC_SAR_1_theACLK.o)
                0x000029bc                ADC_SAR_1_theACLK_SetModeRegister
 .text.I2C_Init
                0x000029d0       0x68 .\CortexM3\ARM_GCC_541\Debug\Design01.a(I2C.o)
                0x000029d0                I2C_Init
 .text.I2C_Enable
                0x00002a38       0x24 .\CortexM3\ARM_GCC_541\Debug\Design01.a(I2C.o)
                0x00002a38                I2C_Enable
 .text.I2C_Start
                0x00002a5c       0x28 .\CortexM3\ARM_GCC_541\Debug\Design01.a(I2C.o)
                0x00002a5c                I2C_Start
 .text.I2C_Stop
                0x00002a84       0xb4 .\CortexM3\ARM_GCC_541\Debug\Design01.a(I2C.o)
                0x00002a84                I2C_Stop
 .text.I2C_ISR  0x00002b38      0x2d0 .\CortexM3\ARM_GCC_541\Debug\Design01.a(I2C_INT.o)
                0x00002b38                I2C_ISR
 .text.I2C_MasterSendStart
                0x00002e08       0x80 .\CortexM3\ARM_GCC_541\Debug\Design01.a(I2C_MASTER.o)
                0x00002e08                I2C_MasterSendStart
 .text.I2C_MasterSendRestart
                0x00002e88       0x6c .\CortexM3\ARM_GCC_541\Debug\Design01.a(I2C_MASTER.o)
                0x00002e88                I2C_MasterSendRestart
 .text.I2C_MasterSendStop
                0x00002ef4       0x38 .\CortexM3\ARM_GCC_541\Debug\Design01.a(I2C_MASTER.o)
                0x00002ef4                I2C_MasterSendStop
 .text.I2C_MasterWriteByte
                0x00002f2c       0x58 .\CortexM3\ARM_GCC_541\Debug\Design01.a(I2C_MASTER.o)
                0x00002f2c                I2C_MasterWriteByte
 .text.I2C_MasterReadByte
                0x00002f84       0x58 .\CortexM3\ARM_GCC_541\Debug\Design01.a(I2C_MASTER.o)
                0x00002f84                I2C_MasterReadByte
 .text.get_touch
                0x00002fdc       0x6c .\CortexM3\ARM_GCC_541\Debug\Design01.a(isr.o)
                0x00002fdc                get_touch
 .text.isr_SetVector
                0x00003048        0xc .\CortexM3\ARM_GCC_541\Debug\Design01.a(isr.o)
                0x00003048                isr_SetVector
 .text.isr_SetPriority
                0x00003054       0x10 .\CortexM3\ARM_GCC_541\Debug\Design01.a(isr.o)
                0x00003054                isr_SetPriority
 .text.isr_Enable
                0x00003064        0xc .\CortexM3\ARM_GCC_541\Debug\Design01.a(isr.o)
                0x00003064                isr_Enable
 .text.isr_Disable
                0x00003070        0xc .\CortexM3\ARM_GCC_541\Debug\Design01.a(isr.o)
                0x00003070                isr_Disable
 .text.isr_Start
                0x0000307c       0x1c .\CortexM3\ARM_GCC_541\Debug\Design01.a(isr.o)
                0x0000307c                isr_Start
 .text.isr_ClearPending
                0x00003098        0xc .\CortexM3\ARM_GCC_541\Debug\Design01.a(isr.o)
                0x00003098                isr_ClearPending
 .text.isr_Interrupt
                0x000030a4       0x20 .\CortexM3\ARM_GCC_541\Debug\Design01.a(isr.o)
                0x000030a4                isr_Interrupt
 .text.AMux_1_Start
                0x000030c4       0x20 .\CortexM3\ARM_GCC_541\Debug\Design01.a(AMux_1.o)
                0x000030c4                AMux_1_Start
 .text.AMux_1_Select
                0x000030e4       0x18 .\CortexM3\ARM_GCC_541\Debug\Design01.a(AMux_1.o)
                0x000030e4                AMux_1_Select
 .text.AMux_2_Start
                0x000030fc       0x20 .\CortexM3\ARM_GCC_541\Debug\Design01.a(AMux_2.o)
                0x000030fc                AMux_2_Start
 .text.AMux_2_Select
                0x0000311c       0x18 .\CortexM3\ARM_GCC_541\Debug\Design01.a(AMux_2.o)
                0x0000311c                AMux_2_Select
 .text.AMux_3_Start
                0x00003134       0x20 .\CortexM3\ARM_GCC_541\Debug\Design01.a(AMux_3.o)
                0x00003134                AMux_3_Start
 .text.AMux_3_Select
                0x00003154       0x18 .\CortexM3\ARM_GCC_541\Debug\Design01.a(AMux_3.o)
                0x00003154                AMux_3_Select
 .text.emFile_1_Sleep
                0x0000316c        0x8 .\CortexM3\ARM_GCC_541\Debug\Design01.a(emFile_1_PM.o)
                0x0000316c                emFile_1_Sleep
 .text.emFile_1_Wakeup
                0x00003174        0x8 .\CortexM3\ARM_GCC_541\Debug\Design01.a(emFile_1_PM.o)
                0x00003174                emFile_1_Wakeup
 .text.emFile_1_SPI0_Sleep
                0x0000317c       0x1c .\CortexM3\ARM_GCC_541\Debug\Design01.a(emFile_1_SPI0_PM.o)
                0x0000317c                emFile_1_SPI0_Sleep
 .text.emFile_1_SPI0_Wakeup
                0x00003198       0x18 .\CortexM3\ARM_GCC_541\Debug\Design01.a(emFile_1_SPI0_PM.o)
                0x00003198                emFile_1_SPI0_Wakeup
 .text          0x000031b0       0x20 .\CortexM3\ARM_GCC_541\Debug\Design01.a(CyBootAsmGnu.o)
                0x000031b0                CyDelayCycles
                0x000031c0                CyEnterCriticalSection
                0x000031c8                CyExitCriticalSection
 .text.emFile_1_SPI0_Enable
                0x000031d0       0x30 .\CortexM3\ARM_GCC_541\Debug\Design01.a(emFile_1_SPI0.o)
                0x000031d0                emFile_1_SPI0_Enable
 .text.emFile_1_SPI0_Stop
                0x00003200       0x24 .\CortexM3\ARM_GCC_541\Debug\Design01.a(emFile_1_SPI0.o)
                0x00003200                emFile_1_SPI0_Stop
 .text.emFile_1_SPI0_ReadTxStatus
                0x00003224        0xc .\CortexM3\ARM_GCC_541\Debug\Design01.a(emFile_1_SPI0.o)
                0x00003224                emFile_1_SPI0_ReadTxStatus
 .text.emFile_1_SPI0_ReadRxStatus
                0x00003230        0xc .\CortexM3\ARM_GCC_541\Debug\Design01.a(emFile_1_SPI0.o)
                0x00003230                emFile_1_SPI0_ReadRxStatus
 .text.emFile_1_SPI0_WriteTxData
                0x0000323c       0x18 .\CortexM3\ARM_GCC_541\Debug\Design01.a(emFile_1_SPI0.o)
                0x0000323c                emFile_1_SPI0_WriteTxData
 .text.emFile_1_SPI0_ReadRxData
                0x00003254        0xc .\CortexM3\ARM_GCC_541\Debug\Design01.a(emFile_1_SPI0.o)
                0x00003254                emFile_1_SPI0_ReadRxData
 .text.emFile_1_SPI0_ClearFIFO
                0x00003260       0x3c .\CortexM3\ARM_GCC_541\Debug\Design01.a(emFile_1_SPI0.o)
                0x00003260                emFile_1_SPI0_ClearFIFO
 .text.emFile_1_SPI0_Init
                0x0000329c       0x28 .\CortexM3\ARM_GCC_541\Debug\Design01.a(emFile_1_SPI0.o)
                0x0000329c                emFile_1_SPI0_Init
 .text.emFile_1_SPI0_Start
                0x000032c4       0x1c .\CortexM3\ARM_GCC_541\Debug\Design01.a(emFile_1_SPI0.o)
                0x000032c4                emFile_1_SPI0_Start
 .text.FS__AllocSectorBuffer
                0x000032e0       0x2c .\emFile_V322c\LinkLibrary\PSoC5\GCC\libemf16nosnlfn.a(FS_Misc.o)
                0x000032e0                FS__AllocSectorBuffer
 .text.FS__FreeSectorBuffer
                0x0000330c       0x28 .\emFile_V322c\LinkLibrary\PSoC5\GCC\libemf16nosnlfn.a(FS_Misc.o)
                0x0000330c                FS__FreeSectorBuffer
 .text.FS__SB_MarkDirty
                0x00003334        0x6 .\emFile_V322c\LinkLibrary\PSoC5\GCC\libemf16nosnlfn.a(FS_Misc.o)
                0x00003334                FS__SB_MarkDirty
 .text.FS__SB_MarkNotDirty
                0x0000333a        0x6 .\emFile_V322c\LinkLibrary\PSoC5\GCC\libemf16nosnlfn.a(FS_Misc.o)
                0x0000333a                FS__SB_MarkNotDirty
 .text.FS__FreeFileHandle
                0x00003340        0xa .\emFile_V322c\LinkLibrary\PSoC5\GCC\libemf16nosnlfn.a(FS_Misc.o)
                0x00003340                FS__FreeFileHandle
 .text.FS__FreeFileObj
                0x0000334a        0xc .\emFile_V322c\LinkLibrary\PSoC5\GCC\libemf16nosnlfn.a(FS_Misc.o)
                0x0000334a                FS__FreeFileObj
 *fill*         0x00003356        0x2 
 .text.FS_Init  0x00003358       0x58 .\emFile_V322c\LinkLibrary\PSoC5\GCC\libemf16nosnlfn.a(FS_Misc.o)
                0x00003358                FS_Init
 .text.FS__SB_Create
                0x000033b0       0x28 .\emFile_V322c\LinkLibrary\PSoC5\GCC\libemf16nosnlfn.a(FS_Misc.o)
                0x000033b0                FS__SB_Create
 .text.FS__FCloseNL
                0x000033d8       0x1e .\emFile_V322c\LinkLibrary\PSoC5\GCC\libemf16nosnlfn.a(FS_Misc.o)
                0x000033d8                FS__FCloseNL
 .text.FS__FClose
                0x000033f6       0x1a .\emFile_V322c\LinkLibrary\PSoC5\GCC\libemf16nosnlfn.a(FS_Misc.o)
                0x000033f6                FS__FClose
 .text.FS_FClose
                0x00003410        0xa .\emFile_V322c\LinkLibrary\PSoC5\GCC\libemf16nosnlfn.a(FS_Misc.o)
                0x00003410                FS_FClose
 *fill*         0x0000341a        0x2 
 .text.FS__AllocFileObj
                0x0000341c       0x48 .\emFile_V322c\LinkLibrary\PSoC5\GCC\libemf16nosnlfn.a(FS_Misc.o)
                0x0000341c                FS__AllocFileObj
 .text.FS__AllocFileHandle
                0x00003464       0x40 .\emFile_V322c\LinkLibrary\PSoC5\GCC\libemf16nosnlfn.a(FS_Misc.o)
                0x00003464                FS__AllocFileHandle
 .text.FS__OpenEx
                0x000034a4       0x58 .\emFile_V322c\LinkLibrary\PSoC5\GCC\libemf16nosnlfn.a(FS_Misc.o)
                0x000034a4                FS__OpenEx
 .text.FS__FOpenEx
                0x000034fc       0x56 .\emFile_V322c\LinkLibrary\PSoC5\GCC\libemf16nosnlfn.a(FS_Misc.o)
                0x000034fc                FS__FOpenEx
 *fill*         0x00003552        0x2 
 .text.FS__FOpen
                0x00003554       0x48 .\emFile_V322c\LinkLibrary\PSoC5\GCC\libemf16nosnlfn.a(FS_Misc.o)
                0x00003554                FS__FOpen
 .text.FS_FOpen
                0x0000359c        0x4 .\emFile_V322c\LinkLibrary\PSoC5\GCC\libemf16nosnlfn.a(FS_Misc.o)
                0x0000359c                FS_FOpen
 .text.FS__SB_Write
                0x000035a0       0x24 .\emFile_V322c\LinkLibrary\PSoC5\GCC\libemf16nosnlfn.a(FS_Misc.o)
                0x000035a0                FS__SB_Write
 .text._SB_Clean
                0x000035c4       0x24 .\emFile_V322c\LinkLibrary\PSoC5\GCC\libemf16nosnlfn.a(FS_Misc.o)
 .text.FS__SB_SetSector
                0x000035e8       0x20 .\emFile_V322c\LinkLibrary\PSoC5\GCC\libemf16nosnlfn.a(FS_Misc.o)
                0x000035e8                FS__SB_SetSector
 .text.FS__SB_Clean
                0x00003608        0x4 .\emFile_V322c\LinkLibrary\PSoC5\GCC\libemf16nosnlfn.a(FS_Misc.o)
                0x00003608                FS__SB_Clean
 .text.FS__SB_Delete
                0x0000360c       0x12 .\emFile_V322c\LinkLibrary\PSoC5\GCC\libemf16nosnlfn.a(FS_Misc.o)
                0x0000360c                FS__SB_Delete
 .text.FS__SB_Flush
                0x0000361e        0x8 .\emFile_V322c\LinkLibrary\PSoC5\GCC\libemf16nosnlfn.a(FS_Misc.o)
                0x0000361e                FS__SB_Flush
 .text.FS__SB_Read
                0x00003626       0x2a .\emFile_V322c\LinkLibrary\PSoC5\GCC\libemf16nosnlfn.a(FS_Misc.o)
                0x00003626                FS__SB_Read
 .text.FS__AddPhysDevice
                0x00003650       0x10 .\emFile_V322c\LinkLibrary\PSoC5\GCC\libemf16nosnlfn.a(FS_Storage.o)
                0x00003650                FS__AddPhysDevice
 .text.FS__FindVolume
                0x00003660       0x78 .\emFile_V322c\LinkLibrary\PSoC5\GCC\libemf16nosnlfn.a(FS_Storage.o)
                0x00003660                FS__FindVolume
 .text.FS__AddDevice
                0x000036d8       0x68 .\emFile_V322c\LinkLibrary\PSoC5\GCC\libemf16nosnlfn.a(FS_Storage.o)
                0x000036d8                FS__AddDevice
 .text.FS_AddDevice
                0x00003740        0x4 .\emFile_V322c\LinkLibrary\PSoC5\GCC\libemf16nosnlfn.a(FS_Storage.o)
                0x00003740                FS_AddDevice
 .text._Mount   0x00003744       0x2e .\emFile_V322c\LinkLibrary\PSoC5\GCC\libemf16nosnlfn.a(FS_Volume.o)
 .text.FS__AutoMount
                0x00003772       0x14 .\emFile_V322c\LinkLibrary\PSoC5\GCC\libemf16nosnlfn.a(FS_Volume.o)
                0x00003772                FS__AutoMount
 .text.FS__MountNL
                0x00003786       0x20 .\emFile_V322c\LinkLibrary\PSoC5\GCC\libemf16nosnlfn.a(FS_Volume.o)
                0x00003786                FS__MountNL
 .text.FS__Mount
                0x000037a6        0x4 .\emFile_V322c\LinkLibrary\PSoC5\GCC\libemf16nosnlfn.a(FS_Volume.o)
                0x000037a6                FS__Mount
 .text.FS_MountEx
                0x000037aa       0x1a .\emFile_V322c\LinkLibrary\PSoC5\GCC\libemf16nosnlfn.a(FS_Volume.o)
                0x000037aa                FS_MountEx
 .text.FS__Write
                0x000037c4       0x3a .\emFile_V322c\LinkLibrary\PSoC5\GCC\libemf16nosnlfn.a(FS_Write.o)
                0x000037c4                FS__Write
 .text.FS_Write
                0x000037fe        0x4 .\emFile_V322c\LinkLibrary\PSoC5\GCC\libemf16nosnlfn.a(FS_Write.o)
                0x000037fe                FS_Write
 .text._ClusterId2FATOff
                0x00003802       0x18 .\emFile_V322c\LinkLibrary\PSoC5\GCC\libemf16nosnlfn.a(FAT_Misc.o)
 .text._CalcLogClusterPos
                0x0000381a        0xe .\emFile_V322c\LinkLibrary\PSoC5\GCC\libemf16nosnlfn.a(FAT_Misc.o)
 .text._ReadFromFreeClusterCache
                0x00003828       0x46 .\emFile_V322c\LinkLibrary\PSoC5\GCC\libemf16nosnlfn.a(FAT_Misc.o)
 .text.FS_FAT_GetFATType
                0x0000386e       0x1a .\emFile_V322c\LinkLibrary\PSoC5\GCC\libemf16nosnlfn.a(FAT_Misc.o)
                0x0000386e                FS_FAT_GetFATType
 .text.FS_FAT_ClusterId2SectorNo
                0x00003888        0xc .\emFile_V322c\LinkLibrary\PSoC5\GCC\libemf16nosnlfn.a(FAT_Misc.o)
                0x00003888                FS_FAT_ClusterId2SectorNo
 .text.FS_FAT_IsValidShortNameChar
                0x00003894       0x34 .\emFile_V322c\LinkLibrary\PSoC5\GCC\libemf16nosnlfn.a(FAT_Misc.o)
                0x00003894                FS_FAT_IsValidShortNameChar
 .text.FS_FAT_CopyShortName
                0x000038c8       0x56 .\emFile_V322c\LinkLibrary\PSoC5\GCC\libemf16nosnlfn.a(FAT_Misc.o)
                0x000038c8                FS_FAT_CopyShortName
 .text._SFN_CreateDirEntry
                0x0000391e       0x5a .\emFile_V322c\LinkLibrary\PSoC5\GCC\libemf16nosnlfn.a(FAT_Misc.o)
 .text._SFN_FindDirEntry
                0x00003978       0x10 .\emFile_V322c\LinkLibrary\PSoC5\GCC\libemf16nosnlfn.a(FAT_Misc.o)
 .text.FS_FAT_FindDirEntry
                0x00003988       0x60 .\emFile_V322c\LinkLibrary\PSoC5\GCC\libemf16nosnlfn.a(FAT_Misc.o)
                0x00003988                FS_FAT_FindDirEntry
 .text.FS_FAT_CopyDirEntryInfo
                0x000039e8       0x50 .\emFile_V322c\LinkLibrary\PSoC5\GCC\libemf16nosnlfn.a(FAT_Misc.o)
                0x000039e8                FS_FAT_CopyDirEntryInfo
 .text._SFN_ReadDirEntryInfo
                0x00003a38       0x6e .\emFile_V322c\LinkLibrary\PSoC5\GCC\libemf16nosnlfn.a(FAT_Misc.o)
 .text._SetFATSector
                0x00003aa6        0x6 .\emFile_V322c\LinkLibrary\PSoC5\GCC\libemf16nosnlfn.a(FAT_Misc.o)
 .text._WriteFATEntry
                0x00003aac      0x152 .\emFile_V322c\LinkLibrary\PSoC5\GCC\libemf16nosnlfn.a(FAT_Misc.o)
 .text.FS_FAT_MarkClusterEOC
                0x00003bfe        0x8 .\emFile_V322c\LinkLibrary\PSoC5\GCC\libemf16nosnlfn.a(FAT_Misc.o)
                0x00003bfe                FS_FAT_MarkClusterEOC
 .text.FS_FAT_SyncFAT
                0x00003c06       0x3c .\emFile_V322c\LinkLibrary\PSoC5\GCC\libemf16nosnlfn.a(FAT_Misc.o)
                0x00003c06                FS_FAT_SyncFAT
 .text.FS_FAT_LinkCluster
                0x00003c42       0x1c .\emFile_V322c\LinkLibrary\PSoC5\GCC\libemf16nosnlfn.a(FAT_Misc.o)
                0x00003c42                FS_FAT_LinkCluster
 .text.FS_FAT_ReadFATEntry
                0x00003c5e       0xb2 .\emFile_V322c\LinkLibrary\PSoC5\GCC\libemf16nosnlfn.a(FAT_Misc.o)
                0x00003c5e                FS_FAT_ReadFATEntry
 .text.FS_FAT_GetNumAdjClustersInChain
                0x00003d10       0x64 .\emFile_V322c\LinkLibrary\PSoC5\GCC\libemf16nosnlfn.a(FAT_Misc.o)
                0x00003d10                FS_FAT_GetNumAdjClustersInChain
 .text.FS_FAT_WalkClusterEx
                0x00003d74       0x5c .\emFile_V322c\LinkLibrary\PSoC5\GCC\libemf16nosnlfn.a(FAT_Misc.o)
                0x00003d74                FS_FAT_WalkClusterEx
 .text.FS_FAT_GotoCluster
                0x00003dd0       0x88 .\emFile_V322c\LinkLibrary\PSoC5\GCC\libemf16nosnlfn.a(FAT_Misc.o)
                0x00003dd0                FS_FAT_GotoCluster
 .text.FS_FAT_WalkCluster
                0x00003e58       0x18 .\emFile_V322c\LinkLibrary\PSoC5\GCC\libemf16nosnlfn.a(FAT_Misc.o)
                0x00003e58                FS_FAT_WalkCluster
 .text.FS_FAT_FindLastCluster
                0x00003e70       0x34 .\emFile_V322c\LinkLibrary\PSoC5\GCC\libemf16nosnlfn.a(FAT_Misc.o)
                0x00003e70                FS_FAT_FindLastCluster
 .text._CalcFreeClusterCnt
                0x00003ea4       0x88 .\emFile_V322c\LinkLibrary\PSoC5\GCC\libemf16nosnlfn.a(FAT_Misc.o)
 .text.FS_FAT_FindFreeCluster
                0x00003f2c       0xa8 .\emFile_V322c\LinkLibrary\PSoC5\GCC\libemf16nosnlfn.a(FAT_Misc.o)
                0x00003f2c                FS_FAT_FindFreeCluster
 .text.FS_FAT_AllocCluster
                0x00003fd4       0x20 .\emFile_V322c\LinkLibrary\PSoC5\GCC\libemf16nosnlfn.a(FAT_Misc.o)
                0x00003fd4                FS_FAT_AllocCluster
 .text._WriteEmptyFATSectors
                0x00003ff4       0x3c .\emFile_V322c\LinkLibrary\PSoC5\GCC\libemf16nosnlfn.a(FAT_Misc.o)
 .text.FS_FAT_FreeClusterChain
                0x00004030       0xe0 .\emFile_V322c\LinkLibrary\PSoC5\GCC\libemf16nosnlfn.a(FAT_Misc.o)
                0x00004030                FS_FAT_FreeClusterChain
 .text.FS_FAT_CheckBPB
                0x00004110      0x14c .\emFile_V322c\LinkLibrary\PSoC5\GCC\libemf16nosnlfn.a(FAT_Misc.o)
                0x00004110                FS_FAT_CheckBPB
 .text.FS_FAT_InitDirEntryScan
                0x0000425c       0x14 .\emFile_V322c\LinkLibrary\PSoC5\GCC\libemf16nosnlfn.a(FAT_Open.o)
                0x0000425c                FS_FAT_InitDirEntryScan
 .text.FS_FAT_IncDirPos
                0x00004270        0x8 .\emFile_V322c\LinkLibrary\PSoC5\GCC\libemf16nosnlfn.a(FAT_Open.o)
                0x00004270                FS_FAT_IncDirPos
 .text._CopyDirText
                0x00004278       0x44 .\emFile_V322c\LinkLibrary\PSoC5\GCC\libemf16nosnlfn.a(FAT_Open.o)
 .text.FS_FAT_Make83Name
                0x000042bc       0xb0 .\emFile_V322c\LinkLibrary\PSoC5\GCC\libemf16nosnlfn.a(FAT_Open.o)
                0x000042bc                FS_FAT_Make83Name
 .text.FS_FAT_GetDirEntry
                0x0000436c       0xb2 .\emFile_V322c\LinkLibrary\PSoC5\GCC\libemf16nosnlfn.a(FAT_Open.o)
                0x0000436c                FS_FAT_GetDirEntry
 .text.FS_FAT_FindDirEntryShortEx
                0x0000441e       0x5a .\emFile_V322c\LinkLibrary\PSoC5\GCC\libemf16nosnlfn.a(FAT_Open.o)
                0x0000441e                FS_FAT_FindDirEntryShortEx
 .text.FS_FAT_FindDirEntryShort
                0x00004478       0x36 .\emFile_V322c\LinkLibrary\PSoC5\GCC\libemf16nosnlfn.a(FAT_Open.o)
                0x00004478                FS_FAT_FindDirEntryShort
 .text.FS_FAT_FindEmptyDirEntry
                0x000044ae       0xb0 .\emFile_V322c\LinkLibrary\PSoC5\GCC\libemf16nosnlfn.a(FAT_Open.o)
                0x000044ae                FS_FAT_FindEmptyDirEntry
 .text.FS_FAT_GetFirstCluster
                0x0000455e       0x1a .\emFile_V322c\LinkLibrary\PSoC5\GCC\libemf16nosnlfn.a(FAT_Open.o)
                0x0000455e                FS_FAT_GetFirstCluster
 .text.FS_FAT_FindPath
                0x00004578       0x7a .\emFile_V322c\LinkLibrary\PSoC5\GCC\libemf16nosnlfn.a(FAT_Open.o)
                0x00004578                FS_FAT_FindPath
 .text.FS_FAT_DeleteFileOrDir
                0x000045f2       0x48 .\emFile_V322c\LinkLibrary\PSoC5\GCC\libemf16nosnlfn.a(FAT_Open.o)
                0x000045f2                FS_FAT_DeleteFileOrDir
 *fill*         0x0000463a        0x2 
 .text.FS_FAT_Open
                0x0000463c      0x1dc .\emFile_V322c\LinkLibrary\PSoC5\GCC\libemf16nosnlfn.a(FAT_Open.o)
                0x0000463c                FS_FAT_Open
 .text.FS_FAT_WriteDirEntryCluster
                0x00004818       0x1c .\emFile_V322c\LinkLibrary\PSoC5\GCC\libemf16nosnlfn.a(FAT_Open.o)
                0x00004818                FS_FAT_WriteDirEntryCluster
 .text.FS_FAT_WriteDirEntry83
                0x00004834       0x6c .\emFile_V322c\LinkLibrary\PSoC5\GCC\libemf16nosnlfn.a(FAT_Open.o)
                0x00004834                FS_FAT_WriteDirEntry83
 .text._WriteBurst
                0x000048a0       0x24 .\emFile_V322c\LinkLibrary\PSoC5\GCC\libemf16nosnlfn.a(FAT_Write.o)
 .text.FS_FAT_GotoClusterAllocIfReq
                0x000048c4       0xa8 .\emFile_V322c\LinkLibrary\PSoC5\GCC\libemf16nosnlfn.a(FAT_Write.o)
                0x000048c4                FS_FAT_GotoClusterAllocIfReq
 .text.FS_FAT_UpdateDirEntry
                0x0000496c       0x68 .\emFile_V322c\LinkLibrary\PSoC5\GCC\libemf16nosnlfn.a(FAT_Write.o)
                0x0000496c                FS_FAT_UpdateDirEntry
 .text.FS_FAT_Close
                0x000049d4       0x44 .\emFile_V322c\LinkLibrary\PSoC5\GCC\libemf16nosnlfn.a(FAT_Write.o)
                0x000049d4                FS_FAT_Close
 .text.FS_FAT_Write
                0x00004a18      0x1c8 .\emFile_V322c\LinkLibrary\PSoC5\GCC\libemf16nosnlfn.a(FAT_Write.o)
                0x00004a18                FS_FAT_Write
 .text.FS__CLIB_memcmp
                0x00004be0       0x20 .\emFile_V322c\LinkLibrary\PSoC5\GCC\libemf16nosnlfn.a(FS_CLib.o)
                0x00004be0                FS__CLIB_memcmp
 .text.FS__CLIB_memset
                0x00004c00       0x6c .\emFile_V322c\LinkLibrary\PSoC5\GCC\libemf16nosnlfn.a(FS_CLib.o)
                0x00004c00                FS__CLIB_memset
 .text.FS__CLIB_strcmp
                0x00004c6c       0x1a .\emFile_V322c\LinkLibrary\PSoC5\GCC\libemf16nosnlfn.a(FS_CLib.o)
                0x00004c6c                FS__CLIB_strcmp
 .text.FS__CLIB_strlen
                0x00004c86       0x10 .\emFile_V322c\LinkLibrary\PSoC5\GCC\libemf16nosnlfn.a(FS_CLib.o)
                0x00004c86                FS__CLIB_strlen
 .text.FS__CLIB_strncmp
                0x00004c96       0x26 .\emFile_V322c\LinkLibrary\PSoC5\GCC\libemf16nosnlfn.a(FS_CLib.o)
                0x00004c96                FS__CLIB_strncmp
 .text.FS__CLIB_toupper
                0x00004cbc        0xe .\emFile_V322c\LinkLibrary\PSoC5\GCC\libemf16nosnlfn.a(FS_CLib.o)
                0x00004cbc                FS__CLIB_toupper
 .text.FS__strchr
                0x00004cca       0x14 .\emFile_V322c\LinkLibrary\PSoC5\GCC\libemf16nosnlfn.a(FS_Core.o)
                0x00004cca                FS__strchr
 .text.FS_LoadU32BE
                0x00004cde       0x18 .\emFile_V322c\LinkLibrary\PSoC5\GCC\libemf16nosnlfn.a(FS_Core.o)
                0x00004cde                FS_LoadU32BE
 .text.FS_LoadU32LE
                0x00004cf6       0x16 .\emFile_V322c\LinkLibrary\PSoC5\GCC\libemf16nosnlfn.a(FS_Core.o)
                0x00004cf6                FS_LoadU32LE
 .text.FS_StoreU32LE
                0x00004d0c       0x14 .\emFile_V322c\LinkLibrary\PSoC5\GCC\libemf16nosnlfn.a(FS_Core.o)
                0x00004d0c                FS_StoreU32LE
 .text.FS_StoreU16LE
                0x00004d20        0x8 .\emFile_V322c\LinkLibrary\PSoC5\GCC\libemf16nosnlfn.a(FS_Core.o)
                0x00004d20                FS_StoreU16LE
 .text.FS_LoadU16LE
                0x00004d28        0xa .\emFile_V322c\LinkLibrary\PSoC5\GCC\libemf16nosnlfn.a(FS_Core.o)
                0x00004d28                FS_LoadU16LE
 *fill*         0x00004d32        0x2 
 .text._Alloc   0x00004d34       0x30 .\emFile_V322c\LinkLibrary\PSoC5\GCC\libemf16nosnlfn.a(FS_Core.o)
 .text.FS_Alloc
                0x00004d64        0xc .\emFile_V322c\LinkLibrary\PSoC5\GCC\libemf16nosnlfn.a(FS_Core.o)
                0x00004d64                FS_Alloc
 .text.FS_TryAlloc
                0x00004d70        0x4 .\emFile_V322c\LinkLibrary\PSoC5\GCC\libemf16nosnlfn.a(FS_Core.o)
                0x00004d70                FS_TryAlloc
 .text.FS_Free  0x00004d74       0x1c .\emFile_V322c\LinkLibrary\PSoC5\GCC\libemf16nosnlfn.a(FS_Core.o)
                0x00004d74                FS_Free
 .text.FS_AssignMemory
                0x00004d90        0xc .\emFile_V322c\LinkLibrary\PSoC5\GCC\libemf16nosnlfn.a(FS_Core.o)
                0x00004d90                FS_AssignMemory
 .text.FS_AllocZeroed
                0x00004d9c       0x16 .\emFile_V322c\LinkLibrary\PSoC5\GCC\libemf16nosnlfn.a(FS_Core.o)
                0x00004d9c                FS_AllocZeroed
 *fill*         0x00004db2        0x2 
 .text.FS_STORAGE_Init
                0x00004db4       0x28 .\emFile_V322c\LinkLibrary\PSoC5\GCC\libemf16nosnlfn.a(FS_Core.o)
                0x00004db4                FS_STORAGE_Init
 .text._ClrBusyLED
                0x00004ddc        0xc .\emFile_V322c\LinkLibrary\PSoC5\GCC\libemf16nosnlfn.a(FS_LogBlock.o)
 .text._SetBusyLED
                0x00004de8        0xc .\emFile_V322c\LinkLibrary\PSoC5\GCC\libemf16nosnlfn.a(FS_LogBlock.o)
 .text._Read    0x00004df4        0xc .\emFile_V322c\LinkLibrary\PSoC5\GCC\libemf16nosnlfn.a(FS_LogBlock.o)
 .text._Write   0x00004e00       0x12 .\emFile_V322c\LinkLibrary\PSoC5\GCC\libemf16nosnlfn.a(FS_LogBlock.o)
 .text.FS_LB_GetStatus
                0x00004e12        0xc .\emFile_V322c\LinkLibrary\PSoC5\GCC\libemf16nosnlfn.a(FS_LogBlock.o)
                0x00004e12                FS_LB_GetStatus
 .text.FS_LB_InitMedium
                0x00004e1e       0x1a .\emFile_V322c\LinkLibrary\PSoC5\GCC\libemf16nosnlfn.a(FS_LogBlock.o)
                0x00004e1e                FS_LB_InitMedium
 .text.FS_LB_InitMediumIfRequired
                0x00004e38       0x10 .\emFile_V322c\LinkLibrary\PSoC5\GCC\libemf16nosnlfn.a(FS_LogBlock.o)
                0x00004e38                FS_LB_InitMediumIfRequired
 .text.FS_LB_ReadDevice
                0x00004e48       0x2e .\emFile_V322c\LinkLibrary\PSoC5\GCC\libemf16nosnlfn.a(FS_LogBlock.o)
                0x00004e48                FS_LB_ReadDevice
 .text.FS_LB_ReadPart
                0x00004e76        0xe .\emFile_V322c\LinkLibrary\PSoC5\GCC\libemf16nosnlfn.a(FS_LogBlock.o)
                0x00004e76                FS_LB_ReadPart
 .text.FS_LB_WriteBurst
                0x00004e84       0x30 .\emFile_V322c\LinkLibrary\PSoC5\GCC\libemf16nosnlfn.a(FS_LogBlock.o)
                0x00004e84                FS_LB_WriteBurst
 .text.FS_LB_WriteBurstPart
                0x00004eb4       0x14 .\emFile_V322c\LinkLibrary\PSoC5\GCC\libemf16nosnlfn.a(FS_LogBlock.o)
                0x00004eb4                FS_LB_WriteBurstPart
 .text.FS_LB_WriteMultiple
                0x00004ec8       0x30 .\emFile_V322c\LinkLibrary\PSoC5\GCC\libemf16nosnlfn.a(FS_LogBlock.o)
                0x00004ec8                FS_LB_WriteMultiple
 .text.FS_LB_WriteMultiplePart
                0x00004ef8       0x14 .\emFile_V322c\LinkLibrary\PSoC5\GCC\libemf16nosnlfn.a(FS_LogBlock.o)
                0x00004ef8                FS_LB_WriteMultiplePart
 .text.FS_LB_WriteDevice
                0x00004f0c       0x36 .\emFile_V322c\LinkLibrary\PSoC5\GCC\libemf16nosnlfn.a(FS_LogBlock.o)
                0x00004f0c                FS_LB_WriteDevice
 .text.FS_LB_WritePart
                0x00004f42        0xe .\emFile_V322c\LinkLibrary\PSoC5\GCC\libemf16nosnlfn.a(FS_LogBlock.o)
                0x00004f42                FS_LB_WritePart
 .text.FS_GetSectorSize
                0x00004f50       0x28 .\emFile_V322c\LinkLibrary\PSoC5\GCC\libemf16nosnlfn.a(FS_LogBlock.o)
                0x00004f50                FS_GetSectorSize
 .text.FS_LB_GetDeviceInfo
                0x00004f78       0x26 .\emFile_V322c\LinkLibrary\PSoC5\GCC\libemf16nosnlfn.a(FS_LogBlock.o)
                0x00004f78                FS_LB_GetDeviceInfo
 .text.FS_memcpy
                0x00004f9e      0x120 .\emFile_V322c\LinkLibrary\PSoC5\GCC\libemf16nosnlfn.a(FS_memcpy.o)
                0x00004f9e                FS_memcpy
 .text._IsBPB   0x000050be       0x1e .\emFile_V322c\LinkLibrary\PSoC5\GCC\libemf16nosnlfn.a(FS_Partition.o)
 .text._HasSignature
                0x000050dc       0x18 .\emFile_V322c\LinkLibrary\PSoC5\GCC\libemf16nosnlfn.a(FS_Partition.o)
 .text._GetPartitionStartSector
                0x000050f4        0xc .\emFile_V322c\LinkLibrary\PSoC5\GCC\libemf16nosnlfn.a(FS_Partition.o)
 .text.FS__GetMediaStartSecEx
                0x00005100       0x6e .\emFile_V322c\LinkLibrary\PSoC5\GCC\libemf16nosnlfn.a(FS_Partition.o)
                0x00005100                FS__GetMediaStartSecEx
 *fill*         0x0000516e        0x2 
 .text.FS__LocatePartition
                0x00005170       0x44 .\emFile_V322c\LinkLibrary\PSoC5\GCC\libemf16nosnlfn.a(FS_Partition.o)
                0x00005170                FS__LocatePartition
 .text.FS_X_AddDevices
                0x000051b4       0x1c .\CortexM3\ARM_GCC_541\Debug\Design01.a(emFile_1_ConfigMMC_SPI.o)
                0x000051b4                FS_X_AddDevices
 .text.FS_X_GetTimeDate
                0x000051d0        0x8 .\CortexM3\ARM_GCC_541\Debug\Design01.a(emFile_1_ConfigMMC_SPI.o)
                0x000051d0                FS_X_GetTimeDate
 .text._CalcDataCRC16Dummy
                0x000051d8        0x6 .\emFile_V322c\LinkLibrary\PSoC5\GCC\libemf16nosnlfn.a(MMC_Drv.o)
 *fill*         0x000051de        0x2 
 .text._MMC_GetNumUnits
                0x000051e0        0xc .\emFile_V322c\LinkLibrary\PSoC5\GCC\libemf16nosnlfn.a(MMC_Drv.o)
 .text._MMC_GetDriverName
                0x000051ec        0x8 .\emFile_V322c\LinkLibrary\PSoC5\GCC\libemf16nosnlfn.a(MMC_Drv.o)
 .text._MMC_GetStatus
                0x000051f4        0x4 .\emFile_V322c\LinkLibrary\PSoC5\GCC\libemf16nosnlfn.a(MMC_Drv.o)
 .text._CheckR1
                0x000051f8       0x38 .\emFile_V322c\LinkLibrary\PSoC5\GCC\libemf16nosnlfn.a(MMC_Drv.o)
 .text._WaitToGetReady
                0x00005230       0x26 .\emFile_V322c\LinkLibrary\PSoC5\GCC\libemf16nosnlfn.a(MMC_Drv.o)
 .text._SendEmptyCycles
                0x00005256       0x24 .\emFile_V322c\LinkLibrary\PSoC5\GCC\libemf16nosnlfn.a(MMC_Drv.o)
 *fill*         0x0000527a        0x2 
 .text._MMC_AddDevice
                0x0000527c       0x2c .\emFile_V322c\LinkLibrary\PSoC5\GCC\libemf16nosnlfn.a(MMC_Drv.o)
 .text.T.53     0x000052a8       0x14 .\emFile_V322c\LinkLibrary\PSoC5\GCC\libemf16nosnlfn.a(MMC_Drv.o)
 .text._GetFromCSD
                0x000052bc       0x34 .\emFile_V322c\LinkLibrary\PSoC5\GCC\libemf16nosnlfn.a(MMC_Drv.o)
 .text._ExecCmdR1
                0x000052f0       0x98 .\emFile_V322c\LinkLibrary\PSoC5\GCC\libemf16nosnlfn.a(MMC_Drv.o)
 .text._ReadCSD
                0x00005388       0x86 .\emFile_V322c\LinkLibrary\PSoC5\GCC\libemf16nosnlfn.a(MMC_Drv.o)
 *fill*         0x0000540e        0x2 
 .text._MMC_Read
                0x00005410      0x130 .\emFile_V322c\LinkLibrary\PSoC5\GCC\libemf16nosnlfn.a(MMC_Drv.o)
 .text._MMC_Write
                0x00005540      0x13c .\emFile_V322c\LinkLibrary\PSoC5\GCC\libemf16nosnlfn.a(MMC_Drv.o)
 .text._ApplyCSD
                0x0000567c      0x228 .\emFile_V322c\LinkLibrary\PSoC5\GCC\libemf16nosnlfn.a(MMC_Drv.o)
 .text._MMC_Init
                0x000058a4      0x1c0 .\emFile_V322c\LinkLibrary\PSoC5\GCC\libemf16nosnlfn.a(MMC_Drv.o)
 .text._MMC_InitMedium
                0x00005a64       0x28 .\emFile_V322c\LinkLibrary\PSoC5\GCC\libemf16nosnlfn.a(MMC_Drv.o)
 .text._MMC_IoCtl
                0x00005a8c       0x60 .\emFile_V322c\LinkLibrary\PSoC5\GCC\libemf16nosnlfn.a(MMC_Drv.o)
 .text.emFile_1_Init
                0x00005aec       0x4c .\CortexM3\ARM_GCC_541\Debug\Design01.a(emFile_1_MMC_HW_SPI.o)
 .text.emFile_1_ReadWriteSPI
                0x00005b38       0x30 .\CortexM3\ARM_GCC_541\Debug\Design01.a(emFile_1_MMC_HW_SPI.o)
 .text.FS_MMC_HW_X_EnableCS
                0x00005b68       0x14 .\CortexM3\ARM_GCC_541\Debug\Design01.a(emFile_1_MMC_HW_SPI.o)
                0x00005b68                FS_MMC_HW_X_EnableCS
 .text.FS_MMC_HW_X_DisableCS
                0x00005b7c       0x14 .\CortexM3\ARM_GCC_541\Debug\Design01.a(emFile_1_MMC_HW_SPI.o)
                0x00005b7c                FS_MMC_HW_X_DisableCS
 .text.FS_MMC_HW_X_IsWriteProtected
                0x00005b90        0x4 .\CortexM3\ARM_GCC_541\Debug\Design01.a(emFile_1_MMC_HW_SPI.o)
                0x00005b90                FS_MMC_HW_X_IsWriteProtected
 .text.FS_MMC_HW_X_SetMaxSpeed
                0x00005b94       0x54 .\CortexM3\ARM_GCC_541\Debug\Design01.a(emFile_1_MMC_HW_SPI.o)
                0x00005b94                FS_MMC_HW_X_SetMaxSpeed
 .text.FS_MMC_HW_X_SetVoltage
                0x00005be8       0x3c .\CortexM3\ARM_GCC_541\Debug\Design01.a(emFile_1_MMC_HW_SPI.o)
                0x00005be8                FS_MMC_HW_X_SetVoltage
 .text.FS_MMC_HW_X_IsPresent
                0x00005c24        0xc .\CortexM3\ARM_GCC_541\Debug\Design01.a(emFile_1_MMC_HW_SPI.o)
                0x00005c24                FS_MMC_HW_X_IsPresent
 .text.FS_MMC_HW_X_Read
                0x00005c30       0x1c .\CortexM3\ARM_GCC_541\Debug\Design01.a(emFile_1_MMC_HW_SPI.o)
                0x00005c30                FS_MMC_HW_X_Read
 .text.FS_MMC_HW_X_Write
                0x00005c4c       0x18 .\CortexM3\ARM_GCC_541\Debug\Design01.a(emFile_1_MMC_HW_SPI.o)
                0x00005c4c                FS_MMC_HW_X_Write
 .text.emFile_1_Clock_1_Start
                0x00005c64       0x1c .\CortexM3\ARM_GCC_541\Debug\Design01.a(emFile_1_Clock_1.o)
                0x00005c64                emFile_1_Clock_1_Start
 .text.emFile_1_Clock_1_Stop
                0x00005c80       0x1c .\CortexM3\ARM_GCC_541\Debug\Design01.a(emFile_1_Clock_1.o)
                0x00005c80                emFile_1_Clock_1_Stop
 .text.emFile_1_Clock_1_GetDividerRegister
                0x00005c9c        0xc .\CortexM3\ARM_GCC_541\Debug\Design01.a(emFile_1_Clock_1.o)
                0x00005c9c                emFile_1_Clock_1_GetDividerRegister
 .text.emFile_1_Clock_1_GetSourceRegister
                0x00005ca8       0x10 .\CortexM3\ARM_GCC_541\Debug\Design01.a(emFile_1_Clock_1.o)
                0x00005ca8                emFile_1_Clock_1_GetSourceRegister
 .text.emFile_1_Clock_1_SetDividerRegister
                0x00005cb8       0xd8 .\CortexM3\ARM_GCC_541\Debug\Design01.a(emFile_1_Clock_1.o)
                0x00005cb8                emFile_1_Clock_1_SetDividerRegister
 .text.emFile_1_SPI0_CS_Write
                0x00005d90       0x18 .\CortexM3\ARM_GCC_541\Debug\Design01.a(emFile_1_SPI0_CS.o)
                0x00005d90                emFile_1_SPI0_CS_Write
 .text          0x00005da8      0x370 d:/psoc/psoc creator/4.2/psoc creator/import/gnu/arm/5.4.1/bin/../lib/gcc/arm-none-eabi/5.4.1/armv7-m\libgcc.a(_arm_addsubdf3.o)
                0x00005da8                __aeabi_drsub
                0x00005db0                __aeabi_dsub
                0x00005db0                __subdf3
                0x00005db4                __aeabi_dadd
                0x00005db4                __adddf3
                0x0000602c                __floatunsidf
                0x0000602c                __aeabi_ui2d
                0x0000604c                __floatsidf
                0x0000604c                __aeabi_i2d
                0x00006070                __aeabi_f2d
                0x00006070                __extendsfdf2
                0x000060ac                __floatundidf
                0x000060ac                __aeabi_ul2d
                0x000060bc                __floatdidf
                0x000060bc                __aeabi_l2d
 .text          0x00006118      0x424 d:/psoc/psoc creator/4.2/psoc creator/import/gnu/arm/5.4.1/bin/../lib/gcc/arm-none-eabi/5.4.1/armv7-m\libgcc.a(_arm_muldivdf3.o)
                0x00006118                __aeabi_dmul
                0x00006118                __muldf3
                0x0000636c                __divdf3
                0x0000636c                __aeabi_ddiv
 .text          0x0000653c      0x110 d:/psoc/psoc creator/4.2/psoc creator/import/gnu/arm/5.4.1/bin/../lib/gcc/arm-none-eabi/5.4.1/armv7-m\libgcc.a(_arm_cmpdf2.o)
                0x0000653c                __gtdf2
                0x0000653c                __gedf2
                0x00006544                __ltdf2
                0x00006544                __ledf2
                0x0000654c                __nedf2
                0x0000654c                __eqdf2
                0x0000654c                __cmpdf2
                0x000065c8                __aeabi_cdrcmple
                0x000065d8                __aeabi_cdcmpeq
                0x000065d8                __aeabi_cdcmple
                0x000065e8                __aeabi_dcmpeq
                0x000065fc                __aeabi_dcmplt
                0x00006610                __aeabi_dcmple
                0x00006624                __aeabi_dcmpge
                0x00006638                __aeabi_dcmpgt
 .text          0x0000664c       0x50 d:/psoc/psoc creator/4.2/psoc creator/import/gnu/arm/5.4.1/bin/../lib/gcc/arm-none-eabi/5.4.1/armv7-m\libgcc.a(_arm_fixdfsi.o)
                0x0000664c                __aeabi_d2iz
                0x0000664c                __fixdfsi
 .text          0x0000669c       0x40 d:/psoc/psoc creator/4.2/psoc creator/import/gnu/arm/5.4.1/bin/../lib/gcc/arm-none-eabi/5.4.1/armv7-m\libgcc.a(_arm_fixunsdfsi.o)
                0x0000669c                __aeabi_d2uiz
                0x0000669c                __fixunsdfsi
 .text.__errno  0x000066dc        0xc d:/psoc/psoc creator/4.2/psoc creator/import/gnu/arm/5.4.1/bin/../lib/gcc/arm-none-eabi/5.4.1/../../../../arm-none-eabi/lib/armv7-m\libg_nano.a(lib_a-errno.o)
                0x000066dc                __errno
 .text.__libc_init_array
                0x000066e8       0x4c d:/psoc/psoc creator/4.2/psoc creator/import/gnu/arm/5.4.1/bin/../lib/gcc/arm-none-eabi/5.4.1/../../../../arm-none-eabi/lib/armv7-m\libg_nano.a(lib_a-init.o)
                0x000066e8                __libc_init_array
 .text.__itoa   0x00006734       0x2e d:/psoc/psoc creator/4.2/psoc creator/import/gnu/arm/5.4.1/bin/../lib/gcc/arm-none-eabi/5.4.1/../../../../arm-none-eabi/lib/armv7-m\libg_nano.a(lib_a-itoa.o)
                0x00006734                __itoa
 .text.itoa     0x00006762        0x4 d:/psoc/psoc creator/4.2/psoc creator/import/gnu/arm/5.4.1/bin/../lib/gcc/arm-none-eabi/5.4.1/../../../../arm-none-eabi/lib/armv7-m\libg_nano.a(lib_a-itoa.o)
                0x00006762                itoa
 .text.memcpy   0x00006766       0x16 d:/psoc/psoc creator/4.2/psoc creator/import/gnu/arm/5.4.1/bin/../lib/gcc/arm-none-eabi/5.4.1/../../../../arm-none-eabi/lib/armv7-m\libg_nano.a(lib_a-memcpy-stub.o)
                0x00006766                memcpy
 .text.memset   0x0000677c       0x10 d:/psoc/psoc creator/4.2/psoc creator/import/gnu/arm/5.4.1/bin/../lib/gcc/arm-none-eabi/5.4.1/../../../../arm-none-eabi/lib/armv7-m\libg_nano.a(lib_a-memset.o)
                0x0000677c                memset
 .text.__cvt    0x0000678c       0xc0 d:/psoc/psoc creator/4.2/psoc creator/import/gnu/arm/5.4.1/bin/../lib/gcc/arm-none-eabi/5.4.1/../../../../arm-none-eabi/lib/armv7-m\libg_nano.a(lib_a-nano-vfprintf_float.o)
                0x0000678c                __cvt
 .text.__exponent
                0x0000684c       0x62 d:/psoc/psoc creator/4.2/psoc creator/import/gnu/arm/5.4.1/bin/../lib/gcc/arm-none-eabi/5.4.1/../../../../arm-none-eabi/lib/armv7-m\libg_nano.a(lib_a-nano-vfprintf_float.o)
                0x0000684c                __exponent
 *fill*         0x000068ae        0x2 
 .text._printf_float
                0x000068b0      0x488 d:/psoc/psoc creator/4.2/psoc creator/import/gnu/arm/5.4.1/bin/../lib/gcc/arm-none-eabi/5.4.1/../../../../arm-none-eabi/lib/armv7-m\libg_nano.a(lib_a-nano-vfprintf_float.o)
                0x000068b0                _printf_float
 .text._printf_common
                0x00006d38       0xec d:/psoc/psoc creator/4.2/psoc creator/import/gnu/arm/5.4.1/bin/../lib/gcc/arm-none-eabi/5.4.1/../../../../arm-none-eabi/lib/armv7-m\libg_nano.a(lib_a-nano-vfprintf_i.o)
                0x00006d38                _printf_common
 .text._printf_i
                0x00006e24      0x24c d:/psoc/psoc creator/4.2/psoc creator/import/gnu/arm/5.4.1/bin/../lib/gcc/arm-none-eabi/5.4.1/../../../../arm-none-eabi/lib/armv7-m\libg_nano.a(lib_a-nano-vfprintf_i.o)
                0x00006e24                _printf_i
 .text.sprintf  0x00007070       0x48 d:/psoc/psoc creator/4.2/psoc creator/import/gnu/arm/5.4.1/bin/../lib/gcc/arm-none-eabi/5.4.1/../../../../arm-none-eabi/lib/armv7-m\libg_nano.a(lib_a-sprintf.o)
                0x00007070                siprintf
                0x00007070                sprintf
 .text          0x000070b8       0x10 d:/psoc/psoc creator/4.2/psoc creator/import/gnu/arm/5.4.1/bin/../lib/gcc/arm-none-eabi/5.4.1/../../../../arm-none-eabi/lib/armv7-m\libg_nano.a(lib_a-strlen.o)
                0x000070b8                strlen
 .text.__utoa   0x000070c8       0x78 d:/psoc/psoc creator/4.2/psoc creator/import/gnu/arm/5.4.1/bin/../lib/gcc/arm-none-eabi/5.4.1/../../../../arm-none-eabi/lib/armv7-m\libg_nano.a(lib_a-utoa.o)
                0x000070c8                __utoa
 .text.quorem   0x00007140      0x116 d:/psoc/psoc creator/4.2/psoc creator/import/gnu/arm/5.4.1/bin/../lib/gcc/arm-none-eabi/5.4.1/../../../../arm-none-eabi/lib/armv7-m\libg_nano.a(lib_a-dtoa.o)
 *fill*         0x00007256        0x2 
 .text._dtoa_r  0x00007258      0xb30 d:/psoc/psoc creator/4.2/psoc creator/import/gnu/arm/5.4.1/bin/../lib/gcc/arm-none-eabi/5.4.1/../../../../arm-none-eabi/lib/armv7-m\libg_nano.a(lib_a-dtoa.o)
                0x00007258                _dtoa_r
 .text._localeconv_r
                0x00007d88        0x8 d:/psoc/psoc creator/4.2/psoc creator/import/gnu/arm/5.4.1/bin/../lib/gcc/arm-none-eabi/5.4.1/../../../../arm-none-eabi/lib/armv7-m\libg_nano.a(lib_a-locale.o)
                0x00007d88                _localeconv_r
 .text.malloc   0x00007d90       0x10 d:/psoc/psoc creator/4.2/psoc creator/import/gnu/arm/5.4.1/bin/../lib/gcc/arm-none-eabi/5.4.1/../../../../arm-none-eabi/lib/armv7-m\libg_nano.a(lib_a-malloc.o)
                0x00007d90                malloc
 .text.memchr   0x00007da0       0x1c d:/psoc/psoc creator/4.2/psoc creator/import/gnu/arm/5.4.1/bin/../lib/gcc/arm-none-eabi/5.4.1/../../../../arm-none-eabi/lib/armv7-m\libg_nano.a(lib_a-memchr-stub.o)
                0x00007da0                memchr
 .text._Balloc  0x00007dbc       0x6a d:/psoc/psoc creator/4.2/psoc creator/import/gnu/arm/5.4.1/bin/../lib/gcc/arm-none-eabi/5.4.1/../../../../arm-none-eabi/lib/armv7-m\libg_nano.a(lib_a-mprec.o)
                0x00007dbc                _Balloc
 .text._Bfree   0x00007e26       0x2e d:/psoc/psoc creator/4.2/psoc creator/import/gnu/arm/5.4.1/bin/../lib/gcc/arm-none-eabi/5.4.1/../../../../arm-none-eabi/lib/armv7-m\libg_nano.a(lib_a-mprec.o)
                0x00007e26                _Bfree
 .text.__multadd
                0x00007e54       0x76 d:/psoc/psoc creator/4.2/psoc creator/import/gnu/arm/5.4.1/bin/../lib/gcc/arm-none-eabi/5.4.1/../../../../arm-none-eabi/lib/armv7-m\libg_nano.a(lib_a-mprec.o)
                0x00007e54                __multadd
 .text.__hi0bits
                0x00007eca       0x40 d:/psoc/psoc creator/4.2/psoc creator/import/gnu/arm/5.4.1/bin/../lib/gcc/arm-none-eabi/5.4.1/../../../../arm-none-eabi/lib/armv7-m\libg_nano.a(lib_a-mprec.o)
                0x00007eca                __hi0bits
 .text.__lo0bits
                0x00007f0a       0x5a d:/psoc/psoc creator/4.2/psoc creator/import/gnu/arm/5.4.1/bin/../lib/gcc/arm-none-eabi/5.4.1/../../../../arm-none-eabi/lib/armv7-m\libg_nano.a(lib_a-mprec.o)
                0x00007f0a                __lo0bits
 .text.__i2b    0x00007f64       0x12 d:/psoc/psoc creator/4.2/psoc creator/import/gnu/arm/5.4.1/bin/../lib/gcc/arm-none-eabi/5.4.1/../../../../arm-none-eabi/lib/armv7-m\libg_nano.a(lib_a-mprec.o)
                0x00007f64                __i2b
 .text.__multiply
                0x00007f76      0x120 d:/psoc/psoc creator/4.2/psoc creator/import/gnu/arm/5.4.1/bin/../lib/gcc/arm-none-eabi/5.4.1/../../../../arm-none-eabi/lib/armv7-m\libg_nano.a(lib_a-mprec.o)
                0x00007f76                __multiply
 *fill*         0x00008096        0x2 
 .text.__pow5mult
                0x00008098       0x9c d:/psoc/psoc creator/4.2/psoc creator/import/gnu/arm/5.4.1/bin/../lib/gcc/arm-none-eabi/5.4.1/../../../../arm-none-eabi/lib/armv7-m\libg_nano.a(lib_a-mprec.o)
                0x00008098                __pow5mult
 .text.__lshift
                0x00008134       0xa2 d:/psoc/psoc creator/4.2/psoc creator/import/gnu/arm/5.4.1/bin/../lib/gcc/arm-none-eabi/5.4.1/../../../../arm-none-eabi/lib/armv7-m\libg_nano.a(lib_a-mprec.o)
                0x00008134                __lshift
 .text.__mcmp   0x000081d6       0x38 d:/psoc/psoc creator/4.2/psoc creator/import/gnu/arm/5.4.1/bin/../lib/gcc/arm-none-eabi/5.4.1/../../../../arm-none-eabi/lib/armv7-m\libg_nano.a(lib_a-mprec.o)
                0x000081d6                __mcmp
 .text.__mdiff  0x0000820e       0xbe d:/psoc/psoc creator/4.2/psoc creator/import/gnu/arm/5.4.1/bin/../lib/gcc/arm-none-eabi/5.4.1/../../../../arm-none-eabi/lib/armv7-m\libg_nano.a(lib_a-mprec.o)
                0x0000820e                __mdiff
 .text.__d2b    0x000082cc       0x9c d:/psoc/psoc creator/4.2/psoc creator/import/gnu/arm/5.4.1/bin/../lib/gcc/arm-none-eabi/5.4.1/../../../../arm-none-eabi/lib/armv7-m\libg_nano.a(lib_a-mprec.o)
                0x000082cc                __d2b
 .text._calloc_r
                0x00008368       0x1c d:/psoc/psoc creator/4.2/psoc creator/import/gnu/arm/5.4.1/bin/../lib/gcc/arm-none-eabi/5.4.1/../../../../arm-none-eabi/lib/armv7-m\libg_nano.a(lib_a-nano-callocr.o)
                0x00008368                _calloc_r
 .text._free_r  0x00008384       0x98 d:/psoc/psoc creator/4.2/psoc creator/import/gnu/arm/5.4.1/bin/../lib/gcc/arm-none-eabi/5.4.1/../../../../arm-none-eabi/lib/armv7-m\libg_nano.a(lib_a-nano-freer.o)
                0x00008384                _free_r
 .text._malloc_r
                0x0000841c       0xbc d:/psoc/psoc creator/4.2/psoc creator/import/gnu/arm/5.4.1/bin/../lib/gcc/arm-none-eabi/5.4.1/../../../../arm-none-eabi/lib/armv7-m\libg_nano.a(lib_a-nano-mallocr.o)
                0x0000841c                _malloc_r
 .text.__ssputs_r
                0x000084d8       0xb2 d:/psoc/psoc creator/4.2/psoc creator/import/gnu/arm/5.4.1/bin/../lib/gcc/arm-none-eabi/5.4.1/../../../../arm-none-eabi/lib/armv7-m\libg_nano.a(lib_a-nano-svfprintf.o)
                0x000084d8                __ssputs_r
 *fill*         0x0000858a        0x2 
 .text._svfprintf_r
                0x0000858c      0x1e8 d:/psoc/psoc creator/4.2/psoc creator/import/gnu/arm/5.4.1/bin/../lib/gcc/arm-none-eabi/5.4.1/../../../../arm-none-eabi/lib/armv7-m\libg_nano.a(lib_a-nano-svfprintf.o)
                0x0000858c                _svfiprintf_r
                0x0000858c                _svfprintf_r
 .text._sbrk_r  0x00008774       0x20 d:/psoc/psoc creator/4.2/psoc creator/import/gnu/arm/5.4.1/bin/../lib/gcc/arm-none-eabi/5.4.1/../../../../arm-none-eabi/lib/armv7-m\libg_nano.a(lib_a-sbrkr.o)
                0x00008774                _sbrk_r
 .text.memmove  0x00008794       0x36 d:/psoc/psoc creator/4.2/psoc creator/import/gnu/arm/5.4.1/bin/../lib/gcc/arm-none-eabi/5.4.1/../../../../arm-none-eabi/lib/armv7-m\libg_nano.a(lib_a-memmove.o)
                0x00008794                memmove
 .text.__malloc_lock
                0x000087ca        0x2 d:/psoc/psoc creator/4.2/psoc creator/import/gnu/arm/5.4.1/bin/../lib/gcc/arm-none-eabi/5.4.1/../../../../arm-none-eabi/lib/armv7-m\libg_nano.a(lib_a-mlock.o)
                0x000087ca                __malloc_lock
 .text.__malloc_unlock
                0x000087cc        0x2 d:/psoc/psoc creator/4.2/psoc creator/import/gnu/arm/5.4.1/bin/../lib/gcc/arm-none-eabi/5.4.1/../../../../arm-none-eabi/lib/armv7-m\libg_nano.a(lib_a-mlock.o)
                0x000087cc                __malloc_unlock
 .text._realloc_r
                0x000087ce       0x4c d:/psoc/psoc creator/4.2/psoc creator/import/gnu/arm/5.4.1/bin/../lib/gcc/arm-none-eabi/5.4.1/../../../../arm-none-eabi/lib/armv7-m\libg_nano.a(lib_a-nano-reallocr.o)
                0x000087ce                _realloc_r
 .text._malloc_usable_size_r
                0x0000881a       0x14 d:/psoc/psoc creator/4.2/psoc creator/import/gnu/arm/5.4.1/bin/../lib/gcc/arm-none-eabi/5.4.1/../../../../arm-none-eabi/lib/armv7-m\libg_nano.a(lib_a-nano-msizer.o)
                0x0000881a                _malloc_usable_size_r
 *fill*         0x0000882e        0x2 
 .text          0x00008830       0x2c d:/psoc/psoc creator/4.2/psoc creator/import/gnu/arm/5.4.1/bin/../lib/gcc/arm-none-eabi/5.4.1/armv7-m\libgcc.a(_arm_unorddf2.o)
                0x00008830                __unorddf2
                0x00008830                __aeabi_dcmpun
 *(.plt)
 *(.gnu.warning)
 *(.glue_7t)
 .glue_7t       0x0000885c        0x0 linker stubs
 *(.glue_7)
 .glue_7        0x0000885c        0x0 linker stubs
 *(.vfp11_veneer)
 .vfp11_veneer  0x0000885c        0x0 linker stubs
 *(.bootloader)
 *(.ARM.extab* .gnu.linkonce.armextab.*)
 *(.gcc_except_table)

.v4_bx          0x0000885c        0x0
 .v4_bx         0x0000885c        0x0 linker stubs

.iplt           0x0000885c        0x0
 .iplt          0x0000885c        0x0 d:/psoc/psoc creator/4.2/psoc creator/import/gnu/arm/5.4.1/bin/../lib/gcc/arm-none-eabi/5.4.1/armv7-m/crtbegin.o

.eh_frame_hdr
 *(.eh_frame_hdr)

.eh_frame       0x0000885c        0x4
 *(.eh_frame)
 .eh_frame      0x0000885c        0x0 d:/psoc/psoc creator/4.2/psoc creator/import/gnu/arm/5.4.1/bin/../lib/gcc/arm-none-eabi/5.4.1/armv7-m/crtbegin.o
 .eh_frame      0x0000885c        0x4 d:/psoc/psoc creator/4.2/psoc creator/import/gnu/arm/5.4.1/bin/../lib/gcc/arm-none-eabi/5.4.1/armv7-m/crtend.o
                [!provide]                PROVIDE (__exidx_start, .)

.ARM.exidx
 *(.ARM.exidx* .gnu.linkonce.armexidx.*)
                0x00008860                __exidx_end = .

.rodata         0x00008860      0x9e0
 *(.rodata .rodata.* .gnu.linkonce.r.*)
 .rodata        0x00008860       0x18 .\CortexM3\ARM_GCC_541\Debug\main.o
 .rodata.str1.4
                0x00008878       0x92 .\CortexM3\ARM_GCC_541\Debug\main.o
 *fill*         0x0000890a        0x2 
 .rodata        0x0000890c       0x6f .\CortexM3\ARM_GCC_541\Debug\screen.o
 *fill*         0x0000897b        0x1 
 .rodata.str1.4
                0x0000897c      0x1c2 .\CortexM3\ARM_GCC_541\Debug\screen.o
                                0x1c9 (size before relaxing)
 *fill*         0x00008b3e        0x2 
 .rodata        0x00008b40      0x34d .\CortexM3\ARM_GCC_541\Debug\font.o
 *fill*         0x00008e8d        0x3 
 .rodata.str1.4
                0x00008e90       0x68 .\CortexM3\ARM_GCC_541\Debug\sd.o
 .rodata.str1.4
                0x00008ef8        0x7 .\CortexM3\ARM_GCC_541\Debug\uifunctions.o
 .rodata        0x00008ef8       0x66 .\CortexM3\ARM_GCC_541\Debug\cyfitter_cfg.o
                0x00008ef8                AMux_1__addrTable
                0x00008f00                AMux_1__maskTable
                0x00008f04                AMux_2__addrTable
                0x00008f0c                AMux_2__maskTable
                0x00008f10                AMux_3__addrTable
                0x00008f18                AMux_3__maskTable
 *fill*         0x00008f5e        0x2 
 .rodata        0x00008f60       0x78 .\emFile_V322c\LinkLibrary\PSoC5\GCC\libemf16nosnlfn.a(FS_Misc.o)
 .rodata.str1.1
                0x00008fd8       0x30 .\emFile_V322c\LinkLibrary\PSoC5\GCC\libemf16nosnlfn.a(FS_Misc.o)
 .rodata        0x00009008       0x10 .\emFile_V322c\LinkLibrary\PSoC5\GCC\libemf16nosnlfn.a(FAT_Misc.o)
                0x00009008                FAT_SFN_API
 .rodata.str1.1
                0x00009018        0x3 .\emFile_V322c\LinkLibrary\PSoC5\GCC\libemf16nosnlfn.a(FAT_Open.o)
 *fill*         0x0000901b        0x1 
 .rodata        0x0000901c       0x68 .\emFile_V322c\LinkLibrary\PSoC5\GCC\libemf16nosnlfn.a(MMC_Drv.o)
                0x00009064                FS_MMC_SPI_Driver
 .rodata.str1.1
                0x00009084        0x4 .\emFile_V322c\LinkLibrary\PSoC5\GCC\libemf16nosnlfn.a(MMC_Drv.o)
 .rodata.str1.1
                0x00009088        0x2 d:/psoc/psoc creator/4.2/psoc creator/import/gnu/arm/5.4.1/bin/../lib/gcc/arm-none-eabi/5.4.1/../../../../arm-none-eabi/lib/armv7-m\libg_nano.a(lib_a-impure.o)
 .rodata.str1.1
                0x0000908a       0x12 d:/psoc/psoc creator/4.2/psoc creator/import/gnu/arm/5.4.1/bin/../lib/gcc/arm-none-eabi/5.4.1/../../../../arm-none-eabi/lib/armv7-m\libg_nano.a(lib_a-nano-vfprintf_float.o)
 .rodata.str1.1
                0x0000909c       0x22 d:/psoc/psoc creator/4.2/psoc creator/import/gnu/arm/5.4.1/bin/../lib/gcc/arm-none-eabi/5.4.1/../../../../arm-none-eabi/lib/armv7-m\libg_nano.a(lib_a-nano-vfprintf_i.o)
 .rodata.str1.1
                0x000090be       0x25 d:/psoc/psoc creator/4.2/psoc creator/import/gnu/arm/5.4.1/bin/../lib/gcc/arm-none-eabi/5.4.1/../../../../arm-none-eabi/lib/armv7-m\libg_nano.a(lib_a-utoa.o)
 .rodata.str1.1
                0x000090e3        0xd d:/psoc/psoc creator/4.2/psoc creator/import/gnu/arm/5.4.1/bin/../lib/gcc/arm-none-eabi/5.4.1/../../../../arm-none-eabi/lib/armv7-m\libg_nano.a(lib_a-dtoa.o)
                                  0xf (size before relaxing)
 .rodata.str1.1
                0x000090f0        0x6 d:/psoc/psoc creator/4.2/psoc creator/import/gnu/arm/5.4.1/bin/../lib/gcc/arm-none-eabi/5.4.1/../../../../arm-none-eabi/lib/armv7-m\libg_nano.a(lib_a-locale.o)
                                  0xb (size before relaxing)
 *fill*         0x000090f6        0x2 
 .rodata.__mprec_tens
                0x000090f8       0xc8 d:/psoc/psoc creator/4.2/psoc creator/import/gnu/arm/5.4.1/bin/../lib/gcc/arm-none-eabi/5.4.1/../../../../arm-none-eabi/lib/armv7-m\libg_nano.a(lib_a-mprec.o)
                0x000090f8                __mprec_tens
 .rodata.p05.5408
                0x000091c0        0xc d:/psoc/psoc creator/4.2/psoc creator/import/gnu/arm/5.4.1/bin/../lib/gcc/arm-none-eabi/5.4.1/../../../../arm-none-eabi/lib/armv7-m\libg_nano.a(lib_a-mprec.o)
 *fill*         0x000091cc        0x4 
 .rodata.__mprec_bigtens
                0x000091d0       0x28 d:/psoc/psoc creator/4.2/psoc creator/import/gnu/arm/5.4.1/bin/../lib/gcc/arm-none-eabi/5.4.1/../../../../arm-none-eabi/lib/armv7-m\libg_nano.a(lib_a-mprec.o)
                0x000091d0                __mprec_bigtens
 .rodata.str1.1
                0x000091f8       0x11 d:/psoc/psoc creator/4.2/psoc creator/import/gnu/arm/5.4.1/bin/../lib/gcc/arm-none-eabi/5.4.1/../../../../arm-none-eabi/lib/armv7-m\libg_nano.a(lib_a-nano-svfprintf.o)
                0x0000920c                . = ALIGN (0x4)
 *fill*         0x00009209        0x3 
 *(.init)
 .init          0x0000920c        0x4 d:/psoc/psoc creator/4.2/psoc creator/import/gnu/arm/5.4.1/bin/../lib/gcc/arm-none-eabi/5.4.1/armv7-m/crti.o
                0x0000920c                _init
 .init          0x00009210        0x8 d:/psoc/psoc creator/4.2/psoc creator/import/gnu/arm/5.4.1/bin/../lib/gcc/arm-none-eabi/5.4.1/armv7-m/crtn.o
                0x00009218                . = ALIGN (0x4)
                0x00009218                __preinit_array_start = .
 *(.preinit_array)
                0x00009218                __preinit_array_end = .
                0x00009218                . = ALIGN (0x4)
                0x00009218                __init_array_start = .
 *(SORT(.init_array.*))
 *(.init_array)
 .init_array    0x00009218        0x4 d:/psoc/psoc creator/4.2/psoc creator/import/gnu/arm/5.4.1/bin/../lib/gcc/arm-none-eabi/5.4.1/armv7-m/crtbegin.o
 .init_array    0x0000921c        0x4 .\CortexM3\ARM_GCC_541\Debug\Cm3Start.o
                0x00009220                __init_array_end = .
                0x00009220                . = ALIGN (0x4)
 *(.fini)
 .fini          0x00009220        0x4 d:/psoc/psoc creator/4.2/psoc creator/import/gnu/arm/5.4.1/bin/../lib/gcc/arm-none-eabi/5.4.1/armv7-m/crti.o
                0x00009220                _fini
 .fini          0x00009224        0x8 d:/psoc/psoc creator/4.2/psoc creator/import/gnu/arm/5.4.1/bin/../lib/gcc/arm-none-eabi/5.4.1/armv7-m/crtn.o
                0x0000922c                . = ALIGN (0x4)
                0x0000922c                __fini_array_start = .
 *(.fini_array)
 .fini_array    0x0000922c        0x4 d:/psoc/psoc creator/4.2/psoc creator/import/gnu/arm/5.4.1/bin/../lib/gcc/arm-none-eabi/5.4.1/armv7-m/crtbegin.o
 *(SORT(.fini_array.*))
                0x00009230                __fini_array_end = .
                0x00009230                . = ALIGN (0x4)
 *crtbegin.o(.ctors)
 *(EXCLUDE_FILE(*crtend.o) .ctors)
 *(SORT(.ctors.*))
 *crtend.o(.ctors)
                0x00009230                . = ALIGN (0x4)
 *crtbegin.o(.dtors)
 *(EXCLUDE_FILE(*crtend.o) .dtors)
 *(SORT(.dtors.*))
 *crtend.o(.dtors)
                0x00009230                . = ALIGN (0x4)
                0x00009230                __cy_regions = .
                0x00009230        0x4 LONG 0x9240 __cy_region_init_ram
                0x00009234        0x4 LONG 0x1fff80c8 __cy_region_start_data
                0x00009238        0x4 LONG 0xe0 __cy_region_init_size_ram
                0x0000923c        0x4 LONG 0x10f8 __cy_region_zero_size_ram
                0x00009240                __cy_regions_end = .
                0x00009240                . = ALIGN (0x8)
                0x00009240                _etext = .

.cy_checksum_exclude
                0x00009240        0x0
 *(.cy_checksum_exclude)

.ramvectors     0x1fff8000       0xc0
                0x1fff8000                __cy_region_start_ram = .
 *(.ramvectors)
 .ramvectors    0x1fff8000       0xc0 .\CortexM3\ARM_GCC_541\Debug\Cm3Start.o
                0x1fff8000                CyRamVectors

.noinit         0x1fff80c0        0x1
 *(.noinit)
 .noinit        0x1fff80c0        0x1 .\CortexM3\ARM_GCC_541\Debug\Design01.a(CyLib.o)
                0x1fff80c0                CyResetStatus

.data           0x1fff80c8       0xe0 load address 0x00009240
                0x1fff80c8                __cy_region_start_data = .
 *(.jcr)
 .jcr           0x1fff80c8        0x0 d:/psoc/psoc creator/4.2/psoc creator/import/gnu/arm/5.4.1/bin/../lib/gcc/arm-none-eabi/5.4.1/armv7-m/crtbegin.o
 .jcr           0x1fff80c8        0x4 d:/psoc/psoc creator/4.2/psoc creator/import/gnu/arm/5.4.1/bin/../lib/gcc/arm-none-eabi/5.4.1/armv7-m/crtend.o
 *(.got.plt)
 *(.got)
 *(.shdata)
 *(.data .data.* .gnu.linkonce.d.*)
 .data          0x1fff80cc       0x10 .\CortexM3\ARM_GCC_541\Debug\uifunctions.o
                0x1fff80cc                device_selection
                0x1fff80d0                num_avg
                0x1fff80d4                curve_nums
                0x1fff80d8                write_sd
 .data          0x1fff80dc        0x4 .\CortexM3\ARM_GCC_541\Debug\Cm3Start.o
 .data          0x1fff80e0       0x10 .\CortexM3\ARM_GCC_541\Debug\Design01.a(CyLib.o)
                0x1fff80e0                cydelay_32k_ms
                0x1fff80e4                cydelay_freq_khz
                0x1fff80e8                cydelay_freq_mhz
                0x1fff80ec                cydelay_freq_hz
 .data          0x1fff80f0        0x6 .\CortexM3\ARM_GCC_541\Debug\Design01.a(I2C_PM.o)
                0x1fff80f0                I2C_backup
 .data          0x1fff80f6        0x1 .\CortexM3\ARM_GCC_541\Debug\Design01.a(AMux_1.o)
 .data          0x1fff80f7        0x1 .\CortexM3\ARM_GCC_541\Debug\Design01.a(AMux_2.o)
 .data          0x1fff80f8        0x1 .\CortexM3\ARM_GCC_541\Debug\Design01.a(AMux_3.o)
 *fill*         0x1fff80f9        0x3 
 .data          0x1fff80fc        0x2 .\CortexM3\ARM_GCC_541\Debug\Design01.a(emFile_1_SPI0_PM.o)
 *fill*         0x1fff80fe        0x2 
 .data          0x1fff8100        0x4 .\emFile_V322c\LinkLibrary\PSoC5\GCC\libemf16nosnlfn.a(FAT_Misc.o)
                0x1fff8100                FAT_pDirEntryAPI
 .data          0x1fff8104        0x4 .\emFile_V322c\LinkLibrary\PSoC5\GCC\libemf16nosnlfn.a(MMC_Drv.o)
 .data.impure_data
                0x1fff8108       0x60 d:/psoc/psoc creator/4.2/psoc creator/import/gnu/arm/5.4.1/bin/../lib/gcc/arm-none-eabi/5.4.1/../../../../arm-none-eabi/lib/armv7-m\libg_nano.a(lib_a-impure.o)
 .data._impure_ptr
                0x1fff8168        0x4 d:/psoc/psoc creator/4.2/psoc creator/import/gnu/arm/5.4.1/bin/../lib/gcc/arm-none-eabi/5.4.1/../../../../arm-none-eabi/lib/armv7-m\libg_nano.a(lib_a-impure.o)
                0x1fff8168                _impure_ptr
 .data.lconv    0x1fff816c       0x38 d:/psoc/psoc creator/4.2/psoc creator/import/gnu/arm/5.4.1/bin/../lib/gcc/arm-none-eabi/5.4.1/../../../../arm-none-eabi/lib/armv7-m\libg_nano.a(lib_a-locale.o)
                0x1fff81a8                . = ALIGN (0x8)
 *fill*         0x1fff81a4        0x4 
 *(.ram)
                0x1fff81a8                _edata = .

.igot.plt       0x1fff81a8        0x0 load address 0x00009320
 .igot.plt      0x1fff81a8        0x0 d:/psoc/psoc creator/4.2/psoc creator/import/gnu/arm/5.4.1/bin/../lib/gcc/arm-none-eabi/5.4.1/armv7-m/crtbegin.o

.bss            0x1fff81a8     0x10f8 load address 0x00009320
                0x1fff81a8                PROVIDE (__bss_start__, .)
 *(.shbss)
 *(.bss .bss.* .gnu.linkonce.b.*)
 .bss           0x1fff81a8       0x1c d:/psoc/psoc creator/4.2/psoc creator/import/gnu/arm/5.4.1/bin/../lib/gcc/arm-none-eabi/5.4.1/armv7-m/crtbegin.o
 .bss           0x1fff81c4        0x4 .\CortexM3\ARM_GCC_541\Debug\uifunctions.o
                0x1fff81c4                screen_state
 .bss           0x1fff81c8        0x1 .\CortexM3\ARM_GCC_541\Debug\Design01.a(SPIM.o)
                0x1fff81c8                SPIM_initVar
 .bss           0x1fff81c9        0x1 .\CortexM3\ARM_GCC_541\Debug\Design01.a(VDAC8_DS.o)
                0x1fff81c9                VDAC8_DS_initVar
 .bss           0x1fff81ca        0x1 .\CortexM3\ARM_GCC_541\Debug\Design01.a(VDAC8_GS.o)
                0x1fff81ca                VDAC8_GS_initVar
 .bss           0x1fff81cb        0x1 .\CortexM3\ARM_GCC_541\Debug\Design01.a(ADC_SAR_1.o)
                0x1fff81cb                ADC_SAR_1_initVar
 .bss           0x1fff81cc        0x1 .\CortexM3\ARM_GCC_541\Debug\Design01.a(ADC_SAR_1_PM.o)
 .bss           0x1fff81cd        0x1 .\CortexM3\ARM_GCC_541\Debug\Design01.a(I2C.o)
                0x1fff81cd                I2C_initVar
 .bss           0x1fff81ce        0x1 .\CortexM3\ARM_GCC_541\Debug\Design01.a(emFile_1_SPI0.o)
                0x1fff81ce                emFile_1_SPI0_initVar
 *fill*         0x1fff81cf        0x1 
 .bss           0x1fff81d0        0xc .\emFile_V322c\LinkLibrary\PSoC5\GCC\libemf16nosnlfn.a(FS_Core.o)
 .bss           0x1fff81dc     0x1000 .\CortexM3\ARM_GCC_541\Debug\Design01.a(emFile_1_ConfigMMC_SPI.o)
 .bss           0x1fff91dc       0x14 .\emFile_V322c\LinkLibrary\PSoC5\GCC\libemf16nosnlfn.a(MMC_Drv.o)
 .bss           0x1fff91f0        0x1 .\CortexM3\ARM_GCC_541\Debug\Design01.a(emFile_1_MMC_HW_SPI.o)
 *fill*         0x1fff91f1        0x3 
 .bss.__malloc_sbrk_start
                0x1fff91f4        0x4 d:/psoc/psoc creator/4.2/psoc creator/import/gnu/arm/5.4.1/bin/../lib/gcc/arm-none-eabi/5.4.1/../../../../arm-none-eabi/lib/armv7-m\libg_nano.a(lib_a-nano-mallocr.o)
                0x1fff91f4                __malloc_sbrk_start
 .bss.__malloc_free_list
                0x1fff91f8        0x4 d:/psoc/psoc creator/4.2/psoc creator/import/gnu/arm/5.4.1/bin/../lib/gcc/arm-none-eabi/5.4.1/../../../../arm-none-eabi/lib/armv7-m\libg_nano.a(lib_a-nano-mallocr.o)
                0x1fff91f8                __malloc_free_list
 *(COMMON)
 COMMON         0x1fff91fc        0xa .\CortexM3\ARM_GCC_541\Debug\Design01.a(ADC_SAR_1.o)
                0x1fff91fc                ADC_SAR_1_countsPerVolt
                0x1fff91fe                ADC_SAR_1_shift
                0x1fff9200                ADC_SAR_1_countsPer10Volt
                0x1fff9204                ADC_SAR_1_offset
 COMMON         0x1fff9206        0x1 .\CortexM3\ARM_GCC_541\Debug\Design01.a(I2C.o)
                0x1fff9206                I2C_state
 *fill*         0x1fff9207        0x1 
 COMMON         0x1fff9208       0x10 .\CortexM3\ARM_GCC_541\Debug\Design01.a(I2C_MASTER.o)
                0x1fff9208                I2C_mstrWrBufIndex
                0x1fff9209                I2C_mstrWrBufSize
                0x1fff920a                I2C_mstrStatus
                0x1fff920c                I2C_mstrRdBufPtr
                0x1fff9210                I2C_mstrControl
                0x1fff9211                I2C_mstrRdBufSize
                0x1fff9212                I2C_mstrRdBufIndex
                0x1fff9214                I2C_mstrWrBufPtr
 COMMON         0x1fff9218       0x84 .\emFile_V322c\LinkLibrary\PSoC5\GCC\libemf16nosnlfn.a(FS_Core.o)
                0x1fff9218                FS_Global
                0x1fff9298                FS_NumBytesAllocated
 COMMON         0x1fff929c        0x4 d:/psoc/psoc creator/4.2/psoc creator/import/gnu/arm/5.4.1/bin/../lib/gcc/arm-none-eabi/5.4.1/../../../../arm-none-eabi/lib/armv7-m\libg_nano.a(lib_a-reent.o)
                0x1fff929c                errno
                0x1fff92a0                . = ALIGN (0x8)
 *(.ram.b)
                0x1fff92a0                _end = .
                0x1fff92a0                __end = .
                0x1fff92a0                PROVIDE (end, .)
                0x1fff92a0                PROVIDE (__bss_end__, .)
                0x00009240                __cy_region_init_ram = LOADADDR (.data)
                0x000000e0                __cy_region_init_size_ram = (_edata - ADDR (.data))
                0x000010f8                __cy_region_zero_size_ram = (_end - _edata)

.heap           0x1fff92a0     0x1000 load address 0x00009320
                0x1fff92a0                . = _end
                0x1fffa2a0                . = (. + 0x1000)
 *fill*         0x1fff92a0     0x1000 
                0x1fffa2a0                __cy_heap_limit = .

.stack          0x20007800      0x800
                0x20007800                __cy_stack_limit = .
                0x20008000                . = (. + 0x800)
 *fill*         0x20007800      0x800 
                0x00000001                ASSERT ((__cy_stack_limit >= __cy_heap_limit), region RAM overflowed with stack)
                0x00000000                cy_checksum_exclude_size = (CY_APPL_LOADABLE == 0x1)?SIZEOF (.cy_checksum_exclude):0x0
                0x00000001                ASSERT ((cy_checksum_exclude_size <= CY_CHECKSUM_EXCLUDE_SIZE), CY_BOOT: Section .cy_checksum_exclude size exceedes specified limit.)

.cyloadermeta
 *(.cyloadermeta)

.cyloadablemeta
 *(.cyloadablemeta)

.cyconfigecc    0x80000000      0x5d8
 *(.cyconfigecc)
 .cyconfigecc   0x80000000      0x5d8 .\CortexM3\ARM_GCC_541\Debug\cymetadata.o
                0x80000000                cy_meta_configecc

.cycustnvl      0x90000000        0x4
 *(.cycustnvl)
 .cycustnvl     0x90000000        0x4 .\CortexM3\ARM_GCC_541\Debug\cymetadata.o
                0x90000000                cy_meta_custnvl

.cywolatch      0x90100000        0x4
 *(.cywolatch)
 .cywolatch     0x90100000        0x4 .\CortexM3\ARM_GCC_541\Debug\cymetadata.o
                0x90100000                cy_meta_wonvl

.cyeeprom       0x90200000        0x0
 *(.cyeeprom)
                0x00000001                ASSERT ((. <= ((0x90200000 + ee_offset) + ee_size)), .cyeeprom data will not fit in EEPROM)

.cyflashprotect
                0x90400000      0x100
 *(.cyflashprotect)
 .cyflashprotect
                0x90400000      0x100 .\CortexM3\ARM_GCC_541\Debug\cymetadata.o
                0x90400000                cy_meta_flashprotect

.cymeta         0x90500000        0xc
 *(.cymeta)
 .cymeta        0x90500000        0xc .\CortexM3\ARM_GCC_541\Debug\cymetadata.o
                0x90500000                cy_metadata

.rel.dyn        0x00009320        0x0 load address 0x9050000c
 .rel.iplt      0x00009320        0x0 d:/psoc/psoc creator/4.2/psoc creator/import/gnu/arm/5.4.1/bin/../lib/gcc/arm-none-eabi/5.4.1/armv7-m/crtbegin.o

.stab
 *(.stab)

.stabstr
 *(.stabstr)

.debug
 *(.debug)

.line
 *(.line)

.debug_srcinfo
 *(.debug_srcinfo)

.debug_sfnames
 *(.debug_sfnames)

.debug_aranges  0x00000000      0xfa8
 *(.debug_aranges)
 .debug_aranges
                0x00000000       0x50 .\CortexM3\ARM_GCC_541\Debug\main.o
 .debug_aranges
                0x00000050       0xc8 .\CortexM3\ARM_GCC_541\Debug\screen.o
 .debug_aranges
                0x00000118       0x28 .\CortexM3\ARM_GCC_541\Debug\font.o
 .debug_aranges
                0x00000140       0x38 .\CortexM3\ARM_GCC_541\Debug\sd.o
 .debug_aranges
                0x00000178       0x20 .\CortexM3\ARM_GCC_541\Debug\uifunctions.o
 .debug_aranges
                0x00000198       0x88 .\CortexM3\ARM_GCC_541\Debug\cyfitter_cfg.o
 .debug_aranges
                0x00000220       0x18 .\CortexM3\ARM_GCC_541\Debug\cymetadata.o
 .debug_aranges
                0x00000238       0x48 .\CortexM3\ARM_GCC_541\Debug\Cm3Start.o
 .debug_aranges
                0x00000280      0x2a0 .\CortexM3\ARM_GCC_541\Debug\Design01.a(CyLib.o)
 .debug_aranges
                0x00000520       0x98 .\CortexM3\ARM_GCC_541\Debug\Design01.a(cyPm.o)
 .debug_aranges
                0x000005b8       0x38 .\CortexM3\ARM_GCC_541\Debug\Design01.a(SS.o)
 .debug_aranges
                0x000005f0       0x38 .\CortexM3\ARM_GCC_541\Debug\Design01.a(D_C.o)
 .debug_aranges
                0x00000628       0x38 .\CortexM3\ARM_GCC_541\Debug\Design01.a(Reset.o)
 .debug_aranges
                0x00000660       0x70 .\CortexM3\ARM_GCC_541\Debug\Design01.a(Clock.o)
 .debug_aranges
                0x000006d0       0xd8 .\CortexM3\ARM_GCC_541\Debug\Design01.a(SPIM.o)
 .debug_aranges
                0x000007a8       0x58 .\CortexM3\ARM_GCC_541\Debug\Design01.a(VDAC8_DS.o)
 .debug_aranges
                0x00000800       0x58 .\CortexM3\ARM_GCC_541\Debug\Design01.a(VDAC8_GS.o)
 .debug_aranges
                0x00000858       0xa8 .\CortexM3\ARM_GCC_541\Debug\Design01.a(ADC_SAR_1.o)
 .debug_aranges
                0x00000900       0x20 .\CortexM3\ARM_GCC_541\Debug\Design01.a(ADC_SAR_1_INT.o)
 .debug_aranges
                0x00000920       0x38 .\CortexM3\ARM_GCC_541\Debug\Design01.a(ADC_SAR_1_PM.o)
 .debug_aranges
                0x00000958       0x80 .\CortexM3\ARM_GCC_541\Debug\Design01.a(ADC_SAR_1_theACLK.o)
 .debug_aranges
                0x000009d8       0x38 .\CortexM3\ARM_GCC_541\Debug\Design01.a(I2C.o)
 .debug_aranges
                0x00000a10       0x20 .\CortexM3\ARM_GCC_541\Debug\Design01.a(I2C_INT.o)
 .debug_aranges
                0x00000a30       0x38 .\CortexM3\ARM_GCC_541\Debug\Design01.a(I2C_PM.o)
 .debug_aranges
                0x00000a68       0x80 .\CortexM3\ARM_GCC_541\Debug\Design01.a(I2C_MASTER.o)
 .debug_aranges
                0x00000ae8       0x88 .\CortexM3\ARM_GCC_541\Debug\Design01.a(isr.o)
 .debug_aranges
                0x00000b70       0x30 .\CortexM3\ARM_GCC_541\Debug\Design01.a(AMux_1.o)
 .debug_aranges
                0x00000ba0       0x30 .\CortexM3\ARM_GCC_541\Debug\Design01.a(AMux_2.o)
 .debug_aranges
                0x00000bd0       0x30 .\CortexM3\ARM_GCC_541\Debug\Design01.a(AMux_3.o)
 .debug_aranges
                0x00000c00       0x38 .\CortexM3\ARM_GCC_541\Debug\Design01.a(emFile_1_PM.o)
 .debug_aranges
                0x00000c38       0x38 .\CortexM3\ARM_GCC_541\Debug\Design01.a(emFile_1_SPI0_PM.o)
 .debug_aranges
                0x00000c70       0x20 .\CortexM3\ARM_GCC_541\Debug\Design01.a(CyBootAsmGnu.o)
 .debug_aranges
                0x00000c90       0x88 .\CortexM3\ARM_GCC_541\Debug\Design01.a(CyFlash.o)
 .debug_aranges
                0x00000d18       0x80 .\CortexM3\ARM_GCC_541\Debug\Design01.a(CySpc.o)
 .debug_aranges
                0x00000d98       0xd8 .\CortexM3\ARM_GCC_541\Debug\Design01.a(emFile_1_SPI0.o)
 .debug_aranges
                0x00000e70       0x28 .\CortexM3\ARM_GCC_541\Debug\Design01.a(emFile_1_ConfigMMC_SPI.o)
 .debug_aranges
                0x00000e98       0x68 .\CortexM3\ARM_GCC_541\Debug\Design01.a(emFile_1_MMC_HW_SPI.o)
 .debug_aranges
                0x00000f00       0x70 .\CortexM3\ARM_GCC_541\Debug\Design01.a(emFile_1_Clock_1.o)
 .debug_aranges
                0x00000f70       0x38 .\CortexM3\ARM_GCC_541\Debug\Design01.a(emFile_1_SPI0_CS.o)

.debug_pubnames
 *(.debug_pubnames)

.debug_info     0x00000000     0xd17f
 *(.debug_info .gnu.linkonce.wi.*)
 .debug_info    0x00000000     0x1290 .\CortexM3\ARM_GCC_541\Debug\main.o
 .debug_info    0x00001290     0x24bd .\CortexM3\ARM_GCC_541\Debug\screen.o
 .debug_info    0x0000374d      0xe5d .\CortexM3\ARM_GCC_541\Debug\font.o
 .debug_info    0x000045aa      0x549 .\CortexM3\ARM_GCC_541\Debug\sd.o
 .debug_info    0x00004af3     0x111d .\CortexM3\ARM_GCC_541\Debug\uifunctions.o
 .debug_info    0x00005c10      0x7e3 .\CortexM3\ARM_GCC_541\Debug\cyfitter_cfg.o
 .debug_info    0x000063f3      0x137 .\CortexM3\ARM_GCC_541\Debug\cymetadata.o
 .debug_info    0x0000652a      0x3bb .\CortexM3\ARM_GCC_541\Debug\Cm3Start.o