Archive member included to satisfy reference by file (symbol)

.\CortexM3\ARM_GCC_541\Debug\Design01.a(CyLib.o)
                              .\CortexM3\ARM_GCC_541\Debug\Cm3Start.o (CyHalt)
.\CortexM3\ARM_GCC_541\Debug\Design01.a(cyPm.o)
                              .\CortexM3\ARM_GCC_541\Debug\Design01.a(CyLib.o) (CyPmReadStatus)
.\CortexM3\ARM_GCC_541\Debug\Design01.a(SS.o)
                              .\CortexM3\ARM_GCC_541\Debug\screen.o (SS_Write)
.\CortexM3\ARM_GCC_541\Debug\Design01.a(D_C.o)
                              .\CortexM3\ARM_GCC_541\Debug\screen.o (D_C_Write)
.\CortexM3\ARM_GCC_541\Debug\Design01.a(Reset.o)
                              .\CortexM3\ARM_GCC_541\Debug\main.o (Reset_Write)
.\CortexM3\ARM_GCC_541\Debug\Design01.a(Clock.o)
                              .\CortexM3\ARM_GCC_541\Debug\main.o (Clock_Start)
.\CortexM3\ARM_GCC_541\Debug\Design01.a(SPIM.o)
                              .\CortexM3\ARM_GCC_541\Debug\main.o (SPIM_Start)
.\CortexM3\ARM_GCC_541\Debug\Design01.a(VDAC8_DS.o)
                              .\CortexM3\ARM_GCC_541\Debug\main.o (VDAC8_DS_Start)
.\CortexM3\ARM_GCC_541\Debug\Design01.a(VDAC8_GS.o)
                              .\CortexM3\ARM_GCC_541\Debug\main.o (VDAC8_GS_Start)
.\CortexM3\ARM_GCC_541\Debug\Design01.a(ADC_SAR_1.o)
                              .\CortexM3\ARM_GCC_541\Debug\main.o (ADC_SAR_1_Start)
.\CortexM3\ARM_GCC_541\Debug\Design01.a(ADC_SAR_1_INT.o)
                              .\CortexM3\ARM_GCC_541\Debug\Design01.a(ADC_SAR_1.o) (ADC_SAR_1_ISR)
.\CortexM3\ARM_GCC_541\Debug\Design01.a(ADC_SAR_1_PM.o)
                              .\CortexM3\ARM_GCC_541\Debug\main.o (ADC_SAR_1_Sleep)
.\CortexM3\ARM_GCC_541\Debug\Design01.a(ADC_SAR_1_theACLK.o)
                              .\CortexM3\ARM_GCC_541\Debug\Design01.a(ADC_SAR_1.o) (ADC_SAR_1_theACLK_SetModeRegister)
.\CortexM3\ARM_GCC_541\Debug\Design01.a(isr.o)
                              .\CortexM3\ARM_GCC_541\Debug\main.o (isr_Start)
.\CortexM3\ARM_GCC_541\Debug\Design01.a(AMux_1.o)
                              .\CortexM3\ARM_GCC_541\Debug\main.o (AMux_1_Select)
.\CortexM3\ARM_GCC_541\Debug\Design01.a(AMux_2.o)
                              .\CortexM3\ARM_GCC_541\Debug\main.o (AMux_2_Select)
.\CortexM3\ARM_GCC_541\Debug\Design01.a(AMux_3.o)
                              .\CortexM3\ARM_GCC_541\Debug\main.o (AMux_3_Select)
.\CortexM3\ARM_GCC_541\Debug\Design01.a(CyBootAsmGnu.o)
                              .\CortexM3\ARM_GCC_541\Debug\cyfitter_cfg.o (CyDelayCycles)
.\CortexM3\ARM_GCC_541\Debug\Design01.a(CyFlash.o)
                              .\CortexM3\ARM_GCC_541\Debug\Design01.a(cyPm.o) (CyFlash_SetWaitCycles)
.\CortexM3\ARM_GCC_541\Debug\Design01.a(CySpc.o)
                              .\CortexM3\ARM_GCC_541\Debug\Design01.a(CyFlash.o) (CySpcStart)
.\CortexM3\ARM_GCC_541\Debug\Design01.a(I2C.o)
                              .\CortexM3\ARM_GCC_541\Debug\Design01.a(isr.o) (I2C_Start)
.\CortexM3\ARM_GCC_541\Debug\Design01.a(I2C_INT.o)
                              .\CortexM3\ARM_GCC_541\Debug\Design01.a(I2C.o) (I2C_ISR)
.\CortexM3\ARM_GCC_541\Debug\Design01.a(I2C_PM.o)
                              .\CortexM3\ARM_GCC_541\Debug\Design01.a(I2C.o) (I2C_backup)
.\CortexM3\ARM_GCC_541\Debug\Design01.a(I2C_MASTER.o)
                              .\CortexM3\ARM_GCC_541\Debug\Design01.a(I2C.o) (I2C_mstrStatus)
.\emFile_V322c\LinkLibrary\PSoC5\GCC\libemf16nosnlfn.a(FS_Misc.o)
                              .\CortexM3\ARM_GCC_541\Debug\main.o (FS_Init)
.\emFile_V322c\LinkLibrary\PSoC5\GCC\libemf16nosnlfn.a(FS_Storage.o)
                              .\emFile_V322c\LinkLibrary\PSoC5\GCC\libemf16nosnlfn.a(FS_Misc.o) (FS__FindVolume)
.\emFile_V322c\LinkLibrary\PSoC5\GCC\libemf16nosnlfn.a(FS_Unmount.o)
                              .\emFile_V322c\LinkLibrary\PSoC5\GCC\libemf16nosnlfn.a(FS_Misc.o) (FS__UnmountForcedNL)
.\emFile_V322c\LinkLibrary\PSoC5\GCC\libemf16nosnlfn.a(FS_Volume.o)
                              .\emFile_V322c\LinkLibrary\PSoC5\GCC\libemf16nosnlfn.a(FS_Misc.o) (FS__AutoMount)
.\emFile_V322c\LinkLibrary\PSoC5\GCC\libemf16nosnlfn.a(FS_Write.o)
                              .\CortexM3\ARM_GCC_541\Debug\main.o (FS_Write)
.\emFile_V322c\LinkLibrary\PSoC5\GCC\libemf16nosnlfn.a(FAT_CheckDisk.o)
                              .\emFile_V322c\LinkLibrary\PSoC5\GCC\libemf16nosnlfn.a(FS_Volume.o) (FS_FAT__CheckDisk)
.\emFile_V322c\LinkLibrary\PSoC5\GCC\libemf16nosnlfn.a(FAT_Dir.o)
                              .\emFile_V322c\LinkLibrary\PSoC5\GCC\libemf16nosnlfn.a(FAT_CheckDisk.o) (FS_FAT_CreateDirEx)
.\emFile_V322c\LinkLibrary\PSoC5\GCC\libemf16nosnlfn.a(FAT_DiskInfo.o)
                              .\emFile_V322c\LinkLibrary\PSoC5\GCC\libemf16nosnlfn.a(FS_Volume.o) (FS_FAT_GetDiskInfo)
.\emFile_V322c\LinkLibrary\PSoC5\GCC\libemf16nosnlfn.a(FAT_Misc.o)
                              .\emFile_V322c\LinkLibrary\PSoC5\GCC\libemf16nosnlfn.a(FAT_Dir.o) (FS_FAT_ClusterId2SectorNo)
[...]
Memory Configuration

Name             Origin             Length             Attributes
rom              0x00000000         0x00040000         xr
ram              0x1fff8000         0x00010000         xrw
*default*        0x00000000         0xffffffff

Linker script and memory map

LOAD d:/psoc/psoc creator/4.2/psoc creator/import/gnu/arm/5.4.1/bin/../lib/gcc/arm-none-eabi/5.4.1/armv7-m/crti.o
LOAD d:/psoc/psoc creator/4.2/psoc creator/import/gnu/arm/5.4.1/bin/../lib/gcc/arm-none-eabi/5.4.1/armv7-m/crtbegin.o
LOAD d:/psoc/psoc creator/4.2/psoc creator/import/gnu/arm/5.4.1/bin/../lib/gcc/arm-none-eabi/5.4.1/../../../../arm-none-eabi/lib/armv7-m/crt0.o
START GROUP
LOAD .\CortexM3\ARM_GCC_541\Debug\main.o
LOAD .\CortexM3\ARM_GCC_541\Debug\screen.o
LOAD .\CortexM3\ARM_GCC_541\Debug\font.o
LOAD .\CortexM3\ARM_GCC_541\Debug\sd.o
LOAD .\CortexM3\ARM_GCC_541\Debug\uifunctions.o
LOAD .\CortexM3\ARM_GCC_541\Debug\cyfitter_cfg.o
LOAD .\CortexM3\ARM_GCC_541\Debug\cymetadata.o
LOAD .\CortexM3\ARM_GCC_541\Debug\Cm3Start.o
LOAD .\CortexM3\ARM_GCC_541\Debug\Design01.a
LOAD D:\PSoC\PSoC Creator\4.2\PSoC Creator\psoc\content\cycomponentlibrary\CyComponentLibrary.cylib\CortexM3\ARM_GCC_541\Debug\CyComponentLibrary.a
LOAD .\emFile_V322c\LinkLibrary\PSoC5\GCC\libemf16nosnlfn.a
END GROUP
START GROUP
LOAD d:/psoc/psoc creator/4.2/psoc creator/import/gnu/arm/5.4.1/bin/../lib/gcc/arm-none-eabi/5.4.1/armv7-m\libgcc.a
LOAD d:/psoc/psoc creator/4.2/psoc creator/import/gnu/arm/5.4.1/bin/../lib/gcc/arm-none-eabi/5.4.1/../../../../arm-none-eabi/lib/armv7-m\libg_nano.a
LOAD d:/psoc/psoc creator/4.2/psoc creator/import/gnu/arm/5.4.1/bin/../lib/gcc/arm-none-eabi/5.4.1/../../../../arm-none-eabi/lib/armv7-m\libc_nano.a
END GROUP
START GROUP
LOAD d:/psoc/psoc creator/4.2/psoc creator/import/gnu/arm/5.4.1/bin/../lib/gcc/arm-none-eabi/5.4.1/armv7-m\libgcc.a
LOAD d:/psoc/psoc creator/4.2/psoc creator/import/gnu/arm/5.4.1/bin/../lib/gcc/arm-none-eabi/5.4.1/../../../../arm-none-eabi/lib/armv7-m\libc_nano.a
END GROUP
LOAD d:/psoc/psoc creator/4.2/psoc creator/import/gnu/arm/5.4.1/bin/../lib/gcc/arm-none-eabi/5.4.1/armv7-m/crtend.o
LOAD d:/psoc/psoc creator/4.2/psoc creator/import/gnu/arm/5.4.1/bin/../lib/gcc/arm-none-eabi/5.4.1/armv7-m/crtn.o
START GROUP
LOAD d:/psoc/psoc creator/4.2/psoc creator/import/gnu/arm/5.4.1/bin/../lib/gcc/arm-none-eabi/5.4.1/armv7-m\libgcc.a
LOAD d:/psoc/psoc creator/4.2/psoc creator/import/gnu/arm/5.4.1/bin/../lib/gcc/arm-none-eabi/5.4.1/../../../../arm-none-eabi/lib/armv7-m\libc.a
LOAD d:/psoc/psoc creator/4.2/psoc creator/import/gnu/arm/5.4.1/bin/../lib/gcc/arm-none-eabi/5.4.1/../../../../arm-none-eabi/lib/armv7-m\libnosys.a
END GROUP
                0x00000000                CY_APPL_ORIGIN = 0x0
                0x00000100                CY_FLASH_ROW_SIZE = 0x100
                0x00000020                CY_ECC_ROW_SIZE = 0x20
                0x00000000                CY_EE_IN_BTLDR = 0x0
                0x00000000                CY_APPL_LOADABLE = 0x0
                0x00000800                CY_EE_SIZE = 0x800
                0x00000001                CY_APPL_NUM = 0x1
                0x00000001                CY_APPL_MAX = 0x1
                0x00000040                CY_METADATA_SIZE = 0x40
                0x00000000                CY_APPL_LOADABLE = 0x0
                0x00000000                CY_CHECKSUM_EXCLUDE_SIZE = ALIGN (0x0, CY_FLASH_ROW_SIZE)
                [!provide]                PROVIDE (__cy_heap_start, _end)
                0x00000001                PROVIDE (__cy_region_num, ((__cy_regions_end - __cy_regions) / 0x10))
                0x20008000                PROVIDE (__cy_stack, (ORIGIN (ram) + LENGTH (ram)))
                [!provide]                PROVIDE (__cy_heap_end, (__cy_stack - 0x800))

.cybootloader   0x00000000        0x0
 *(.cybootloader)
                0x00000000                appl1_start = CY_APPL_ORIGIN?CY_APPL_ORIGIN:ALIGN (CY_FLASH_ROW_SIZE)
                0x0001ff00                appl2_start = (appl1_start + ALIGN ((((LENGTH (rom) - appl1_start) - (0x2 * CY_FLASH_ROW_SIZE)) / 0x2), CY_FLASH_ROW_SIZE))
                0x00000000                appl_start = (CY_APPL_NUM == 0x1)?appl1_start:appl2_start
                0x00000000                ecc_offset = ((appl_start / CY_FLASH_ROW_SIZE) * CY_ECC_ROW_SIZE)
                0x00000000                ee_offset = (CY_APPL_LOADABLE && ! (CY_EE_IN_BTLDR))?((CY_EE_SIZE / CY_APPL_MAX) * (CY_APPL_NUM - 0x1)):0x0
                0x00000800                ee_size = (CY_APPL_LOADABLE && ! (CY_EE_IN_BTLDR))?(CY_EE_SIZE / CY_APPL_MAX):CY_EE_SIZE
                [!provide]                PROVIDE (CY_ECC_OFFSET, ecc_offset)

.text           0x00000000     0x9314
 CREATE_OBJECT_SYMBOLS
                0x00000000                PROVIDE (__cy_interrupt_vector, RomVectors)
 *(.romvectors)
 .romvectors    0x00000000       0x10 .\CortexM3\ARM_GCC_541\Debug\Cm3Start.o
                0x00000000                RomVectors
                0x00000001                ASSERT ((. != __cy_interrupt_vector), No interrupt vector)
                0x00000001                ASSERT (CY_APPL_ORIGIN?(SIZEOF (.cybootloader) <= CY_APPL_ORIGIN):0x1, Wrong image location)
                0x00000010                PROVIDE (__cy_reset, Reset)
 *(.text.Reset)
 .text.Reset    0x00000010       0x18 .\CortexM3\ARM_GCC_541\Debug\Cm3Start.o
                0x00000010                Reset
                0x00000001                ASSERT ((. != __cy_reset), No reset code)
 *(.dma_init)
                0x00000001                ASSERT ((((appl_start + .) <= 0x10000) || 0x1), DMA Init must be within the first 64k of flash)
 *(.text .text.* .gnu.linkonce.t.*)
 .text          0x00000028       0x5c d:/psoc/psoc creator/4.2/psoc creator/import/gnu/arm/5.4.1/bin/../lib/gcc/arm-none-eabi/5.4.1/armv7-m/crtbegin.o
 *fill*         0x00000084        0x4 
 .text.run_test
                0x00000088      0x258 .\CortexM3\ARM_GCC_541\Debug\main.o
                0x00000088                run_test
 .text.startup.main
                0x000002e0      0x6a4 .\CortexM3\ARM_GCC_541\Debug\main.o
                0x000002e0                main
 .text.setAddrWindow
                0x00000984      0x100 .\CortexM3\ARM_GCC_541\Debug\screen.o
                0x00000984                setAddrWindow
 .text.fill_rect
                0x00000a84       0xc0 .\CortexM3\ARM_GCC_541\Debug\screen.o
                0x00000a84                fill_rect
 .text.fill_screen
                0x00000b44       0x5c .\CortexM3\ARM_GCC_541\Debug\screen.o
                0x00000b44                fill_screen
 .text.StartScreen
                0x00000ba0       0x88 .\CortexM3\ARM_GCC_541\Debug\screen.o
                0x00000ba0                StartScreen
 .text.draw_pixel
                0x00000c28       0x58 .\CortexM3\ARM_GCC_541\Debug\screen.o
                0x00000c28                draw_pixel
 .text.write_line
                0x00000c80      0x164 .\CortexM3\ARM_GCC_541\Debug\screen.o
                0x00000c80                write_line
 .text.draw_line
                0x00000de4       0x5c .\CortexM3\ARM_GCC_541\Debug\screen.o
                0x00000de4                draw_line
 .text.draw_coordinates
                0x00000e40      0x258 .\CortexM3\ARM_GCC_541\Debug\screen.o
                0x00000e40                draw_coordinates
 .text.draw_choose_screen
                0x00001098      0x49c .\CortexM3\ARM_GCC_541\Debug\screen.o
                0x00001098                draw_choose_screen
 .text.draw_options_screen
                0x00001534       0x60 .\CortexM3\ARM_GCC_541\Debug\screen.o
                0x00001534                draw_options_screen
 .text.draw_debug_screen
                0x00001594      0x16c .\CortexM3\ARM_GCC_541\Debug\screen.o
                0x00001594                draw_debug_screen
 .text.draw_string
                0x00001700     0x1034 .\CortexM3\ARM_GCC_541\Debug\font.o
                0x00001700                draw_string
 .text.create_file_with_text
                0x00002734       0x2c .\CortexM3\ARM_GCC_541\Debug\sd.o
                0x00002734                create_file_with_text
 .text.write_header_info
                0x00002760      0x1cc .\CortexM3\ARM_GCC_541\Debug\sd.o
                0x00002760                write_header_info
 *fill*         0x0000292c        0x4 
 .text.write_data
                0x00002930      0x118 .\CortexM3\ARM_GCC_541\Debug\sd.o
                0x00002930                write_data
 .text.ui_control
                0x00002a48      0x108 .\CortexM3\ARM_GCC_541\Debug\uifunctions.o
                0x00002a48                ui_control
 .text.AMux_1_Set
                0x00002b50       0x1c .\CortexM3\ARM_GCC_541\Debug\cyfitter_cfg.o
                0x00002b50                AMux_1_Set
 .text.AMux_1_Unset
                0x00002b6c       0x1c .\CortexM3\ARM_GCC_541\Debug\cyfitter_cfg.o
                0x00002b6c                AMux_1_Unset
 .text.AMux_2_Set
                0x00002b88       0x1c .\CortexM3\ARM_GCC_541\Debug\cyfitter_cfg.o
                0x00002b88                AMux_2_Set
 .text.AMux_2_Unset
                0x00002ba4       0x20 .\CortexM3\ARM_GCC_541\Debug\cyfitter_cfg.o
                0x00002ba4                AMux_2_Unset
 .text.AMux_3_Set
                0x00002bc4       0x20 .\CortexM3\ARM_GCC_541\Debug\cyfitter_cfg.o
                0x00002bc4                AMux_3_Set
 .text.AMux_3_Unset
                0x00002be4       0x20 .\CortexM3\ARM_GCC_541\Debug\cyfitter_cfg.o
                0x00002be4                AMux_3_Unset
 .text.cyfitter_cfg
                0x00002c04      0x2d0 .\CortexM3\ARM_GCC_541\Debug\cyfitter_cfg.o
                0x00002c04                cyfitter_cfg
 .text.IntDefaultHandler
                0x00002ed4       0x10 .\CortexM3\ARM_GCC_541\Debug\Cm3Start.o
                0x00002ed4                IntDefaultHandler
 .text._sbrk    0x00002ee4       0x30 .\CortexM3\ARM_GCC_541\Debug\Cm3Start.o
                0x00002ee4                _sbrk
 .text.Start_c  0x00002f14       0x58 .\CortexM3\ARM_GCC_541\Debug\Cm3Start.o
                0x00002f14                Start_c
 .text.startup.initialize_psoc
                0x00002f6c       0x64 .\CortexM3\ARM_GCC_541\Debug\Cm3Start.o
                0x00002f6c                initialize_psoc
 .text.CyHalt   0x00002fd0        0x4 .\CortexM3\ARM_GCC_541\Debug\Design01.a(CyLib.o)
                0x00002fd0                CyHalt
 .text.CyDelay  0x00002fd4       0x48 .\CortexM3\ARM_GCC_541\Debug\Design01.a(CyLib.o)
                0x00002fd4                CyDelay
 .text.CyDelayUs
                0x0000301c       0x10 .\CortexM3\ARM_GCC_541\Debug\Design01.a(CyLib.o)
                0x0000301c                CyDelayUs
 .text.CyIntSetVector
                0x0000302c       0x20 .\CortexM3\ARM_GCC_541\Debug\Design01.a(CyLib.o)
                0x0000302c                CyIntSetVector
 .text.CyIntSetPriority
                0x0000304c       0x20 .\CortexM3\ARM_GCC_541\Debug\Design01.a(CyLib.o)
                0x0000304c                CyIntSetPriority
 .text.SS_Write
                0x0000306c       0x18 .\CortexM3\ARM_GCC_541\Debug\Design01.a(SS.o)
                0x0000306c                SS_Write
 .text.SS_Read  0x00003084       0x10 .\CortexM3\ARM_GCC_541\Debug\Design01.a(SS.o)
                0x00003084                SS_Read
 .text.D_C_Write
                0x00003094       0x18 .\CortexM3\ARM_GCC_541\Debug\Design01.a(D_C.o)
                0x00003094                D_C_Write
 .text.Reset_Write
                0x000030ac       0x18 .\CortexM3\ARM_GCC_541\Debug\Design01.a(Reset.o)
                0x000030ac                Reset_Write
 .text.Clock_Start
                0x000030c4       0x20 .\CortexM3\ARM_GCC_541\Debug\Design01.a(Clock.o)
                0x000030c4                Clock_Start
 .text.SPIM_Start
                0x000030e4       0xa8 .\CortexM3\ARM_GCC_541\Debug\Design01.a(SPIM.o)
                0x000030e4                SPIM_Start
 .text.SPIM_WriteTxData
                0x0000318c       0x18 .\CortexM3\ARM_GCC_541\Debug\Design01.a(SPIM.o)
                0x0000318c                SPIM_WriteTxData
 .text.VDAC8_DS_Start
                0x000031a4       0x84 .\CortexM3\ARM_GCC_541\Debug\Design01.a(VDAC8_DS.o)
                0x000031a4                VDAC8_DS_Start
 .text.VDAC8_DS_SetValue
                0x00003228        0xc .\CortexM3\ARM_GCC_541\Debug\Design01.a(VDAC8_DS.o)
                0x00003228                VDAC8_DS_SetValue
 .text.VDAC8_GS_Start
                0x00003234       0x84 .\CortexM3\ARM_GCC_541\Debug\Design01.a(VDAC8_GS.o)
                0x00003234                VDAC8_GS_Start
 .text.VDAC8_GS_SetValue
                0x000032b8        0xc .\CortexM3\ARM_GCC_541\Debug\Design01.a(VDAC8_GS.o)
                0x000032b8                VDAC8_GS_SetValue
 .text.ADC_SAR_1_Start
                0x000032c4      0x108 .\CortexM3\ARM_GCC_541\Debug\Design01.a(ADC_SAR_1.o)
                0x000032c4                ADC_SAR_1_Start
 .text.ADC_SAR_1_Enable
                0x000033cc       0xa4 .\CortexM3\ARM_GCC_541\Debug\Design01.a(ADC_SAR_1.o)
                0x000033cc                ADC_SAR_1_Enable
 .text.ADC_SAR_1_Stop
                0x00003470       0x50 .\CortexM3\ARM_GCC_541\Debug\Design01.a(ADC_SAR_1.o)
                0x00003470                ADC_SAR_1_Stop
 .text.ADC_SAR_1_StartConvert
                0x000034c0       0x18 .\CortexM3\ARM_GCC_541\Debug\Design01.a(ADC_SAR_1.o)
                0x000034c0                ADC_SAR_1_StartConvert
 .text.ADC_SAR_1_StopConvert
                0x000034d8       0x18 .\CortexM3\ARM_GCC_541\Debug\Design01.a(ADC_SAR_1.o)
                0x000034d8                ADC_SAR_1_StopConvert
 .text.ADC_SAR_1_IsEndConversion
                0x000034f0       0x2c .\CortexM3\ARM_GCC_541\Debug\Design01.a(ADC_SAR_1.o)
                0x000034f0                ADC_SAR_1_IsEndConversion
 .text.ADC_SAR_1_GetResult16
                0x0000351c       0x18 .\CortexM3\ARM_GCC_541\Debug\Design01.a(ADC_SAR_1.o)
                0x0000351c                ADC_SAR_1_GetResult16
 .text.ADC_SAR_1_CountsTo_mVolts
                0x00003534       0x4c .\CortexM3\ARM_GCC_541\Debug\Design01.a(ADC_SAR_1.o)
                0x00003534                ADC_SAR_1_CountsTo_mVolts
 .text.ADC_SAR_1_ISR
                0x00003580        0x4 .\CortexM3\ARM_GCC_541\Debug\Design01.a(ADC_SAR_1_INT.o)
                0x00003580                ADC_SAR_1_ISR
 .text.ADC_SAR_1_Sleep
                0x00003584       0x38 .\CortexM3\ARM_GCC_541\Debug\Design01.a(ADC_SAR_1_PM.o)
                0x00003584                ADC_SAR_1_Sleep
 .text.ADC_SAR_1_Wakeup
                0x000035bc       0x20 .\CortexM3\ARM_GCC_541\Debug\Design01.a(ADC_SAR_1_PM.o)
                0x000035bc                ADC_SAR_1_Wakeup
 .text.ADC_SAR_1_theACLK_SetModeRegister
                0x000035dc       0x14 .\CortexM3\ARM_GCC_541\Debug\Design01.a(ADC_SAR_1_theACLK.o)
                0x000035dc                ADC_SAR_1_theACLK_SetModeRegister
 .text.isr_Interrupt
                0x000035f0       0xc4 .\CortexM3\ARM_GCC_541\Debug\Design01.a(isr.o)
                0x000035f0                isr_Interrupt
 .text.isr_Start
                0x000036b4       0x34 .\CortexM3\ARM_GCC_541\Debug\Design01.a(isr.o)
                0x000036b4                isr_Start
 .text.isr_Enable
                0x000036e8        0xc .\CortexM3\ARM_GCC_541\Debug\Design01.a(isr.o)
                0x000036e8                isr_Enable
 .text.isr_ClearPending
                0x000036f4        0xc .\CortexM3\ARM_GCC_541\Debug\Design01.a(isr.o)
                0x000036f4                isr_ClearPending
 .text.AMux_1_Select
                0x00003700       0x24 .\CortexM3\ARM_GCC_541\Debug\Design01.a(AMux_1.o)
                0x00003700                AMux_1_Select
 .text.AMux_2_Select
                0x00003724       0x24 .\CortexM3\ARM_GCC_541\Debug\Design01.a(AMux_2.o)
                0x00003724                AMux_2_Select
 .text.AMux_3_Select
                0x00003748       0x24 .\CortexM3\ARM_GCC_541\Debug\Design01.a(AMux_3.o)
                0x00003748                AMux_3_Select
 *fill*         0x0000376c        0x4 
 .text          0x00003770       0x20 .\CortexM3\ARM_GCC_541\Debug\Design01.a(CyBootAsmGnu.o)
                0x00003770                CyDelayCycles
                0x00003780                CyEnterCriticalSection
                0x00003788                CyExitCriticalSection
 .text.I2C_Start
                0x00003790       0xb4 .\CortexM3\ARM_GCC_541\Debug\Design01.a(I2C.o)
                0x00003790                I2C_Start
 .text.I2C_Stop
                0x00003844       0xbc .\CortexM3\ARM_GCC_541\Debug\Design01.a(I2C.o)
                0x00003844                I2C_Stop
 .text.I2C_ISR  0x00003900      0x244 .\CortexM3\ARM_GCC_541\Debug\Design01.a(I2C_INT.o)
                0x00003900                I2C_ISR
 .text.I2C_MasterSendStart
                0x00003b44       0x78 .\CortexM3\ARM_GCC_541\Debug\Design01.a(I2C_MASTER.o)
                0x00003b44                I2C_MasterSendStart
 .text.I2C_MasterSendRestart
                0x00003bbc       0x68 .\CortexM3\ARM_GCC_541\Debug\Design01.a(I2C_MASTER.o)
                0x00003bbc                I2C_MasterSendRestart
 .text.I2C_MasterSendStop
                0x00003c24       0x38 .\CortexM3\ARM_GCC_541\Debug\Design01.a(I2C_MASTER.o)
                0x00003c24                I2C_MasterSendStop
 .text.I2C_MasterWriteByte
                0x00003c5c       0x58 .\CortexM3\ARM_GCC_541\Debug\Design01.a(I2C_MASTER.o)
                0x00003c5c                I2C_MasterWriteByte
 .text.I2C_MasterReadByte
                0x00003cb4       0x5c .\CortexM3\ARM_GCC_541\Debug\Design01.a(I2C_MASTER.o)
                0x00003cb4                I2C_MasterReadByte
 .text.FS__AllocSectorBuffer
                0x00003d10       0x2c .\emFile_V322c\LinkLibrary\PSoC5\GCC\libemf16nosnlfn.a(FS_Misc.o)
                0x00003d10                FS__AllocSectorBuffer
 .text.FS__FreeSectorBuffer
                0x00003d3c       0x28 .\emFile_V322c\LinkLibrary\PSoC5\GCC\libemf16nosnlfn.a(FS_Misc.o)
                0x00003d3c                FS__FreeSectorBuffer
 .text.FS__SB_MarkDirty
                0x00003d64        0x6 .\emFile_V322c\LinkLibrary\PSoC5\GCC\libemf16nosnlfn.a(FS_Misc.o)
                0x00003d64                FS__SB_MarkDirty
 .text.FS__SB_MarkNotDirty
                0x00003d6a        0x6 .\emFile_V322c\LinkLibrary\PSoC5\GCC\libemf16nosnlfn.a(FS_Misc.o)
                0x00003d6a                FS__SB_MarkNotDirty
 .text.FS__FreeFileHandle
                0x00003d70        0xa .\emFile_V322c\LinkLibrary\PSoC5\GCC\libemf16nosnlfn.a(FS_Misc.o)
                0x00003d70                FS__FreeFileHandle
 .text.FS__FreeFileObj
                0x00003d7a        0xc .\emFile_V322c\LinkLibrary\PSoC5\GCC\libemf16nosnlfn.a(FS_Misc.o)
                0x00003d7a                FS__FreeFileObj
 *fill*         0x00003d86        0x2 
 .text.FS_Init  0x00003d88       0x58 .\emFile_V322c\LinkLibrary\PSoC5\GCC\libemf16nosnlfn.a(FS_Misc.o)
                0x00003d88                FS_Init
 .text.FS__SB_Create
                0x00003de0       0x28 .\emFile_V322c\LinkLibrary\PSoC5\GCC\libemf16nosnlfn.a(FS_Misc.o)
                0x00003de0                FS__SB_Create
 .text.FS__FCloseNL
                0x00003e08       0x1e .\emFile_V322c\LinkLibrary\PSoC5\GCC\libemf16nosnlfn.a(FS_Misc.o)
                0x00003e08                FS__FCloseNL
 .text.FS__FClose
                0x00003e26       0x1a .\emFile_V322c\LinkLibrary\PSoC5\GCC\libemf16nosnlfn.a(FS_Misc.o)
                0x00003e26                FS__FClose
 .text.FS_FClose
                0x00003e40        0xa .\emFile_V322c\LinkLibrary\PSoC5\GCC\libemf16nosnlfn.a(FS_Misc.o)
                0x00003e40                FS_FClose
 *fill*         0x00003e4a        0x2 
 .text.FS__AllocFileObj
                0x00003e4c       0x48 .\emFile_V322c\LinkLibrary\PSoC5\GCC\libemf16nosnlfn.a(FS_Misc.o)
                0x00003e4c                FS__AllocFileObj
 .text.FS__AllocFileHandle
                0x00003e94       0x40 .\emFile_V322c\LinkLibrary\PSoC5\GCC\libemf16nosnlfn.a(FS_Misc.o)
                0x00003e94                FS__AllocFileHandle
 .text.FS__OpenEx
                0x00003ed4       0x58 .\emFile_V322c\LinkLibrary\PSoC5\GCC\libemf16nosnlfn.a(FS_Misc.o)
                0x00003ed4                FS__OpenEx
 .text.FS__FOpenEx
                0x00003f2c       0x56 .\emFile_V322c\LinkLibrary\PSoC5\GCC\libemf16nosnlfn.a(FS_Misc.o)
                0x00003f2c                FS__FOpenEx
 *fill*         0x00003f82        0x2 
 .text.FS__FOpen
                0x00003f84       0x48 .\emFile_V322c\LinkLibrary\PSoC5\GCC\libemf16nosnlfn.a(FS_Misc.o)
                0x00003f84                FS__FOpen
 .text.FS_FOpen
                0x00003fcc        0x4 .\emFile_V322c\LinkLibrary\PSoC5\GCC\libemf16nosnlfn.a(FS_Misc.o)
                0x00003fcc                FS_FOpen
 .text.FS__SB_Write
                0x00003fd0       0x24 .\emFile_V322c\LinkLibrary\PSoC5\GCC\libemf16nosnlfn.a(FS_Misc.o)
                0x00003fd0                FS__SB_Write
 .text._SB_Clean
                0x00003ff4       0x24 .\emFile_V322c\LinkLibrary\PSoC5\GCC\libemf16nosnlfn.a(FS_Misc.o)
 .text.FS__SB_SetSector
                0x00004018       0x20 .\emFile_V322c\LinkLibrary\PSoC5\GCC\libemf16nosnlfn.a(FS_Misc.o)
                0x00004018                FS__SB_SetSector
 .text.FS__SB_Clean
                0x00004038        0x4 .\emFile_V322c\LinkLibrary\PSoC5\GCC\libemf16nosnlfn.a(FS_Misc.o)
                0x00004038                FS__SB_Clean
 .text.FS__SB_Delete
                0x0000403c       0x12 .\emFile_V322c\LinkLibrary\PSoC5\GCC\libemf16nosnlfn.a(FS_Misc.o)
                0x0000403c                FS__SB_Delete
 .text.FS__SB_Flush
                0x0000404e        0x8 .\emFile_V322c\LinkLibrary\PSoC5\GCC\libemf16nosnlfn.a(FS_Misc.o)
                0x0000404e                FS__SB_Flush
 .text.FS__SB_Read
                0x00004056       0x2a .\emFile_V322c\LinkLibrary\PSoC5\GCC\libemf16nosnlfn.a(FS_Misc.o)
                0x00004056                FS__SB_Read
 .text.FS__AddPhysDevice
                0x00004080       0x10 .\emFile_V322c\LinkLibrary\PSoC5\GCC\libemf16nosnlfn.a(FS_Storage.o)
                0x00004080                FS__AddPhysDevice
 .text.FS__FindVolume
                0x00004090       0x78 .\emFile_V322c\LinkLibrary\PSoC5\GCC\libemf16nosnlfn.a(FS_Storage.o)
                0x00004090                FS__FindVolume
 .text.FS__AddDevice
                0x00004108       0x68 .\emFile_V322c\LinkLibrary\PSoC5\GCC\libemf16nosnlfn.a(FS_Storage.o)
                0x00004108                FS__AddDevice
 .text.FS_AddDevice
                0x00004170        0x4 .\emFile_V322c\LinkLibrary\PSoC5\GCC\libemf16nosnlfn.a(FS_Storage.o)
                0x00004170                FS_AddDevice
 .text._Mount   0x00004174       0x2e .\emFile_V322c\LinkLibrary\PSoC5\GCC\libemf16nosnlfn.a(FS_Volume.o)
 .text.FS__AutoMount
                0x000041a2       0x14 .\emFile_V322c\LinkLibrary\PSoC5\GCC\libemf16nosnlfn.a(FS_Volume.o)
                0x000041a2                FS__AutoMount
 .text.FS__MountNL
                0x000041b6       0x20 .\emFile_V322c\LinkLibrary\PSoC5\GCC\libemf16nosnlfn.a(FS_Volume.o)
                0x000041b6                FS__MountNL
 .text.FS__Mount
                0x000041d6        0x4 .\emFile_V322c\LinkLibrary\PSoC5\GCC\libemf16nosnlfn.a(FS_Volume.o)
                0x000041d6                FS__Mount
 .text.FS_MountEx
                0x000041da       0x1a .\emFile_V322c\LinkLibrary\PSoC5\GCC\libemf16nosnlfn.a(FS_Volume.o)
                0x000041da                FS_MountEx
 .text.FS__Write
                0x000041f4       0x3a .\emFile_V322c\LinkLibrary\PSoC5\GCC\libemf16nosnlfn.a(FS_Write.o)
                0x000041f4                FS__Write
 .text.FS_Write
                0x0000422e        0x4 .\emFile_V322c\LinkLibrary\PSoC5\GCC\libemf16nosnlfn.a(FS_Write.o)
                0x0000422e                FS_Write
 .text._ClusterId2FATOff
                0x00004232       0x18 .\emFile_V322c\LinkLibrary\PSoC5\GCC\libemf16nosnlfn.a(FAT_Misc.o)
 .text._CalcLogClusterPos
                0x0000424a        0xe .\emFile_V322c\LinkLibrary\PSoC5\GCC\libemf16nosnlfn.a(FAT_Misc.o)
 .text._ReadFromFreeClusterCache
                0x00004258       0x46 .\emFile_V322c\LinkLibrary\PSoC5\GCC\libemf16nosnlfn.a(FAT_Misc.o)
 .text.FS_FAT_GetFATType
                0x0000429e       0x1a .\emFile_V322c\LinkLibrary\PSoC5\GCC\libemf16nosnlfn.a(FAT_Misc.o)
                0x0000429e                FS_FAT_GetFATType
 .text.FS_FAT_ClusterId2SectorNo
                0x000042b8        0xc .\emFile_V322c\LinkLibrary\PSoC5\GCC\libemf16nosnlfn.a(FAT_Misc.o)
                0x000042b8                FS_FAT_ClusterId2SectorNo
 .text.FS_FAT_IsValidShortNameChar
                0x000042c4       0x34 .\emFile_V322c\LinkLibrary\PSoC5\GCC\libemf16nosnlfn.a(FAT_Misc.o)
                0x000042c4                FS_FAT_IsValidShortNameChar
 .text.FS_FAT_CopyShortName
                0x000042f8       0x56 .\emFile_V322c\LinkLibrary\PSoC5\GCC\libemf16nosnlfn.a(FAT_Misc.o)
                0x000042f8                FS_FAT_CopyShortName
 .text._SFN_CreateDirEntry
                0x0000434e       0x5a .\emFile_V322c\LinkLibrary\PSoC5\GCC\libemf16nosnlfn.a(FAT_Misc.o)
 .text._SFN_FindDirEntry
                0x000043a8       0x10 .\emFile_V322c\LinkLibrary\PSoC5\GCC\libemf16nosnlfn.a(FAT_Misc.o)
 .text.FS_FAT_FindDirEntry
                0x000043b8       0x60 .\emFile_V322c\LinkLibrary\PSoC5\GCC\libemf16nosnlfn.a(FAT_Misc.o)
                0x000043b8                FS_FAT_FindDirEntry
 .text.FS_FAT_CopyDirEntryInfo
                0x00004418       0x50 .\emFile_V322c\LinkLibrary\PSoC5\GCC\libemf16nosnlfn.a(FAT_Misc.o)
                0x00004418                FS_FAT_CopyDirEntryInfo
 .text._SFN_ReadDirEntryInfo
                0x00004468       0x6e .\emFile_V322c\LinkLibrary\PSoC5\GCC\libemf16nosnlfn.a(FAT_Misc.o)
 .text._SetFATSector
                0x000044d6        0x6 .\emFile_V322c\LinkLibrary\PSoC5\GCC\libemf16nosnlfn.a(FAT_Misc.o)
 .text._WriteFATEntry
                0x000044dc      0x152 .\emFile_V322c\LinkLibrary\PSoC5\GCC\libemf16nosnlfn.a(FAT_Misc.o)
 .text.FS_FAT_MarkClusterEOC
                0x0000462e        0x8 .\emFile_V322c\LinkLibrary\PSoC5\GCC\libemf16nosnlfn.a(FAT_Misc.o)
                0x0000462e                FS_FAT_MarkClusterEOC
 .text.FS_FAT_SyncFAT
                0x00004636       0x3c .\emFile_V322c\LinkLibrary\PSoC5\GCC\libemf16nosnlfn.a(FAT_Misc.o)
                0x00004636                FS_FAT_SyncFAT
 .text.FS_FAT_LinkCluster
                0x00004672       0x1c .\emFile_V322c\LinkLibrary\PSoC5\GCC\libemf16nosnlfn.a(FAT_Misc.o)
                0x00004672                FS_FAT_LinkCluster
 .text.FS_FAT_ReadFATEntry
                0x0000468e       0xb2 .\emFile_V322c\LinkLibrary\PSoC5\GCC\libemf16nosnlfn.a(FAT_Misc.o)
                0x0000468e                FS_FAT_ReadFATEntry
 .text.FS_FAT_GetNumAdjClustersInChain
                0x00004740       0x64 .\emFile_V322c\LinkLibrary\PSoC5\GCC\libemf16nosnlfn.a(FAT_Misc.o)
                0x00004740                FS_FAT_GetNumAdjClustersInChain
 .text.FS_FAT_WalkClusterEx
                0x000047a4       0x5c .\emFile_V322c\LinkLibrary\PSoC5\GCC\libemf16nosnlfn.a(FAT_Misc.o)
                0x000047a4                FS_FAT_WalkClusterEx
 .text.FS_FAT_GotoCluster
                0x00004800       0x88 .\emFile_V322c\LinkLibrary\PSoC5\GCC\libemf16nosnlfn.a(FAT_Misc.o)
                0x00004800                FS_FAT_GotoCluster
 .text.FS_FAT_WalkCluster
                0x00004888       0x18 .\emFile_V322c\LinkLibrary\PSoC5\GCC\libemf16nosnlfn.a(FAT_Misc.o)
                0x00004888                FS_FAT_WalkCluster
 .text.FS_FAT_FindLastCluster
                0x000048a0       0x34 .\emFile_V322c\LinkLibrary\PSoC5\GCC\libemf16nosnlfn.a(FAT_Misc.o)
                0x000048a0                FS_FAT_FindLastCluster
 .text._CalcFreeClusterCnt
                0x000048d4       0x88 .\emFile_V322c\LinkLibrary\PSoC5\GCC\libemf16nosnlfn.a(FAT_Misc.o)
 .text.FS_FAT_FindFreeCluster
                0x0000495c       0xa8 .\emFile_V322c\LinkLibrary\PSoC5\GCC\libemf16nosnlfn.a(FAT_Misc.o)
                0x0000495c                FS_FAT_FindFreeCluster
 .text.FS_FAT_AllocCluster
                0x00004a04       0x20 .\emFile_V322c\LinkLibrary\PSoC5\GCC\libemf16nosnlfn.a(FAT_Misc.o)
                0x00004a04                FS_FAT_AllocCluster
 .text._WriteEmptyFATSectors
                0x00004a24       0x3c .\emFile_V322c\LinkLibrary\PSoC5\GCC\libemf16nosnlfn.a(FAT_Misc.o)
 .text.FS_FAT_FreeClusterChain
                0x00004a60       0xe0 .\emFile_V322c\LinkLibrary\PSoC5\GCC\libemf16nosnlfn.a(FAT_Misc.o)
                0x00004a60                FS_FAT_FreeClusterChain
 .text.FS_FAT_CheckBPB
                0x00004b40      0x14c .\emFile_V322c\LinkLibrary\PSoC5\GCC\libemf16nosnlfn.a(FAT_Misc.o)
                0x00004b40                FS_FAT_CheckBPB
 .text.FS_FAT_InitDirEntryScan
                0x00004c8c       0x14 .\emFile_V322c\LinkLibrary\PSoC5\GCC\libemf16nosnlfn.a(FAT_Open.o)
                0x00004c8c                FS_FAT_InitDirEntryScan
 .text.FS_FAT_IncDirPos
                0x00004ca0        0x8 .\emFile_V322c\LinkLibrary\PSoC5\GCC\libemf16nosnlfn.a(FAT_Open.o)
                0x00004ca0                FS_FAT_IncDirPos
 .text._CopyDirText
                0x00004ca8       0x44 .\emFile_V322c\LinkLibrary\PSoC5\GCC\libemf16nosnlfn.a(FAT_Open.o)
 .text.FS_FAT_Make83Name
                0x00004cec       0xb0 .\emFile_V322c\LinkLibrary\PSoC5\GCC\libemf16nosnlfn.a(FAT_Open.o)
                0x00004cec                FS_FAT_Make83Name
 .text.FS_FAT_GetDirEntry
                0x00004d9c       0xb2 .\emFile_V322c\LinkLibrary\PSoC5\GCC\libemf16nosnlfn.a(FAT_Open.o)
                0x00004d9c                FS_FAT_GetDirEntry
 .text.FS_FAT_FindDirEntryShortEx
                0x00004e4e       0x5a .\emFile_V322c\LinkLibrary\PSoC5\GCC\libemf16nosnlfn.a(FAT_Open.o)
                0x00004e4e                FS_FAT_FindDirEntryShortEx
 .text.FS_FAT_FindDirEntryShort
                0x00004ea8       0x36 .\emFile_V322c\LinkLibrary\PSoC5\GCC\libemf16nosnlfn.a(FAT_Open.o)
                0x00004ea8                FS_FAT_FindDirEntryShort
 .text.FS_FAT_FindEmptyDirEntry
                0x00004ede       0xb0 .\emFile_V322c\LinkLibrary\PSoC5\GCC\libemf16nosnlfn.a(FAT_Open.o)
                0x00004ede                FS_FAT_FindEmptyDirEntry
 .text.FS_FAT_GetFirstCluster
                0x00004f8e       0x1a .\emFile_V322c\LinkLibrary\PSoC5\GCC\libemf16nosnlfn.a(FAT_Open.o)
                0x00004f8e                FS_FAT_GetFirstCluster
 .text.FS_FAT_FindPath
                0x00004fa8       0x7a .\emFile_V322c\LinkLibrary\PSoC5\GCC\libemf16nosnlfn.a(FAT_Open.o)
                0x00004fa8                FS_FAT_FindPath
 .text.FS_FAT_DeleteFileOrDir
                0x00005022       0x48 .\emFile_V322c\LinkLibrary\PSoC5\GCC\libemf16nosnlfn.a(FAT_Open.o)
                0x00005022                FS_FAT_DeleteFileOrDir
 *fill*         0x0000506a        0x2 
 .text.FS_FAT_Open
                0x0000506c      0x1dc .\emFile_V322c\LinkLibrary\PSoC5\GCC\libemf16nosnlfn.a(FAT_Open.o)
                0x0000506c                FS_FAT_Open
 .text.FS_FAT_WriteDirEntryCluster
                0x00005248       0x1c .\emFile_V322c\LinkLibrary\PSoC5\GCC\libemf16nosnlfn.a(FAT_Open.o)
                0x00005248                FS_FAT_WriteDirEntryCluster
 .text.FS_FAT_WriteDirEntry83
                0x00005264       0x6c .\emFile_V322c\LinkLibrary\PSoC5\GCC\libemf16nosnlfn.a(FAT_Open.o)
                0x00005264                FS_FAT_WriteDirEntry83
 .text._WriteBurst
                0x000052d0       0x24 .\emFile_V322c\LinkLibrary\PSoC5\GCC\libemf16nosnlfn.a(FAT_Write.o)
 .text.FS_FAT_GotoClusterAllocIfReq
                0x000052f4       0xa8 .\emFile_V322c\LinkLibrary\PSoC5\GCC\libemf16nosnlfn.a(FAT_Write.o)
                0x000052f4                FS_FAT_GotoClusterAllocIfReq
 .text.FS_FAT_UpdateDirEntry
                0x0000539c       0x68 .\emFile_V322c\LinkLibrary\PSoC5\GCC\libemf16nosnlfn.a(FAT_Write.o)
                0x0000539c                FS_FAT_UpdateDirEntry
 .text.FS_FAT_Close
                0x00005404       0x44 .\emFile_V322c\LinkLibrary\PSoC5\GCC\libemf16nosnlfn.a(FAT_Write.o)
                0x00005404                FS_FAT_Close
 .text.FS_FAT_Write
                0x00005448      0x1c8 .\emFile_V322c\LinkLibrary\PSoC5\GCC\libemf16nosnlfn.a(FAT_Write.o)
                0x00005448                FS_FAT_Write
 .text.FS__CLIB_memcmp
                0x00005610       0x20 .\emFile_V322c\LinkLibrary\PSoC5\GCC\libemf16nosnlfn.a(FS_CLib.o)
                0x00005610                FS__CLIB_memcmp
 .text.FS__CLIB_memset
                0x00005630       0x6c .\emFile_V322c\LinkLibrary\PSoC5\GCC\libemf16nosnlfn.a(FS_CLib.o)
                0x00005630                FS__CLIB_memset
 .text.FS__CLIB_strcmp
                0x0000569c       0x1a .\emFile_V322c\LinkLibrary\PSoC5\GCC\libemf16nosnlfn.a(FS_CLib.o)
                0x0000569c                FS__CLIB_strcmp
 .text.FS__CLIB_strlen
                0x000056b6       0x10 .\emFile_V322c\LinkLibrary\PSoC5\GCC\libemf16nosnlfn.a(FS_CLib.o)
                0x000056b6                FS__CLIB_strlen
 .text.FS__CLIB_strncmp
                0x000056c6       0x26 .\emFile_V322c\LinkLibrary\PSoC5\GCC\libemf16nosnlfn.a(FS_CLib.o)
                0x000056c6                FS__CLIB_strncmp
 .text.FS__CLIB_toupper
                0x000056ec        0xe .\emFile_V322c\LinkLibrary\PSoC5\GCC\libemf16nosnlfn.a(FS_CLib.o)
                0x000056ec                FS__CLIB_toupper
 .text.FS__strchr
                0x000056fa       0x14 .\emFile_V322c\LinkLibrary\PSoC5\GCC\libemf16nosnlfn.a(FS_Core.o)
                0x000056fa                FS__strchr
 .text.FS_LoadU32BE
                0x0000570e       0x18 .\emFile_V322c\LinkLibrary\PSoC5\GCC\libemf16nosnlfn.a(FS_Core.o)
                0x0000570e                FS_LoadU32BE
 .text.FS_LoadU32LE
                0x00005726       0x16 .\emFile_V322c\LinkLibrary\PSoC5\GCC\libemf16nosnlfn.a(FS_Core.o)
                0x00005726                FS_LoadU32LE
 .text.FS_StoreU32LE
                0x0000573c       0x14 .\emFile_V322c\LinkLibrary\PSoC5\GCC\libemf16nosnlfn.a(FS_Core.o)
                0x0000573c                FS_StoreU32LE
 .text.FS_StoreU16LE
                0x00005750        0x8 .\emFile_V322c\LinkLibrary\PSoC5\GCC\libemf16nosnlfn.a(FS_Core.o)
                0x00005750                FS_StoreU16LE
 .text.FS_LoadU16LE
                0x00005758        0xa .\emFile_V322c\LinkLibrary\PSoC5\GCC\libemf16nosnlfn.a(FS_Core.o)
                0x00005758                FS_LoadU16LE
 *fill*         0x00005762        0x2 
 .text._Alloc   0x00005764       0x30 .\emFile_V322c\LinkLibrary\PSoC5\GCC\libemf16nosnlfn.a(FS_Core.o)
 .text.FS_Alloc
                0x00005794        0xc .\emFile_V322c\LinkLibrary\PSoC5\GCC\libemf16nosnlfn.a(FS_Core.o)
                0x00005794                FS_Alloc
 .text.FS_TryAlloc
                0x000057a0        0x4 .\emFile_V322c\LinkLibrary\PSoC5\GCC\libemf16nosnlfn.a(FS_Core.o)
                0x000057a0                FS_TryAlloc
 .text.FS_Free  0x000057a4       0x1c .\emFile_V322c\LinkLibrary\PSoC5\GCC\libemf16nosnlfn.a(FS_Core.o)
                0x000057a4                FS_Free
 .text.FS_AssignMemory
                0x000057c0        0xc .\emFile_V322c\LinkLibrary\PSoC5\GCC\libemf16nosnlfn.a(FS_Core.o)
                0x000057c0                FS_AssignMemory
 .text.FS_AllocZeroed
                0x000057cc       0x16 .\emFile_V322c\LinkLibrary\PSoC5\GCC\libemf16nosnlfn.a(FS_Core.o)
                0x000057cc                FS_AllocZeroed
 *fill*         0x000057e2        0x2 
 .text.FS_STORAGE_Init
                0x000057e4       0x28 .\emFile_V322c\LinkLibrary\PSoC5\GCC\libemf16nosnlfn.a(FS_Core.o)
                0x000057e4                FS_STORAGE_Init
 .text._ClrBusyLED
                0x0000580c        0xc .\emFile_V322c\LinkLibrary\PSoC5\GCC\libemf16nosnlfn.a(FS_LogBlock.o)
 .text._SetBusyLED
                0x00005818        0xc .\emFile_V322c\LinkLibrary\PSoC5\GCC\libemf16nosnlfn.a(FS_LogBlock.o)
 .text._Read    0x00005824        0xc .\emFile_V322c\LinkLibrary\PSoC5\GCC\libemf16nosnlfn.a(FS_LogBlock.o)
 .text._Write   0x00005830       0x12 .\emFile_V322c\LinkLibrary\PSoC5\GCC\libemf16nosnlfn.a(FS_LogBlock.o)
 .text.FS_LB_GetStatus
                0x00005842        0xc .\emFile_V322c\LinkLibrary\PSoC5\GCC\libemf16nosnlfn.a(FS_LogBlock.o)
                0x00005842                FS_LB_GetStatus
 .text.FS_LB_InitMedium
                0x0000584e       0x1a .\emFile_V322c\LinkLibrary\PSoC5\GCC\libemf16nosnlfn.a(FS_LogBlock.o)
                0x0000584e                FS_LB_InitMedium
 .text.FS_LB_InitMediumIfRequired
                0x00005868       0x10 .\emFile_V322c\LinkLibrary\PSoC5\GCC\libemf16nosnlfn.a(FS_LogBlock.o)
                0x00005868                FS_LB_InitMediumIfRequired
 .text.FS_LB_ReadDevice
                0x00005878       0x2e .\emFile_V322c\LinkLibrary\PSoC5\GCC\libemf16nosnlfn.a(FS_LogBlock.o)
                0x00005878                FS_LB_ReadDevice
 .text.FS_LB_ReadPart
                0x000058a6        0xe .\emFile_V322c\LinkLibrary\PSoC5\GCC\libemf16nosnlfn.a(FS_LogBlock.o)
                0x000058a6                FS_LB_ReadPart
 .text.FS_LB_WriteBurst
                0x000058b4       0x30 .\emFile_V322c\LinkLibrary\PSoC5\GCC\libemf16nosnlfn.a(FS_LogBlock.o)
                0x000058b4                FS_LB_WriteBurst
 .text.FS_LB_WriteBurstPart
                0x000058e4       0x14 .\emFile_V322c\LinkLibrary\PSoC5\GCC\libemf16nosnlfn.a(FS_LogBlock.o)
                0x000058e4                FS_LB_WriteBurstPart
 .text.FS_LB_WriteMultiple
                0x000058f8       0x30 .\emFile_V322c\LinkLibrary\PSoC5\GCC\libemf16nosnlfn.a(FS_LogBlock.o)
                0x000058f8                FS_LB_WriteMultiple
 .text.FS_LB_WriteMultiplePart
                0x00005928       0x14 .\emFile_V322c\LinkLibrary\PSoC5\GCC\libemf16nosnlfn.a(FS_LogBlock.o)
                0x00005928                FS_LB_WriteMultiplePart
 .text.FS_LB_WriteDevice
                0x0000593c       0x36 .\emFile_V322c\LinkLibrary\PSoC5\GCC\libemf16nosnlfn.a(FS_LogBlock.o)
                0x0000593c                FS_LB_WriteDevice
 .text.FS_LB_WritePart
                0x00005972        0xe .\emFile_V322c\LinkLibrary\PSoC5\GCC\libemf16nosnlfn.a(FS_LogBlock.o)
                0x00005972                FS_LB_WritePart
 .text.FS_GetSectorSize
                0x00005980       0x28 .\emFile_V322c\LinkLibrary\PSoC5\GCC\libemf16nosnlfn.a(FS_LogBlock.o)
                0x00005980                FS_GetSectorSize
 .text.FS_LB_GetDeviceInfo
                0x000059a8       0x26 .\emFile_V322c\LinkLibrary\PSoC5\GCC\libemf16nosnlfn.a(FS_LogBlock.o)
                0x000059a8                FS_LB_GetDeviceInfo
 .text.FS_memcpy
                0x000059ce      0x120 .\emFile_V322c\LinkLibrary\PSoC5\GCC\libemf16nosnlfn.a(FS_memcpy.o)
                0x000059ce                FS_memcpy
 .text._IsBPB   0x00005aee       0x1e .\emFile_V322c\LinkLibrary\PSoC5\GCC\libemf16nosnlfn.a(FS_Partition.o)
 .text._HasSignature
                0x00005b0c       0x18 .\emFile_V322c\LinkLibrary\PSoC5\GCC\libemf16nosnlfn.a(FS_Partition.o)
 .text._GetPartitionStartSector
                0x00005b24        0xc .\emFile_V322c\LinkLibrary\PSoC5\GCC\libemf16nosnlfn.a(FS_Partition.o)
 .text.FS__GetMediaStartSecEx
                0x00005b30       0x6e .\emFile_V322c\LinkLibrary\PSoC5\GCC\libemf16nosnlfn.a(FS_Partition.o)
                0x00005b30                FS__GetMediaStartSecEx
 *fill*         0x00005b9e        0x2 
 .text.FS__LocatePartition
                0x00005ba0       0x44 .\emFile_V322c\LinkLibrary\PSoC5\GCC\libemf16nosnlfn.a(FS_Partition.o)
                0x00005ba0                FS__LocatePartition
 .text.FS_X_AddDevices
                0x00005be4       0x20 .\CortexM3\ARM_GCC_541\Debug\Design01.a(emFile_1_ConfigMMC_SPI.o)
                0x00005be4                FS_X_AddDevices
 .text.FS_X_GetTimeDate
                0x00005c04        0x8 .\CortexM3\ARM_GCC_541\Debug\Design01.a(emFile_1_ConfigMMC_SPI.o)
                0x00005c04                FS_X_GetTimeDate
 .text._CalcDataCRC16Dummy
                0x00005c0c        0x6 .\emFile_V322c\LinkLibrary\PSoC5\GCC\libemf16nosnlfn.a(MMC_Drv.o)
 *fill*         0x00005c12        0x2 
 .text._MMC_GetNumUnits
                0x00005c14        0xc .\emFile_V322c\LinkLibrary\PSoC5\GCC\libemf16nosnlfn.a(MMC_Drv.o)
 .text._MMC_GetDriverName
                0x00005c20        0x8 .\emFile_V322c\LinkLibrary\PSoC5\GCC\libemf16nosnlfn.a(MMC_Drv.o)
 .text._MMC_GetStatus
                0x00005c28        0x4 .\emFile_V322c\LinkLibrary\PSoC5\GCC\libemf16nosnlfn.a(MMC_Drv.o)
 .text._CheckR1
                0x00005c2c       0x38 .\emFile_V322c\LinkLibrary\PSoC5\GCC\libemf16nosnlfn.a(MMC_Drv.o)
 .text._WaitToGetReady
                0x00005c64       0x26 .\emFile_V322c\LinkLibrary\PSoC5\GCC\libemf16nosnlfn.a(MMC_Drv.o)
 .text._SendEmptyCycles
                0x00005c8a       0x24 .\emFile_V322c\LinkLibrary\PSoC5\GCC\libemf16nosnlfn.a(MMC_Drv.o)
 *fill*         0x00005cae        0x2 
 .text._MMC_AddDevice
                0x00005cb0       0x2c .\emFile_V322c\LinkLibrary\PSoC5\GCC\libemf16nosnlfn.a(MMC_Drv.o)
 .text.T.53     0x00005cdc       0x14 .\emFile_V322c\LinkLibrary\PSoC5\GCC\libemf16nosnlfn.a(MMC_Drv.o)
 .text._GetFromCSD
                0x00005cf0       0x34 .\emFile_V322c\LinkLibrary\PSoC5\GCC\libemf16nosnlfn.a(MMC_Drv.o)
 .text._ExecCmdR1
                0x00005d24       0x98 .\emFile_V322c\LinkLibrary\PSoC5\GCC\libemf16nosnlfn.a(MMC_Drv.o)
 .text._ReadCSD
                0x00005dbc       0x86 .\emFile_V322c\LinkLibrary\PSoC5\GCC\libemf16nosnlfn.a(MMC_Drv.o)
 *fill*         0x00005e42        0x2 
 .text._MMC_Read
                0x00005e44      0x130 .\emFile_V322c\LinkLibrary\PSoC5\GCC\libemf16nosnlfn.a(MMC_Drv.o)
 .text._MMC_Write
                0x00005f74      0x13c .\emFile_V322c\LinkLibrary\PSoC5\GCC\libemf16nosnlfn.a(MMC_Drv.o)
 .text._ApplyCSD
                0x000060b0      0x228 .\emFile_V322c\LinkLibrary\PSoC5\GCC\libemf16nosnlfn.a(MMC_Drv.o)
 .text._MMC_Init
                0x000062d8      0x1c0 .\emFile_V322c\LinkLibrary\PSoC5\GCC\libemf16nosnlfn.a(MMC_Drv.o)
 .text._MMC_InitMedium
                0x00006498       0x28 .\emFile_V322c\LinkLibrary\PSoC5\GCC\libemf16nosnlfn.a(MMC_Drv.o)
 .text._MMC_IoCtl
                0x000064c0       0x60 .\emFile_V322c\LinkLibrary\PSoC5\GCC\libemf16nosnlfn.a(MMC_Drv.o)
 .text.FS_MMC_HW_X_EnableCS
                0x00006520        0x8 .\CortexM3\ARM_GCC_541\Debug\Design01.a(emFile_1_MMC_HW_SPI.o)
                0x00006520                FS_MMC_HW_X_EnableCS
 .text.FS_MMC_HW_X_DisableCS
                0x00006528        0x8 .\CortexM3\ARM_GCC_541\Debug\Design01.a(emFile_1_MMC_HW_SPI.o)
                0x00006528                FS_MMC_HW_X_DisableCS
 .text.FS_MMC_HW_X_IsWriteProtected
                0x00006530        0x4 .\CortexM3\ARM_GCC_541\Debug\Design01.a(emFile_1_MMC_HW_SPI.o)
                0x00006530                FS_MMC_HW_X_IsWriteProtected
 .text.FS_MMC_HW_X_SetMaxSpeed
                0x00006534       0x40 .\CortexM3\ARM_GCC_541\Debug\Design01.a(emFile_1_MMC_HW_SPI.o)
                0x00006534                FS_MMC_HW_X_SetMaxSpeed
 .text.FS_MMC_HW_X_SetVoltage
                0x00006574       0x1c .\CortexM3\ARM_GCC_541\Debug\Design01.a(emFile_1_MMC_HW_SPI.o)
                0x00006574                FS_MMC_HW_X_SetVoltage
 .text.FS_MMC_HW_X_IsPresent
                0x00006590       0x28 .\CortexM3\ARM_GCC_541\Debug\Design01.a(emFile_1_MMC_HW_SPI.o)
                0x00006590                FS_MMC_HW_X_IsPresent
 .text.FS_MMC_HW_X_Read
                0x000065b8       0x50 .\CortexM3\ARM_GCC_541\Debug\Design01.a(emFile_1_MMC_HW_SPI.o)
                0x000065b8                FS_MMC_HW_X_Read
 .text.FS_MMC_HW_X_Write
                0x00006608       0x44 .\CortexM3\ARM_GCC_541\Debug\Design01.a(emFile_1_MMC_HW_SPI.o)
                0x00006608                FS_MMC_HW_X_Write
 .text.emFile_1_SPI0_Start
                0x0000664c       0xa4 .\CortexM3\ARM_GCC_541\Debug\Design01.a(emFile_1_SPI0.o)
                0x0000664c                emFile_1_SPI0_Start
 .text.emFile_1_SPI0_ReadTxStatus
                0x000066f0        0xc .\CortexM3\ARM_GCC_541\Debug\Design01.a(emFile_1_SPI0.o)
                0x000066f0                emFile_1_SPI0_ReadTxStatus
 .text.emFile_1_SPI0_WriteTxData
                0x000066fc       0x18 .\CortexM3\ARM_GCC_541\Debug\Design01.a(emFile_1_SPI0.o)
                0x000066fc                emFile_1_SPI0_WriteTxData
 .text.emFile_1_SPI0_ReadRxData
                0x00006714        0xc .\CortexM3\ARM_GCC_541\Debug\Design01.a(emFile_1_SPI0.o)
                0x00006714                emFile_1_SPI0_ReadRxData
 .text.emFile_1_Clock_1_Start
                0x00006720       0x20 .\CortexM3\ARM_GCC_541\Debug\Design01.a(emFile_1_Clock_1.o)
                0x00006720                emFile_1_Clock_1_Start
 .text.emFile_1_Clock_1_Stop
                0x00006740       0x20 .\CortexM3\ARM_GCC_541\Debug\Design01.a(emFile_1_Clock_1.o)
                0x00006740                emFile_1_Clock_1_Stop
 .text.emFile_1_Clock_1_SetDividerRegister
                0x00006760       0xe4 .\CortexM3\ARM_GCC_541\Debug\Design01.a(emFile_1_Clock_1.o)
                0x00006760                emFile_1_Clock_1_SetDividerRegister
 .text.emFile_1_SPI0_CS_Write
                0x00006844       0x18 .\CortexM3\ARM_GCC_541\Debug\Design01.a(emFile_1_SPI0_CS.o)
                0x00006844                emFile_1_SPI0_CS_Write
 .text          0x0000685c      0x370 d:/psoc/psoc creator/4.2/psoc creator/import/gnu/arm/5.4.1/bin/../lib/gcc/arm-none-eabi/5.4.1/armv7-m\libgcc.a(_arm_addsubdf3.o)
                0x0000685c                __aeabi_drsub
                0x00006864                __aeabi_dsub
                0x00006864                __subdf3
                0x00006868                __aeabi_dadd
                0x00006868                __adddf3
                0x00006ae0                __floatunsidf
                0x00006ae0                __aeabi_ui2d
                0x00006b00                __floatsidf
                0x00006b00                __aeabi_i2d
                0x00006b24                __aeabi_f2d
                0x00006b24                __extendsfdf2
                0x00006b60                __floatundidf
                0x00006b60                __aeabi_ul2d
                0x00006b70                __floatdidf
                0x00006b70                __aeabi_l2d
 .text          0x00006bcc      0x424 d:/psoc/psoc creator/4.2/psoc creator/import/gnu/arm/5.4.1/bin/../lib/gcc/arm-none-eabi/5.4.1/armv7-m\libgcc.a(_arm_muldivdf3.o)
                0x00006bcc                __aeabi_dmul
                0x00006bcc                __muldf3
                0x00006e20                __divdf3
                0x00006e20                __aeabi_ddiv
 .text          0x00006ff0      0x110 d:/psoc/psoc creator/4.2/psoc creator/import/gnu/arm/5.4.1/bin/../lib/gcc/arm-none-eabi/5.4.1/armv7-m\libgcc.a(_arm_cmpdf2.o)
                0x00006ff0                __gtdf2
                0x00006ff0                __gedf2
                0x00006ff8                __ltdf2
                0x00006ff8                __ledf2
                0x00007000                __nedf2
                0x00007000                __eqdf2
                0x00007000                __cmpdf2
                0x0000707c                __aeabi_cdrcmple
                0x0000708c                __aeabi_cdcmpeq
                0x0000708c                __aeabi_cdcmple
                0x0000709c                __aeabi_dcmpeq
                0x000070b0                __aeabi_dcmplt
                0x000070c4                __aeabi_dcmple
                0x000070d8                __aeabi_dcmpge
                0x000070ec                __aeabi_dcmpgt
 .text          0x00007100       0x50 d:/psoc/psoc creator/4.2/psoc creator/import/gnu/arm/5.4.1/bin/../lib/gcc/arm-none-eabi/5.4.1/armv7-m\libgcc.a(_arm_fixdfsi.o)
                0x00007100                __aeabi_d2iz
                0x00007100                __fixdfsi
 .text          0x00007150       0x40 d:/psoc/psoc creator/4.2/psoc creator/import/gnu/arm/5.4.1/bin/../lib/gcc/arm-none-eabi/5.4.1/armv7-m\libgcc.a(_arm_fixunsdfsi.o)
                0x00007150                __aeabi_d2uiz
                0x00007150                __fixunsdfsi
 .text.__errno  0x00007190        0xc d:/psoc/psoc creator/4.2/psoc creator/import/gnu/arm/5.4.1/bin/../lib/gcc/arm-none-eabi/5.4.1/../../../../arm-none-eabi/lib/armv7-m\libg_nano.a(lib_a-errno.o)
                0x00007190                __errno
 .text.__libc_init_array
                0x0000719c       0x4c d:/psoc/psoc creator/4.2/psoc creator/import/gnu/arm/5.4.1/bin/../lib/gcc/arm-none-eabi/5.4.1/../../../../arm-none-eabi/lib/armv7-m\libg_nano.a(lib_a-init.o)
                0x0000719c                __libc_init_array
 .text.__itoa   0x000071e8       0x2e d:/psoc/psoc creator/4.2/psoc creator/import/gnu/arm/5.4.1/bin/../lib/gcc/arm-none-eabi/5.4.1/../../../../arm-none-eabi/lib/armv7-m\libg_nano.a(lib_a-itoa.o)
                0x000071e8                __itoa
 .text.itoa     0x00007216        0x4 d:/psoc/psoc creator/4.2/psoc creator/import/gnu/arm/5.4.1/bin/../lib/gcc/arm-none-eabi/5.4.1/../../../../arm-none-eabi/lib/armv7-m\libg_nano.a(lib_a-itoa.o)
                0x00007216                itoa
 .text.memcpy   0x0000721a       0x16 d:/psoc/psoc creator/4.2/psoc creator/import/gnu/arm/5.4.1/bin/../lib/gcc/arm-none-eabi/5.4.1/../../../../arm-none-eabi/lib/armv7-m\libg_nano.a(lib_a-memcpy-stub.o)
                0x0000721a                memcpy
 .text.memset   0x00007230       0x10 d:/psoc/psoc creator/4.2/psoc creator/import/gnu/arm/5.4.1/bin/../lib/gcc/arm-none-eabi/5.4.1/../../../../arm-none-eabi/lib/armv7-m\libg_nano.a(lib_a-memset.o)
                0x00007230                memset
 .text.__cvt    0x00007240       0xc0 d:/psoc/psoc creator/4.2/psoc creator/import/gnu/arm/5.4.1/bin/../lib/gcc/arm-none-eabi/5.4.1/../../../../arm-none-eabi/lib/armv7-m\libg_nano.a(lib_a-nano-vfprintf_float.o)
                0x00007240                __cvt
 .text.__exponent
                0x00007300       0x62 d:/psoc/psoc creator/4.2/psoc creator/import/gnu/arm/5.4.1/bin/../lib/gcc/arm-none-eabi/5.4.1/../../../../arm-none-eabi/lib/armv7-m\libg_nano.a(lib_a-nano-vfprintf_float.o)
                0x00007300                __exponent
 *fill*         0x00007362        0x2 
 .text._printf_float
                0x00007364      0x488 d:/psoc/psoc creator/4.2/psoc creator/import/gnu/arm/5.4.1/bin/../lib/gcc/arm-none-eabi/5.4.1/../../../../arm-none-eabi/lib/armv7-m\libg_nano.a(lib_a-nano-vfprintf_float.o)
                0x00007364                _printf_float
 .text._printf_common
                0x000077ec       0xec d:/psoc/psoc creator/4.2/psoc creator/import/gnu/arm/5.4.1/bin/../lib/gcc/arm-none-eabi/5.4.1/../../../../arm-none-eabi/lib/armv7-m\libg_nano.a(lib_a-nano-vfprintf_i.o)
                0x000077ec                _printf_common
 .text._printf_i
                0x000078d8      0x24c d:/psoc/psoc creator/4.2/psoc creator/import/gnu/arm/5.4.1/bin/../lib/gcc/arm-none-eabi/5.4.1/../../../../arm-none-eabi/lib/armv7-m\libg_nano.a(lib_a-nano-vfprintf_i.o)
                0x000078d8                _printf_i
 .text.sprintf  0x00007b24       0x48 d:/psoc/psoc creator/4.2/psoc creator/import/gnu/arm/5.4.1/bin/../lib/gcc/arm-none-eabi/5.4.1/../../../../arm-none-eabi/lib/armv7-m\libg_nano.a(lib_a-sprintf.o)
                0x00007b24                siprintf
                0x00007b24                sprintf
 .text          0x00007b6c       0x10 d:/psoc/psoc creator/4.2/psoc creator/import/gnu/arm/5.4.1/bin/../lib/gcc/arm-none-eabi/5.4.1/../../../../arm-none-eabi/lib/armv7-m\libg_nano.a(lib_a-strlen.o)
                0x00007b6c                strlen
 .text.__utoa   0x00007b7c       0x78 d:/psoc/psoc creator/4.2/psoc creator/import/gnu/arm/5.4.1/bin/../lib/gcc/arm-none-eabi/5.4.1/../../../../arm-none-eabi/lib/armv7-m\libg_nano.a(lib_a-utoa.o)
                0x00007b7c                __utoa
 .text.quorem   0x00007bf4      0x116 d:/psoc/psoc creator/4.2/psoc creator/import/gnu/arm/5.4.1/bin/../lib/gcc/arm-none-eabi/5.4.1/../../../../arm-none-eabi/lib/armv7-m\libg_nano.a(lib_a-dtoa.o)
 *fill*         0x00007d0a        0x6 
 .text._dtoa_r  0x00007d10      0xb30 d:/psoc/psoc creator/4.2/psoc creator/import/gnu/arm/5.4.1/bin/../lib/gcc/arm-none-eabi/5.4.1/../../../../arm-none-eabi/lib/armv7-m\libg_nano.a(lib_a-dtoa.o)
                0x00007d10                _dtoa_r
 .text._localeconv_r
                0x00008840        0x8 d:/psoc/psoc creator/4.2/psoc creator/import/gnu/arm/5.4.1/bin/../lib/gcc/arm-none-eabi/5.4.1/../../../../arm-none-eabi/lib/armv7-m\libg_nano.a(lib_a-locale.o)
                0x00008840                _localeconv_r
 .text.malloc   0x00008848       0x10 d:/psoc/psoc creator/4.2/psoc creator/import/gnu/arm/5.4.1/bin/../lib/gcc/arm-none-eabi/5.4.1/../../../../arm-none-eabi/lib/armv7-m\libg_nano.a(lib_a-malloc.o)
                0x00008848                malloc
 .text.memchr   0x00008858       0x1c d:/psoc/psoc creator/4.2/psoc creator/import/gnu/arm/5.4.1/bin/../lib/gcc/arm-none-eabi/5.4.1/../../../../arm-none-eabi/lib/armv7-m\libg_nano.a(lib_a-memchr-stub.o)
                0x00008858                memchr
 .text._Balloc  0x00008874       0x6a d:/psoc/psoc creator/4.2/psoc creator/import/gnu/arm/5.4.1/bin/../lib/gcc/arm-none-eabi/5.4.1/../../../../arm-none-eabi/lib/armv7-m\libg_nano.a(lib_a-mprec.o)
                0x00008874                _Balloc
 .text._Bfree   0x000088de       0x2e d:/psoc/psoc creator/4.2/psoc creator/import/gnu/arm/5.4.1/bin/../lib/gcc/arm-none-eabi/5.4.1/../../../../arm-none-eabi/lib/armv7-m\libg_nano.a(lib_a-mprec.o)
                0x000088de                _Bfree
 .text.__multadd
                0x0000890c       0x76 d:/psoc/psoc creator/4.2/psoc creator/import/gnu/arm/5.4.1/bin/../lib/gcc/arm-none-eabi/5.4.1/../../../../arm-none-eabi/lib/armv7-m\libg_nano.a(lib_a-mprec.o)
                0x0000890c                __multadd
 .text.__hi0bits
                0x00008982       0x40 d:/psoc/psoc creator/4.2/psoc creator/import/gnu/arm/5.4.1/bin/../lib/gcc/arm-none-eabi/5.4.1/../../../../arm-none-eabi/lib/armv7-m\libg_nano.a(lib_a-mprec.o)
                0x00008982                __hi0bits
 .text.__lo0bits
                0x000089c2       0x5a d:/psoc/psoc creator/4.2/psoc creator/import/gnu/arm/5.4.1/bin/../lib/gcc/arm-none-eabi/5.4.1/../../../../arm-none-eabi/lib/armv7-m\libg_nano.a(lib_a-mprec.o)
                0x000089c2                __lo0bits
 .text.__i2b    0x00008a1c       0x12 d:/psoc/psoc creator/4.2/psoc creator/import/gnu/arm/5.4.1/bin/../lib/gcc/arm-none-eabi/5.4.1/../../../../arm-none-eabi/lib/armv7-m\libg_nano.a(lib_a-mprec.o)
                0x00008a1c                __i2b
 .text.__multiply
                0x00008a2e      0x120 d:/psoc/psoc creator/4.2/psoc creator/import/gnu/arm/5.4.1/bin/../lib/gcc/arm-none-eabi/5.4.1/../../../../arm-none-eabi/lib/armv7-m\libg_nano.a(lib_a-mprec.o)
                0x00008a2e                __multiply
 *fill*         0x00008b4e        0x2 
 .text.__pow5mult
                0x00008b50       0x9c d:/psoc/psoc creator/4.2/psoc creator/import/gnu/arm/5.4.1/bin/../lib/gcc/arm-none-eabi/5.4.1/../../../../arm-none-eabi/lib/armv7-m\libg_nano.a(lib_a-mprec.o)
                0x00008b50                __pow5mult
 .text.__lshift
                0x00008bec       0xa2 d:/psoc/psoc creator/4.2/psoc creator/import/gnu/arm/5.4.1/bin/../lib/gcc/arm-none-eabi/5.4.1/../../../../arm-none-eabi/lib/armv7-m\libg_nano.a(lib_a-mprec.o)
                0x00008bec                __lshift
 .text.__mcmp   0x00008c8e       0x38 d:/psoc/psoc creator/4.2/psoc creator/import/gnu/arm/5.4.1/bin/../lib/gcc/arm-none-eabi/5.4.1/../../../../arm-none-eabi/lib/armv7-m\libg_nano.a(lib_a-mprec.o)
                0x00008c8e                __mcmp
 .text.__mdiff  0x00008cc6       0xbe d:/psoc/psoc creator/4.2/psoc creator/import/gnu/arm/5.4.1/bin/../lib/gcc/arm-none-eabi/5.4.1/../../../../arm-none-eabi/lib/armv7-m\libg_nano.a(lib_a-mprec.o)
                0x00008cc6                __mdiff
 .text.__d2b    0x00008d84       0x9c d:/psoc/psoc creator/4.2/psoc creator/import/gnu/arm/5.4.1/bin/../lib/gcc/arm-none-eabi/5.4.1/../../../../arm-none-eabi/lib/armv7-m\libg_nano.a(lib_a-mprec.o)
                0x00008d84                __d2b
 .text._calloc_r
                0x00008e20       0x1c d:/psoc/psoc creator/4.2/psoc creator/import/gnu/arm/5.4.1/bin/../lib/gcc/arm-none-eabi/5.4.1/../../../../arm-none-eabi/lib/armv7-m\libg_nano.a(lib_a-nano-callocr.o)
                0x00008e20                _calloc_r
 .text._free_r  0x00008e3c       0x98 d:/psoc/psoc creator/4.2/psoc creator/import/gnu/arm/5.4.1/bin/../lib/gcc/arm-none-eabi/5.4.1/../../../../arm-none-eabi/lib/armv7-m\libg_nano.a(lib_a-nano-freer.o)
                0x00008e3c                _free_r
 .text._malloc_r
                0x00008ed4       0xbc d:/psoc/psoc creator/4.2/psoc creator/import/gnu/arm/5.4.1/bin/../lib/gcc/arm-none-eabi/5.4.1/../../../../arm-none-eabi/lib/armv7-m\libg_nano.a(lib_a-nano-mallocr.o)
                0x00008ed4                _malloc_r
 .text.__ssputs_r
                0x00008f90       0xb2 d:/psoc/psoc creator/4.2/psoc creator/import/gnu/arm/5.4.1/bin/../lib/gcc/arm-none-eabi/5.4.1/../../../../arm-none-eabi/lib/armv7-m\libg_nano.a(lib_a-nano-svfprintf.o)
                0x00008f90                __ssputs_r
 *fill*         0x00009042        0x2 
 .text._svfprintf_r
                0x00009044      0x1e8 d:/psoc/psoc creator/4.2/psoc creator/import/gnu/arm/5.4.1/bin/../lib/gcc/arm-none-eabi/5.4.1/../../../../arm-none-eabi/lib/armv7-m\libg_nano.a(lib_a-nano-svfprintf.o)
                0x00009044                _svfiprintf_r
                0x00009044                _svfprintf_r
 .text._sbrk_r  0x0000922c       0x20 d:/psoc/psoc creator/4.2/psoc creator/import/gnu/arm/5.4.1/bin/../lib/gcc/arm-none-eabi/5.4.1/../../../../arm-none-eabi/lib/armv7-m\libg_nano.a(lib_a-sbrkr.o)
                0x0000922c                _sbrk_r
 .text.memmove  0x0000924c       0x36 d:/psoc/psoc creator/4.2/psoc creator/import/gnu/arm/5.4.1/bin/../lib/gcc/arm-none-eabi/5.4.1/../../../../arm-none-eabi/lib/armv7-m\libg_nano.a(lib_a-memmove.o)
                0x0000924c                memmove
 .text.__malloc_lock
                0x00009282        0x2 d:/psoc/psoc creator/4.2/psoc creator/import/gnu/arm/5.4.1/bin/../lib/gcc/arm-none-eabi/5.4.1/../../../../arm-none-eabi/lib/armv7-m\libg_nano.a(lib_a-mlock.o)
                0x00009282                __malloc_lock
 .text.__malloc_unlock
                0x00009284        0x2 d:/psoc/psoc creator/4.2/psoc creator/import/gnu/arm/5.4.1/bin/../lib/gcc/arm-none-eabi/5.4.1/../../../../arm-none-eabi/lib/armv7-m\libg_nano.a(lib_a-mlock.o)
                0x00009284                __malloc_unlock
 .text._realloc_r
                0x00009286       0x4c d:/psoc/psoc creator/4.2/psoc creator/import/gnu/arm/5.4.1/bin/../lib/gcc/arm-none-eabi/5.4.1/../../../../arm-none-eabi/lib/armv7-m\libg_nano.a(lib_a-nano-reallocr.o)
                0x00009286                _realloc_r
 .text._malloc_usable_size_r
                0x000092d2       0x14 d:/psoc/psoc creator/4.2/psoc creator/import/gnu/arm/5.4.1/bin/../lib/gcc/arm-none-eabi/5.4.1/../../../../arm-none-eabi/lib/armv7-m\libg_nano.a(lib_a-nano-msizer.o)
                0x000092d2                _malloc_usable_size_r
 *fill*         0x000092e6        0x2 
 .text          0x000092e8       0x2c d:/psoc/psoc creator/4.2/psoc creator/import/gnu/arm/5.4.1/bin/../lib/gcc/arm-none-eabi/5.4.1/armv7-m\libgcc.a(_arm_unorddf2.o)
                0x000092e8                __unorddf2
                0x000092e8                __aeabi_dcmpun
 *(.plt)
 *(.gnu.warning)
 *(.glue_7t)
 .glue_7t       0x00009314        0x0 linker stubs
 *(.glue_7)
 .glue_7        0x00009314        0x0 linker stubs
 *(.vfp11_veneer)
 .vfp11_veneer  0x00009314        0x0 linker stubs
 *(.bootloader)
 *(.ARM.extab* .gnu.linkonce.armextab.*)
 *(.gcc_except_table)

.v4_bx          0x00009314        0x0
 .v4_bx         0x00009314        0x0 linker stubs

.iplt           0x00009314        0x0
 .iplt          0x00009314        0x0 d:/psoc/psoc creator/4.2/psoc creator/import/gnu/arm/5.4.1/bin/../lib/gcc/arm-none-eabi/5.4.1/armv7-m/crtbegin.o

.eh_frame_hdr
 *(.eh_frame_hdr)

.eh_frame       0x00009314        0x4
 *(.eh_frame)
 .eh_frame      0x00009314        0x0 d:/psoc/psoc creator/4.2/psoc creator/import/gnu/arm/5.4.1/bin/../lib/gcc/arm-none-eabi/5.4.1/armv7-m/crtbegin.o
 .eh_frame      0x00009314        0x4 d:/psoc/psoc creator/4.2/psoc creator/import/gnu/arm/5.4.1/bin/../lib/gcc/arm-none-eabi/5.4.1/armv7-m/crtend.o
                [!provide]                PROVIDE (__exidx_start, .)

.ARM.exidx
 *(.ARM.exidx* .gnu.linkonce.armexidx.*)
                0x00009318                __exidx_end = .

.rodata         0x00009318      0x8d0
 *(.rodata .rodata.* .gnu.linkonce.r.*)
 .rodata        0x00009318       0x28 .\CortexM3\ARM_GCC_541\Debug\main.o
 .rodata.str1.4
                0x00009340       0xa6 .\CortexM3\ARM_GCC_541\Debug\main.o
 *fill*         0x000093e6        0x2 
 .rodata        0x000093e8       0x6f .\CortexM3\ARM_GCC_541\Debug\screen.o
 *fill*         0x00009457        0x1 
 .rodata.str1.4
                0x00009458       0x97 .\CortexM3\ARM_GCC_541\Debug\screen.o
 *fill*         0x000094ef        0x1 
 .rodata        0x000094f0      0x34d .\CortexM3\ARM_GCC_541\Debug\font.o
 *fill*         0x0000983d        0x3 
 .rodata.str1.4
                0x00009840       0x68 .\CortexM3\ARM_GCC_541\Debug\sd.o
 .rodata        0x000098a8       0x5a .\CortexM3\ARM_GCC_541\Debug\cyfitter_cfg.o
                0x000098a8                AMux_1__addrTable
                0x000098b0                AMux_1__maskTable
                0x000098b4                AMux_2__addrTable
                0x000098bc                AMux_2__maskTable
                0x000098c0                AMux_3__addrTable
                0x000098c8                AMux_3__maskTable
 *fill*         0x00009902        0x2 
 .rodata        0x00009904       0x78 .\emFile_V322c\LinkLibrary\PSoC5\GCC\libemf16nosnlfn.a(FS_Misc.o)
 .rodata.str1.1
                0x0000997c       0x30 .\emFile_V322c\LinkLibrary\PSoC5\GCC\libemf16nosnlfn.a(FS_Misc.o)
 .rodata        0x000099ac       0x10 .\emFile_V322c\LinkLibrary\PSoC5\GCC\libemf16nosnlfn.a(FAT_Misc.o)
                0x000099ac                FAT_SFN_API
 .rodata.str1.1
                0x000099bc        0x3 .\emFile_V322c\LinkLibrary\PSoC5\GCC\libemf16nosnlfn.a(FAT_Open.o)
 *fill*         0x000099bf        0x1 
 .rodata        0x000099c0       0x68 .\emFile_V322c\LinkLibrary\PSoC5\GCC\libemf16nosnlfn.a(MMC_Drv.o)
                0x00009a08                FS_MMC_SPI_Driver
 .rodata.str1.1
                0x00009a28        0x4 .\emFile_V322c\LinkLibrary\PSoC5\GCC\libemf16nosnlfn.a(MMC_Drv.o)
 .rodata.str1.1
                0x00009a2c        0x2 d:/psoc/psoc creator/4.2/psoc creator/import/gnu/arm/5.4.1/bin/../lib/gcc/arm-none-eabi/5.4.1/../../../../arm-none-eabi/lib/armv7-m\libg_nano.a(lib_a-impure.o)
 .rodata.str1.1
                0x00009a2e       0x12 d:/psoc/psoc creator/4.2/psoc creator/import/gnu/arm/5.4.1/bin/../lib/gcc/arm-none-eabi/5.4.1/../../../../arm-none-eabi/lib/armv7-m\libg_nano.a(lib_a-nano-vfprintf_float.o)
 .rodata.str1.1
                0x00009a40       0x22 d:/psoc/psoc creator/4.2/psoc creator/import/gnu/arm/5.4.1/bin/../lib/gcc/arm-none-eabi/5.4.1/../../../../arm-none-eabi/lib/armv7-m\libg_nano.a(lib_a-nano-vfprintf_i.o)
 .rodata.str1.1
                0x00009a62       0x25 d:/psoc/psoc creator/4.2/psoc creator/import/gnu/arm/5.4.1/bin/../lib/gcc/arm-none-eabi/5.4.1/../../../../arm-none-eabi/lib/armv7-m\libg_nano.a(lib_a-utoa.o)
 .rodata.str1.1
                0x00009a87        0xd d:/psoc/psoc creator/4.2/psoc creator/import/gnu/arm/5.4.1/bin/../lib/gcc/arm-none-eabi/5.4.1/../../../../arm-none-eabi/lib/armv7-m\libg_nano.a(lib_a-dtoa.o)
                                  0xf (size before relaxing)
 .rodata.str1.1
                0x00009a94        0x6 d:/psoc/psoc creator/4.2/psoc creator/import/gnu/arm/5.4.1/bin/../lib/gcc/arm-none-eabi/5.4.1/../../../../arm-none-eabi/lib/armv7-m\libg_nano.a(lib_a-locale.o)
                                  0xb (size before relaxing)
 *fill*         0x00009a9a        0x6 
 .rodata.__mprec_tens
                0x00009aa0       0xc8 d:/psoc/psoc creator/4.2/psoc creator/import/gnu/arm/5.4.1/bin/../lib/gcc/arm-none-eabi/5.4.1/../../../../arm-none-eabi/lib/armv7-m\libg_nano.a(lib_a-mprec.o)
                0x00009aa0                __mprec_tens
 .rodata.p05.5408
                0x00009b68        0xc d:/psoc/psoc creator/4.2/psoc creator/import/gnu/arm/5.4.1/bin/../lib/gcc/arm-none-eabi/5.4.1/../../../../arm-none-eabi/lib/armv7-m\libg_nano.a(lib_a-mprec.o)
 *fill*         0x00009b74        0x4 
 .rodata.__mprec_bigtens
                0x00009b78       0x28 d:/psoc/psoc creator/4.2/psoc creator/import/gnu/arm/5.4.1/bin/../lib/gcc/arm-none-eabi/5.4.1/../../../../arm-none-eabi/lib/armv7-m\libg_nano.a(lib_a-mprec.o)
                0x00009b78                __mprec_bigtens
 .rodata.str1.1
                0x00009ba0       0x11 d:/psoc/psoc creator/4.2/psoc creator/import/gnu/arm/5.4.1/bin/../lib/gcc/arm-none-eabi/5.4.1/../../../../arm-none-eabi/lib/armv7-m\libg_nano.a(lib_a-nano-svfprintf.o)
                0x00009bb4                . = ALIGN (0x4)
 *fill*         0x00009bb1        0x3 
 *(.init)
 .init          0x00009bb4        0x4 d:/psoc/psoc creator/4.2/psoc creator/import/gnu/arm/5.4.1/bin/../lib/gcc/arm-none-eabi/5.4.1/armv7-m/crti.o
                0x00009bb4                _init
 .init          0x00009bb8        0x8 d:/psoc/psoc creator/4.2/psoc creator/import/gnu/arm/5.4.1/bin/../lib/gcc/arm-none-eabi/5.4.1/armv7-m/crtn.o
                0x00009bc0                . = ALIGN (0x4)
                0x00009bc0                __preinit_array_start = .
 *(.preinit_array)
                0x00009bc0                __preinit_array_end = .
                0x00009bc0                . = ALIGN (0x4)
                0x00009bc0                __init_array_start = .
 *(SORT(.init_array.*))
 *(.init_array)
 .init_array    0x00009bc0        0x4 d:/psoc/psoc creator/4.2/psoc creator/import/gnu/arm/5.4.1/bin/../lib/gcc/arm-none-eabi/5.4.1/armv7-m/crtbegin.o
 .init_array    0x00009bc4        0x4 .\CortexM3\ARM_GCC_541\Debug\Cm3Start.o
                0x00009bc8                __init_array_end = .
                0x00009bc8                . = ALIGN (0x4)
 *(.fini)
 .fini          0x00009bc8        0x4 d:/psoc/psoc creator/4.2/psoc creator/import/gnu/arm/5.4.1/bin/../lib/gcc/arm-none-eabi/5.4.1/armv7-m/crti.o
                0x00009bc8                _fini
 .fini          0x00009bcc        0x8 d:/psoc/psoc creator/4.2/psoc creator/import/gnu/arm/5.4.1/bin/../lib/gcc/arm-none-eabi/5.4.1/armv7-m/crtn.o
                0x00009bd4                . = ALIGN (0x4)
                0x00009bd4                __fini_array_start = .
 *(.fini_array)
 .fini_array    0x00009bd4        0x4 d:/psoc/psoc creator/4.2/psoc creator/import/gnu/arm/5.4.1/bin/../lib/gcc/arm-none-eabi/5.4.1/armv7-m/crtbegin.o
 *(SORT(.fini_array.*))
                0x00009bd8                __fini_array_end = .
                0x00009bd8                . = ALIGN (0x4)
 *crtbegin.o(.ctors)
 *(EXCLUDE_FILE(*crtend.o) .ctors)
 *(SORT(.ctors.*))
 *crtend.o(.ctors)
                0x00009bd8                . = ALIGN (0x4)
 *crtbegin.o(.dtors)
 *(EXCLUDE_FILE(*crtend.o) .dtors)
 *(SORT(.dtors.*))
 *crtend.o(.dtors)
                0x00009bd8                . = ALIGN (0x4)
                0x00009bd8                __cy_regions = .
                0x00009bd8        0x4 LONG 0x9be8 __cy_region_init_ram
                0x00009bdc        0x4 LONG 0x1fff80c8 __cy_region_start_data
                0x00009be0        0x4 LONG 0xc8 __cy_region_init_size_ram
                0x00009be4        0x4 LONG 0x1100 __cy_region_zero_size_ram
                0x00009be8                __cy_regions_end = .
                0x00009be8                . = ALIGN (0x8)
                0x00009be8                _etext = .

.cy_checksum_exclude
                0x00009be8        0x0
 *(.cy_checksum_exclude)

.ramvectors     0x1fff8000       0xc0
                0x1fff8000                __cy_region_start_ram = .
 *(.ramvectors)
 .ramvectors    0x1fff8000       0xc0 .\CortexM3\ARM_GCC_541\Debug\Cm3Start.o
                0x1fff8000                CyRamVectors

.noinit         0x1fff80c0        0x1
 *(.noinit)
 .noinit        0x1fff80c0        0x1 .\CortexM3\ARM_GCC_541\Debug\Design01.a(CyLib.o)
                0x1fff80c0                CyResetStatus

.data           0x1fff80c8       0xc8 load address 0x00009be8
                0x1fff80c8                __cy_region_start_data = .
 *(.jcr)
 .jcr           0x1fff80c8        0x0 d:/psoc/psoc creator/4.2/psoc creator/import/gnu/arm/5.4.1/bin/../lib/gcc/arm-none-eabi/5.4.1/armv7-m/crtbegin.o
 .jcr           0x1fff80c8        0x4 d:/psoc/psoc creator/4.2/psoc creator/import/gnu/arm/5.4.1/bin/../lib/gcc/arm-none-eabi/5.4.1/armv7-m/crtend.o
 *(.got.plt)
 *(.got)
 *(.shdata)
 *(.data .data.* .gnu.linkonce.d.*)
 .data          0x1fff80cc        0x4 .\CortexM3\ARM_GCC_541\Debug\Cm3Start.o
 .data          0x1fff80d0       0x10 .\CortexM3\ARM_GCC_541\Debug\Design01.a(CyLib.o)
                0x1fff80d0                cydelay_freq_mhz
                0x1fff80d4                cydelay_32k_ms
                0x1fff80d8                cydelay_freq_khz
                0x1fff80dc                cydelay_freq_hz
 .data          0x1fff80e0        0x1 .\CortexM3\ARM_GCC_541\Debug\Design01.a(AMux_1.o)
 .data          0x1fff80e1        0x1 .\CortexM3\ARM_GCC_541\Debug\Design01.a(AMux_2.o)
 .data          0x1fff80e2        0x1 .\CortexM3\ARM_GCC_541\Debug\Design01.a(AMux_3.o)
 *fill*         0x1fff80e3        0x1 
 .data          0x1fff80e4        0x6 .\CortexM3\ARM_GCC_541\Debug\Design01.a(I2C_PM.o)
                0x1fff80e4                I2C_backup
 *fill*         0x1fff80ea        0x2 
 .data          0x1fff80ec        0x4 .\emFile_V322c\LinkLibrary\PSoC5\GCC\libemf16nosnlfn.a(FAT_Misc.o)
                0x1fff80ec                FAT_pDirEntryAPI
 .data          0x1fff80f0        0x4 .\emFile_V322c\LinkLibrary\PSoC5\GCC\libemf16nosnlfn.a(MMC_Drv.o)
 .data.impure_data
                0x1fff80f4       0x60 d:/psoc/psoc creator/4.2/psoc creator/import/gnu/arm/5.4.1/bin/../lib/gcc/arm-none-eabi/5.4.1/../../../../arm-none-eabi/lib/armv7-m\libg_nano.a(lib_a-impure.o)
 .data._impure_ptr
                0x1fff8154        0x4 d:/psoc/psoc creator/4.2/psoc creator/import/gnu/arm/5.4.1/bin/../lib/gcc/arm-none-eabi/5.4.1/../../../../arm-none-eabi/lib/armv7-m\libg_nano.a(lib_a-impure.o)
                0x1fff8154                _impure_ptr
 .data.lconv    0x1fff8158       0x38 d:/psoc/psoc creator/4.2/psoc creator/import/gnu/arm/5.4.1/bin/../lib/gcc/arm-none-eabi/5.4.1/../../../../arm-none-eabi/lib/armv7-m\libg_nano.a(lib_a-locale.o)
                0x1fff8190                . = ALIGN (0x8)
 *(.ram)
                0x1fff8190                _edata = .

.igot.plt       0x1fff8190        0x0 load address 0x00009cb0
 .igot.plt      0x1fff8190        0x0 d:/psoc/psoc creator/4.2/psoc creator/import/gnu/arm/5.4.1/bin/../lib/gcc/arm-none-eabi/5.4.1/armv7-m/crtbegin.o

.bss            0x1fff8190     0x1100 load address 0x00009cb0
                0x1fff8190                PROVIDE (__bss_start__, .)
 *(.shbss)
 *(.bss .bss.* .gnu.linkonce.b.*)
 .bss           0x1fff8190       0x1c d:/psoc/psoc creator/4.2/psoc creator/import/gnu/arm/5.4.1/bin/../lib/gcc/arm-none-eabi/5.4.1/armv7-m/crtbegin.o
 .bss           0x1fff81ac        0x1 .\CortexM3\ARM_GCC_541\Debug\Design01.a(SPIM.o)
                0x1fff81ac                SPIM_initVar
 .bss           0x1fff81ad        0x1 .\CortexM3\ARM_GCC_541\Debug\Design01.a(VDAC8_DS.o)
                0x1fff81ad                VDAC8_DS_initVar
 .bss           0x1fff81ae        0x1 .\CortexM3\ARM_GCC_541\Debug\Design01.a(VDAC8_GS.o)
                0x1fff81ae                VDAC8_GS_initVar
 .bss           0x1fff81af        0x1 .\CortexM3\ARM_GCC_541\Debug\Design01.a(ADC_SAR_1.o)
                0x1fff81af                ADC_SAR_1_initVar
 .bss           0x1fff81b0        0x1 .\CortexM3\ARM_GCC_541\Debug\Design01.a(ADC_SAR_1_PM.o)
 .bss           0x1fff81b1        0x1 .\CortexM3\ARM_GCC_541\Debug\Design01.a(I2C.o)
                0x1fff81b1                I2C_initVar
 *fill*         0x1fff81b2        0x2 
 .bss           0x1fff81b4        0xc .\emFile_V322c\LinkLibrary\PSoC5\GCC\libemf16nosnlfn.a(FS_Core.o)
 .bss           0x1fff81c0     0x1000 .\CortexM3\ARM_GCC_541\Debug\Design01.a(emFile_1_ConfigMMC_SPI.o)
 .bss           0x1fff91c0       0x14 .\emFile_V322c\LinkLibrary\PSoC5\GCC\libemf16nosnlfn.a(MMC_Drv.o)
 .bss           0x1fff91d4        0x1 .\CortexM3\ARM_GCC_541\Debug\Design01.a(emFile_1_MMC_HW_SPI.o)
 .bss           0x1fff91d5        0x1 .\CortexM3\ARM_GCC_541\Debug\Design01.a(emFile_1_SPI0.o)
                0x1fff91d5                emFile_1_SPI0_initVar
 *fill*         0x1fff91d6        0x2 
 .bss.__malloc_sbrk_start
                0x1fff91d8        0x4 d:/psoc/psoc creator/4.2/psoc creator/import/gnu/arm/5.4.1/bin/../lib/gcc/arm-none-eabi/5.4.1/../../../../arm-none-eabi/lib/armv7-m\libg_nano.a(lib_a-nano-mallocr.o)
                0x1fff91d8                __malloc_sbrk_start
 .bss.__malloc_free_list
                0x1fff91dc        0x4 d:/psoc/psoc creator/4.2/psoc creator/import/gnu/arm/5.4.1/bin/../lib/gcc/arm-none-eabi/5.4.1/../../../../arm-none-eabi/lib/armv7-m\libg_nano.a(lib_a-nano-mallocr.o)
                0x1fff91dc                __malloc_free_list
 *(COMMON)
 COMMON         0x1fff91e0        0x8 .\CortexM3\ARM_GCC_541\Debug\uifunctions.o
                0x1fff91e0                screen_state
                0x1fff91e4                device_selection
 COMMON         0x1fff91e8        0xa .\CortexM3\ARM_GCC_541\Debug\Design01.a(ADC_SAR_1.o)
                0x1fff91e8                ADC_SAR_1_countsPerVolt
                0x1fff91ea                ADC_SAR_1_shift
                0x1fff91ec                ADC_SAR_1_countsPer10Volt
                0x1fff91f0                ADC_SAR_1_offset
 COMMON         0x1fff91f2        0x1 .\CortexM3\ARM_GCC_541\Debug\Design01.a(I2C.o)
                0x1fff91f2                I2C_state
 *fill*         0x1fff91f3        0x1 
 COMMON         0x1fff91f4       0x10 .\CortexM3\ARM_GCC_541\Debug\Design01.a(I2C_MASTER.o)
                0x1fff91f4                I2C_mstrWrBufIndex
                0x1fff91f5                I2C_mstrWrBufSize
                0x1fff91f6                I2C_mstrStatus
                0x1fff91f8                I2C_mstrRdBufPtr
                0x1fff91fc                I2C_mstrControl
                0x1fff91fd                I2C_mstrRdBufSize
                0x1fff91fe                I2C_mstrRdBufIndex
                0x1fff9200                I2C_mstrWrBufPtr
 COMMON         0x1fff9204       0x84 .\emFile_V322c\LinkLibrary\PSoC5\GCC\libemf16nosnlfn.a(FS_Core.o)
                0x1fff9204                FS_Global
                0x1fff9284                FS_NumBytesAllocated
 COMMON         0x1fff9288        0x4 d:/psoc/psoc creator/4.2/psoc creator/import/gnu/arm/5.4.1/bin/../lib/gcc/arm-none-eabi/5.4.1/../../../../arm-none-eabi/lib/armv7-m\libg_nano.a(lib_a-reent.o)
                0x1fff9288                errno
                0x1fff9290                . = ALIGN (0x8)
 *fill*         0x1fff928c        0x4 
 *(.ram.b)
                0x1fff9290                _end = .
                0x1fff9290                __end = .
                0x1fff9290                PROVIDE (end, .)
                0x1fff9290                PROVIDE (__bss_end__, .)
                0x00009be8                __cy_region_init_ram = LOADADDR (.data)
                0x000000c8                __cy_region_init_size_ram = (_edata - ADDR (.data))
                0x00001100                __cy_region_zero_size_ram = (_end - _edata)

.heap           0x1fff9290     0x1000 load address 0x00009cb0
                0x1fff9290                . = _end
                0x1fffa290                . = (. + 0x1000)
 *fill*         0x1fff9290     0x1000 
                0x1fffa290                __cy_heap_limit = .

.stack          0x20007800      0x800
                0x20007800                __cy_stack_limit = .
                0x20008000                . = (. + 0x800)
 *fill*         0x20007800      0x800 
                0x00000001                ASSERT ((__cy_stack_limit >= __cy_heap_limit), region RAM overflowed with stack)
                0x00000000                cy_checksum_exclude_size = (CY_APPL_LOADABLE == 0x1)?SIZEOF (.cy_checksum_exclude):0x0
                0x00000001                ASSERT ((cy_checksum_exclude_size <= CY_CHECKSUM_EXCLUDE_SIZE), CY_BOOT: Section .cy_checksum_exclude size exceedes specified limit.)

.cyloadermeta
 *(.cyloadermeta)

.cyloadablemeta
 *(.cyloadablemeta)

.cyconfigecc    0x80000000      0x5d8
 *(.cyconfigecc)
 .cyconfigecc   0x80000000      0x5d8 .\CortexM3\ARM_GCC_541\Debug\cymetadata.o
                0x80000000                cy_meta_configecc

.cycustnvl      0x90000000        0x4
 *(.cycustnvl)
 .cycustnvl     0x90000000        0x4 .\CortexM3\ARM_GCC_541\Debug\cymetadata.o
                0x90000000                cy_meta_custnvl

.cywolatch      0x90100000        0x4
 *(.cywolatch)
 .cywolatch     0x90100000        0x4 .\CortexM3\ARM_GCC_541\Debug\cymetadata.o
                0x90100000                cy_meta_wonvl

.cyeeprom       0x90200000        0x0
 *(.cyeeprom)
                0x00000001                ASSERT ((. <= ((0x90200000 + ee_offset) + ee_size)), .cyeeprom data will not fit in EEPROM)

.cyflashprotect
                0x90400000      0x100
 *(.cyflashprotect)
 .cyflashprotect
                0x90400000      0x100 .\CortexM3\ARM_GCC_541\Debug\cymetadata.o
                0x90400000                cy_meta_flashprotect

.cymeta         0x90500000        0xc
 *(.cymeta)
 .cymeta        0x90500000        0xc .\CortexM3\ARM_GCC_541\Debug\cymetadata.o
                0x90500000                cy_metadata

.rel.dyn        0x00009cb0        0x0 load address 0x9050000c
 .rel.iplt      0x00009cb0        0x0 d:/psoc/psoc creator/4.2/psoc creator/import/gnu/arm/5.4.1/bin/../lib/gcc/arm-none-eabi/5.4.1/armv7-m/crtbegin.o

.stab
 *(.stab)

.stabstr
 *(.stabstr)

.debug
 *(.debug)

.line
 *(.line)

.debug_srcinfo
 *(.debug_srcinfo)

.debug_sfnames
 *(.debug_sfnames)

.debug_aranges  0x00000000      0xe38
 *(.debug_aranges)
 .debug_aranges
                0x00000000       0x50 .\CortexM3\ARM_GCC_541\Debug\main.o
 .debug_aranges
                0x00000050       0xa8 .\CortexM3\ARM_GCC_541\Debug\screen.o
 .debug_aranges
                0x000000f8       0x28 .\CortexM3\ARM_GCC_541\Debug\font.o
 .debug_aranges
                0x00000120       0x38 .\CortexM3\ARM_GCC_541\Debug\sd.o
 .debug_aranges
                0x00000158       0x20 .\CortexM3\ARM_GCC_541\Debug\uifunctions.o
 .debug_aranges
                0x00000178       0x58 .\CortexM3\ARM_GCC_541\Debug\cyfitter_cfg.o
 .debug_aranges
                0x000001d0       0x18 .\CortexM3\ARM_GCC_541\Debug\cymetadata.o
 .debug_aranges
                0x000001e8       0x48 .\CortexM3\ARM_GCC_541\Debug\Cm3Start.o
 .debug_aranges
                0x00000230      0x288 .\CortexM3\ARM_GCC_541\Debug\Design01.a(CyLib.o)
 .debug_aranges
                0x000004b8       0x78 .\CortexM3\ARM_GCC_541\Debug\Design01.a(cyPm.o)
 .debug_aranges
                0x00000530       0x38 .\CortexM3\ARM_GCC_541\Debug\Design01.a(SS.o)
 .debug_aranges
                0x00000568       0x38 .\CortexM3\ARM_GCC_541\Debug\Design01.a(D_C.o)
 .debug_aranges
                0x000005a0       0x38 .\CortexM3\ARM_GCC_541\Debug\Design01.a(Reset.o)
 .debug_aranges
                0x000005d8       0x70 .\CortexM3\ARM_GCC_541\Debug\Design01.a(Clock.o)
 .debug_aranges
                0x00000648       0xb0 .\CortexM3\ARM_GCC_541\Debug\Design01.a(SPIM.o)
 .debug_aranges
                0x000006f8       0x58 .\CortexM3\ARM_GCC_541\Debug\Design01.a(VDAC8_DS.o)
 .debug_aranges
                0x00000750       0x58 .\CortexM3\ARM_GCC_541\Debug\Design01.a(VDAC8_GS.o)
 .debug_aranges
                0x000007a8       0xa0 .\CortexM3\ARM_GCC_541\Debug\Design01.a(ADC_SAR_1.o)
 .debug_aranges
                0x00000848       0x20 .\CortexM3\ARM_GCC_541\Debug\Design01.a(ADC_SAR_1_INT.o)
 .debug_aranges
                0x00000868       0x30 .\CortexM3\ARM_GCC_541\Debug\Design01.a(ADC_SAR_1_PM.o)
 .debug_aranges
                0x00000898       0x80 .\CortexM3\ARM_GCC_541\Debug\Design01.a(ADC_SAR_1_theACLK.o)
 .debug_aranges
                0x00000918       0x88 .\CortexM3\ARM_GCC_541\Debug\Design01.a(isr.o)
 .debug_aranges
                0x000009a0       0x30 .\CortexM3\ARM_GCC_541\Debug\Design01.a(AMux_1.o)
 .debug_aranges
                0x000009d0       0x30 .\CortexM3\ARM_GCC_541\Debug\Design01.a(AMux_2.o)
 .debug_aranges
                0x00000a00       0x30 .\CortexM3\ARM_GCC_541\Debug\Design01.a(AMux_3.o)
 .debug_aranges
                0x00000a30       0x20 .\CortexM3\ARM_GCC_541\Debug\Design01.a(CyBootAsmGnu.o)
 .debug_aranges
                0x00000a50       0x80 .\CortexM3\ARM_GCC_541\Debug\Design01.a(CyFlash.o)
 .debug_aranges
                0x00000ad0       0x80 .\CortexM3\ARM_GCC_541\Debug\Design01.a(CySpc.o)
 .debug_aranges
                0x00000b50       0x38 .\CortexM3\ARM_GCC_541\Debug\Design01.a(I2C.o)
 .debug_aranges
                0x00000b88       0x20 .\CortexM3\ARM_GCC_541\Debug\Design01.a(I2C_INT.o)
 .debug_aranges
                0x00000ba8       0x38 .\CortexM3\ARM_GCC_541\Debug\Design01.a(I2C_PM.o)
 .debug_aranges
                0x00000be0       0x80 .\CortexM3\ARM_GCC_541\Debug\Design01.a(I2C_MASTER.o)
 .debug_aranges
                0x00000c60       0x28 .\CortexM3\ARM_GCC_541\Debug\Design01.a(emFile_1_ConfigMMC_SPI.o)
 .debug_aranges
                0x00000c88       0x58 .\CortexM3\ARM_GCC_541\Debug\Design01.a(emFile_1_MMC_HW_SPI.o)
 .debug_aranges
                0x00000ce0       0xb0 .\CortexM3\ARM_GCC_541\Debug\Design01.a(emFile_1_SPI0.o)
 .debug_aranges
                0x00000d90       0x70 .\CortexM3\ARM_GCC_541\Debug\Design01.a(emFile_1_Clock_1.o)
 .debug_aranges
                0x00000e00       0x38 .\CortexM3\ARM_GCC_541\Debug\Design01.a(emFile_1_SPI0_CS.o)

.debug_pubnames
 *(.debug_pubnames)

.debug_info     0x00000000    0x10db0
 *(.debug_info .gnu.linkonce.wi.*)
 .debug_info    0x00000000     0x1950 .\CortexM3\ARM_GCC_541\Debug\main.o
 .debug_info    0x00001950     0x3bd0 .\CortexM3\ARM_GCC_541\Debug\screen.o
 .debug_info    0x00005520     0x1f1b .\CortexM3\ARM_GCC_541\Debug\font.o
 .debug_info    0x0000743b      0xb2c .\CortexM3\ARM_GCC_541\Debug\sd.o
 .debug_info    0x00007f67      0x86d .\CortexM3\ARM_GCC_541\Debug\uifunctions.o
 .debug_info    0x000087d4      0x84c .\CortexM3\ARM_GCC_541\Debug\cyfitter_cfg.o
 .debug_info    0x00009020      0x137 .\CortexM3\ARM_GCC_541\Debug\cymetadata.o
 .debug_info    0x00009157      0x3bb .\CortexM3\ARM_GCC_541\Debug\Cm3Start.o
 .debug_info    0x00009512     0x1964 .\CortexM3\ARM_GCC_541\Debug\Design01.a(CyLib.o)
 .debug_info    0x0000ae76      0x9e2 .\CortexM3\ARM_GCC_541\Debug\Design01.a(cyPm.o)
 .debug_info    0x0000b858      0x121 .\CortexM3\ARM_GCC_541\Debug\Design01.a(SS.o)
 .debug_info    0x0000b979      0x121 .\CortexM3\ARM_GCC_541\Debug\Design01.a(D_C.o)
 .debug_info    0x0000ba9a      0x121 .\CortexM3\ARM_GCC_541\Debug\Design01.a(Reset.o)
 .debug_info    0x0000bbbb      0x29b .\CortexM3\ARM_GCC_541\Debug\Design01.a(Clock.o)
 .debug_info    0x0000be56      0x5c0 .\CortexM3\ARM_GCC_541\Debug\Design01.a(SPIM.o)
 .debug_info    0x0000c416      0x2e2 .\CortexM3\ARM_GCC_541\Debug\Design01.a(VDAC8_DS.o)
 .debug_info    0x0000c6f8      0x2e2 .\CortexM3\ARM_GCC_541\Debug\Design01.a(VDAC8_GS.o)
 .debug_info    0x0000c9da      0x719 .\CortexM3\ARM_GCC_541\Debug\Design01.a(ADC_SAR_1.o)
 .debug_info    0x0000d0f3       0x92 .\CortexM3\ARM_GCC_541\Debug\Design01.a(ADC_SAR_1_INT.o)
 .debug_info    0x0000d185      0x14e .\CortexM3\ARM_GCC_541\Debug\Design01.a(ADC_SAR_1_PM.o)
 .debug_info    0x0000d2d3      0x2d8 .\CortexM3\ARM_GCC_541\Debug\Design01.a(ADC_SAR_1_theACLK.o)
 .debug_info    0x0000d5ab      0x7fd .\CortexM3\ARM_GCC_541\Debug\Design01.a(isr.o)
 .debug_info    0x0000dda8      0x1c3 .\CortexM3\ARM_GCC_541\Debug\Design01.a(AMux_1.o)
 .debug_info    0x0000df6b      0x1c3 .\CortexM3\ARM_GCC_541\Debug\Design01.a(AMux_2.o)
 .debug_info    0x0000e12e      0x1c3 .\CortexM3\ARM_GCC_541\Debug\Design01.a(AMux_3.o)
 .debug_info    0x0000e2f1       0xcc .\CortexM3\ARM_GCC_541\Debug\Design01.a(CyBootAsmGnu.o)
 .debug_info    0x0000e3bd      0x836 .\CortexM3\ARM_GCC_541\Debug\Design01.a(CyFlash.o)
 .debug_info    0x0000ebf3      0x561 .\CortexM3\ARM_GCC_541\Debug\Design01.a(CySpc.o)
 .debug_info    0x0000f154      0x31f .\CortexM3\ARM_GCC_541\Debug\Design01.a(I2C.o)
 .debug_info    0x0000f473      0x171 .\CortexM3\ARM_GCC_541\Debug\Design01.a(I2C_INT.o)
 .debug_info    0x0000f5e4      0x26e .\CortexM3\ARM_GCC_541\Debug\Design01.a(I2C_PM.o)
 .debug_info    0x0000f852      0x40b .\CortexM3\ARM_GCC_541\Debug\Design01.a(I2C_MASTER.o)
 .debug_info    0x0000fc5d      0x2ba .\CortexM3\ARM_GCC_541\Debug\Design01.a(emFile_1_ConfigMMC_SPI.o)
 .debug_info    0x0000ff17      0x51d .\CortexM3\ARM_GCC_541\Debug\Design01.a(emFile_1_MMC_HW_SPI.o)
 .debug_info    0x00010434      0x5c0 .\CortexM3\ARM_GCC_541\Debug\Design01.a(emFile_1_SPI0.o)
 .debug_info    0x000109f4      0x29b .\CortexM3\ARM_GCC_541\Debug\Design01.a(emFile_1_Clock_1.o)
 .debug_info    0x00010c8f      0x121 .\CortexM3\ARM_GCC_541\Debug\Design01.a(emFile_1_SPI0_CS.o)

.debug_abbrev   0x00000000     0x3843
 *(.debug_abbrev)
 .debug_abbrev  0x00000000      0x2ce .\CortexM3\ARM_GCC_541\Debug\main.o
 .debug_abbrev  0x000002ce      0x418 .\CortexM3\ARM_GCC_541\Debug\screen.o
 .debug_abbrev  0x000006e6      0x212 .\CortexM3\ARM_GCC_541\Debug\font.o
 .debug_abbrev  0x000008f8      0x1a2 .\CortexM3\ARM_GCC_541\Debug\sd.o
 .debug_abbrev  0x00000a9a      0x142 .\CortexM3\ARM_GCC_541\Debug\uifunctions.o
 .debug_abbrev  0x00000bdc      0x297 .\CortexM3\ARM_GCC_541\Debug\cyfitter_cfg.o
 .debug_abbrev  0x00000e73       0x77 .\CortexM3\ARM_GCC_541\Debug\cymetadata.o
 .debug_abbrev  0x00000eea      0x1f6 .\CortexM3\ARM_GCC_541\Debug\Cm3Start.o
 .debug_abbrev  0x000010e0      0x3bb .\CortexM3\ARM_GCC_541\Debug\Design01.a(CyLib.o)
 .debug_abbrev  0x0000149b      0x1cf .\CortexM3\ARM_GCC_541\Debug\Design01.a(cyPm.o)
 .debug_abbrev  0x0000166a       0x90 .\CortexM3\ARM_GCC_541\Debug\Design01.a(SS.o)
 .debug_abbrev  0x000016fa       0x90 .\CortexM3\ARM_GCC_541\Debug\Design01.a(D_C.o)
 .debug_abbrev  0x0000178a       0x90 .\CortexM3\ARM_GCC_541\Debug\Design01.a(Reset.o)
 .debug_abbrev  0x0000181a      0x142 .\CortexM3\ARM_GCC_541\Debug\Design01.a(Clock.o)
 .debug_abbrev  0x0000195c      0x243 .\CortexM3\ARM_GCC_541\Debug\Design01.a(SPIM.o)
 .debug_abbrev  0x00001b9f      0x165 .\CortexM3\ARM_GCC_541\Debug\Design01.a(VDAC8_DS.o)
 .debug_abbrev  0x00001d04      0x165 .\CortexM3\ARM_GCC_541\Debug\Design01.a(VDAC8_GS.o)
 .debug_abbrev  0x00001e69      0x260 .\CortexM3\ARM_GCC_541\Debug\Design01.a(ADC_SAR_1.o)
 .debug_abbrev  0x000020c9       0x42 .\CortexM3\ARM_GCC_541\Debug\Design01.a(ADC_SAR_1_INT.o)
 .debug_abbrev  0x0000210b       0xdb .\CortexM3\ARM_GCC_541\Debug\Design01.a(ADC_SAR_1_PM.o)
 .debug_abbrev  0x000021e6      0x142 .\CortexM3\ARM_GCC_541\Debug\Design01.a(ADC_SAR_1_theACLK.o)
 .debug_abbrev  0x00002328      0x242 .\CortexM3\ARM_GCC_541\Debug\Design01.a(isr.o)
 .debug_abbrev  0x0000256a      0x102 .\CortexM3\ARM_GCC_541\Debug\Design01.a(AMux_1.o)
 .debug_abbrev  0x0000266c      0x102 .\CortexM3\ARM_GCC_541\Debug\Design01.a(AMux_2.o)
 .debug_abbrev  0x0000276e      0x102 .\CortexM3\ARM_GCC_541\Debug\Design01.a(AMux_3.o)
 .debug_abbrev  0x00002870       0x14 .\CortexM3\ARM_GCC_541\Debug\Design01.a(CyBootAsmGnu.o)
 .debug_abbrev  0x00002884      0x23d .\CortexM3\ARM_GCC_541\Debug\Design01.a(CyFlash.o)
 .debug_abbrev  0x00002ac1      0x193 .\CortexM3\ARM_GCC_541\Debug\Design01.a(CySpc.o)
 .debug_abbrev  0x00002c54      0x18b .\CortexM3\ARM_GCC_541\Debug\Design01.a(I2C.o)
 .debug_abbrev  0x00002ddf       0xa9 .\CortexM3\ARM_GCC_541\Debug\Design01.a(I2C_INT.o)
 .debug_abbrev  0x00002e88      0x16a .\CortexM3\ARM_GCC_541\Debug\Design01.a(I2C_PM.o)
 .debug_abbrev  0x00002ff2      0x12d .\CortexM3\ARM_GCC_541\Debug\Design01.a(I2C_MASTER.o)
 .debug_abbrev  0x0000311f      0x159 .\CortexM3\ARM_GCC_541\Debug\Design01.a(emFile_1_ConfigMMC_SPI.o)
 .debug_abbrev  0x00003278      0x1b6 .\CortexM3\ARM_GCC_541\Debug\Design01.a(emFile_1_MMC_HW_SPI.o)
 .debug_abbrev  0x0000342e      0x243 .\CortexM3\ARM_GCC_541\Debug\Design01.a(emFile_1_SPI0.o)
 .debug_abbrev  0x00003671      0x142 .\CortexM3\ARM_GCC_541\Debug\Design01.a(emFile_1_Clock_1.o)
 .debug_abbrev  0x000037b3       0x90 .\CortexM3\ARM_GCC_541\Debug\Design01.a(emFile_1_SPI0_CS.o)

.debug_line     0x00000000     0x5247
 *(.debug_line)
 .debug_line    0x00000000      0x520 .\CortexM3\ARM_GCC_541\Debug\main.o
 .debug_line    0x00000520      0x7a6 .\CortexM3\ARM_GCC_541\Debug\screen.o
 .debug_line    0x00000cc6      0x523 .\CortexM3\ARM_GCC_541\Debug\font.o
 .debug_line    0x000011e9      0x1a1 .\CortexM3\ARM_GCC_541\Debug\sd.o
 .debug_line    0x0000138a      0x1d5 .\CortexM3\ARM_GCC_541\Debug\uifunctions.o
 .debug_line    0x0000155f      0x2a8 .\CortexM3\ARM_GCC_541\Debug\cyfitter_cfg.o
 .debug_line    0x00001807      0x113 .\CortexM3\ARM_GCC_541\Debug\cymetadata.o
 .debug_line    0x0000191a      0x1eb .\CortexM3\ARM_GCC_541\Debug\Cm3Start.o
 .debug_line    0x00001b05      0xb0c .\CortexM3\ARM_GCC_541\Debug\Design01.a(CyLib.o)
 .debug_line    0x00002611      0x52a .\CortexM3\ARM_GCC_541\Debug\Design01.a(cyPm.o)
 .debug_line    0x00002b3b       0x91 .\CortexM3\ARM_GCC_541\Debug\Design01.a(SS.o)
 .debug_line    0x00002bcc       0x92 .\CortexM3\ARM_GCC_541\Debug\Design01.a(D_C.o)
 .debug_line    0x00002c5e       0x94 .\CortexM3\ARM_GCC_541\Debug\Design01.a(Reset.o)
 .debug_line    0x00002cf2      0x1d7 .\CortexM3\ARM_GCC_541\Debug\Design01.a(Clock.o)
 .debug_line    0x00002ec9      0x287 .\CortexM3\ARM_GCC_541\Debug\Design01.a(SPIM.o)
 .debug_line    0x00003150      0x157 .\CortexM3\ARM_GCC_541\Debug\Design01.a(VDAC8_DS.o)
 .debug_line    0x000032a7      0x157 .\CortexM3\ARM_GCC_541\Debug\Design01.a(VDAC8_GS.o)
 .debug_line    0x000033fe      0x31d .\CortexM3\ARM_GCC_541\Debug\Design01.a(ADC_SAR_1.o)
 .debug_line    0x0000371b       0x56 .\CortexM3\ARM_GCC_541\Debug\Design01.a(ADC_SAR_1_INT.o)
 .debug_line    0x00003771       0x9c .\CortexM3\ARM_GCC_541\Debug\Design01.a(ADC_SAR_1_PM.o)
 .debug_line    0x0000380d      0x203 .\CortexM3\ARM_GCC_541\Debug\Design01.a(ADC_SAR_1_theACLK.o)
 .debug_line    0x00003a10      0x2ca .\CortexM3\ARM_GCC_541\Debug\Design01.a(isr.o)
 .debug_line    0x00003cda       0xa9 .\CortexM3\ARM_GCC_541\Debug\Design01.a(AMux_1.o)
 .debug_line    0x00003d83       0xa9 .\CortexM3\ARM_GCC_541\Debug\Design01.a(AMux_2.o)
 .debug_line    0x00003e2c       0xa9 .\CortexM3\ARM_GCC_541\Debug\Design01.a(AMux_3.o)
 .debug_line    0x00003ed5       0x66 .\CortexM3\ARM_GCC_541\Debug\Design01.a(CyBootAsmGnu.o)
 .debug_line    0x00003f3b      0x2c7 .\CortexM3\ARM_GCC_541\Debug\Design01.a(CyFlash.o)
 .debug_line    0x00004202      0x2b9 .\CortexM3\ARM_GCC_541\Debug\Design01.a(CySpc.o)
 .debug_line    0x000044bb      0x167 .\CortexM3\ARM_GCC_541\Debug\Design01.a(I2C.o)
 .debug_line    0x00004622      0x12f .\CortexM3\ARM_GCC_541\Debug\Design01.a(I2C_INT.o)
 .debug_line    0x00004751       0xfa .\CortexM3\ARM_GCC_541\Debug\Design01.a(I2C_PM.o)
 .debug_line    0x0000484b      0x2aa .\CortexM3\ARM_GCC_541\Debug\Design01.a(I2C_MASTER.o)
 .debug_line    0x00004af5       0xb0 .\CortexM3\ARM_GCC_541\Debug\Design01.a(emFile_1_ConfigMMC_SPI.o)
 .debug_line    0x00004ba5      0x192 .\CortexM3\ARM_GCC_541\Debug\Design01.a(emFile_1_MMC_HW_SPI.o)
 .debug_line    0x00004d37      0x290 .\CortexM3\ARM_GCC_541\Debug\Design01.a(emFile_1_SPI0.o)
 .debug_line    0x00004fc7      0x1e1 .\CortexM3\ARM_GCC_541\Debug\Design01.a(emFile_1_Clock_1.o)
 .debug_line    0x000051a8       0x9f .\CortexM3\ARM_GCC_541\Debug\Design01.a(emFile_1_SPI0_CS.o)

.debug_frame    0x00000000     0x324c
 *(.debug_frame)
 .debug_frame   0x00000000      0x120 .\CortexM3\ARM_GCC_541\Debug\main.o
 .debug_frame   0x00000120      0x370 .\CortexM3\ARM_GCC_541\Debug\screen.o
 .debug_frame   0x00000490       0x84 .\CortexM3\ARM_GCC_541\Debug\font.o
 .debug_frame   0x00000514       0xd0 .\CortexM3\ARM_GCC_541\Debug\sd.o
 .debug_frame   0x000005e4       0x3c .\CortexM3\ARM_GCC_541\Debug\uifunctions.o
 .debug_frame   0x00000620       0xa8 .\CortexM3\ARM_GCC_541\Debug\cyfitter_cfg.o
 .debug_frame   0x000006c8       0xac .\CortexM3\ARM_GCC_541\Debug\Cm3Start.o
 .debug_frame   0x00000774      0x740 .\CortexM3\ARM_GCC_541\Debug\Design01.a(CyLib.o)
 .debug_frame   0x00000eb4      0x1f4 .\CortexM3\ARM_GCC_541\Debug\Design01.a(cyPm.o)
 .debug_frame   0x000010a8       0x50 .\CortexM3\ARM_GCC_541\Debug\Design01.a(SS.o)
 .debug_frame   0x000010f8       0x50 .\CortexM3\ARM_GCC_541\Debug\Design01.a(D_C.o)
 .debug_frame   0x00001148       0x50 .\CortexM3\ARM_GCC_541\Debug\Design01.a(Reset.o)
 .debug_frame   0x00001198      0x120 .\CortexM3\ARM_GCC_541\Debug\Design01.a(Clock.o)
 .debug_frame   0x000012b8      0x214 .\CortexM3\ARM_GCC_541\Debug\Design01.a(SPIM.o)
 .debug_frame   0x000014cc       0x9c .\CortexM3\ARM_GCC_541\Debug\Design01.a(VDAC8_DS.o)
 .debug_frame   0x00001568       0x9c .\CortexM3\ARM_GCC_541\Debug\Design01.a(VDAC8_GS.o)
 .debug_frame   0x00001604      0x1d0 .\CortexM3\ARM_GCC_541\Debug\Design01.a(ADC_SAR_1.o)
 .debug_frame   0x000017d4       0x20 .\CortexM3\ARM_GCC_541\Debug\Design01.a(ADC_SAR_1_INT.o)
 .debug_frame   0x000017f4       0x60 .\CortexM3\ARM_GCC_541\Debug\Design01.a(ADC_SAR_1_PM.o)