ARM GAS  C:\Users\legoc\AppData\Local\Temp\ccNb6h0e.s 			page 1


   1              		.syntax unified
   2              		.cpu cortex-m3
   3              		.fpu softvfp
   4              		.eabi_attribute 20, 1
   5              		.eabi_attribute 21, 1
   6              		.eabi_attribute 23, 3
   7              		.eabi_attribute 24, 1
   8              		.eabi_attribute 25, 1
   9              		.eabi_attribute 26, 1
  10              		.eabi_attribute 30, 2
  11              		.eabi_attribute 34, 1
  12              		.eabi_attribute 18, 4
  13              		.thumb
  14              		.syntax unified
  15              		.file	"emFile_1_PM.c"
  16              		.text
  17              	.Ltext0:
  18              		.cfi_sections	.debug_frame
  19              		.section	.text.emFile_1_SaveConfig,"ax",%progbits
  20              		.align	2
  21              		.global	emFile_1_SaveConfig
  22              		.thumb
  23              		.thumb_func
  24              		.type	emFile_1_SaveConfig, %function
  25              	emFile_1_SaveConfig:
  26              	.LFB5:
  27              		.cfi_startproc
  28              		@ args = 0, pretend = 0, frame = 0
  29              		@ frame_needed = 0, uses_anonymous_args = 0
  30              		@ link register save eliminated.
  31 0000 FFF7FEBF 		b	emFile_1_SPI0_SaveConfig
  32              		.cfi_endproc
  33              	.LFE5:
  34              		.size	emFile_1_SaveConfig, .-emFile_1_SaveConfig
  35              		.section	.text.emFile_1_RestoreConfig,"ax",%progbits
  36              		.align	2
  37              		.global	emFile_1_RestoreConfig
  38              		.thumb
  39              		.thumb_func
  40              		.type	emFile_1_RestoreConfig, %function
  41              	emFile_1_RestoreConfig:
  42              	.LFB1:
  43              		.file 1 "Generated_Source\\PSoC5\\emFile_1_PM.c"
   1:Generated_Source\PSoC5/emFile_1_PM.c **** /*******************************************************************************
   2:Generated_Source\PSoC5/emFile_1_PM.c **** * File Name: emFile_1_PM.c
   3:Generated_Source\PSoC5/emFile_1_PM.c **** * Version 1.20
   4:Generated_Source\PSoC5/emFile_1_PM.c **** *
   5:Generated_Source\PSoC5/emFile_1_PM.c **** * Description:
   6:Generated_Source\PSoC5/emFile_1_PM.c **** *  This file provides the API source code for Power Management of the emFile
   7:Generated_Source\PSoC5/emFile_1_PM.c **** *  component.
   8:Generated_Source\PSoC5/emFile_1_PM.c **** *
   9:Generated_Source\PSoC5/emFile_1_PM.c **** * Note:
  10:Generated_Source\PSoC5/emFile_1_PM.c **** *
  11:Generated_Source\PSoC5/emFile_1_PM.c **** *******************************************************************************
  12:Generated_Source\PSoC5/emFile_1_PM.c **** * Copyright 2011-2012, Cypress Semiconductor Corporation.  All rights reserved.
  13:Generated_Source\PSoC5/emFile_1_PM.c **** * You may use this file only in accordance with the license, terms, conditions,
  14:Generated_Source\PSoC5/emFile_1_PM.c **** * disclaimers, and limitations in the end user license agreement accompanying
ARM GAS  C:\Users\legoc\AppData\Local\Temp\ccNb6h0e.s 			page 2


  15:Generated_Source\PSoC5/emFile_1_PM.c **** * the software package with which this file was provided.
  16:Generated_Source\PSoC5/emFile_1_PM.c **** *******************************************************************************/
  17:Generated_Source\PSoC5/emFile_1_PM.c **** 
  18:Generated_Source\PSoC5/emFile_1_PM.c **** #include <project.h>
  19:Generated_Source\PSoC5/emFile_1_PM.c **** #include "emFile_1.h"
  20:Generated_Source\PSoC5/emFile_1_PM.c **** 
  21:Generated_Source\PSoC5/emFile_1_PM.c **** 
  22:Generated_Source\PSoC5/emFile_1_PM.c **** /*******************************************************************************
  23:Generated_Source\PSoC5/emFile_1_PM.c **** * Function Name: emFile_1_SaveConfig
  24:Generated_Source\PSoC5/emFile_1_PM.c **** ********************************************************************************
  25:Generated_Source\PSoC5/emFile_1_PM.c **** *
  26:Generated_Source\PSoC5/emFile_1_PM.c **** * Summary:
  27:Generated_Source\PSoC5/emFile_1_PM.c **** *  Saves SPI Masters configuration.
  28:Generated_Source\PSoC5/emFile_1_PM.c **** *
  29:Generated_Source\PSoC5/emFile_1_PM.c **** * Parameters:
  30:Generated_Source\PSoC5/emFile_1_PM.c **** *  None
  31:Generated_Source\PSoC5/emFile_1_PM.c **** *
  32:Generated_Source\PSoC5/emFile_1_PM.c **** * Return:
  33:Generated_Source\PSoC5/emFile_1_PM.c **** *  None
  34:Generated_Source\PSoC5/emFile_1_PM.c **** *
  35:Generated_Source\PSoC5/emFile_1_PM.c **** * Reentrant:
  36:Generated_Source\PSoC5/emFile_1_PM.c **** *  No
  37:Generated_Source\PSoC5/emFile_1_PM.c **** *
  38:Generated_Source\PSoC5/emFile_1_PM.c **** *******************************************************************************/
  39:Generated_Source\PSoC5/emFile_1_PM.c **** void emFile_1_SaveConfig(void) 
  40:Generated_Source\PSoC5/emFile_1_PM.c **** {
  41:Generated_Source\PSoC5/emFile_1_PM.c ****     #if(emFile_1_NUMBER_SD_CARDS == 4u)
  42:Generated_Source\PSoC5/emFile_1_PM.c ****         emFile_1_SPI0_SaveConfig();
  43:Generated_Source\PSoC5/emFile_1_PM.c ****         emFile_1_SPI1_SaveConfig();
  44:Generated_Source\PSoC5/emFile_1_PM.c ****         emFile_1_SPI2_SaveConfig();
  45:Generated_Source\PSoC5/emFile_1_PM.c ****         emFile_1_SPI3_SaveConfig();
  46:Generated_Source\PSoC5/emFile_1_PM.c ****     #elif(emFile_1_NUMBER_SD_CARDS == 3u)
  47:Generated_Source\PSoC5/emFile_1_PM.c ****         emFile_1_SPI0_SaveConfig();
  48:Generated_Source\PSoC5/emFile_1_PM.c ****         emFile_1_SPI1_SaveConfig();
  49:Generated_Source\PSoC5/emFile_1_PM.c ****         emFile_1_SPI2_SaveConfig();
  50:Generated_Source\PSoC5/emFile_1_PM.c ****     #elif(emFile_1_NUMBER_SD_CARDS == 2u)
  51:Generated_Source\PSoC5/emFile_1_PM.c ****         emFile_1_SPI0_SaveConfig();
  52:Generated_Source\PSoC5/emFile_1_PM.c ****         emFile_1_SPI1_SaveConfig();
  53:Generated_Source\PSoC5/emFile_1_PM.c ****     #else
  54:Generated_Source\PSoC5/emFile_1_PM.c ****         emFile_1_SPI0_SaveConfig();
  55:Generated_Source\PSoC5/emFile_1_PM.c ****     #endif /* (emFile_1_NUMBER_SD_CARDS == 4u) */
  56:Generated_Source\PSoC5/emFile_1_PM.c **** }
  57:Generated_Source\PSoC5/emFile_1_PM.c **** 
  58:Generated_Source\PSoC5/emFile_1_PM.c **** 
  59:Generated_Source\PSoC5/emFile_1_PM.c **** /*******************************************************************************
  60:Generated_Source\PSoC5/emFile_1_PM.c **** * Function Name: emFile_1_RestoreConfig
  61:Generated_Source\PSoC5/emFile_1_PM.c **** ********************************************************************************
  62:Generated_Source\PSoC5/emFile_1_PM.c **** *
  63:Generated_Source\PSoC5/emFile_1_PM.c **** * Summary:
  64:Generated_Source\PSoC5/emFile_1_PM.c **** *  Restores SPI Masters configuration.
  65:Generated_Source\PSoC5/emFile_1_PM.c **** *
  66:Generated_Source\PSoC5/emFile_1_PM.c **** * Parameters:
  67:Generated_Source\PSoC5/emFile_1_PM.c **** *  None
  68:Generated_Source\PSoC5/emFile_1_PM.c **** *
  69:Generated_Source\PSoC5/emFile_1_PM.c **** * Return:
  70:Generated_Source\PSoC5/emFile_1_PM.c **** *  None
  71:Generated_Source\PSoC5/emFile_1_PM.c **** *
ARM GAS  C:\Users\legoc\AppData\Local\Temp\ccNb6h0e.s 			page 3


  72:Generated_Source\PSoC5/emFile_1_PM.c **** * Side Effects:
  73:Generated_Source\PSoC5/emFile_1_PM.c **** *  If this API is called without first calling SaveConfig then in the following
  74:Generated_Source\PSoC5/emFile_1_PM.c **** *  registers will be default values from Customizer:
  75:Generated_Source\PSoC5/emFile_1_PM.c **** *
  76:Generated_Source\PSoC5/emFile_1_PM.c **** *******************************************************************************/
  77:Generated_Source\PSoC5/emFile_1_PM.c **** void emFile_1_RestoreConfig(void) 
  78:Generated_Source\PSoC5/emFile_1_PM.c **** {
  44              		.loc 1 78 0
  45              		.cfi_startproc
  46              		@ args = 0, pretend = 0, frame = 0
  47              		@ frame_needed = 0, uses_anonymous_args = 0
  48              		@ link register save eliminated.
  79:Generated_Source\PSoC5/emFile_1_PM.c ****     #if(emFile_1_NUMBER_SD_CARDS == 4u)
  80:Generated_Source\PSoC5/emFile_1_PM.c ****         emFile_1_SPI0_RestoreConfig();
  81:Generated_Source\PSoC5/emFile_1_PM.c ****         emFile_1_SPI1_RestoreConfig();
  82:Generated_Source\PSoC5/emFile_1_PM.c ****         emFile_1_SPI2_RestoreConfig();
  83:Generated_Source\PSoC5/emFile_1_PM.c ****         emFile_1_SPI3_RestoreConfig();
  84:Generated_Source\PSoC5/emFile_1_PM.c ****     #elif(emFile_1_NUMBER_SD_CARDS == 3u)
  85:Generated_Source\PSoC5/emFile_1_PM.c ****         emFile_1_SPI0_SaveConfig();
  86:Generated_Source\PSoC5/emFile_1_PM.c ****         emFile_1_SPI1_SaveConfig();
  87:Generated_Source\PSoC5/emFile_1_PM.c ****         emFile_1_SPI2_SaveConfig();
  88:Generated_Source\PSoC5/emFile_1_PM.c ****     #elif(emFile_1_NUMBER_SD_CARDS == 2u)
  89:Generated_Source\PSoC5/emFile_1_PM.c ****         emFile_1_SPI0_SaveConfig();
  90:Generated_Source\PSoC5/emFile_1_PM.c ****         emFile_1_SPI1_SaveConfig();
  91:Generated_Source\PSoC5/emFile_1_PM.c ****     #else
  92:Generated_Source\PSoC5/emFile_1_PM.c ****         emFile_1_SPI0_SaveConfig();
  49              		.loc 1 92 0
  50 0000 FFF7FEBF 		b	emFile_1_SPI0_SaveConfig
  51              	.LVL0:
  52              		.cfi_endproc
  53              	.LFE1:
  54              		.size	emFile_1_RestoreConfig, .-emFile_1_RestoreConfig
  55              		.section	.text.emFile_1_Sleep,"ax",%progbits
  56              		.align	2
  57              		.global	emFile_1_Sleep
  58              		.thumb
  59              		.thumb_func
  60              		.type	emFile_1_Sleep, %function
  61              	emFile_1_Sleep:
  62              	.LFB2:
  93:Generated_Source\PSoC5/emFile_1_PM.c ****     #endif /* (emFile_1_NUMBER_SD_CARDS == 4u) */
  94:Generated_Source\PSoC5/emFile_1_PM.c **** }
  95:Generated_Source\PSoC5/emFile_1_PM.c **** 
  96:Generated_Source\PSoC5/emFile_1_PM.c **** 
  97:Generated_Source\PSoC5/emFile_1_PM.c **** /*******************************************************************************
  98:Generated_Source\PSoC5/emFile_1_PM.c **** * Function Name: emFile_1_Sleep
  99:Generated_Source\PSoC5/emFile_1_PM.c **** ********************************************************************************
 100:Generated_Source\PSoC5/emFile_1_PM.c **** *
 101:Generated_Source\PSoC5/emFile_1_PM.c **** * Summary:
 102:Generated_Source\PSoC5/emFile_1_PM.c **** *  Prepare emFile to go to sleep.
 103:Generated_Source\PSoC5/emFile_1_PM.c **** *
 104:Generated_Source\PSoC5/emFile_1_PM.c **** * Parameters:
 105:Generated_Source\PSoC5/emFile_1_PM.c **** *  None
 106:Generated_Source\PSoC5/emFile_1_PM.c **** *
 107:Generated_Source\PSoC5/emFile_1_PM.c **** * Return:
 108:Generated_Source\PSoC5/emFile_1_PM.c **** *  None
 109:Generated_Source\PSoC5/emFile_1_PM.c **** *
ARM GAS  C:\Users\legoc\AppData\Local\Temp\ccNb6h0e.s 			page 4


 110:Generated_Source\PSoC5/emFile_1_PM.c **** * Reentrant:
 111:Generated_Source\PSoC5/emFile_1_PM.c **** *  No
 112:Generated_Source\PSoC5/emFile_1_PM.c **** *
 113:Generated_Source\PSoC5/emFile_1_PM.c **** *******************************************************************************/
 114:Generated_Source\PSoC5/emFile_1_PM.c **** void emFile_1_Sleep(void) 
 115:Generated_Source\PSoC5/emFile_1_PM.c **** {
  63              		.loc 1 115 0
  64              		.cfi_startproc
  65              		@ args = 0, pretend = 0, frame = 0
  66              		@ frame_needed = 0, uses_anonymous_args = 0
  67              		@ link register save eliminated.
 116:Generated_Source\PSoC5/emFile_1_PM.c ****     #if(emFile_1_NUMBER_SD_CARDS == 4u)
 117:Generated_Source\PSoC5/emFile_1_PM.c ****         emFile_1_SPI0_Sleep();
 118:Generated_Source\PSoC5/emFile_1_PM.c ****         emFile_1_SPI1_Sleep();
 119:Generated_Source\PSoC5/emFile_1_PM.c ****         emFile_1_SPI2_Sleep();
 120:Generated_Source\PSoC5/emFile_1_PM.c ****         emFile_1_SPI3_Sleep();
 121:Generated_Source\PSoC5/emFile_1_PM.c ****     #elif(emFile_1_NUMBER_SD_CARDS == 3u)
 122:Generated_Source\PSoC5/emFile_1_PM.c ****         emFile_1_SPI0_Sleep();
 123:Generated_Source\PSoC5/emFile_1_PM.c ****         emFile_1_SPI1_Sleep();
 124:Generated_Source\PSoC5/emFile_1_PM.c ****         emFile_1_SPI2_Sleep();
 125:Generated_Source\PSoC5/emFile_1_PM.c ****     #elif(emFile_1_NUMBER_SD_CARDS == 2u)
 126:Generated_Source\PSoC5/emFile_1_PM.c ****         emFile_1_SPI0_Sleep();
 127:Generated_Source\PSoC5/emFile_1_PM.c ****         emFile_1_SPI1_Sleep();
 128:Generated_Source\PSoC5/emFile_1_PM.c ****     #else
 129:Generated_Source\PSoC5/emFile_1_PM.c ****         emFile_1_SPI0_Sleep();
  68              		.loc 1 129 0
  69 0000 FFF7FEBF 		b	emFile_1_SPI0_Sleep
  70              	.LVL1:
  71              		.cfi_endproc
  72              	.LFE2:
  73              		.size	emFile_1_Sleep, .-emFile_1_Sleep
  74              		.section	.text.emFile_1_Wakeup,"ax",%progbits
  75              		.align	2
  76              		.global	emFile_1_Wakeup
  77              		.thumb
  78              		.thumb_func
  79              		.type	emFile_1_Wakeup, %function
  80              	emFile_1_Wakeup:
  81              	.LFB3:
 130:Generated_Source\PSoC5/emFile_1_PM.c ****     #endif /* (emFile_1_NUMBER_SD_CARDS == 4u) */
 131:Generated_Source\PSoC5/emFile_1_PM.c **** }
 132:Generated_Source\PSoC5/emFile_1_PM.c **** 
 133:Generated_Source\PSoC5/emFile_1_PM.c **** 
 134:Generated_Source\PSoC5/emFile_1_PM.c **** /*******************************************************************************
 135:Generated_Source\PSoC5/emFile_1_PM.c **** * Function Name: emFile_1_Wakeup
 136:Generated_Source\PSoC5/emFile_1_PM.c **** ********************************************************************************
 137:Generated_Source\PSoC5/emFile_1_PM.c **** *
 138:Generated_Source\PSoC5/emFile_1_PM.c **** * Summary:
 139:Generated_Source\PSoC5/emFile_1_PM.c **** *  Prepare SPIM Components to wake up.
 140:Generated_Source\PSoC5/emFile_1_PM.c **** *
 141:Generated_Source\PSoC5/emFile_1_PM.c **** * Parameters:
 142:Generated_Source\PSoC5/emFile_1_PM.c **** *  None
 143:Generated_Source\PSoC5/emFile_1_PM.c **** *
 144:Generated_Source\PSoC5/emFile_1_PM.c **** * Return:
 145:Generated_Source\PSoC5/emFile_1_PM.c **** *  None
 146:Generated_Source\PSoC5/emFile_1_PM.c **** *
 147:Generated_Source\PSoC5/emFile_1_PM.c **** * Reentrant:
ARM GAS  C:\Users\legoc\AppData\Local\Temp\ccNb6h0e.s 			page 5


 148:Generated_Source\PSoC5/emFile_1_PM.c **** *  No
 149:Generated_Source\PSoC5/emFile_1_PM.c **** *
 150:Generated_Source\PSoC5/emFile_1_PM.c **** *******************************************************************************/
 151:Generated_Source\PSoC5/emFile_1_PM.c **** void emFile_1_Wakeup(void) 
 152:Generated_Source\PSoC5/emFile_1_PM.c **** {
  82              		.loc 1 152 0
  83              		.cfi_startproc
  84              		@ args = 0, pretend = 0, frame = 0
  85              		@ frame_needed = 0, uses_anonymous_args = 0
  86              		@ link register save eliminated.
 153:Generated_Source\PSoC5/emFile_1_PM.c ****     #if(emFile_1_NUMBER_SD_CARDS == 4u)
 154:Generated_Source\PSoC5/emFile_1_PM.c ****         emFile_1_SPI0_Wakeup();
 155:Generated_Source\PSoC5/emFile_1_PM.c ****         emFile_1_SPI1_Wakeup();
 156:Generated_Source\PSoC5/emFile_1_PM.c ****         emFile_1_SPI2_Wakeup();
 157:Generated_Source\PSoC5/emFile_1_PM.c ****         emFile_1_SPI3_Wakeup();
 158:Generated_Source\PSoC5/emFile_1_PM.c ****     #elif(emFile_1_NUMBER_SD_CARDS == 3u)
 159:Generated_Source\PSoC5/emFile_1_PM.c ****         emFile_1_SPI0_Wakeup();
 160:Generated_Source\PSoC5/emFile_1_PM.c ****         emFile_1_SPI1_Wakeup();
 161:Generated_Source\PSoC5/emFile_1_PM.c ****         emFile_1_SPI2_Wakeup();
 162:Generated_Source\PSoC5/emFile_1_PM.c ****     #elif(emFile_1_NUMBER_SD_CARDS == 2u)
 163:Generated_Source\PSoC5/emFile_1_PM.c ****         emFile_1_SPI0_Wakeup();
 164:Generated_Source\PSoC5/emFile_1_PM.c ****         emFile_1_SPI1_Wakeup();
 165:Generated_Source\PSoC5/emFile_1_PM.c ****     #else
 166:Generated_Source\PSoC5/emFile_1_PM.c ****         emFile_1_SPI0_Wakeup();
  87              		.loc 1 166 0
  88 0000 FFF7FEBF 		b	emFile_1_SPI0_Wakeup
  89              	.LVL2:
  90              		.cfi_endproc
  91              	.LFE3:
  92              		.size	emFile_1_Wakeup, .-emFile_1_Wakeup
  93              		.text
  94              	.Letext0:
  95              		.file 2 "Generated_Source\\PSoC5/emFile_1_SPI0.h"
  96              		.section	.debug_info,"",%progbits
  97              	.Ldebug_info0:
  98 0000 0F010000 		.4byte	0x10f
  99 0004 0400     		.2byte	0x4
 100 0006 00000000 		.4byte	.Ldebug_abbrev0
 101 000a 04       		.byte	0x4
 102 000b 01       		.uleb128 0x1
 103 000c 03010000 		.4byte	.LASF19
 104 0010 0C       		.byte	0xc
 105 0011 BE010000 		.4byte	.LASF20
 106 0015 71000000 		.4byte	.LASF21
 107 0019 00000000 		.4byte	.Ldebug_ranges0+0
 108 001d 00000000 		.4byte	0
 109 0021 00000000 		.4byte	.Ldebug_line0
 110 0025 02       		.uleb128 0x2
 111 0026 01       		.byte	0x1
 112 0027 06       		.byte	0x6
 113 0028 FD010000 		.4byte	.LASF0
 114 002c 02       		.uleb128 0x2
 115 002d 01       		.byte	0x1
 116 002e 08       		.byte	0x8
 117 002f F5000000 		.4byte	.LASF1
 118 0033 02       		.uleb128 0x2
 119 0034 02       		.byte	0x2
ARM GAS  C:\Users\legoc\AppData\Local\Temp\ccNb6h0e.s 			page 6


 120 0035 05       		.byte	0x5
 121 0036 2A020000 		.4byte	.LASF2
 122 003a 02       		.uleb128 0x2
 123 003b 02       		.byte	0x2
 124 003c 07       		.byte	0x7
 125 003d EA010000 		.4byte	.LASF3
 126 0041 02       		.uleb128 0x2
 127 0042 04       		.byte	0x4
 128 0043 05       		.byte	0x5
 129 0044 A6010000 		.4byte	.LASF4
 130 0048 02       		.uleb128 0x2
 131 0049 04       		.byte	0x4
 132 004a 07       		.byte	0x7
 133 004b 48000000 		.4byte	.LASF5
 134 004f 02       		.uleb128 0x2
 135 0050 08       		.byte	0x8
 136 0051 05       		.byte	0x5
 137 0052 00000000 		.4byte	.LASF6
 138 0056 02       		.uleb128 0x2
 139 0057 08       		.byte	0x8
 140 0058 07       		.byte	0x7
 141 0059 5A000000 		.4byte	.LASF7
 142 005d 03       		.uleb128 0x3
 143 005e 04       		.byte	0x4
 144 005f 05       		.byte	0x5
 145 0060 696E7400 		.ascii	"int\000"
 146 0064 02       		.uleb128 0x2
 147 0065 04       		.byte	0x4
 148 0066 07       		.byte	0x7
 149 0067 0E000000 		.4byte	.LASF8
 150 006b 02       		.uleb128 0x2
 151 006c 04       		.byte	0x4
 152 006d 04       		.byte	0x4
 153 006e EF000000 		.4byte	.LASF9
 154 0072 02       		.uleb128 0x2
 155 0073 08       		.byte	0x8
 156 0074 04       		.byte	0x4
 157 0075 E3010000 		.4byte	.LASF10
 158 0079 02       		.uleb128 0x2
 159 007a 01       		.byte	0x1
 160 007b 08       		.byte	0x8
 161 007c 91010000 		.4byte	.LASF11
 162 0080 02       		.uleb128 0x2
 163 0081 08       		.byte	0x8
 164 0082 04       		.byte	0x4
 165 0083 1E020000 		.4byte	.LASF12
 166 0087 02       		.uleb128 0x2
 167 0088 04       		.byte	0x4
 168 0089 07       		.byte	0x7
 169 008a 34020000 		.4byte	.LASF13
 170 008e 04       		.uleb128 0x4
 171 008f 3D020000 		.4byte	.LASF22
 172 0093 01       		.byte	0x1
 173 0094 4D       		.byte	0x4d
 174 0095 01       		.byte	0x1
 175 0096 05       		.uleb128 0x5
 176 0097 8E000000 		.4byte	0x8e
ARM GAS  C:\Users\legoc\AppData\Local\Temp\ccNb6h0e.s 			page 7


 177 009b 00000000 		.4byte	.LFB1
 178 009f 04000000 		.4byte	.LFE1-.LFB1
 179 00a3 01       		.uleb128 0x1
 180 00a4 9C       		.byte	0x9c
 181 00a5 B3000000 		.4byte	0xb3
 182 00a9 06       		.uleb128 0x6
 183 00aa 04000000 		.4byte	.LVL0
 184 00ae F1000000 		.4byte	0xf1
 185 00b2 00       		.byte	0
 186 00b3 07       		.uleb128 0x7
 187 00b4 AF010000 		.4byte	.LASF14
 188 00b8 01       		.byte	0x1
 189 00b9 72       		.byte	0x72
 190 00ba 00000000 		.4byte	.LFB2
 191 00be 04000000 		.4byte	.LFE2-.LFB2
 192 00c2 01       		.uleb128 0x1
 193 00c3 9C       		.byte	0x9c
 194 00c4 D2000000 		.4byte	0xd2
 195 00c8 06       		.uleb128 0x6
 196 00c9 04000000 		.4byte	.LVL1
 197 00cd FC000000 		.4byte	0xfc
 198 00d1 00       		.byte	0
 199 00d2 07       		.uleb128 0x7
 200 00d3 96010000 		.4byte	.LASF15
 201 00d7 01       		.byte	0x1
 202 00d8 97       		.byte	0x97
 203 00d9 00000000 		.4byte	.LFB3
 204 00dd 04000000 		.4byte	.LFE3-.LFB3
 205 00e1 01       		.uleb128 0x1
 206 00e2 9C       		.byte	0x9c
 207 00e3 F1000000 		.4byte	0xf1
 208 00e7 06       		.uleb128 0x6
 209 00e8 04000000 		.4byte	.LVL2
 210 00ec 07010000 		.4byte	0x107
 211 00f0 00       		.byte	0
 212 00f1 08       		.uleb128 0x8
 213 00f2 2F000000 		.4byte	.LASF16
 214 00f6 2F000000 		.4byte	.LASF16
 215 00fa 02       		.byte	0x2
 216 00fb 62       		.byte	0x62
 217 00fc 08       		.uleb128 0x8
 218 00fd 1B000000 		.4byte	.LASF17
 219 0101 1B000000 		.4byte	.LASF17
 220 0105 02       		.byte	0x2
 221 0106 60       		.byte	0x60
 222 0107 08       		.uleb128 0x8
 223 0108 09020000 		.4byte	.LASF18
 224 010c 09020000 		.4byte	.LASF18
 225 0110 02       		.byte	0x2
 226 0111 61       		.byte	0x61
 227 0112 00       		.byte	0
 228              		.section	.debug_abbrev,"",%progbits
 229              	.Ldebug_abbrev0:
 230 0000 01       		.uleb128 0x1
 231 0001 11       		.uleb128 0x11
 232 0002 01       		.byte	0x1
 233 0003 25       		.uleb128 0x25
ARM GAS  C:\Users\legoc\AppData\Local\Temp\ccNb6h0e.s 			page 8


 234 0004 0E       		.uleb128 0xe
 235 0005 13       		.uleb128 0x13
 236 0006 0B       		.uleb128 0xb
 237 0007 03       		.uleb128 0x3
 238 0008 0E       		.uleb128 0xe
 239 0009 1B       		.uleb128 0x1b
 240 000a 0E       		.uleb128 0xe
 241 000b 55       		.uleb128 0x55
 242 000c 17       		.uleb128 0x17
 243 000d 11       		.uleb128 0x11
 244 000e 01       		.uleb128 0x1
 245 000f 10       		.uleb128 0x10
 246 0010 17       		.uleb128 0x17
 247 0011 00       		.byte	0
 248 0012 00       		.byte	0
 249 0013 02       		.uleb128 0x2
 250 0014 24       		.uleb128 0x24
 251 0015 00       		.byte	0
 252 0016 0B       		.uleb128 0xb
 253 0017 0B       		.uleb128 0xb
 254 0018 3E       		.uleb128 0x3e
 255 0019 0B       		.uleb128 0xb
 256 001a 03       		.uleb128 0x3
 257 001b 0E       		.uleb128 0xe
 258 001c 00       		.byte	0
 259 001d 00       		.byte	0
 260 001e 03       		.uleb128 0x3
 261 001f 24       		.uleb128 0x24
 262 0020 00       		.byte	0
 263 0021 0B       		.uleb128 0xb
 264 0022 0B       		.uleb128 0xb
 265 0023 3E       		.uleb128 0x3e
 266 0024 0B       		.uleb128 0xb
 267 0025 03       		.uleb128 0x3
 268 0026 08       		.uleb128 0x8
 269 0027 00       		.byte	0
 270 0028 00       		.byte	0
 271 0029 04       		.uleb128 0x4
 272 002a 2E       		.uleb128 0x2e
 273 002b 00       		.byte	0
 274 002c 3F       		.uleb128 0x3f
 275 002d 19       		.uleb128 0x19
 276 002e 03       		.uleb128 0x3
 277 002f 0E       		.uleb128 0xe
 278 0030 3A       		.uleb128 0x3a
 279 0031 0B       		.uleb128 0xb
 280 0032 3B       		.uleb128 0x3b
 281 0033 0B       		.uleb128 0xb
 282 0034 27       		.uleb128 0x27
 283 0035 19       		.uleb128 0x19
 284 0036 20       		.uleb128 0x20
 285 0037 0B       		.uleb128 0xb
 286 0038 00       		.byte	0
 287 0039 00       		.byte	0
 288 003a 05       		.uleb128 0x5
 289 003b 2E       		.uleb128 0x2e
 290 003c 01       		.byte	0x1
ARM GAS  C:\Users\legoc\AppData\Local\Temp\ccNb6h0e.s 			page 9


 291 003d 31       		.uleb128 0x31
 292 003e 13       		.uleb128 0x13
 293 003f 11       		.uleb128 0x11
 294 0040 01       		.uleb128 0x1
 295 0041 12       		.uleb128 0x12
 296 0042 06       		.uleb128 0x6
 297 0043 40       		.uleb128 0x40
 298 0044 18       		.uleb128 0x18
 299 0045 9742     		.uleb128 0x2117
 300 0047 19       		.uleb128 0x19
 301 0048 01       		.uleb128 0x1
 302 0049 13       		.uleb128 0x13
 303 004a 00       		.byte	0
 304 004b 00       		.byte	0
 305 004c 06       		.uleb128 0x6
 306 004d 898201   		.uleb128 0x4109
 307 0050 00       		.byte	0
 308 0051 11       		.uleb128 0x11
 309 0052 01       		.uleb128 0x1
 310 0053 9542     		.uleb128 0x2115
 311 0055 19       		.uleb128 0x19
 312 0056 31       		.uleb128 0x31
 313 0057 13       		.uleb128 0x13
 314 0058 00       		.byte	0
 315 0059 00       		.byte	0
 316 005a 07       		.uleb128 0x7
 317 005b 2E       		.uleb128 0x2e
 318 005c 01       		.byte	0x1
 319 005d 3F       		.uleb128 0x3f
 320 005e 19       		.uleb128 0x19
 321 005f 03       		.uleb128 0x3
 322 0060 0E       		.uleb128 0xe
 323 0061 3A       		.uleb128 0x3a
 324 0062 0B       		.uleb128 0xb
 325 0063 3B       		.uleb128 0x3b
 326 0064 0B       		.uleb128 0xb
 327 0065 27       		.uleb128 0x27
 328 0066 19       		.uleb128 0x19
 329 0067 11       		.uleb128 0x11
 330 0068 01       		.uleb128 0x1
 331 0069 12       		.uleb128 0x12
 332 006a 06       		.uleb128 0x6
 333 006b 40       		.uleb128 0x40
 334 006c 18       		.uleb128 0x18
 335 006d 9742     		.uleb128 0x2117
 336 006f 19       		.uleb128 0x19
 337 0070 01       		.uleb128 0x1
 338 0071 13       		.uleb128 0x13
 339 0072 00       		.byte	0
 340 0073 00       		.byte	0
 341 0074 08       		.uleb128 0x8
 342 0075 2E       		.uleb128 0x2e
 343 0076 00       		.byte	0
 344 0077 3F       		.uleb128 0x3f
 345 0078 19       		.uleb128 0x19
 346 0079 3C       		.uleb128 0x3c
 347 007a 19       		.uleb128 0x19
ARM GAS  C:\Users\legoc\AppData\Local\Temp\ccNb6h0e.s 			page 10


 348 007b 6E       		.uleb128 0x6e
 349 007c 0E       		.uleb128 0xe
 350 007d 03       		.uleb128 0x3
 351 007e 0E       		.uleb128 0xe
 352 007f 3A       		.uleb128 0x3a
 353 0080 0B       		.uleb128 0xb
 354 0081 3B       		.uleb128 0x3b
 355 0082 0B       		.uleb128 0xb
 356 0083 00       		.byte	0
 357 0084 00       		.byte	0
 358 0085 00       		.byte	0
 359              		.section	.debug_aranges,"",%progbits
 360 0000 2C000000 		.4byte	0x2c
 361 0004 0200     		.2byte	0x2
 362 0006 00000000 		.4byte	.Ldebug_info0
 363 000a 04       		.byte	0x4
 364 000b 00       		.byte	0
 365 000c 0000     		.2byte	0
 366 000e 0000     		.2byte	0
 367 0010 00000000 		.4byte	.LFB1
 368 0014 04000000 		.4byte	.LFE1-.LFB1
 369 0018 00000000 		.4byte	.LFB2
 370 001c 04000000 		.4byte	.LFE2-.LFB2
 371 0020 00000000 		.4byte	.LFB3
 372 0024 04000000 		.4byte	.LFE3-.LFB3
 373 0028 00000000 		.4byte	0
 374 002c 00000000 		.4byte	0
 375              		.section	.debug_ranges,"",%progbits
 376              	.Ldebug_ranges0:
 377 0000 00000000 		.4byte	.LFB1
 378 0004 04000000 		.4byte	.LFE1
 379 0008 00000000 		.4byte	.LFB2
 380 000c 04000000 		.4byte	.LFE2
 381 0010 00000000 		.4byte	.LFB3
 382 0014 04000000 		.4byte	.LFE3
 383 0018 00000000 		.4byte	0
 384 001c 00000000 		.4byte	0
 385              		.section	.debug_line,"",%progbits
 386              	.Ldebug_line0:
 387 0000 8D000000 		.section	.debug_str,"MS",%progbits,1
 387      02004E00 
 387      00000201 
 387      FB0E0D00 
 387      01010101 
 388              	.LASF6:
 389 0000 6C6F6E67 		.ascii	"long long int\000"
 389      206C6F6E 
 389      6720696E 
 389      7400
 390              	.LASF8:
 391 000e 756E7369 		.ascii	"unsigned int\000"
 391      676E6564 
 391      20696E74 
 391      00
 392              	.LASF17:
 393 001b 656D4669 		.ascii	"emFile_1_SPI0_Sleep\000"
 393      6C655F31 
ARM GAS  C:\Users\legoc\AppData\Local\Temp\ccNb6h0e.s 			page 11


 393      5F535049 
 393      305F536C 
 393      65657000 
 394              	.LASF16:
 395 002f 656D4669 		.ascii	"emFile_1_SPI0_SaveConfig\000"
 395      6C655F31 
 395      5F535049 
 395      305F5361 
 395      7665436F 
 396              	.LASF5:
 397 0048 6C6F6E67 		.ascii	"long unsigned int\000"
 397      20756E73 
 397      69676E65 
 397      6420696E 
 397      7400
 398              	.LASF7:
 399 005a 6C6F6E67 		.ascii	"long long unsigned int\000"
 399      206C6F6E 
 399      6720756E 
 399      7369676E 
 399      65642069 
 400              	.LASF21:
 401 0071 433A5C55 		.ascii	"C:\\Users\\legoc\\Documents\\School\\Senior Year\\S"
 401      73657273 
 401      5C6C6567 
 401      6F635C44 
 401      6F63756D 
 402 009e 656E696F 		.ascii	"enior Project\\Senior Project Integrated\\Senior Pr"
 402      72205072 
 402      6F6A6563 
 402      745C5365 
 402      6E696F72 
 403 00cf 6F6A6563 		.ascii	"oject Integrated\\Design01.cydsn\000"
 403      7420496E 
 403      74656772 
 403      61746564 
 403      5C446573 
 404              	.LASF9:
 405 00ef 666C6F61 		.ascii	"float\000"
 405      7400
 406              	.LASF1:
 407 00f5 756E7369 		.ascii	"unsigned char\000"
 407      676E6564 
 407      20636861 
 407      7200
 408              	.LASF19:
 409 0103 474E5520 		.ascii	"GNU C11 5.4.1 20160609 (release) [ARM/embedded-5-br"
 409      43313120 
 409      352E342E 
 409      31203230 
 409      31363036 
 410 0136 616E6368 		.ascii	"anch revision 237715] -mcpu=cortex-m3 -mthumb -g -O"
 410      20726576 
 410      6973696F 
 410      6E203233 
 410      37373135 
 411 0169 33202D66 		.ascii	"3 -ffunction-sections -ffat-lto-objects\000"
ARM GAS  C:\Users\legoc\AppData\Local\Temp\ccNb6h0e.s 			page 12


 411      66756E63 
 411      74696F6E 
 411      2D736563 
 411      74696F6E 
 412              	.LASF11:
 413 0191 63686172 		.ascii	"char\000"
 413      00
 414              	.LASF15:
 415 0196 656D4669 		.ascii	"emFile_1_Wakeup\000"
 415      6C655F31 
 415      5F57616B 
 415      65757000 
 416              	.LASF4:
 417 01a6 6C6F6E67 		.ascii	"long int\000"
 417      20696E74 
 417      00
 418              	.LASF14:
 419 01af 656D4669 		.ascii	"emFile_1_Sleep\000"
 419      6C655F31 
 419      5F536C65 
 419      657000
 420              	.LASF20:
 421 01be 47656E65 		.ascii	"Generated_Source\\PSoC5\\emFile_1_PM.c\000"
 421      72617465 
 421      645F536F 
 421      75726365 
 421      5C50536F 
 422              	.LASF10:
 423 01e3 646F7562 		.ascii	"double\000"
 423      6C6500
 424              	.LASF3:
 425 01ea 73686F72 		.ascii	"short unsigned int\000"
 425      7420756E 
 425      7369676E 
 425      65642069 
 425      6E7400
 426              	.LASF0:
 427 01fd 7369676E 		.ascii	"signed char\000"
 427      65642063 
 427      68617200 
 428              	.LASF18:
 429 0209 656D4669 		.ascii	"emFile_1_SPI0_Wakeup\000"
 429      6C655F31 
 429      5F535049 
 429      305F5761 
 429      6B657570 
 430              	.LASF12:
 431 021e 6C6F6E67 		.ascii	"long double\000"
 431      20646F75 
 431      626C6500 
 432              	.LASF2:
 433 022a 73686F72 		.ascii	"short int\000"
 433      7420696E 
 433      7400
 434              	.LASF13:
 435 0234 73697A65 		.ascii	"sizetype\000"
 435      74797065 
ARM GAS  C:\Users\legoc\AppData\Local\Temp\ccNb6h0e.s 			page 13


 435      00
 436              	.LASF22:
 437 023d 656D4669 		.ascii	"emFile_1_RestoreConfig\000"
 437      6C655F31 
 437      5F526573 
 437      746F7265 
 437      436F6E66 
 438              		.ident	"GCC: (GNU Tools for ARM Embedded Processors) 5.4.1 20160609 (release) [ARM/embedded-5-bran
